#
# There is insufficient memory for the Java Runtime Environment to continue.
# Native memory allocation (malloc) failed to allocate 2127328 bytes. Error detail: Chunk::new
# Possible reasons:
#   The system is out of physical RAM or swap space
#   This process is running with CompressedOops enabled, and the Java Heap may be blocking the growth of the native heap
# Possible solutions:
#   Reduce memory load on the system
#   Increase physical memory or swap space
#   Check if swap backing store is full
#   Decrease Java heap size (-Xmx/-Xms)
#   Decrease number of Java threads
#   Decrease Java thread stack sizes (-Xss)
#   Set larger code cache with -XX:ReservedCodeCacheSize=
#   JVM is running with Zero Based Compressed Oops mode in which the Java heap is
#     placed in the first 32GB address space. The Java Heap base address is the
#     maximum limit for the native heap growth. Please use -XX:HeapBaseMinAddress
#     to set the Java Heap base and to place the Java Heap above 32GB virtual address.
# This output file may be truncated or incomplete.
#
#  Out of Memory Error (arena.cpp:168), pid=27360, tid=29568
#
# JRE version: OpenJDK Runtime Environment Temurin-21.0.12.1+1 (21.0.12.1+1) (build 21.0.12.1+1-LTS)
# Java VM: OpenJDK 64-Bit Server VM Temurin-21.0.12.1+1 (21.0.12.1+1-LTS, mixed mode, sharing, tiered, compressed oops, compressed class ptrs, g1 gc, windows-amd64)
# No core dump will be written. Minidumps are not enabled by default on client versions of Windows
#

---------------  S U M M A R Y ------------

Command Line: --add-opens=java.base/java.lang=ALL-UNNAMED --add-opens=java.base/java.lang.invoke=ALL-UNNAMED --add-opens=java.base/java.util=ALL-UNNAMED --add-opens=java.prefs/java.util.prefs=ALL-UNNAMED --add-exports=jdk.compiler/com.sun.tools.javac.api=ALL-UNNAMED --add-exports=jdk.compiler/com.sun.tools.javac.util=ALL-UNNAMED --add-opens=java.base/java.util=ALL-UNNAMED --add-opens=java.prefs/java.util.prefs=ALL-UNNAMED --add-opens=java.base/java.nio.charset=ALL-UNNAMED --add-opens=java.base/java.net=ALL-UNNAMED --add-opens=java.base/java.util.concurrent.atomic=ALL-UNNAMED --add-opens=java.xml/javax.xml.namespace=ALL-UNNAMED -XX:MaxMetaspaceSize=4G -XX:ReservedCodeCacheSize=512m -XX:+HeapDumpOnOutOfMemoryError -Xmx8G -Dfile.encoding=UTF-8 -Duser.country=US -Duser.language=en -Duser.variant -javaagent:C:\Users\Lenovo E14\.gradle\wrapper\dists\gradle-8.14-all\c2qonpi39x1mddn7hk5gh9iqj\gradle-8.14\lib\agents\gradle-instrumentation-agent-8.14.jar org.gradle.launcher.daemon.bootstrap.GradleDaemon 8.14

Host: 11th Gen Intel(R) Core(TM) i5-1135G7 @ 2.40GHz, 8 cores, 15G,  Windows 11 , 64 bit Build 22621 (10.0.22621.5415)
Time: Tue Oct  6 08:14:16 2026 W. Central Africa Standard Time elapsed time: 316.856382 seconds (0d 0h 5m 16s)

---------------  T H R E A D  ---------------

Current thread (0x000001e25733a8e0):  JavaThread "C2 CompilerThread0" daemon [_thread_in_native, id=29568, stack(0x00000078b1900000,0x00000078b1a00000) (1024K)]


Current CompileTask:
C2:316856 3400   !   4       java.lang.ClassLoader::loadClass (121 bytes)

Stack: [0x00000078b1900000,0x00000078b1a00000]
Native frames: (J=compiled Java code, j=interpreted, Vv=VM code, C=native code)
V  [jvm.dll+0x6d83e9]
V  [jvm.dll+0x8b5736]
V  [jvm.dll+0x8b7cee]
V  [jvm.dll+0x8b83d3]
V  [jvm.dll+0x284596]
V  [jvm.dll+0xc685d]
V  [jvm.dll+0xc6da1]
V  [jvm.dll+0x3bf18b]
V  [jvm.dll+0x38b6d2]
V  [jvm.dll+0x38ab1a]
V  [jvm.dll+0x24c700]
V  [jvm.dll+0x24bce0]
V  [jvm.dll+0x1cb4ae]
V  [jvm.dll+0x25baad]
V  [jvm.dll+0x25a03a]
V  [jvm.dll+0x3f8aae]
V  [jvm.dll+0x8600cd]
V  [jvm.dll+0x6d6c1d]
C  [ucrtbase.dll+0x29333]
C  [KERNEL32.DLL+0x1259d]
C  [ntdll.dll+0x5af78]


---------------  P R O C E S S  ---------------

Threads class SMR info:
_java_thread_list=0x000001e29dd29620, length=23, elements={
0x000001e2278f06e0, 0x000001e257330d20, 0x000001e257333a50, 0x000001e257335820,
0x000001e257338690, 0x000001e2573390f0, 0x000001e257339b50, 0x000001e25733a8e0,
0x000001e25733beb0, 0x000001e257cccf90, 0x000001e257cfd260, 0x000001e29dcf4f00,
0x000001e29e121710, 0x000001e29e5c4830, 0x000001e29d0e5b90, 0x000001e257c77df0,
0x000001e29dc654f0, 0x000001e257c12060, 0x000001e257c18a00, 0x000001e257c1a440,
0x000001e257c19db0, 0x000001e257c19720, 0x000001e257c1aad0
}

Java Threads: ( => current thread )
  0x000001e2278f06e0 JavaThread "main"                              [_thread_blocked, id=32008, stack(0x00000078b0b00000,0x00000078b0c00000) (1024K)]
  0x000001e257330d20 JavaThread "Reference Handler"          daemon [_thread_blocked, id=32560, stack(0x00000078b1300000,0x00000078b1400000) (1024K)]
  0x000001e257333a50 JavaThread "Finalizer"                  daemon [_thread_blocked, id=42096, stack(0x00000078b1400000,0x00000078b1500000) (1024K)]
  0x000001e257335820 JavaThread "Signal Dispatcher"          daemon [_thread_blocked, id=19100, stack(0x00000078b1500000,0x00000078b1600000) (1024K)]
  0x000001e257338690 JavaThread "Attach Listener"            daemon [_thread_blocked, id=36340, stack(0x00000078b1600000,0x00000078b1700000) (1024K)]
  0x000001e2573390f0 JavaThread "Service Thread"             daemon [_thread_blocked, id=47636, stack(0x00000078b1700000,0x00000078b1800000) (1024K)]
  0x000001e257339b50 JavaThread "Monitor Deflation Thread"   daemon [_thread_blocked, id=20348, stack(0x00000078b1800000,0x00000078b1900000) (1024K)]
=>0x000001e25733a8e0 JavaThread "C2 CompilerThread0"         daemon [_thread_in_native, id=29568, stack(0x00000078b1900000,0x00000078b1a00000) (1024K)]
  0x000001e25733beb0 JavaThread "C1 CompilerThread0"         daemon [_thread_in_native, id=40236, stack(0x00000078b1a00000,0x00000078b1b00000) (1024K)]
  0x000001e257cccf90 JavaThread "Common-Cleaner"             daemon [_thread_blocked, id=47208, stack(0x00000078b1b00000,0x00000078b1c00000) (1024K)]
  0x000001e257cfd260 JavaThread "Notification Thread"        daemon [_thread_blocked, id=47692, stack(0x00000078b1c00000,0x00000078b1d00000) (1024K)]
  0x000001e29dcf4f00 JavaThread "Daemon health stats"               [_thread_blocked, id=47040, stack(0x00000078b2300000,0x00000078b2400000) (1024K)]
  0x000001e29e121710 JavaThread "Incoming local TCP Connector on port 50148"        [_thread_in_native, id=46620, stack(0x00000078b1d00000,0x00000078b1e00000) (1024K)]
  0x000001e29e5c4830 JavaThread "Daemon periodic checks"            [_thread_blocked, id=36760, stack(0x00000078b2400000,0x00000078b2500000) (1024K)]
  0x000001e29d0e5b90 JavaThread "Daemon"                            [_thread_blocked, id=6116, stack(0x00000078b2600000,0x00000078b2700000) (1024K)]
  0x000001e257c77df0 JavaThread "Handler for socket connection from /127.0.0.1:50148 to /127.0.0.1:57307"        [_thread_in_native, id=49704, stack(0x00000078b2700000,0x00000078b2800000) (1024K)]
  0x000001e29dc654f0 JavaThread "Cancel handler"                    [_thread_blocked, id=47100, stack(0x00000078b2800000,0x00000078b2900000) (1024K)]
  0x000001e257c12060 JavaThread "Daemon worker"                     [_thread_in_Java, id=49420, stack(0x00000078b0900000,0x00000078b0a00000) (1024K)]
  0x000001e257c18a00 JavaThread "Asynchronous log dispatcher for DefaultDaemonConnection: socket connection from /127.0.0.1:50148 to /127.0.0.1:57307"        [_thread_blocked, id=47516, stack(0x00000078b0a00000,0x00000078b0b00000) (1024K)]
  0x000001e257c1a440 JavaThread "Stdin handler"                     [_thread_blocked, id=33328, stack(0x00000078b2500000,0x00000078b2600000) (1024K)]
  0x000001e257c19db0 JavaThread "Daemon client event forwarder"        [_thread_in_Java, id=10772, stack(0x00000078b2a00000,0x00000078b2b00000) (1024K)]
  0x000001e257c19720 JavaThread "Cache worker for journal cache (C:\Users\Lenovo E14\.gradle\caches\journal-1)"        [_thread_blocked, id=18812, stack(0x00000078b2d00000,0x00000078b2e00000) (1024K)]
  0x000001e257c1aad0 JavaThread "File lock request listener"        [_thread_in_native, id=50832, stack(0x00000078b2e00000,0x00000078b2f00000) (1024K)]
Total: 23

Other Threads:
  0x000001e257318360 VMThread "VM Thread"                           [id=40628, stack(0x00000078b1200000,0x00000078b1300000) (1024K)]
  0x000001e257305300 WatcherThread "VM Periodic Task Thread"        [id=43892, stack(0x00000078b1100000,0x00000078b1200000) (1024K)]
  0x000001e227996d70 WorkerThread "GC Thread#0"                     [id=1100, stack(0x00000078b0c00000,0x00000078b0d00000) (1024K)]
  0x000001e257dd8570 WorkerThread "GC Thread#1"                     [id=5776, stack(0x00000078b1e00000,0x00000078b1f00000) (1024K)]
  0x000001e257d6a4f0 WorkerThread "GC Thread#2"                     [id=45824, stack(0x00000078b1f00000,0x00000078b2000000) (1024K)]
  0x000001e257d63500 WorkerThread "GC Thread#3"                     [id=47400, stack(0x00000078b2000000,0x00000078b2100000) (1024K)]
  0x000001e257d638b0 WorkerThread "GC Thread#4"                     [id=48036, stack(0x00000078b2100000,0x00000078b2200000) (1024K)]
  0x000001e257d63c60 WorkerThread "GC Thread#5"                     [id=48084, stack(0x00000078b2200000,0x00000078b2300000) (1024K)]
  0x000001e257c45d20 WorkerThread "GC Thread#6"                     [id=45612, stack(0x00000078b2b00000,0x00000078b2c00000) (1024K)]
  0x000001e257c460d0 WorkerThread "GC Thread#7"                     [id=14044, stack(0x00000078b2c00000,0x00000078b2d00000) (1024K)]
  0x000001e2279a7d60 ConcurrentGCThread "G1 Main Marker"            [id=36036, stack(0x00000078b0d00000,0x00000078b0e00000) (1024K)]
  0x000001e2279a9880 WorkerThread "G1 Conc#0"                       [id=4148, stack(0x00000078b0e00000,0x00000078b0f00000) (1024K)]
  0x000001e2571d3910 ConcurrentGCThread "G1 Refine#0"               [id=26424, stack(0x00000078b0f00000,0x00000078b1000000) (1024K)]
  0x000001e2571d4490 ConcurrentGCThread "G1 Service"                [id=37984, stack(0x00000078b1000000,0x00000078b1100000) (1024K)]
Total: 14

Threads with active compile tasks:
C2 CompilerThread0  316880 3400   !   4       java.lang.ClassLoader::loadClass (121 bytes)
Total: 1

VM state: not at safepoint (normal execution)

VM Mutex/Monitor currently owned by a thread: None

Heap address: 0x0000000600000000, size: 8192 MB, Compressed Oops mode: Zero based, Oop shift amount: 3

CDS archive(s) mapped at: [0x000001e258000000-0x000001e258ba0000-0x000001e258ba0000), size 12189696, SharedBaseAddress: 0x000001e258000000, ArchiveRelocationMode: 1.
Compressed class space mapped at: 0x000001e259000000-0x000001e299000000, reserved size: 1073741824
Narrow klass base: 0x000001e258000000, Narrow klass shift: 0, Narrow klass range: 0x100000000

GC Precious Log:
 CardTable entry size: 512
 Card Set container configuration: InlinePtr #cards 4 size 8 Array Of Cards #cards 32 size 80 Howl #buckets 8 coarsen threshold 7372 Howl Bitmap #cards 1024 size 144 coarsen threshold 921 Card regions per heap region 1 cards per card region 8192
 CPUs: 8 total, 8 available
 Memory: 16082M
 Large Page Support: Disabled
 NUMA Support: Disabled
 Compressed Oops: Enabled (Zero based)
 Heap Region Size: 4M
 Heap Min Capacity: 8M
 Heap Initial Capacity: 252M
 Heap Max Capacity: 8G
 Pre-touch: Disabled
 Parallel Workers: 8
 Concurrent Workers: 2
 Concurrent Refinement Workers: 8
 Periodic GC: Disabled

Heap:
 garbage-first heap   total 258048K, used 40767K [0x0000000600000000, 0x0000000800000000)
  region size 4096K, 10 young (40960K), 4 survivors (16384K)
 Metaspace       used 15368K, committed 15808K, reserved 1114112K
  class space    used 2094K, committed 2304K, reserved 1048576K

Heap Regions: E=young(eden), S=young(survivor), O=old, HS=humongous(starts), HC=humongous(continues), CS=collection set, F=free, TAMS=top-at-mark-start, PB=parsable bottom
|   0|0x0000000600000000, 0x0000000600400000, 0x0000000600400000|100%|HS|  |TAMS 0x0000000600000000| PB 0x0000000600000000| Complete 
|   1|0x0000000600400000, 0x0000000600400000, 0x0000000600800000|  0%| F|  |TAMS 0x0000000600400000| PB 0x0000000600400000| Untracked 
|   2|0x0000000600800000, 0x0000000600800000, 0x0000000600c00000|  0%| F|  |TAMS 0x0000000600800000| PB 0x0000000600800000| Untracked 
|   3|0x0000000600c00000, 0x0000000600c00000, 0x0000000601000000|  0%| F|  |TAMS 0x0000000600c00000| PB 0x0000000600c00000| Untracked 
|   4|0x0000000601000000, 0x0000000601000000, 0x0000000601400000|  0%| F|  |TAMS 0x0000000601000000| PB 0x0000000601000000| Untracked 
|   5|0x0000000601400000, 0x0000000601400000, 0x0000000601800000|  0%| F|  |TAMS 0x0000000601400000| PB 0x0000000601400000| Untracked 
|   6|0x0000000601800000, 0x0000000601800000, 0x0000000601c00000|  0%| F|  |TAMS 0x0000000601800000| PB 0x0000000601800000| Untracked 
|   7|0x0000000601c00000, 0x0000000601c00000, 0x0000000602000000|  0%| F|  |TAMS 0x0000000601c00000| PB 0x0000000601c00000| Untracked 
|   8|0x0000000602000000, 0x0000000602000000, 0x0000000602400000|  0%| F|  |TAMS 0x0000000602000000| PB 0x0000000602000000| Untracked 
|   9|0x0000000602400000, 0x0000000602400000, 0x0000000602800000|  0%| F|  |TAMS 0x0000000602400000| PB 0x0000000602400000| Untracked 
|  10|0x0000000602800000, 0x0000000602800000, 0x0000000602c00000|  0%| F|  |TAMS 0x0000000602800000| PB 0x0000000602800000| Untracked 
|  11|0x0000000602c00000, 0x0000000602c00000, 0x0000000603000000|  0%| F|  |TAMS 0x0000000602c00000| PB 0x0000000602c00000| Untracked 
|  12|0x0000000603000000, 0x0000000603000000, 0x0000000603400000|  0%| F|  |TAMS 0x0000000603000000| PB 0x0000000603000000| Untracked 
|  13|0x0000000603400000, 0x0000000603400000, 0x0000000603800000|  0%| F|  |TAMS 0x0000000603400000| PB 0x0000000603400000| Untracked 
|  14|0x0000000603800000, 0x0000000603800000, 0x0000000603c00000|  0%| F|  |TAMS 0x0000000603800000| PB 0x0000000603800000| Untracked 
|  15|0x0000000603c00000, 0x0000000603c00000, 0x0000000604000000|  0%| F|  |TAMS 0x0000000603c00000| PB 0x0000000603c00000| Untracked 
|  16|0x0000000604000000, 0x0000000604000000, 0x0000000604400000|  0%| F|  |TAMS 0x0000000604000000| PB 0x0000000604000000| Untracked 
|  17|0x0000000604400000, 0x0000000604400000, 0x0000000604800000|  0%| F|  |TAMS 0x0000000604400000| PB 0x0000000604400000| Untracked 
|  18|0x0000000604800000, 0x0000000604800000, 0x0000000604c00000|  0%| F|  |TAMS 0x0000000604800000| PB 0x0000000604800000| Untracked 
|  19|0x0000000604c00000, 0x0000000604c00000, 0x0000000605000000|  0%| F|  |TAMS 0x0000000604c00000| PB 0x0000000604c00000| Untracked 
|  20|0x0000000605000000, 0x0000000605000000, 0x0000000605400000|  0%| F|  |TAMS 0x0000000605000000| PB 0x0000000605000000| Untracked 
|  21|0x0000000605400000, 0x0000000605400000, 0x0000000605800000|  0%| F|  |TAMS 0x0000000605400000| PB 0x0000000605400000| Untracked 
|  22|0x0000000605800000, 0x0000000605800000, 0x0000000605c00000|  0%| F|  |TAMS 0x0000000605800000| PB 0x0000000605800000| Untracked 
|  23|0x0000000605c00000, 0x0000000605c00000, 0x0000000606000000|  0%| F|  |TAMS 0x0000000605c00000| PB 0x0000000605c00000| Untracked 
|  24|0x0000000606000000, 0x0000000606000000, 0x0000000606400000|  0%| F|  |TAMS 0x0000000606000000| PB 0x0000000606000000| Untracked 
|  25|0x0000000606400000, 0x0000000606400000, 0x0000000606800000|  0%| F|  |TAMS 0x0000000606400000| PB 0x0000000606400000| Untracked 
|  26|0x0000000606800000, 0x0000000606800000, 0x0000000606c00000|  0%| F|  |TAMS 0x0000000606800000| PB 0x0000000606800000| Untracked 
|  27|0x0000000606c00000, 0x0000000606c00000, 0x0000000607000000|  0%| F|  |TAMS 0x0000000606c00000| PB 0x0000000606c00000| Untracked 
|  28|0x0000000607000000, 0x0000000607000000, 0x0000000607400000|  0%| F|  |TAMS 0x0000000607000000| PB 0x0000000607000000| Untracked 
|  29|0x0000000607400000, 0x0000000607400000, 0x0000000607800000|  0%| F|  |TAMS 0x0000000607400000| PB 0x0000000607400000| Untracked 
|  30|0x0000000607800000, 0x0000000607800000, 0x0000000607c00000|  0%| F|  |TAMS 0x0000000607800000| PB 0x0000000607800000| Untracked 
|  31|0x0000000607c00000, 0x0000000607fcff58, 0x0000000608000000| 95%| S|CS|TAMS 0x0000000607c00000| PB 0x0000000607c00000| Complete 
|  32|0x0000000608000000, 0x0000000608400000, 0x0000000608400000|100%| S|CS|TAMS 0x0000000608000000| PB 0x0000000608000000| Complete 
|  33|0x0000000608400000, 0x0000000608800000, 0x0000000608800000|100%| S|CS|TAMS 0x0000000608400000| PB 0x0000000608400000| Complete 
|  34|0x0000000608800000, 0x0000000608c00000, 0x0000000608c00000|100%| S|CS|TAMS 0x0000000608800000| PB 0x0000000608800000| Complete 
|  35|0x0000000608c00000, 0x0000000608c00000, 0x0000000609000000|  0%| F|  |TAMS 0x0000000608c00000| PB 0x0000000608c00000| Untracked 
|  36|0x0000000609000000, 0x0000000609000000, 0x0000000609400000|  0%| F|  |TAMS 0x0000000609000000| PB 0x0000000609000000| Untracked 
|  37|0x0000000609400000, 0x0000000609400000, 0x0000000609800000|  0%| F|  |TAMS 0x0000000609400000| PB 0x0000000609400000| Untracked 
|  38|0x0000000609800000, 0x0000000609800000, 0x0000000609c00000|  0%| F|  |TAMS 0x0000000609800000| PB 0x0000000609800000| Untracked 
|  39|0x0000000609c00000, 0x0000000609c00000, 0x000000060a000000|  0%| F|  |TAMS 0x0000000609c00000| PB 0x0000000609c00000| Untracked 
|  40|0x000000060a000000, 0x000000060a000000, 0x000000060a400000|  0%| F|  |TAMS 0x000000060a000000| PB 0x000000060a000000| Untracked 
|  41|0x000000060a400000, 0x000000060a400000, 0x000000060a800000|  0%| F|  |TAMS 0x000000060a400000| PB 0x000000060a400000| Untracked 
|  42|0x000000060a800000, 0x000000060a800000, 0x000000060ac00000|  0%| F|  |TAMS 0x000000060a800000| PB 0x000000060a800000| Untracked 
|  43|0x000000060ac00000, 0x000000060ac00000, 0x000000060b000000|  0%| F|  |TAMS 0x000000060ac00000| PB 0x000000060ac00000| Untracked 
|  44|0x000000060b000000, 0x000000060b000000, 0x000000060b400000|  0%| F|  |TAMS 0x000000060b000000| PB 0x000000060b000000| Untracked 
|  45|0x000000060b400000, 0x000000060b400000, 0x000000060b800000|  0%| F|  |TAMS 0x000000060b400000| PB 0x000000060b400000| Untracked 
|  46|0x000000060b800000, 0x000000060b800000, 0x000000060bc00000|  0%| F|  |TAMS 0x000000060b800000| PB 0x000000060b800000| Untracked 
|  47|0x000000060bc00000, 0x000000060bc00000, 0x000000060c000000|  0%| F|  |TAMS 0x000000060bc00000| PB 0x000000060bc00000| Untracked 
|  48|0x000000060c000000, 0x000000060c000000, 0x000000060c400000|  0%| F|  |TAMS 0x000000060c000000| PB 0x000000060c000000| Untracked 
|  49|0x000000060c400000, 0x000000060c400000, 0x000000060c800000|  0%| F|  |TAMS 0x000000060c400000| PB 0x000000060c400000| Untracked 
|  50|0x000000060c800000, 0x000000060c800000, 0x000000060cc00000|  0%| F|  |TAMS 0x000000060c800000| PB 0x000000060c800000| Untracked 
|  51|0x000000060cc00000, 0x000000060cc00000, 0x000000060d000000|  0%| F|  |TAMS 0x000000060cc00000| PB 0x000000060cc00000| Untracked 
|  52|0x000000060d000000, 0x000000060d000000, 0x000000060d400000|  0%| F|  |TAMS 0x000000060d000000| PB 0x000000060d000000| Untracked 
|  53|0x000000060d400000, 0x000000060d400000, 0x000000060d800000|  0%| F|  |TAMS 0x000000060d400000| PB 0x000000060d400000| Untracked 
|  54|0x000000060d800000, 0x000000060d800000, 0x000000060dc00000|  0%| F|  |TAMS 0x000000060d800000| PB 0x000000060d800000| Untracked 
|  55|0x000000060dc00000, 0x000000060dc00000, 0x000000060e000000|  0%| F|  |TAMS 0x000000060dc00000| PB 0x000000060dc00000| Untracked 
|  56|0x000000060e000000, 0x000000060e000000, 0x000000060e400000|  0%| F|  |TAMS 0x000000060e000000| PB 0x000000060e000000| Untracked 
|  57|0x000000060e400000, 0x000000060e800000, 0x000000060e800000|100%| E|  |TAMS 0x000000060e400000| PB 0x000000060e400000| Complete 
|  58|0x000000060e800000, 0x000000060ec00000, 0x000000060ec00000|100%| E|CS|TAMS 0x000000060e800000| PB 0x000000060e800000| Complete 
|  59|0x000000060ec00000, 0x000000060f000000, 0x000000060f000000|100%| E|CS|TAMS 0x000000060ec00000| PB 0x000000060ec00000| Complete 
|  60|0x000000060f000000, 0x000000060f400000, 0x000000060f400000|100%| E|CS|TAMS 0x000000060f000000| PB 0x000000060f000000| Complete 
|  61|0x000000060f400000, 0x000000060f800000, 0x000000060f800000|100%| E|CS|TAMS 0x000000060f400000| PB 0x000000060f400000| Complete 
|  62|0x000000060f800000, 0x000000060fc00000, 0x000000060fc00000|100%| E|CS|TAMS 0x000000060f800000| PB 0x000000060f800000| Complete 

Card table byte_map: [0x000001e24c060000,0x000001e24d060000] _byte_map_base: 0x000001e249060000

Marking Bits: (CMBitMap*) 0x000001e227997480
 Bits: [0x000001e24d060000, 0x000001e255060000)

Polling page: 0x000001e225770000

Metaspace:

Usage:
  Non-class:     12.97 MB used.
      Class:      2.05 MB used.
       Both:     15.02 MB used.

Virtual space:
  Non-class space:       64.00 MB reserved,      13.19 MB ( 21%) committed,  1 nodes.
      Class space:        1.00 GB reserved,       2.25 MB ( <1%) committed,  1 nodes.
             Both:        1.06 GB reserved,      15.44 MB (  1%) committed. 

Chunk freelists:
   Non-Class:  2.83 MB
       Class:  13.79 MB
        Both:  16.61 MB

MaxMetaspaceSize: 4.00 GB
CompressedClassSpaceSize: 1.00 GB
Initial GC threshold: 21.00 MB
Current GC threshold: 21.00 MB
CDS: on
 - commit_granule_bytes: 65536.
 - commit_granule_words: 8192.
 - virtual_space_node_default_size: 8388608.
 - enlarge_chunks_in_place: 1.
 - use_allocation_guard: 0.


Internal statistics:

num_allocs_failed_limit: 0.
num_arena_births: 492.
num_arena_deaths: 0.
num_vsnodes_births: 2.
num_vsnodes_deaths: 0.
num_space_committed: 247.
num_space_uncommitted: 0.
num_chunks_returned_to_freelist: 0.
num_chunks_taken_from_freelist: 1001.
num_chunk_merges: 0.
num_chunk_splits: 655.
num_chunks_enlarged: 453.
num_inconsistent_stats: 0.

CodeHeap 'non-profiled nmethods': size=259264Kb used=1732Kb max_used=1732Kb free=257532Kb
 bounds [0x000001e23adc0000, 0x000001e23b030000, 0x000001e24aaf0000]
CodeHeap 'profiled nmethods': size=259264Kb used=6814Kb max_used=6814Kb free=252449Kb
 bounds [0x000001e22aaf0000, 0x000001e22b1a0000, 0x000001e23a820000]
CodeHeap 'non-nmethods': size=5760Kb used=1527Kb max_used=1541Kb free=4232Kb
 bounds [0x000001e23a820000, 0x000001e23aa90000, 0x000001e23adc0000]
CodeCache: size=524288Kb, used=10073Kb, max_used=10087Kb, free=514213Kb
 total_blobs=3973, nmethods=3417, adapters=460, full_count=0
Compilation: enabled, stopped_count=0, restarted_count=0

Compilation events (20 events):
Event: 316.579 Thread 0x000001e25733beb0 3402       1       java.lang.invoke.MethodHandleImpl$IntrinsicMethodHandle::getTarget (5 bytes)
Event: 316.579 Thread 0x000001e25733beb0 nmethod 3402 0x000001e23af6f990 code [0x000001e23af6fb20, 0x000001e23af6fbf0]
Event: 316.580 Thread 0x000001e25733beb0 3403       3       java.lang.invoke.MethodHandles$Lookup$ClassDefiner::<init> (64 bytes)
Event: 316.580 Thread 0x000001e25733beb0 nmethod 3403 0x000001e22b191490 code [0x000001e22b191640, 0x000001e22b191960]
Event: 316.600 Thread 0x000001e25733beb0 3405       3       java.lang.invoke.MemberName$Factory::resolveOrNull (54 bytes)
Event: 316.600 Thread 0x000001e25733beb0 nmethod 3405 0x000001e22b191a90 code [0x000001e22b191c60, 0x000001e22b191f00]
Event: 316.601 Thread 0x000001e25733beb0 3408   !   3       sun.nio.ch.FileLockTable::remove (162 bytes)
Event: 316.601 Thread 0x000001e25733beb0 nmethod 3408 0x000001e22b192010 code [0x000001e22b192260, 0x000001e22b192e40]
Event: 316.605 Thread 0x000001e25733beb0 3411       2       java.io.DataInputStream::readFully (59 bytes)
Event: 316.642 Thread 0x000001e25733beb0 nmethod 3411 0x000001e22b193210 code [0x000001e22b1933e0, 0x000001e22b193730]
Event: 316.657 Thread 0x000001e29e5a5640 3407       4       java.util.concurrent.locks.AbstractQueuedSynchronizer::release (19 bytes)
Event: 316.660 Thread 0x000001e29e5a5640 nmethod 3407 0x000001e23af6ff90 code [0x000001e23af70140, 0x000001e23af70348]
Event: 316.660 Thread 0x000001e29e5a5640 3410       4       java.util.concurrent.locks.ReentrantLock::unlock (10 bytes)
Event: 316.662 Thread 0x000001e29e5a5640 nmethod 3410 0x000001e23af70490 code [0x000001e23af70640, 0x000001e23af70828]
Event: 316.662 Thread 0x000001e29e5a5640 3404       4       java.util.concurrent.locks.ReentrantLock$Sync::tryRelease (51 bytes)
Event: 316.664 Thread 0x000001e29e5a5640 nmethod 3404 0x000001e23af70990 code [0x000001e23af70b20, 0x000001e23af70c50]
Event: 316.664 Thread 0x000001e29e5a5640 3406       4       sun.nio.ch.FileKey::hashCode (42 bytes)
Event: 316.664 Thread 0x000001e29e5a5640 nmethod 3406 0x000001e23af70d10 code [0x000001e23af70ea0, 0x000001e23af70f58]
Event: 316.839 Thread 0x000001e25733beb0 3412       3       java.lang.invoke.MethodHandles$Lookup$ClassOption::optionsToFlag (40 bytes)
Event: 316.840 Thread 0x000001e25733beb0 nmethod 3412 0x000001e22b193910 code [0x000001e22b193b00, 0x000001e22b193ff8]

GC Heap History (6 events):
Event: 0.771 GC heap before
{Heap before GC invocations=0 (full 0):
 garbage-first heap   total 258048K, used 20480K [0x0000000600000000, 0x0000000800000000)
  region size 4096K, 5 young (20480K), 0 survivors (0K)
 Metaspace       used 880K, committed 1024K, reserved 1114112K
  class space    used 72K, committed 128K, reserved 1048576K
}
Event: 1.012 GC heap after
{Heap after GC invocations=1 (full 0):
 garbage-first heap   total 258048K, used 1466K [0x0000000600000000, 0x0000000800000000)
  region size 4096K, 1 young (4096K), 1 survivors (4096K)
 Metaspace       used 880K, committed 1024K, reserved 1114112K
  class space    used 72K, committed 128K, reserved 1048576K
}
Event: 3.996 GC heap before
{Heap before GC invocations=1 (full 0):
 garbage-first heap   total 258048K, used 42426K [0x0000000600000000, 0x0000000800000000)
  region size 4096K, 11 young (45056K), 1 survivors (4096K)
 Metaspace       used 4416K, committed 4608K, reserved 1114112K
  class space    used 558K, committed 640K, reserved 1048576K
}
Event: 4.001 GC heap after
{Heap after GC invocations=2 (full 0):
 garbage-first heap   total 258048K, used 11947K [0x0000000600000000, 0x0000000800000000)
  region size 4096K, 2 young (8192K), 2 survivors (8192K)
 Metaspace       used 4416K, committed 4608K, reserved 1114112K
  class space    used 558K, committed 640K, reserved 1048576K
}
Event: 313.029 GC heap before
{Heap before GC invocations=2 (full 0):
 garbage-first heap   total 258048K, used 114347K [0x0000000600000000, 0x0000000800000000)
  region size 4096K, 28 young (114688K), 2 survivors (8192K)
 Metaspace       used 11413K, committed 11840K, reserved 1114112K
  class space    used 1513K, committed 1728K, reserved 1048576K
}
Event: 313.133 GC heap after
{Heap after GC invocations=3 (full 0):
 garbage-first heap   total 258048K, used 20287K [0x0000000600000000, 0x0000000800000000)
  region size 4096K, 4 young (16384K), 4 survivors (16384K)
 Metaspace       used 11413K, committed 11840K, reserved 1114112K
  class space    used 1513K, committed 1728K, reserved 1048576K
}

Dll operation events (20 events):
Event: 0.196 Attempting to load shared library C:\Users\Lenovo E14\.vscode\extensions\redhat.java-1.56.0-win32-x64\jre\21.0.12.1-win32-x86_64\bin\nio.dll
Event: 0.196 Loaded shared library C:\Users\Lenovo E14\.vscode\extensions\redhat.java-1.56.0-win32-x64\jre\21.0.12.1-win32-x86_64\bin\nio.dll
Event: 0.200 Attempting to load shared library C:\Users\Lenovo E14\.vscode\extensions\redhat.java-1.56.0-win32-x64\jre\21.0.12.1-win32-x86_64\bin\zip.dll
Event: 0.200 Loaded shared library C:\Users\Lenovo E14\.vscode\extensions\redhat.java-1.56.0-win32-x64\jre\21.0.12.1-win32-x86_64\bin\zip.dll
Event: 1.165 Attempting to load shared library C:\Users\Lenovo E14\.vscode\extensions\redhat.java-1.56.0-win32-x64\jre\21.0.12.1-win32-x86_64\bin\jimage.dll
Event: 1.165 Loaded shared library C:\Users\Lenovo E14\.vscode\extensions\redhat.java-1.56.0-win32-x64\jre\21.0.12.1-win32-x86_64\bin\jimage.dll
Event: 1.753 Attempting to load shared library C:\Users\Lenovo E14\.vscode\extensions\redhat.java-1.56.0-win32-x64\jre\21.0.12.1-win32-x86_64\bin\verify.dll
Event: 1.753 Loaded shared library C:\Users\Lenovo E14\.vscode\extensions\redhat.java-1.56.0-win32-x64\jre\21.0.12.1-win32-x86_64\bin\verify.dll
Event: 1.913 Attempting to load shared library C:\Users\Lenovo E14\.gradle\native\1def1411415f61bf3af743bc5b6707747c0891f09f0c88961ee8f79bc544acac\windows-amd64\native-platform.dll
Event: 1.913 Loaded shared library C:\Users\Lenovo E14\.gradle\native\1def1411415f61bf3af743bc5b6707747c0891f09f0c88961ee8f79bc544acac\windows-amd64\native-platform.dll
Event: 1.926 Attempting to load shared library C:\Users\Lenovo E14\.gradle\native\0.2.7\x86_64-windows-gnu\gradle-fileevents.dll
Event: 1.927 Loaded shared library C:\Users\Lenovo E14\.gradle\native\0.2.7\x86_64-windows-gnu\gradle-fileevents.dll
Event: 5.918 Attempting to load shared library C:\Users\Lenovo E14\.vscode\extensions\redhat.java-1.56.0-win32-x64\jre\21.0.12.1-win32-x86_64\bin\management.dll
Event: 5.918 Loaded shared library C:\Users\Lenovo E14\.vscode\extensions\redhat.java-1.56.0-win32-x64\jre\21.0.12.1-win32-x86_64\bin\management.dll
Event: 5.923 Attempting to load shared library C:\Users\Lenovo E14\.vscode\extensions\redhat.java-1.56.0-win32-x64\jre\21.0.12.1-win32-x86_64\bin\management_ext.dll
Event: 5.924 Loaded shared library C:\Users\Lenovo E14\.vscode\extensions\redhat.java-1.56.0-win32-x64\jre\21.0.12.1-win32-x86_64\bin\management_ext.dll
Event: 6.212 Attempting to load shared library C:\Users\Lenovo E14\.vscode\extensions\redhat.java-1.56.0-win32-x64\jre\21.0.12.1-win32-x86_64\bin\extnet.dll
Event: 6.213 Loaded shared library C:\Users\Lenovo E14\.vscode\extensions\redhat.java-1.56.0-win32-x64\jre\21.0.12.1-win32-x86_64\bin\extnet.dll
Event: 246.688 Attempting to load shared library C:\Users\Lenovo E14\.vscode\extensions\redhat.java-1.56.0-win32-x64\jre\21.0.12.1-win32-x86_64\bin\sunmscapi.dll
Event: 246.889 Loaded shared library C:\Users\Lenovo E14\.vscode\extensions\redhat.java-1.56.0-win32-x64\jre\21.0.12.1-win32-x86_64\bin\sunmscapi.dll

Deoptimization events (20 events):
Event: 309.158 Thread 0x000001e257c12060 Uncommon trap: trap_request=0xffffff6e fr.pc=0x000001e23ae97b2c relative=0x00000000000003ec
Event: 309.158 Thread 0x000001e257c12060 Uncommon trap: reason=loop_limit_check action=maybe_recompile pc=0x000001e23ae97b2c method=java.lang.StringLatin1.indexOf([BI[BII)I @ 37 c2
Event: 309.158 Thread 0x000001e257c12060 DEOPT PACKING pc=0x000001e23ae97b2c sp=0x00000078b09fee00
Event: 309.158 Thread 0x000001e257c12060 DEOPT UNPACKING pc=0x000001e23a877ba2 sp=0x00000078b09fed60 mode 2
Event: 311.909 Thread 0x000001e257c12060 Uncommon trap: trap_request=0xffffffcc fr.pc=0x000001e23aefe59c relative=0x000000000000035c
Event: 311.909 Thread 0x000001e257c12060 Uncommon trap: reason=intrinsic_or_type_checked_inlining action=make_not_entrant pc=0x000001e23aefe59c method=java.util.Arrays.copyOf([Ljava/lang/Object;ILjava/lang/Class;)[Ljava/lang/Object; @ 35 c2
Event: 311.909 Thread 0x000001e257c12060 DEOPT PACKING pc=0x000001e23aefe59c sp=0x00000078b09fe290
Event: 311.909 Thread 0x000001e257c12060 DEOPT UNPACKING pc=0x000001e23a877ba2 sp=0x00000078b09fe238 mode 2
Event: 314.409 Thread 0x000001e257c12060 Uncommon trap: trap_request=0xffffff45 fr.pc=0x000001e23aeda178 relative=0x0000000000000498
Event: 314.409 Thread 0x000001e257c12060 Uncommon trap: reason=unstable_if action=reinterpret pc=0x000001e23aeda178 method=java.util.HashMap.getNode(Ljava/lang/Object;)Ljava/util/HashMap$Node; @ 66 c2
Event: 314.409 Thread 0x000001e257c12060 DEOPT PACKING pc=0x000001e23aeda178 sp=0x00000078b09fc390
Event: 314.409 Thread 0x000001e257c12060 DEOPT UNPACKING pc=0x000001e23a877ba2 sp=0x00000078b09fc2b0 mode 2
Event: 314.409 Thread 0x000001e257c12060 Uncommon trap: trap_request=0xffffff45 fr.pc=0x000001e23af499c8 relative=0x00000000000001e8
Event: 314.409 Thread 0x000001e257c12060 Uncommon trap: reason=unstable_if action=reinterpret pc=0x000001e23af499c8 method=java.util.HashMap.getNode(Ljava/lang/Object;)Ljava/util/HashMap$Node; @ 66 c2
Event: 314.409 Thread 0x000001e257c12060 DEOPT PACKING pc=0x000001e23af499c8 sp=0x00000078b09fc330
Event: 314.409 Thread 0x000001e257c12060 DEOPT UNPACKING pc=0x000001e23a877ba2 sp=0x00000078b09fc2b0 mode 2
Event: 314.441 Thread 0x000001e257c12060 Uncommon trap: trap_request=0xffffff45 fr.pc=0x000001e23ae80954 relative=0x0000000000000294
Event: 314.441 Thread 0x000001e257c12060 Uncommon trap: reason=unstable_if action=reinterpret pc=0x000001e23ae80954 method=java.util.concurrent.ConcurrentHashMap.get(Ljava/lang/Object;)Ljava/lang/Object; @ 76 c2
Event: 314.441 Thread 0x000001e257c12060 DEOPT PACKING pc=0x000001e23ae80954 sp=0x00000078b09fb860
Event: 314.441 Thread 0x000001e257c12060 DEOPT UNPACKING pc=0x000001e23a877ba2 sp=0x00000078b09fb7c8 mode 2

Classes loaded (20 events):
Event: 315.786 Loading class sun/reflect/generics/scope/ConstructorScope
Event: 315.786 Loading class sun/reflect/generics/scope/ConstructorScope done
Event: 316.505 Loading class java/nio/file/attribute/PosixFilePermission
Event: 316.505 Loading class java/nio/file/attribute/PosixFilePermission done
Event: 316.505 Loading class java/nio/file/NoSuchFileException
Event: 316.505 Loading class java/nio/file/FileSystemException
Event: 316.505 Loading class java/nio/file/FileSystemException done
Event: 316.505 Loading class java/nio/file/NoSuchFileException done
Event: 316.507 Loading class java/nio/file/attribute/PosixFilePermissions
Event: 316.507 Loading class java/nio/file/attribute/PosixFilePermissions done
Event: 316.507 Loading class java/util/RegularEnumSet$EnumSetIterator
Event: 316.507 Loading class java/util/RegularEnumSet$EnumSetIterator done
Event: 316.507 Loading class java/nio/file/attribute/PosixFilePermissions$1
Event: 316.507 Loading class java/nio/file/attribute/PosixFilePermissions$1 done
Event: 316.561 Loading class java/util/concurrent/ArrayBlockingQueue
Event: 316.562 Loading class java/util/concurrent/ArrayBlockingQueue done
Event: 316.563 Loading class java/util/concurrent/locks/ReentrantLock$FairSync
Event: 316.563 Loading class java/util/concurrent/locks/ReentrantLock$FairSync done
Event: 316.599 Loading class sun/nio/ch/DatagramChannelImpl$DatagramPackets
Event: 316.599 Loading class sun/nio/ch/DatagramChannelImpl$DatagramPackets done

Classes unloaded (0 events):
No events

Classes redefined (0 events):
No events

Internal exceptions (20 events):
Event: 6.261 Thread 0x000001e2278f06e0 Exception <a 'java/lang/NoSuchMethodError'{0x000000060bbf7f30}: 'java.lang.Object java.lang.invoke.DirectMethodHandle$Holder.invokeVirtual(java.lang.Object, java.lang.Object, java.lang.Object, java.lang.Object, java.lang.Object, java.lang.Object, java.lang.Object)'> (0x000000060bbf7f30) 
thrown [s\src\hotspot\share\interpreter\linkResolver.cpp, line 773]
Event: 6.280 Thread 0x000001e2278f06e0 Exception <a 'java/lang/NoSuchMethodError'{0x000000060b488db0}: 'java.lang.Object java.lang.invoke.DirectMethodHandle$Holder.invokeVirtual(java.lang.Object, java.lang.Object, java.lang.Object, java.lang.Object, java.lang.Object, java.lang.Object, java.lang.Object, java.lang.Object, java.lang.Object)'> (0x000000060b488db0) 
thrown [s\src\hotspot\share\interpreter\linkResolver.cpp, line 773]
Event: 6.421 Thread 0x000001e2278f06e0 Exception <a 'java/lang/NoSuchMethodError'{0x000000060b624640}: 'java.lang.Object java.lang.invoke.DirectMethodHandle$Holder.invokeStaticInit(java.lang.Object, int, int, int, int)'> (0x000000060b624640) 
thrown [s\src\hotspot\share\interpreter\linkResolver.cpp, line 773]
Event: 6.475 Thread 0x000001e2278f06e0 Exception <a 'java/lang/NoSuchMethodError'{0x000000060b6f44d0}: 'java.lang.Object java.lang.invoke.DirectMethodHandle$Holder.invokeStaticInit(java.lang.Object, java.lang.Object, int, int, int, int)'> (0x000000060b6f44d0) 
thrown [s\src\hotspot\share\interpreter\linkResolver.cpp, line 773]
Event: 26.042 Thread 0x000001e2278f06e0 Exception <a 'java/io/IOException'{0x000000060b2c5420}> (0x000000060b2c5420) 
thrown [s\src\hotspot\share\prims\jni.cpp, line 520]
Event: 26.061 Thread 0x000001e2278f06e0 Implicit null exception at 0x000001e23ae38824 to 0x000001e23ae38f00
Event: 26.079 Thread 0x000001e2278f06e0 Exception <a 'java/lang/NoSuchMethodError'{0x000000060b3355d0}: 'java.lang.Object java.lang.invoke.DirectMethodHandle$Holder.newInvokeSpecial(java.lang.Object, java.lang.Object, java.lang.Object, java.lang.Object, java.lang.Object)'> (0x000000060b3355d0) 
thrown [s\src\hotspot\share\interpreter\linkResolver.cpp, line 773]
Event: 36.124 Thread 0x000001e29e5c4830 Implicit null exception at 0x000001e23ae180a0 to 0x000001e23ae18770
Event: 308.705 Thread 0x000001e29d0e5b90 Exception <a 'java/lang/NoSuchMethodError'{0x0000000609735930}: 'void java.lang.invoke.DirectMethodHandle$Holder.invokeSpecial(java.lang.Object, java.lang.Object, java.lang.Object)'> (0x0000000609735930) 
thrown [s\src\hotspot\share\interpreter\linkResolver.cpp, line 773]
Event: 313.166 Thread 0x000001e257c12060 Exception <a 'java/lang/NoSuchMethodError'{0x000000060f9aaf58}: 'long java.lang.invoke.DirectMethodHandle$Holder.invokeInterface(java.lang.Object, java.lang.Object)'> (0x000000060f9aaf58) 
thrown [s\src\hotspot\share\interpreter\linkResolver.cpp, line 773]
Event: 314.203 Thread 0x000001e257c12060 Exception <a 'java/lang/NoSuchMethodError'{0x000000060f5dddb0}: 'void java.lang.invoke.DirectMethodHandle$Holder.invokeStatic(java.lang.Object, java.lang.Object)'> (0x000000060f5dddb0) 
thrown [s\src\hotspot\share\interpreter\linkResolver.cpp, line 773]
Event: 314.230 Thread 0x000001e257c12060 Exception <a 'java/lang/NoSuchMethodError'{0x000000060f6232d8}: 'java.lang.Object java.lang.invoke.DirectMethodHandle$Holder.invokeVirtual(java.lang.Object, java.lang.Object, java.lang.Object, java.lang.Object, java.lang.Object, java.lang.Object, java.lang.Object, java.lang.Object, java.lang.Object, java.lang.Object, java.lang.Object, java.lang.Object)'> (0x000000060f6232d8) 
thrown [s\src\hotspot\share\interpreter\linkResolver.cpp, line 773]
Event: 314.308 Thread 0x000001e257c12060 Exception <a 'java/lang/NoSuchMethodError'{0x000000060f628488}: 'java.lang.Object java.lang.invoke.DirectMethodHandle$Holder.invokeSpecial(java.lang.Object, java.lang.Object, java.lang.Object, java.lang.Object, java.lang.Object, java.lang.Object, java.lang.Object, java.lang.Object, java.lang.Object, java.lang.Object, java.lang.Object, java.lang.Object, java.lang.Object)'> (0x000000060f628488) 
thrown [s\src\hotspot\share\interpreter\linkResolver.cpp, line 773]
Event: 314.707 Thread 0x000001e257c12060 Exception <a 'java/lang/NoSuchMethodError'{0x000000060f086218}: 'int java.lang.invoke.DirectMethodHandle$Holder.invokeVirtual(java.lang.Object, java.lang.Object, java.lang.Object)'> (0x000000060f086218) 
thrown [s\src\hotspot\share\interpreter\linkResolver.cpp, line 773]
Event: 315.221 Thread 0x000001e257c12060 Exception <a 'java/lang/NoSuchMethodError'{0x000000060f2fb868}: 'java.lang.Object java.lang.invoke.DirectMethodHandle$Holder.newInvokeSpecial(java.lang.Object, java.lang.Object, java.lang.Object, java.lang.Object, java.lang.Object, java.lang.Object)'> (0x000000060f2fb868) 
thrown [s\src\hotspot\share\interpreter\linkResolver.cpp, line 773]
Event: 315.901 Thread 0x000001e257c12060 Exception <a 'java/lang/NoSuchMethodError'{0x000000060edbe890}: 'void java.lang.invoke.DelegatingMethodHandle$Holder.reinvoke_L(java.lang.Object, java.lang.Object, java.lang.Object, java.lang.Object, java.lang.Object, java.lang.Object, java.lang.Object, java.lang.Object, java.lang.Object, java.lang.Object)'> (0x000000060edbe890) 
thrown [s\src\hotspot\share\interpreter\linkResolver.cpp, line 773]
Event: 315.902 Thread 0x000001e257c12060 Exception <a 'java/lang/NoSuchMethodError'{0x000000060edc65f8}: 'java.lang.Object java.lang.invoke.Invokers$Holder.invoker(java.lang.Object, java.lang.Object, java.lang.Object, java.lang.Object, java.lang.Object, java.lang.Object, java.lang.Object, java.lang.Object, java.lang.Object, java.lang.Object)'> (0x000000060edc65f8) 
thrown [s\src\hotspot\share\interpreter\linkResolver.cpp, line 773]
Event: 316.513 Thread 0x000001e257c12060 Exception <a 'java/lang/NoSuchMethodError'{0x000000060e51c168}: 'void java.lang.invoke.DirectMethodHandle$Holder.invokeInterface(java.lang.Object, java.lang.Object)'> (0x000000060e51c168) 
thrown [s\src\hotspot\share\interpreter\linkResolver.cpp, line 773]
Event: 316.513 Thread 0x000001e257c12060 Exception <a 'java/lang/IncompatibleClassChangeError'{0x000000060e51f6e8}: Found class java.lang.Object, but interface was expected> (0x000000060e51f6e8) 
thrown [s\src\hotspot\share\interpreter\linkResolver.cpp, line 840]
Event: 316.568 Thread 0x000001e257c12060 Exception <a 'java/lang/NoSuchMethodError'{0x000000060e648068}: 'java.lang.Object java.lang.invoke.DirectMethodHandle$Holder.newInvokeSpecial(java.lang.Object, java.lang.Object, int)'> (0x000000060e648068) 
thrown [s\src\hotspot\share\interpreter\linkResolver.cpp, line 773]

ZGC Phase Switch (0 events):
No events

VM Operations (20 events):
Event: 308.736 Executing safepoint VM operation: Cleanup
Event: 308.741 Executing safepoint VM operation: Cleanup done
Event: 309.741 Executing safepoint VM operation: Cleanup
Event: 309.741 Executing safepoint VM operation: Cleanup done
Event: 311.798 Executing non-safepoint VM operation: HandshakeAllThreads (Deoptimize)
Event: 311.798 Executing non-safepoint VM operation: HandshakeAllThreads (Deoptimize) done
Event: 312.798 Executing safepoint VM operation: Cleanup
Event: 312.802 Executing safepoint VM operation: Cleanup done
Event: 313.029 Executing safepoint VM operation: G1CollectForAllocation (G1 Evacuation Pause)
Event: 313.133 Executing safepoint VM operation: G1CollectForAllocation (G1 Evacuation Pause) done
Event: 314.700 Executing non-safepoint VM operation: HandshakeAllThreads (Deoptimize)
Event: 314.700 Executing non-safepoint VM operation: HandshakeAllThreads (Deoptimize) done
Event: 314.700 Executing safepoint VM operation: Cleanup
Event: 314.700 Executing safepoint VM operation: Cleanup done
Event: 315.061 Executing non-safepoint VM operation: HandshakeAllThreads (Deoptimize)
Event: 315.065 Executing non-safepoint VM operation: HandshakeAllThreads (Deoptimize) done
Event: 316.066 Executing safepoint VM operation: Cleanup
Event: 316.066 Executing safepoint VM operation: Cleanup done
Event: 316.565 Executing non-safepoint VM operation: HandshakeAllThreads (Deoptimize)
Event: 316.565 Executing non-safepoint VM operation: HandshakeAllThreads (Deoptimize) done

Memory protections (0 events):
No events

Nmethod flushes (0 events):
No events

Events (20 events):
Event: 1.736 Thread 0x000001e25733beb0 Thread added: 0x000001e257ed9010
Event: 2.631 Thread 0x000001e257ed9010 Thread exited: 0x000001e257ed9010
Event: 5.548 Thread 0x000001e25733beb0 Thread added: 0x000001e257be47c0
Event: 5.980 Thread 0x000001e2278f06e0 Thread added: 0x000001e29dcf4f00
Event: 6.416 Thread 0x000001e257be47c0 Thread exited: 0x000001e257be47c0
Event: 6.523 Thread 0x000001e2278f06e0 Thread added: 0x000001e29e121710
Event: 6.541 Thread 0x000001e25733beb0 Thread added: 0x000001e29e388f00
Event: 6.982 Thread 0x000001e29e388f00 Thread exited: 0x000001e29e388f00
Event: 26.092 Thread 0x000001e2278f06e0 Thread added: 0x000001e29e5c4830
Event: 247.217 Thread 0x000001e29e121710 Thread added: 0x000001e29d0e5b90
Event: 247.470 Thread 0x000001e29d0e5b90 Thread added: 0x000001e257c77df0
Event: 250.901 Thread 0x000001e29d0e5b90 Thread added: 0x000001e29dc654f0
Event: 309.007 Thread 0x000001e29d0e5b90 Thread added: 0x000001e257c12060
Event: 311.808 Thread 0x000001e257c12060 Thread added: 0x000001e257c18a00
Event: 311.867 Thread 0x000001e257c12060 Thread added: 0x000001e257c1a440
Event: 311.892 Thread 0x000001e257c12060 Thread added: 0x000001e257c19db0
Event: 316.565 Thread 0x000001e257c12060 Thread added: 0x000001e257c19720
Event: 316.597 Thread 0x000001e257c12060 Thread added: 0x000001e257c1aad0
Event: 316.643 Thread 0x000001e25733beb0 Thread added: 0x000001e29e5a5640
Event: 316.839 Thread 0x000001e29e5a5640 Thread exited: 0x000001e29e5a5640


Dynamic libraries:
0x00007ff6b6000000 - 0x00007ff6b600e000 	C:\Users\Lenovo E14\.vscode\extensions\redhat.java-1.56.0-win32-x64\jre\21.0.12.1-win32-x86_64\bin\java.exe
0x00007ff9bbd10000 - 0x00007ff9bbf28000 	C:\Windows\SYSTEM32\ntdll.dll
0x00007ff9bab90000 - 0x00007ff9bac54000 	C:\Windows\System32\KERNEL32.DLL
0x00007ff9b90f0000 - 0x00007ff9b94c3000 	C:\Windows\System32\KERNELBASE.dll
0x00007ff9b9890000 - 0x00007ff9b99a1000 	C:\Windows\System32\ucrtbase.dll
0x00007ff9af440000 - 0x00007ff9af458000 	C:\Users\Lenovo E14\.vscode\extensions\redhat.java-1.56.0-win32-x64\jre\21.0.12.1-win32-x86_64\bin\jli.dll
0x00007ff9bb080000 - 0x00007ff9bb232000 	C:\Windows\System32\USER32.dll
0x00007ff9b97e0000 - 0x00007ff9b9806000 	C:\Windows\System32\win32u.dll
0x00007ff9bb050000 - 0x00007ff9bb079000 	C:\Windows\System32\GDI32.dll
0x00007ff9b96c0000 - 0x00007ff9b97db000 	C:\Windows\System32\gdi32full.dll
0x00007ff9b8e50000 - 0x00007ff9b8eea000 	C:\Windows\System32\msvcp_win.dll
0x00007ff99e350000 - 0x00007ff99e36e000 	C:\Users\Lenovo E14\.vscode\extensions\redhat.java-1.56.0-win32-x64\jre\21.0.12.1-win32-x86_64\bin\VCRUNTIME140.dll
0x00007ff9a7b50000 - 0x00007ff9a7dec000 	C:\Windows\WinSxS\amd64_microsoft.windows.common-controls_6595b64144ccf1df_6.0.22621.6060_none_2712eda17382d24b\COMCTL32.dll
0x00007ff9ba8e0000 - 0x00007ff9ba987000 	C:\Windows\System32\msvcrt.dll
0x00007ff9ba780000 - 0x00007ff9ba7b1000 	C:\Windows\System32\IMM32.DLL
0x00007ff9afdf0000 - 0x00007ff9afdfc000 	C:\Users\Lenovo E14\.vscode\extensions\redhat.java-1.56.0-win32-x64\jre\21.0.12.1-win32-x86_64\bin\vcruntime140_1.dll
0x00007ff99b0c0000 - 0x00007ff99b14d000 	C:\Users\Lenovo E14\.vscode\extensions\redhat.java-1.56.0-win32-x64\jre\21.0.12.1-win32-x86_64\bin\msvcp140.dll
0x00007ff8fd5a0000 - 0x00007ff8fe342000 	C:\Users\Lenovo E14\.vscode\extensions\redhat.java-1.56.0-win32-x64\jre\21.0.12.1-win32-x86_64\bin\server\jvm.dll
0x00007ff9baee0000 - 0x00007ff9baf91000 	C:\Windows\System32\ADVAPI32.dll
0x00007ff9bafa0000 - 0x00007ff9bb048000 	C:\Windows\System32\sechost.dll
0x00007ff9b8e20000 - 0x00007ff9b8e48000 	C:\Windows\System32\bcrypt.dll
0x00007ff9bbb90000 - 0x00007ff9bbca8000 	C:\Windows\System32\RPCRT4.dll
0x00007ff9ba4c0000 - 0x00007ff9ba531000 	C:\Windows\System32\WS2_32.dll
0x00007ff9b85a0000 - 0x00007ff9b85ed000 	C:\Windows\SYSTEM32\POWRPROF.dll
0x00007ff9b23f0000 - 0x00007ff9b2424000 	C:\Windows\SYSTEM32\WINMM.dll
0x00007ff9b2060000 - 0x00007ff9b206a000 	C:\Windows\SYSTEM32\VERSION.dll
0x00007ff9b8530000 - 0x00007ff9b8543000 	C:\Windows\SYSTEM32\UMPDC.dll
0x00007ff9b7e30000 - 0x00007ff9b7e48000 	C:\Windows\SYSTEM32\kernel.appcore.dll
0x00007ff9af180000 - 0x00007ff9af18a000 	C:\Users\Lenovo E14\.vscode\extensions\redhat.java-1.56.0-win32-x64\jre\21.0.12.1-win32-x86_64\bin\jimage.dll
0x00007ff9b67d0000 - 0x00007ff9b6a03000 	C:\Windows\SYSTEM32\DBGHELP.DLL
0x00007ff9b9fc0000 - 0x00007ff9ba351000 	C:\Windows\System32\combase.dll
0x00007ff9bac60000 - 0x00007ff9bad38000 	C:\Windows\System32\OLEAUT32.dll
0x00007ff9acea0000 - 0x00007ff9aced2000 	C:\Windows\SYSTEM32\dbgcore.DLL
0x00007ff9b94d0000 - 0x00007ff9b954b000 	C:\Windows\System32\bcryptPrimitives.dll
0x00007ff9af0c0000 - 0x00007ff9af0cf000 	C:\Users\Lenovo E14\.vscode\extensions\redhat.java-1.56.0-win32-x64\jre\21.0.12.1-win32-x86_64\bin\instrument.dll
0x00007ff99e330000 - 0x00007ff99e350000 	C:\Users\Lenovo E14\.vscode\extensions\redhat.java-1.56.0-win32-x64\jre\21.0.12.1-win32-x86_64\bin\java.dll
0x00007ff9bb260000 - 0x00007ff9bbafc000 	C:\Windows\System32\SHELL32.dll
0x00007ff9b8ef0000 - 0x00007ff9b902f000 	C:\Windows\System32\wintypes.dll
0x00007ff9b6cd0000 - 0x00007ff9b75ea000 	C:\Windows\SYSTEM32\windows.storage.dll
0x00007ff9ba7c0000 - 0x00007ff9ba8c4000 	C:\Windows\System32\SHCORE.dll
0x00007ff9b9a60000 - 0x00007ff9b9ac9000 	C:\Windows\System32\shlwapi.dll
0x00007ff9b8d50000 - 0x00007ff9b8d75000 	C:\Windows\SYSTEM32\profapi.dll
0x00007ff99e2d0000 - 0x00007ff99e2e8000 	C:\Users\Lenovo E14\.vscode\extensions\redhat.java-1.56.0-win32-x64\jre\21.0.12.1-win32-x86_64\bin\zip.dll
0x00007ff9adc00000 - 0x00007ff9adc10000 	C:\Users\Lenovo E14\.vscode\extensions\redhat.java-1.56.0-win32-x64\jre\21.0.12.1-win32-x86_64\bin\net.dll
0x00007ff9b55d0000 - 0x00007ff9b56fc000 	C:\Windows\SYSTEM32\WINHTTP.dll
0x00007ff9b82f0000 - 0x00007ff9b8359000 	C:\Windows\system32\mswsock.dll
0x00007ff99e2f0000 - 0x00007ff99e306000 	C:\Users\Lenovo E14\.vscode\extensions\redhat.java-1.56.0-win32-x64\jre\21.0.12.1-win32-x86_64\bin\nio.dll
0x00007ff9aacb0000 - 0x00007ff9aacc0000 	C:\Users\Lenovo E14\.vscode\extensions\redhat.java-1.56.0-win32-x64\jre\21.0.12.1-win32-x86_64\bin\verify.dll
0x00007ff99de40000 - 0x00007ff99de67000 	C:\Users\Lenovo E14\.gradle\native\1def1411415f61bf3af743bc5b6707747c0891f09f0c88961ee8f79bc544acac\windows-amd64\native-platform.dll
0x00007ff99ae30000 - 0x00007ff99aea8000 	C:\Users\Lenovo E14\.gradle\native\0.2.7\x86_64-windows-gnu\gradle-fileevents.dll
0x00007ff9b2610000 - 0x00007ff9b261a000 	C:\Users\Lenovo E14\.vscode\extensions\redhat.java-1.56.0-win32-x64\jre\21.0.12.1-win32-x86_64\bin\management.dll
0x00007ff9b25d0000 - 0x00007ff9b25dc000 	C:\Users\Lenovo E14\.vscode\extensions\redhat.java-1.56.0-win32-x64\jre\21.0.12.1-win32-x86_64\bin\management_ext.dll
0x00007ff9bb240000 - 0x00007ff9bb248000 	C:\Windows\System32\PSAPI.DLL
0x00007ff9b7890000 - 0x00007ff9b78bd000 	C:\Windows\SYSTEM32\IPHLPAPI.DLL
0x00007ff9ba8d0000 - 0x00007ff9ba8d9000 	C:\Windows\System32\NSI.dll
0x00007ff9b25c0000 - 0x00007ff9b25c9000 	C:\Users\Lenovo E14\.vscode\extensions\redhat.java-1.56.0-win32-x64\jre\21.0.12.1-win32-x86_64\bin\extnet.dll
0x00007ff9b86c0000 - 0x00007ff9b86db000 	C:\Windows\SYSTEM32\CRYPTSP.dll
0x00007ff9b7d20000 - 0x00007ff9b7d57000 	C:\Windows\system32\rsaenh.dll
0x00007ff9b8390000 - 0x00007ff9b83b8000 	C:\Windows\SYSTEM32\USERENV.dll
0x00007ff9b86a0000 - 0x00007ff9b86ac000 	C:\Windows\SYSTEM32\CRYPTBASE.dll
0x00007ff9b25b0000 - 0x00007ff9b25be000 	C:\Users\Lenovo E14\.vscode\extensions\redhat.java-1.56.0-win32-x64\jre\21.0.12.1-win32-x86_64\bin\sunmscapi.dll
0x00007ff9b9550000 - 0x00007ff9b96b8000 	C:\Windows\System32\CRYPT32.dll
0x00007ff9b87e0000 - 0x00007ff9b880e000 	C:\Windows\SYSTEM32\ncrypt.dll
0x00007ff9b87a0000 - 0x00007ff9b87d7000 	C:\Windows\SYSTEM32\NTASN1.dll
0x00007ff97e570000 - 0x00007ff97e578000 	C:\Windows\system32\wshunix.dll

JVMTI agents:
C:\Users\Lenovo E14\.gradle\wrapper\dists\gradle-8.14-all\c2qonpi39x1mddn7hk5gh9iqj\gradle-8.14\lib\agents\gradle-instrumentation-agent-8.14.jar path:C:\Users\Lenovo E14\.vscode\extensions\redhat.java-1.56.0-win32-x64\jre\21.0.12.1-win32-x86_64\bin\instrument.dll, loaded, initialized, instrumentlib options:none

dbghelp: loaded successfully - version: 4.0.5 - missing functions: none
symbol engine: initialized successfully - sym options: 0x614 - pdb path: .;C:\Users\Lenovo E14\.vscode\extensions\redhat.java-1.56.0-win32-x64\jre\21.0.12.1-win32-x86_64\bin;C:\Windows\SYSTEM32;C:\Windows\WinSxS\amd64_microsoft.windows.common-controls_6595b64144ccf1df_6.0.22621.6060_none_2712eda17382d24b;C:\Users\Lenovo E14\.vscode\extensions\redhat.java-1.56.0-win32-x64\jre\21.0.12.1-win32-x86_64\bin\server;C:\Users\Lenovo E14\.gradle\native\1def1411415f61bf3af743bc5b6707747c0891f09f0c88961ee8f79bc544acac\windows-amd64;C:\Users\Lenovo E14\.gradle\native\0.2.7\x86_64-windows-gnu

VM Arguments:
jvm_args: --add-opens=java.base/java.lang=ALL-UNNAMED --add-opens=java.base/java.lang.invoke=ALL-UNNAMED --add-opens=java.base/java.util=ALL-UNNAMED --add-opens=java.prefs/java.util.prefs=ALL-UNNAMED --add-exports=jdk.compiler/com.sun.tools.javac.api=ALL-UNNAMED --add-exports=jdk.compiler/com.sun.tools.javac.util=ALL-UNNAMED --add-opens=java.base/java.util=ALL-UNNAMED --add-opens=java.prefs/java.util.prefs=ALL-UNNAMED --add-opens=java.base/java.nio.charset=ALL-UNNAMED --add-opens=java.base/java.net=ALL-UNNAMED --add-opens=java.base/java.util.concurrent.atomic=ALL-UNNAMED --add-opens=java.xml/javax.xml.namespace=ALL-UNNAMED -XX:MaxMetaspaceSize=4G -XX:ReservedCodeCacheSize=512m -XX:+HeapDumpOnOutOfMemoryError -Xmx8G -Dfile.encoding=UTF-8 -Duser.country=US -Duser.language=en -Duser.variant -javaagent:C:\Users\Lenovo E14\.gradle\wrapper\dists\gradle-8.14-all\c2qonpi39x1mddn7hk5gh9iqj\gradle-8.14\lib\agents\gradle-instrumentation-agent-8.14.jar 
java_command: org.gradle.launcher.daemon.bootstrap.GradleDaemon 8.14
java_class_path (initial): C:\Users\Lenovo E14\.gradle\wrapper\dists\gradle-8.14-all\c2qonpi39x1mddn7hk5gh9iqj\gradle-8.14\lib\gradle-daemon-main-8.14.jar
Launcher Type: SUN_STANDARD

[Global flags]
     intx CICompilerCount                          = 4                                         {product} {ergonomic}
     uint ConcGCThreads                            = 2                                         {product} {ergonomic}
     uint G1ConcRefinementThreads                  = 8                                         {product} {ergonomic}
   size_t G1HeapRegionSize                         = 4194304                                   {product} {ergonomic}
    uintx GCDrainStackTargetSize                   = 64                                        {product} {ergonomic}
     bool HeapDumpOnOutOfMemoryError               = true                                   {manageable} {command line}
   size_t InitialHeapSize                          = 264241152                                 {product} {ergonomic}
   size_t MarkStackSize                            = 4194304                                   {product} {ergonomic}
   size_t MaxHeapSize                              = 8589934592                                {product} {command line}
   size_t MaxMetaspaceSize                         = 4294967296                                {product} {command line}
   size_t MaxNewSize                               = 5150605312                                {product} {ergonomic}
   size_t MinHeapDeltaBytes                        = 4194304                                   {product} {ergonomic}
   size_t MinHeapSize                              = 8388608                                   {product} {ergonomic}
    uintx NonNMethodCodeHeapSize                   = 5839372                                {pd product} {ergonomic}
    uintx NonProfiledCodeHeapSize                  = 265515770                              {pd product} {ergonomic}
    uintx ProfiledCodeHeapSize                     = 265515770                              {pd product} {ergonomic}
    uintx ReservedCodeCacheSize                    = 536870912                              {pd product} {command line}
     bool SegmentedCodeCache                       = true                                      {product} {ergonomic}
   size_t SoftMaxHeapSize                          = 8589934592                             {manageable} {ergonomic}
     bool UseCompressedOops                        = true                           {product lp64_product} {ergonomic}
     bool UseG1GC                                  = true                                      {product} {ergonomic}
     bool UseLargePagesIndividualAllocation        = false                                  {pd product} {ergonomic}

Logging:
Log output configuration:
 #0: stdout all=warning uptime,level,tags foldmultilines=false
 #1: stderr all=off uptime,level,tags foldmultilines=false

Release file:
JAVA_VERSION="21.0.12.1" 
MODULES="java.base java.compiler java.datatransfer java.xml java.prefs java.desktop java.instrument java.logging java.management java.security.sasl java.naming java.rmi java.management.rmi java.net.http java.scripting java.security.jgss java.transaction.xa java.sql java.sql.rowset java.xml.crypto java.se java.smartcardio jdk.accessibility jdk.internal.jvmstat jdk.attach jdk.charsets jdk.internal.opt jdk.zipfs jdk.compiler jdk.crypto.ec jdk.crypto.cryptoki jdk.crypto.mscapi jdk.dynalink jdk.internal.ed jdk.editpad jdk.hotspot.agent jdk.httpserver jdk.internal.le jdk.internal.vm.ci jdk.internal.vm.compiler jdk.internal.vm.compiler.management jdk.jartool jdk.javadoc jdk.jcmd jdk.management jdk.management.agent jdk.jconsole jdk.jdeps jdk.jdwp.agent jdk.jdi jdk.jfr jdk.jshell jdk.jsobject jdk.jstatd jdk.localedata jdk.management.jfr jdk.naming.dns jdk.naming.rmi jdk.net jdk.nio.mapmode jdk.random jdk.sctp jdk.security.auth jdk.security.jgss jdk.unsupported jdk.unsupported.desktop jdk.xml.dom" 

Environment Variables:
PATH=C:\Program Files\Common Files\Oracle\Java\javapath;C:\Windows\system32;C:\Windows;C:\Windows\System32\Wbem;C:\Windows\System32\WindowsPowerShell\v1.0\;C:\Windows\System32\OpenSSH\;C:\Windows\Microsoft.NET\Framework64\v4.0.30319;C:\Program Files\MongoDB\mongosh-2.5.8-win32-x64\bin;C:\Program Files\MongoDB\mongodb-database-tools-windows-x86_64-100.13.0\bin;C:\Program Files\MongoDB\Server\8.2\bin;C:\Program Files\MongoDB\Connector for BI\2.14\bin;C:\Program Files\MongoDB\ODBC\1.4\bin;C:\Program Files\nodejs\;C:\Program Files\Git\cmd;C:\Program Files\MySQL\MySQL Shell 8.0\bin;C:\Program Files\MySQL\MySQL Server 8.0\bin;C:\Program Files\MySQL\MySQL Router 8.0\bin;C:\Program Files\dotnet\;C:\flutter\bin;C:\Android\cmdline-tools\latest\bin;C:\Android\platform-tools;C:\Android\platforms;C:\Android\emulator;C:\Program Files\MySQL\MySQL Shell 8.0\bin\;C:\Users\Lenovo E14\AppData\Local\Programs\Python\Python314\Scripts\;C:\Users\Lenovo E14\AppData\Local\Programs\Python\Python314\;C:\Users\Lenovo E14\AppData\Local\Microsoft\WindowsApps;C:\Users\Lenovo E14\AppData\Local\Programs\Microsoft VS Code\bin;C:\Users\Lenovo E14\AppData\Roaming\npm
USERNAME=Lenovo E14
OS=Windows_NT
PROCESSOR_IDENTIFIER=Intel64 Family 6 Model 140 Stepping 1, GenuineIntel
TMP=C:\Users\LENOVO~1\AppData\Local\Temp
TEMP=C:\Users\LENOVO~1\AppData\Local\Temp




Periodic native trim disabled

---------------  S Y S T E M  ---------------

OS:
 Windows 11 , 64 bit Build 22621 (10.0.22621.5415)
OS uptime: 0 days 0:49 hours
Hyper-V role detected

CPU: total 8 (initial active 8) (4 cores per cpu, 2 threads per core) family 6 model 140 stepping 1 microcode 0x86, cx8, cmov, fxsr, ht, mmx, 3dnowpref, sse, sse2, sse3, ssse3, sse4.1, sse4.2, popcnt, lzcnt, tsc, tscinvbit, avx, avx2, aes, erms, clmul, bmi1, bmi2, adx, avx512f, avx512dq, avx512cd, avx512bw, avx512vl, sha, fma, vzeroupper, avx512_vpopcntdq, avx512_vpclmulqdq, avx512_vaes, avx512_vnni, clflush, clflushopt, clwb, avx512_vbmi2, avx512_vbmi, hv, rdtscp, rdpid, fsrm, gfni, avx512_bitalg, f16c, cet_ibt, cet_ss, avx512_ifma
Processor Information for the first 8 processors :
  Max Mhz: 2419, Current Mhz: 2419, Mhz Limit: 2419

Memory: 4k page, system-wide physical 16082M (1196M free)
TotalPageFile size 65234M (AvailPageFile size 4M)
current process WorkingSet (physical memory assigned to process): 142M, peak: 149M
current process commit charge ("private bytes"): 398M, peak: 400M

vm_info: OpenJDK 64-Bit Server VM (21.0.12.1+1-LTS) for windows-amd64 JRE (21.0.12.1+1-LTS), built on 2026-08-18T00:00:00Z by "admin" with MS VC++ 17.12 (VS2022)

END.
