#
# There is insufficient memory for the Java Runtime Environment to continue.
# Native memory allocation (malloc) failed to allocate 398576 bytes. Error detail: Chunk::new
# Possible reasons:
#   The system is out of physical RAM or swap space
#   This process is running with CompressedOops enabled, and the Java Heap may be blocking the growth of the native heap
# Possible solutions:
#   Reduce memory load on the system
#   Increase physical memory or swap space
#   Check if swap backing store is full
#   Decrease Java heap size (-Xmx/-Xms)
#   Decrease number of Java threads
#   Decrease Java thread stack sizes (-Xss)
#   Set larger code cache with -XX:ReservedCodeCacheSize=
#   JVM is running with Zero Based Compressed Oops mode in which the Java heap is
#     placed in the first 32GB address space. The Java Heap base address is the
#     maximum limit for the native heap growth. Please use -XX:HeapBaseMinAddress
#     to set the Java Heap base and to place the Java Heap above 32GB virtual address.
# This output file may be truncated or incomplete.
#
#  Out of Memory Error (arena.cpp:168), pid=35428, tid=41028
#
# JRE version: OpenJDK Runtime Environment Temurin-21.0.12.1+1 (21.0.12.1+1) (build 21.0.12.1+1-LTS)
# Java VM: OpenJDK 64-Bit Server VM Temurin-21.0.12.1+1 (21.0.12.1+1-LTS, mixed mode, sharing, tiered, compressed oops, compressed class ptrs, g1 gc, windows-amd64)
# No core dump will be written. Minidumps are not enabled by default on client versions of Windows
#

---------------  S U M M A R Y ------------

Command Line: --add-opens=java.base/java.lang=ALL-UNNAMED --add-opens=java.base/java.lang.invoke=ALL-UNNAMED --add-opens=java.base/java.util=ALL-UNNAMED --add-opens=java.prefs/java.util.prefs=ALL-UNNAMED --add-exports=jdk.compiler/com.sun.tools.javac.api=ALL-UNNAMED --add-exports=jdk.compiler/com.sun.tools.javac.util=ALL-UNNAMED --add-opens=java.base/java.util=ALL-UNNAMED --add-opens=java.prefs/java.util.prefs=ALL-UNNAMED --add-opens=java.base/java.nio.charset=ALL-UNNAMED --add-opens=java.base/java.net=ALL-UNNAMED --add-opens=java.base/java.util.concurrent.atomic=ALL-UNNAMED --add-opens=java.xml/javax.xml.namespace=ALL-UNNAMED -XX:MaxMetaspaceSize=4G -XX:ReservedCodeCacheSize=512m -XX:+HeapDumpOnOutOfMemoryError -Xmx8G -Dfile.encoding=UTF-8 -Duser.country=US -Duser.language=en -Duser.variant -javaagent:C:\Users\Lenovo E14\.gradle\wrapper\dists\gradle-8.14-all\c2qonpi39x1mddn7hk5gh9iqj\gradle-8.14\lib\agents\gradle-instrumentation-agent-8.14.jar org.gradle.launcher.daemon.bootstrap.GradleDaemon 8.14

Host: 11th Gen Intel(R) Core(TM) i5-1135G7 @ 2.40GHz, 8 cores, 15G,  Windows 11 , 64 bit Build 22621 (10.0.22621.5415)
Time: Tue Oct  6 07:48:53 2026 W. Central Africa Standard Time elapsed time: 245.074602 seconds (0d 0h 4m 5s)

---------------  T H R E A D  ---------------

Current thread (0x000001f9555f9f50):  JavaThread "C2 CompilerThread0" daemon [_thread_in_native, id=41028, stack(0x0000008044e00000,0x0000008044f00000) (1024K)]


Current CompileTask:
C2:245074 3058   !   4       java.util.zip.InflaterInputStream::read (129 bytes)

Stack: [0x0000008044e00000,0x0000008044f00000]
Native frames: (J=compiled Java code, j=interpreted, Vv=VM code, C=native code)
V  [jvm.dll+0x6d83e9]
V  [jvm.dll+0x8b5736]
V  [jvm.dll+0x8b7cee]
V  [jvm.dll+0x8b83d3]
V  [jvm.dll+0x284596]
V  [jvm.dll+0xc685d]
V  [jvm.dll+0xc6da1]
V  [jvm.dll+0x3bf151]
V  [jvm.dll+0x38b6d2]
V  [jvm.dll+0x38ab1a]
V  [jvm.dll+0x24c700]
V  [jvm.dll+0x24bce0]
V  [jvm.dll+0x1cb4ae]
V  [jvm.dll+0x25baad]
V  [jvm.dll+0x25a03a]
V  [jvm.dll+0x3f8aae]
V  [jvm.dll+0x8600cd]
V  [jvm.dll+0x6d6c1d]
C  [ucrtbase.dll+0x29333]
C  [KERNEL32.DLL+0x1259d]
C  [ntdll.dll+0x5af78]


---------------  P R O C E S S  ---------------

Threads class SMR info:
_java_thread_list=0x000001f99bc75610, length=21, elements={
0x000001f925bc07c0, 0x000001f9555f0430, 0x000001f9555f3310, 0x000001f9555f5290,
0x000001f9555f7d00, 0x000001f9555f8760, 0x000001f9555f91c0, 0x000001f9555f9f50,
0x000001f9555faba0, 0x000001f99b1c8e70, 0x000001f99b2898a0, 0x000001f99bef50e0,
0x000001f99be8b5a0, 0x000001f99c906390, 0x000001f99be97d10, 0x000001f99c168700,
0x000001f99bf24b70, 0x000001f99b05f800, 0x000001f99bca8180, 0x000001f99bdfb410,
0x000001f99bdfbaa0
}

Java Threads: ( => current thread )
  0x000001f925bc07c0 JavaThread "main"                              [_thread_blocked, id=36404, stack(0x0000008043f00000,0x0000008044000000) (1024K)]
  0x000001f9555f0430 JavaThread "Reference Handler"          daemon [_thread_blocked, id=40972, stack(0x0000008044800000,0x0000008044900000) (1024K)]
  0x000001f9555f3310 JavaThread "Finalizer"                  daemon [_thread_blocked, id=40980, stack(0x0000008044900000,0x0000008044a00000) (1024K)]
  0x000001f9555f5290 JavaThread "Signal Dispatcher"          daemon [_thread_blocked, id=40992, stack(0x0000008044a00000,0x0000008044b00000) (1024K)]
  0x000001f9555f7d00 JavaThread "Attach Listener"            daemon [_thread_blocked, id=41000, stack(0x0000008044b00000,0x0000008044c00000) (1024K)]
  0x000001f9555f8760 JavaThread "Service Thread"             daemon [_thread_blocked, id=41012, stack(0x0000008044c00000,0x0000008044d00000) (1024K)]
  0x000001f9555f91c0 JavaThread "Monitor Deflation Thread"   daemon [_thread_blocked, id=41020, stack(0x0000008044d00000,0x0000008044e00000) (1024K)]
=>0x000001f9555f9f50 JavaThread "C2 CompilerThread0"         daemon [_thread_in_native, id=41028, stack(0x0000008044e00000,0x0000008044f00000) (1024K)]
  0x000001f9555faba0 JavaThread "C1 CompilerThread0"         daemon [_thread_blocked, id=41032, stack(0x0000008044f00000,0x0000008045000000) (1024K)]
  0x000001f99b1c8e70 JavaThread "Common-Cleaner"             daemon [_thread_blocked, id=41348, stack(0x0000008045000000,0x0000008045100000) (1024K)]
  0x000001f99b2898a0 JavaThread "Notification Thread"        daemon [_thread_blocked, id=41444, stack(0x0000008045100000,0x0000008045200000) (1024K)]
  0x000001f99bef50e0 JavaThread "Daemon health stats"               [_thread_blocked, id=28300, stack(0x0000008044000000,0x0000008044100000) (1024K)]
  0x000001f99be8b5a0 JavaThread "Incoming local TCP Connector on port 53038"        [_thread_in_native, id=35012, stack(0x0000008045800000,0x0000008045900000) (1024K)]
  0x000001f99c906390 JavaThread "Daemon periodic checks"            [_thread_in_native, id=36960, stack(0x0000008045900000,0x0000008045a00000) (1024K)]
  0x000001f99be97d10 JavaThread "Daemon"                            [_thread_blocked, id=42608, stack(0x0000008045a00000,0x0000008045b00000) (1024K)]
  0x000001f99c168700 JavaThread "Handler for socket connection from /127.0.0.1:53038 to /127.0.0.1:60310"        [_thread_in_native, id=42528, stack(0x0000008045b00000,0x0000008045c00000) (1024K)]
  0x000001f99bf24b70 JavaThread "Cancel handler"                    [_thread_blocked, id=41560, stack(0x0000008045c00000,0x0000008045d00000) (1024K)]
  0x000001f99b05f800 JavaThread "Daemon worker"                     [_thread_in_vm, id=1268, stack(0x0000008043e00000,0x0000008043f00000) (1024K)]
  0x000001f99bca8180 JavaThread "Asynchronous log dispatcher for DefaultDaemonConnection: socket connection from /127.0.0.1:53038 to /127.0.0.1:60310"        [_thread_blocked, id=25644, stack(0x0000008045700000,0x0000008045800000) (1024K)]
  0x000001f99bdfb410 JavaThread "Stdin handler"                     [_thread_blocked, id=1064, stack(0x0000008045d00000,0x0000008045e00000) (1024K)]
  0x000001f99bdfbaa0 JavaThread "Daemon client event forwarder"        [_thread_blocked, id=15036, stack(0x0000008045e00000,0x0000008045f00000) (1024K)]
Total: 21

Other Threads:
  0x000001f9555d78c0 VMThread "VM Thread"                           [id=39984, stack(0x0000008044700000,0x0000008044800000) (1024K)]
  0x000001f9555c46b0 WatcherThread "VM Periodic Task Thread"        [id=39876, stack(0x0000008044600000,0x0000008044700000) (1024K)]
  0x000001f925c66db0 WorkerThread "GC Thread#0"                     [id=39064, stack(0x0000008044100000,0x0000008044200000) (1024K)]
  0x000001f99b0af920 WorkerThread "GC Thread#1"                     [id=35212, stack(0x0000008045200000,0x0000008045300000) (1024K)]
  0x000001f99b217890 WorkerThread "GC Thread#2"                     [id=21384, stack(0x0000008045300000,0x0000008045400000) (1024K)]
  0x000001f99b2a2050 WorkerThread "GC Thread#3"                     [id=17716, stack(0x0000008045400000,0x0000008045500000) (1024K)]
  0x000001f99b2a2400 WorkerThread "GC Thread#4"                     [id=22580, stack(0x0000008045500000,0x0000008045600000) (1024K)]
  0x000001f99b2a27b0 WorkerThread "GC Thread#5"                     [id=28848, stack(0x0000008045600000,0x0000008045700000) (1024K)]
  0x000001f925c77da0 ConcurrentGCThread "G1 Main Marker"            [id=39068, stack(0x0000008044200000,0x0000008044300000) (1024K)]
  0x000001f925c79a70 WorkerThread "G1 Conc#0"                       [id=39072, stack(0x0000008044300000,0x0000008044400000) (1024K)]
  0x000001f955493180 ConcurrentGCThread "G1 Refine#0"               [id=39092, stack(0x0000008044400000,0x0000008044500000) (1024K)]
  0x000001f955493d00 ConcurrentGCThread "G1 Service"                [id=39096, stack(0x0000008044500000,0x0000008044600000) (1024K)]
Total: 12

Threads with active compile tasks:
C2 CompilerThread0  245108 3058   !   4       java.util.zip.InflaterInputStream::read (129 bytes)
Total: 1

VM state: not at safepoint (normal execution)

VM Mutex/Monitor currently owned by a thread: None

Heap address: 0x0000000600000000, size: 8192 MB, Compressed Oops mode: Zero based, Oop shift amount: 3

CDS archive(s) mapped at: [0x000001f956000000-0x000001f956ba0000-0x000001f956ba0000), size 12189696, SharedBaseAddress: 0x000001f956000000, ArchiveRelocationMode: 1.
Compressed class space mapped at: 0x000001f957000000-0x000001f997000000, reserved size: 1073741824
Narrow klass base: 0x000001f956000000, Narrow klass shift: 0, Narrow klass range: 0x100000000

GC Precious Log:
 CardTable entry size: 512
 Card Set container configuration: InlinePtr #cards 4 size 8 Array Of Cards #cards 32 size 80 Howl #buckets 8 coarsen threshold 7372 Howl Bitmap #cards 1024 size 144 coarsen threshold 921 Card regions per heap region 1 cards per card region 8192
 CPUs: 8 total, 8 available
 Memory: 16082M
 Large Page Support: Disabled
 NUMA Support: Disabled
 Compressed Oops: Enabled (Zero based)
 Heap Region Size: 4M
 Heap Min Capacity: 8M
 Heap Initial Capacity: 252M
 Heap Max Capacity: 8G
 Pre-touch: Disabled
 Parallel Workers: 8
 Concurrent Workers: 2
 Concurrent Refinement Workers: 8
 Periodic GC: Disabled

Heap:
 garbage-first heap   total 258048K, used 102033K [0x0000000600000000, 0x0000000800000000)
  region size 4096K, 25 young (102400K), 2 survivors (8192K)
 Metaspace       used 12784K, committed 13184K, reserved 1114112K
  class space    used 1718K, committed 1920K, reserved 1048576K

Heap Regions: E=young(eden), S=young(survivor), O=old, HS=humongous(starts), HC=humongous(continues), CS=collection set, F=free, TAMS=top-at-mark-start, PB=parsable bottom
|   0|0x0000000600000000, 0x0000000600400000, 0x0000000600400000|100%|HS|  |TAMS 0x0000000600000000| PB 0x0000000600000000| Complete 
|   1|0x0000000600400000, 0x0000000600400000, 0x0000000600800000|  0%| F|  |TAMS 0x0000000600400000| PB 0x0000000600400000| Untracked 
|   2|0x0000000600800000, 0x0000000600800000, 0x0000000600c00000|  0%| F|  |TAMS 0x0000000600800000| PB 0x0000000600800000| Untracked 
|   3|0x0000000600c00000, 0x0000000600c00000, 0x0000000601000000|  0%| F|  |TAMS 0x0000000600c00000| PB 0x0000000600c00000| Untracked 
|   4|0x0000000601000000, 0x0000000601000000, 0x0000000601400000|  0%| F|  |TAMS 0x0000000601000000| PB 0x0000000601000000| Untracked 
|   5|0x0000000601400000, 0x0000000601400000, 0x0000000601800000|  0%| F|  |TAMS 0x0000000601400000| PB 0x0000000601400000| Untracked 
|   6|0x0000000601800000, 0x0000000601800000, 0x0000000601c00000|  0%| F|  |TAMS 0x0000000601800000| PB 0x0000000601800000| Untracked 
|   7|0x0000000601c00000, 0x0000000601c00000, 0x0000000602000000|  0%| F|  |TAMS 0x0000000601c00000| PB 0x0000000601c00000| Untracked 
|   8|0x0000000602000000, 0x0000000602000000, 0x0000000602400000|  0%| F|  |TAMS 0x0000000602000000| PB 0x0000000602000000| Untracked 
|   9|0x0000000602400000, 0x0000000602400000, 0x0000000602800000|  0%| F|  |TAMS 0x0000000602400000| PB 0x0000000602400000| Untracked 
|  10|0x0000000602800000, 0x0000000602800000, 0x0000000602c00000|  0%| F|  |TAMS 0x0000000602800000| PB 0x0000000602800000| Untracked 
|  11|0x0000000602c00000, 0x0000000602c00000, 0x0000000603000000|  0%| F|  |TAMS 0x0000000602c00000| PB 0x0000000602c00000| Untracked 
|  12|0x0000000603000000, 0x0000000603000000, 0x0000000603400000|  0%| F|  |TAMS 0x0000000603000000| PB 0x0000000603000000| Untracked 
|  13|0x0000000603400000, 0x0000000603400000, 0x0000000603800000|  0%| F|  |TAMS 0x0000000603400000| PB 0x0000000603400000| Untracked 
|  14|0x0000000603800000, 0x0000000603800000, 0x0000000603c00000|  0%| F|  |TAMS 0x0000000603800000| PB 0x0000000603800000| Untracked 
|  15|0x0000000603c00000, 0x0000000603c00000, 0x0000000604000000|  0%| F|  |TAMS 0x0000000603c00000| PB 0x0000000603c00000| Untracked 
|  16|0x0000000604000000, 0x0000000604000000, 0x0000000604400000|  0%| F|  |TAMS 0x0000000604000000| PB 0x0000000604000000| Untracked 
|  17|0x0000000604400000, 0x0000000604400000, 0x0000000604800000|  0%| F|  |TAMS 0x0000000604400000| PB 0x0000000604400000| Untracked 
|  18|0x0000000604800000, 0x0000000604800000, 0x0000000604c00000|  0%| F|  |TAMS 0x0000000604800000| PB 0x0000000604800000| Untracked 
|  19|0x0000000604c00000, 0x0000000604c00000, 0x0000000605000000|  0%| F|  |TAMS 0x0000000604c00000| PB 0x0000000604c00000| Untracked 
|  20|0x0000000605000000, 0x0000000605000000, 0x0000000605400000|  0%| F|  |TAMS 0x0000000605000000| PB 0x0000000605000000| Untracked 
|  21|0x0000000605400000, 0x0000000605400000, 0x0000000605800000|  0%| F|  |TAMS 0x0000000605400000| PB 0x0000000605400000| Untracked 
|  22|0x0000000605800000, 0x0000000605800000, 0x0000000605c00000|  0%| F|  |TAMS 0x0000000605800000| PB 0x0000000605800000| Untracked 
|  23|0x0000000605c00000, 0x0000000605c00000, 0x0000000606000000|  0%| F|  |TAMS 0x0000000605c00000| PB 0x0000000605c00000| Untracked 
|  24|0x0000000606000000, 0x0000000606000000, 0x0000000606400000|  0%| F|  |TAMS 0x0000000606000000| PB 0x0000000606000000| Untracked 
|  25|0x0000000606400000, 0x0000000606400000, 0x0000000606800000|  0%| F|  |TAMS 0x0000000606400000| PB 0x0000000606400000| Untracked 
|  26|0x0000000606800000, 0x0000000606800000, 0x0000000606c00000|  0%| F|  |TAMS 0x0000000606800000| PB 0x0000000606800000| Untracked 
|  27|0x0000000606c00000, 0x0000000606c00000, 0x0000000607000000|  0%| F|  |TAMS 0x0000000606c00000| PB 0x0000000606c00000| Untracked 
|  28|0x0000000607000000, 0x0000000607000000, 0x0000000607400000|  0%| F|  |TAMS 0x0000000607000000| PB 0x0000000607000000| Untracked 
|  29|0x0000000607400000, 0x0000000607400000, 0x0000000607800000|  0%| F|  |TAMS 0x0000000607400000| PB 0x0000000607400000| Untracked 
|  30|0x0000000607800000, 0x0000000607800000, 0x0000000607c00000|  0%| F|  |TAMS 0x0000000607800000| PB 0x0000000607800000| Untracked 
|  31|0x0000000607c00000, 0x0000000607c00000, 0x0000000608000000|  0%| F|  |TAMS 0x0000000607c00000| PB 0x0000000607c00000| Untracked 
|  32|0x0000000608000000, 0x0000000608000000, 0x0000000608400000|  0%| F|  |TAMS 0x0000000608000000| PB 0x0000000608000000| Untracked 
|  33|0x0000000608400000, 0x0000000608400000, 0x0000000608800000|  0%| F|  |TAMS 0x0000000608400000| PB 0x0000000608400000| Untracked 
|  34|0x0000000608800000, 0x0000000608800000, 0x0000000608c00000|  0%| F|  |TAMS 0x0000000608800000| PB 0x0000000608800000| Untracked 
|  35|0x0000000608c00000, 0x0000000608c00000, 0x0000000609000000|  0%| F|  |TAMS 0x0000000608c00000| PB 0x0000000608c00000| Untracked 
|  36|0x0000000609000000, 0x0000000609000000, 0x0000000609400000|  0%| F|  |TAMS 0x0000000609000000| PB 0x0000000609000000| Untracked 
|  37|0x0000000609400000, 0x0000000609400000, 0x0000000609800000|  0%| F|  |TAMS 0x0000000609400000| PB 0x0000000609400000| Untracked 
|  38|0x0000000609800000, 0x0000000609af7b88, 0x0000000609c00000| 74%| E|  |TAMS 0x0000000609800000| PB 0x0000000609800000| Complete 
|  39|0x0000000609c00000, 0x000000060a000000, 0x000000060a000000|100%| E|CS|TAMS 0x0000000609c00000| PB 0x0000000609c00000| Complete 
|  40|0x000000060a000000, 0x000000060a400000, 0x000000060a400000|100%| E|CS|TAMS 0x000000060a000000| PB 0x000000060a000000| Complete 
|  41|0x000000060a400000, 0x000000060a800000, 0x000000060a800000|100%| E|CS|TAMS 0x000000060a400000| PB 0x000000060a400000| Complete 
|  42|0x000000060a800000, 0x000000060ac00000, 0x000000060ac00000|100%| E|CS|TAMS 0x000000060a800000| PB 0x000000060a800000| Complete 
|  43|0x000000060ac00000, 0x000000060b000000, 0x000000060b000000|100%| E|CS|TAMS 0x000000060ac00000| PB 0x000000060ac00000| Complete 
|  44|0x000000060b000000, 0x000000060b400000, 0x000000060b400000|100%| E|CS|TAMS 0x000000060b000000| PB 0x000000060b000000| Complete 
|  45|0x000000060b400000, 0x000000060b800000, 0x000000060b800000|100%| E|CS|TAMS 0x000000060b400000| PB 0x000000060b400000| Complete 
|  46|0x000000060b800000, 0x000000060bc00000, 0x000000060bc00000|100%| E|CS|TAMS 0x000000060b800000| PB 0x000000060b800000| Complete 
|  47|0x000000060bc00000, 0x000000060c000000, 0x000000060c000000|100%| E|CS|TAMS 0x000000060bc00000| PB 0x000000060bc00000| Complete 
|  48|0x000000060c000000, 0x000000060c400000, 0x000000060c400000|100%| E|CS|TAMS 0x000000060c000000| PB 0x000000060c000000| Complete 
|  49|0x000000060c400000, 0x000000060c800000, 0x000000060c800000|100%| E|CS|TAMS 0x000000060c400000| PB 0x000000060c400000| Complete 
|  50|0x000000060c800000, 0x000000060cba47e8, 0x000000060cc00000| 91%| S|CS|TAMS 0x000000060c800000| PB 0x000000060c800000| Complete 
|  51|0x000000060cc00000, 0x000000060d000000, 0x000000060d000000|100%| S|CS|TAMS 0x000000060cc00000| PB 0x000000060cc00000| Complete 
|  52|0x000000060d000000, 0x000000060d400000, 0x000000060d400000|100%| E|CS|TAMS 0x000000060d000000| PB 0x000000060d000000| Complete 
|  53|0x000000060d400000, 0x000000060d800000, 0x000000060d800000|100%| E|CS|TAMS 0x000000060d400000| PB 0x000000060d400000| Complete 
|  54|0x000000060d800000, 0x000000060dc00000, 0x000000060dc00000|100%| E|CS|TAMS 0x000000060d800000| PB 0x000000060d800000| Complete 
|  55|0x000000060dc00000, 0x000000060e000000, 0x000000060e000000|100%| E|CS|TAMS 0x000000060dc00000| PB 0x000000060dc00000| Complete 
|  56|0x000000060e000000, 0x000000060e400000, 0x000000060e400000|100%| E|CS|TAMS 0x000000060e000000| PB 0x000000060e000000| Complete 
|  57|0x000000060e400000, 0x000000060e800000, 0x000000060e800000|100%| E|CS|TAMS 0x000000060e400000| PB 0x000000060e400000| Complete 
|  58|0x000000060e800000, 0x000000060ec00000, 0x000000060ec00000|100%| E|CS|TAMS 0x000000060e800000| PB 0x000000060e800000| Complete 
|  59|0x000000060ec00000, 0x000000060f000000, 0x000000060f000000|100%| E|CS|TAMS 0x000000060ec00000| PB 0x000000060ec00000| Complete 
|  60|0x000000060f000000, 0x000000060f400000, 0x000000060f400000|100%| E|CS|TAMS 0x000000060f000000| PB 0x000000060f000000| Complete 
|  61|0x000000060f400000, 0x000000060f800000, 0x000000060f800000|100%| E|CS|TAMS 0x000000060f400000| PB 0x000000060f400000| Complete 
|  62|0x000000060f800000, 0x000000060fc00000, 0x000000060fc00000|100%| E|CS|TAMS 0x000000060f800000| PB 0x000000060f800000| Complete 

Card table byte_map: [0x000001f94a320000,0x000001f94b320000] _byte_map_base: 0x000001f947320000

Marking Bits: (CMBitMap*) 0x000001f925c674c0
 Bits: [0x000001f94b320000, 0x000001f953320000)

Polling page: 0x000001f923a30000

Metaspace:

Usage:
  Non-class:     10.81 MB used.
      Class:      1.68 MB used.
       Both:     12.48 MB used.

Virtual space:
  Non-class space:       64.00 MB reserved,      11.00 MB ( 17%) committed,  1 nodes.
      Class space:        1.00 GB reserved,       1.88 MB ( <1%) committed,  1 nodes.
             Both:        1.06 GB reserved,      12.88 MB (  1%) committed. 

Chunk freelists:
   Non-Class:  4.72 MB
       Class:  14.16 MB
        Both:  18.88 MB

MaxMetaspaceSize: 4.00 GB
CompressedClassSpaceSize: 1.00 GB
Initial GC threshold: 21.00 MB
Current GC threshold: 21.00 MB
CDS: on
 - commit_granule_bytes: 65536.
 - commit_granule_words: 8192.
 - virtual_space_node_default_size: 8388608.
 - enlarge_chunks_in_place: 1.
 - use_allocation_guard: 0.


Internal statistics:

num_allocs_failed_limit: 0.
num_arena_births: 410.
num_arena_deaths: 0.
num_vsnodes_births: 2.
num_vsnodes_deaths: 0.
num_space_committed: 206.
num_space_uncommitted: 0.
num_chunks_returned_to_freelist: 0.
num_chunks_taken_from_freelist: 795.
num_chunk_merges: 0.
num_chunk_splits: 520.
num_chunks_enlarged: 368.
num_inconsistent_stats: 0.

CodeHeap 'non-profiled nmethods': size=259264Kb used=1442Kb max_used=1442Kb free=257822Kb
 bounds [0x000001f939090000, 0x000001f939300000, 0x000001f948dc0000]
CodeHeap 'profiled nmethods': size=259264Kb used=6042Kb max_used=6042Kb free=253221Kb
 bounds [0x000001f928dc0000, 0x000001f9293b0000, 0x000001f938af0000]
CodeHeap 'non-nmethods': size=5760Kb used=1504Kb max_used=1522Kb free=4255Kb
 bounds [0x000001f938af0000, 0x000001f938d60000, 0x000001f939090000]
CodeCache: size=524288Kb, used=8988Kb, max_used=9006Kb, free=515298Kb
 total_blobs=3595, nmethods=3057, adapters=442, full_count=0
Compilation: enabled, stopped_count=0, restarted_count=0

Compilation events (20 events):
Event: 244.635 Thread 0x000001f9555faba0 3046       1       java.lang.invoke.MethodHandleImpl$IntrinsicMethodHandle::intrinsicName (5 bytes)
Event: 244.635 Thread 0x000001f9555faba0 nmethod 3046 0x000001f9391f3590 code [0x000001f9391f3720, 0x000001f9391f37f0]
Event: 244.638 Thread 0x000001f9555f9f50 nmethod 3044 0x000001f9391f3890 code [0x000001f9391f3a60, 0x000001f9391f3f40]
Event: 244.638 Thread 0x000001f9555f9f50 3047       4       java.lang.invoke.LambdaForm$Name::replaceNames (175 bytes)
Event: 244.646 Thread 0x000001f9555faba0 3051       3       java.lang.invoke.BoundMethodHandle::makeReinvoker (27 bytes)
Event: 244.646 Thread 0x000001f9555faba0 nmethod 3051 0x000001f9293a4490 code [0x000001f9293a4660, 0x000001f9293a4948]
Event: 244.646 Thread 0x000001f9555faba0 3050       3       java.lang.invoke.DirectMethodHandle::rebind (5 bytes)
Event: 244.647 Thread 0x000001f9555faba0 nmethod 3050 0x000001f9293a4a90 code [0x000001f9293a4c40, 0x000001f9293a4d78]
Event: 244.660 Thread 0x000001f9555faba0 3053       3       java.lang.invoke.MethodHandleImpl::valueConversion (325 bytes)
Event: 244.662 Thread 0x000001f9555faba0 nmethod 3053 0x000001f9293a4e10 code [0x000001f9293a5120, 0x000001f9293a5d60]
Event: 244.666 Thread 0x000001f9555f9f50 nmethod 3047 0x000001f9391f4b10 code [0x000001f9391f4d40, 0x000001f9391f5df8]
Event: 244.666 Thread 0x000001f9555f9f50 3048       4       java.util.HashMap::getNode (150 bytes)
Event: 244.670 Thread 0x000001f9555f9f50 nmethod 3048 0x000001f9391f6410 code [0x000001f9391f65e0, 0x000001f9391f6948]
Event: 244.989 Thread 0x000001f9555faba0 3055       1       java.lang.invoke.LambdaForm::arity (5 bytes)
Event: 244.990 Thread 0x000001f9555faba0 nmethod 3055 0x000001f9391f6c10 code [0x000001f9391f6da0, 0x000001f9391f6e68]
Event: 244.996 Thread 0x000001f9555f9f50 3056       4       jdk.internal.org.objectweb.asm.SymbolTable::addConstantUtf8Reference (101 bytes)
Event: 245.000 Thread 0x000001f9555faba0 3057       3       java.lang.invoke.MemberName::isProtected (8 bytes)
Event: 245.000 Thread 0x000001f9555faba0 nmethod 3057 0x000001f9293a6210 code [0x000001f9293a63c0, 0x000001f9293a6580]
Event: 245.025 Thread 0x000001f9555f9f50 nmethod 3056 0x000001f9391f6f10 code [0x000001f9391f7160, 0x000001f9391f8168]
Event: 245.044 Thread 0x000001f9555f9f50 3058   !   4       java.util.zip.InflaterInputStream::read (129 bytes)

GC Heap History (4 events):
Event: 21.481 GC heap before
{Heap before GC invocations=0 (full 0):
 garbage-first heap   total 258048K, used 20480K [0x0000000600000000, 0x0000000800000000)
  region size 4096K, 5 young (20480K), 0 survivors (0K)
 Metaspace       used 880K, committed 1024K, reserved 1114112K
  class space    used 72K, committed 128K, reserved 1048576K
}
Event: 22.531 GC heap after
{Heap after GC invocations=1 (full 0):
 garbage-first heap   total 258048K, used 1535K [0x0000000600000000, 0x0000000800000000)
  region size 4096K, 1 young (4096K), 1 survivors (4096K)
 Metaspace       used 880K, committed 1024K, reserved 1114112K
  class space    used 72K, committed 128K, reserved 1048576K
}
Event: 57.021 GC heap before
{Heap before GC invocations=1 (full 0):
 garbage-first heap   total 258048K, used 42495K [0x0000000600000000, 0x0000000800000000)
  region size 4096K, 11 young (45056K), 1 survivors (4096K)
 Metaspace       used 4451K, committed 4608K, reserved 1114112K
  class space    used 559K, committed 640K, reserved 1048576K
}
Event: 57.025 GC heap after
{Heap after GC invocations=2 (full 0):
 garbage-first heap   total 258048K, used 11921K [0x0000000600000000, 0x0000000800000000)
  region size 4096K, 2 young (8192K), 2 survivors (8192K)
 Metaspace       used 4451K, committed 4608K, reserved 1114112K
  class space    used 559K, committed 640K, reserved 1048576K
}

Dll operation events (20 events):
Event: 8.833 Attempting to load shared library C:\Users\Lenovo E14\.vscode\extensions\redhat.java-1.56.0-win32-x64\jre\21.0.12.1-win32-x86_64\bin\nio.dll
Event: 8.833 Loaded shared library C:\Users\Lenovo E14\.vscode\extensions\redhat.java-1.56.0-win32-x64\jre\21.0.12.1-win32-x86_64\bin\nio.dll
Event: 8.847 Attempting to load shared library C:\Users\Lenovo E14\.vscode\extensions\redhat.java-1.56.0-win32-x64\jre\21.0.12.1-win32-x86_64\bin\zip.dll
Event: 8.847 Loaded shared library C:\Users\Lenovo E14\.vscode\extensions\redhat.java-1.56.0-win32-x64\jre\21.0.12.1-win32-x86_64\bin\zip.dll
Event: 28.270 Attempting to load shared library C:\Users\Lenovo E14\.vscode\extensions\redhat.java-1.56.0-win32-x64\jre\21.0.12.1-win32-x86_64\bin\jimage.dll
Event: 28.271 Loaded shared library C:\Users\Lenovo E14\.vscode\extensions\redhat.java-1.56.0-win32-x64\jre\21.0.12.1-win32-x86_64\bin\jimage.dll
Event: 33.228 Attempting to load shared library C:\Users\Lenovo E14\.vscode\extensions\redhat.java-1.56.0-win32-x64\jre\21.0.12.1-win32-x86_64\bin\verify.dll
Event: 33.236 Loaded shared library C:\Users\Lenovo E14\.vscode\extensions\redhat.java-1.56.0-win32-x64\jre\21.0.12.1-win32-x86_64\bin\verify.dll
Event: 33.673 Attempting to load shared library C:\Users\Lenovo E14\.gradle\native\1def1411415f61bf3af743bc5b6707747c0891f09f0c88961ee8f79bc544acac\windows-amd64\native-platform.dll
Event: 33.674 Loaded shared library C:\Users\Lenovo E14\.gradle\native\1def1411415f61bf3af743bc5b6707747c0891f09f0c88961ee8f79bc544acac\windows-amd64\native-platform.dll
Event: 34.130 Attempting to load shared library C:\Users\Lenovo E14\.gradle\native\0.2.7\x86_64-windows-gnu\gradle-fileevents.dll
Event: 34.131 Loaded shared library C:\Users\Lenovo E14\.gradle\native\0.2.7\x86_64-windows-gnu\gradle-fileevents.dll
Event: 74.134 Attempting to load shared library C:\Users\Lenovo E14\.vscode\extensions\redhat.java-1.56.0-win32-x64\jre\21.0.12.1-win32-x86_64\bin\management.dll
Event: 74.135 Loaded shared library C:\Users\Lenovo E14\.vscode\extensions\redhat.java-1.56.0-win32-x64\jre\21.0.12.1-win32-x86_64\bin\management.dll
Event: 74.137 Attempting to load shared library C:\Users\Lenovo E14\.vscode\extensions\redhat.java-1.56.0-win32-x64\jre\21.0.12.1-win32-x86_64\bin\management_ext.dll
Event: 74.138 Loaded shared library C:\Users\Lenovo E14\.vscode\extensions\redhat.java-1.56.0-win32-x64\jre\21.0.12.1-win32-x86_64\bin\management_ext.dll
Event: 75.085 Attempting to load shared library C:\Users\Lenovo E14\.vscode\extensions\redhat.java-1.56.0-win32-x64\jre\21.0.12.1-win32-x86_64\bin\extnet.dll
Event: 75.085 Loaded shared library C:\Users\Lenovo E14\.vscode\extensions\redhat.java-1.56.0-win32-x64\jre\21.0.12.1-win32-x86_64\bin\extnet.dll
Event: 143.145 Attempting to load shared library C:\Users\Lenovo E14\.vscode\extensions\redhat.java-1.56.0-win32-x64\jre\21.0.12.1-win32-x86_64\bin\sunmscapi.dll
Event: 143.147 Loaded shared library C:\Users\Lenovo E14\.vscode\extensions\redhat.java-1.56.0-win32-x64\jre\21.0.12.1-win32-x86_64\bin\sunmscapi.dll

Deoptimization events (20 events):
Event: 147.602 Thread 0x000001f99c906390 DEOPT PACKING pc=0x000001f939197cac sp=0x00000080459febb0
Event: 147.602 Thread 0x000001f99c906390 DEOPT UNPACKING pc=0x000001f938b47ba2 sp=0x00000080459feb50 mode 2
Event: 237.874 Thread 0x000001f99be97d10 DEOPT PACKING pc=0x000001f92929a25e sp=0x0000008045afde70
Event: 237.882 Thread 0x000001f99be97d10 DEOPT UNPACKING pc=0x000001f938b486e2 sp=0x0000008045afd3c8 mode 0
Event: 239.125 Thread 0x000001f99b05f800 Uncommon trap: trap_request=0xffffff6e fr.pc=0x000001f939163d2c relative=0x00000000000003ec
Event: 239.125 Thread 0x000001f99b05f800 Uncommon trap: reason=loop_limit_check action=maybe_recompile pc=0x000001f939163d2c method=java.lang.StringLatin1.indexOf([BI[BII)I @ 37 c2
Event: 239.125 Thread 0x000001f99b05f800 DEOPT PACKING pc=0x000001f939163d2c sp=0x0000008043efecd0
Event: 239.125 Thread 0x000001f99b05f800 DEOPT UNPACKING pc=0x000001f938b47ba2 sp=0x0000008043efec30 mode 2
Event: 239.605 Thread 0x000001f99b05f800 Uncommon trap: trap_request=0xffffffc6 fr.pc=0x000001f9391cd0f4 relative=0x0000000000000434
Event: 239.605 Thread 0x000001f99b05f800 Uncommon trap: reason=bimorphic_or_optimized_type_check action=maybe_recompile pc=0x000001f9391cd0f4 method=java.util.HashMap.putVal(ILjava/lang/Object;Ljava/lang/Object;ZZ)Ljava/lang/Object; @ 253 c2
Event: 239.605 Thread 0x000001f99b05f800 DEOPT PACKING pc=0x000001f9391cd0f4 sp=0x0000008043efea00
Event: 239.605 Thread 0x000001f99b05f800 DEOPT UNPACKING pc=0x000001f938b47ba2 sp=0x0000008043efe990 mode 2
Event: 239.645 Thread 0x000001f99b05f800 Uncommon trap: trap_request=0xffffffc6 fr.pc=0x000001f9391cd0f4 relative=0x0000000000000434
Event: 239.645 Thread 0x000001f99b05f800 Uncommon trap: reason=bimorphic_or_optimized_type_check action=maybe_recompile pc=0x000001f9391cd0f4 method=java.util.HashMap.putVal(ILjava/lang/Object;Ljava/lang/Object;ZZ)Ljava/lang/Object; @ 253 c2
Event: 239.645 Thread 0x000001f99b05f800 DEOPT PACKING pc=0x000001f9391cd0f4 sp=0x0000008043efeaf0
Event: 239.645 Thread 0x000001f99b05f800 DEOPT UNPACKING pc=0x000001f938b47ba2 sp=0x0000008043efea80 mode 2
Event: 240.581 Thread 0x000001f99b05f800 Uncommon trap: trap_request=0xffffffcc fr.pc=0x000001f9391c0c9c relative=0x000000000000035c
Event: 240.581 Thread 0x000001f99b05f800 Uncommon trap: reason=intrinsic_or_type_checked_inlining action=make_not_entrant pc=0x000001f9391c0c9c method=java.util.Arrays.copyOf([Ljava/lang/Object;ILjava/lang/Class;)[Ljava/lang/Object; @ 35 c2
Event: 240.581 Thread 0x000001f99b05f800 DEOPT PACKING pc=0x000001f9391c0c9c sp=0x0000008043efe150
Event: 240.581 Thread 0x000001f99b05f800 DEOPT UNPACKING pc=0x000001f938b47ba2 sp=0x0000008043efe0f8 mode 2

Classes loaded (20 events):
Event: 239.111 Loading class java/util/Collections$UnmodifiableMap$UnmodifiableEntrySet$1
Event: 239.112 Loading class java/util/Collections$UnmodifiableMap$UnmodifiableEntrySet$1 done
Event: 239.117 Loading class java/util/Collections$UnmodifiableMap$UnmodifiableEntrySet$UnmodifiableEntry
Event: 239.118 Loading class java/util/Collections$UnmodifiableMap$UnmodifiableEntrySet$UnmodifiableEntry done
Event: 239.623 Loading class java/lang/invoke/DirectMethodHandle$StaticAccessor
Event: 239.624 Loading class java/lang/invoke/DirectMethodHandle$StaticAccessor done
Event: 239.720 Loading class java/util/concurrent/CountDownLatch
Event: 239.721 Loading class java/util/concurrent/CountDownLatch done
Event: 239.721 Loading class java/util/concurrent/CountDownLatch$Sync
Event: 239.722 Loading class java/util/concurrent/CountDownLatch$Sync done
Event: 239.985 Loading class java/math/BigDecimal
Event: 240.267 Loading class jdk/internal/event/ThreadSleepEvent
Event: 240.269 Loading class jdk/internal/event/ThreadSleepEvent done
Event: 240.474 Loading class java/math/BigDecimal done
Event: 240.770 Loading class sun/reflect/generics/tree/VoidDescriptor
Event: 240.770 Loading class sun/reflect/generics/tree/VoidDescriptor done
Event: 244.525 Loading class java/util/concurrent/atomic/AtomicReferenceArray
Event: 244.527 Loading class java/util/concurrent/atomic/AtomicReferenceArray done
Event: 244.529 Loading class java/lang/invoke/VarHandleReferences$Array
Event: 244.530 Loading class java/lang/invoke/VarHandleReferences$Array done

Classes unloaded (0 events):
No events

Classes redefined (0 events):
No events

Internal exceptions (20 events):
Event: 74.181 Thread 0x000001f925bc07c0 Exception <a 'java/lang/NoSuchMethodError'{0x000000060bf990c0}: 'java.lang.Object java.lang.invoke.DirectMethodHandle$Holder.invokeVirtual(java.lang.Object, java.lang.Object, java.lang.Object, java.lang.Object, java.lang.Object)'> (0x000000060bf990c0) 
thrown [s\src\hotspot\share\interpreter\linkResolver.cpp, line 773]
Event: 74.183 Thread 0x000001f925bc07c0 Exception <a 'java/lang/NoSuchMethodError'{0x000000060bfac2b0}: 'java.lang.Object java.lang.invoke.Invokers$Holder.invokeExact_MT(java.lang.Object, java.lang.Object, java.lang.Object, java.lang.Object, java.lang.Object, java.lang.Object)'> (0x000000060bfac2b0) 
thrown [s\src\hotspot\share\interpreter\linkResolver.cpp, line 773]
Event: 74.388 Thread 0x000001f925bc07c0 Exception <a 'java/lang/NoSuchMethodError'{0x000000060b832330}: 'java.lang.Object java.lang.invoke.DelegatingMethodHandle$Holder.reinvoke_L(java.lang.Object, java.lang.Object, java.lang.Object, java.lang.Object, java.lang.Object, java.lang.Object, java.lang.Object, java.lang.Object, java.lang.Object, java.lang.Object, java.lang.Object, java.lang.Object, java.lang.Object, java.lang.Object)'> (0x000000060b832330) 
thrown [s\src\hotspot\share\interpreter\linkResolver.cpp, line 773]
Event: 74.398 Thread 0x000001f925bc07c0 Exception <a 'java/lang/NoSuchMethodError'{0x000000060b87f2b0}: 'java.lang.Object java.lang.invoke.DirectMethodHandle$Holder.invokeStatic(java.lang.Object, java.lang.Object, java.lang.Object, java.lang.Object, java.lang.Object, java.lang.Object, java.lang.Object, java.lang.Object, java.lang.Object, java.lang.Object, java.lang.Object, java.lang.Object, java.lang.Object)'> (0x000000060b87f2b0) 
thrown [s\src\hotspot\share\interpreter\linkResolver.cpp, line 773]
Event: 74.401 Thread 0x000001f925bc07c0 Exception <a 'java/lang/NoSuchMethodError'{0x000000060b89e8b8}: 'java.lang.Object java.lang.invoke.DirectMethodHandle$Holder.invokeStatic(java.lang.Object, java.lang.Object, java.lang.Object, java.lang.Object, java.lang.Object, java.lang.Object, java.lang.Object, java.lang.Object, java.lang.Object, java.lang.Object, java.lang.Object, java.lang.Object, java.lang.Object, java.lang.Object)'> (0x000000060b89e8b8) 
thrown [s\src\hotspot\share\interpreter\linkResolver.cpp, line 773]
Event: 74.403 Thread 0x000001f925bc07c0 Exception <a 'java/lang/NoSuchMethodError'{0x000000060b977610}: 'java.lang.Object java.lang.invoke.DirectMethodHandle$Holder.invokeStatic(java.lang.Object, java.lang.Object, java.lang.Object, java.lang.Object, java.lang.Object, java.lang.Object, java.lang.Object, java.lang.Object, java.lang.Object, java.lang.Object, java.lang.Object, java.lang.Object, java.lang.Object, java.lang.Object, java.lang.Object)'> (0x000000060b977610) 
thrown [s\src\hotspot\share\interpreter\linkResolver.cpp, line 773]
Event: 74.406 Thread 0x000001f925bc07c0 Exception <a 'java/lang/NoSuchMethodError'{0x000000060b99a1e0}: 'java.lang.Object java.lang.invoke.DirectMethodHandle$Holder.invokeStatic(java.lang.Object, java.lang.Object, java.lang.Object, java.lang.Object, java.lang.Object, java.lang.Object, java.lang.Object, java.lang.Object, java.lang.Object, java.lang.Object, java.lang.Object, java.lang.Object, java.lang.Object, java.lang.Object, java.lang.Object, java.lang.Object)'> (0x000000060b99a1e0) 
thrown [s\src\hotspot\share\interpreter\linkResolver.cpp, lin
Event: 75.196 Thread 0x000001f925bc07c0 Exception <a 'java/lang/NoSuchMethodError'{0x000000060b488980}: 'java.lang.Object java.lang.invoke.DirectMethodHandle$Holder.invokeVirtual(java.lang.Object, java.lang.Object, java.lang.Object, java.lang.Object, java.lang.Object, java.lang.Object, java.lang.Object)'> (0x000000060b488980) 
thrown [s\src\hotspot\share\interpreter\linkResolver.cpp, line 773]
Event: 75.223 Thread 0x000001f925bc07c0 Exception <a 'java/lang/NoSuchMethodError'{0x000000060b519af0}: 'java.lang.Object java.lang.invoke.DirectMethodHandle$Holder.invokeVirtual(java.lang.Object, java.lang.Object, java.lang.Object, java.lang.Object, java.lang.Object, java.lang.Object, java.lang.Object, java.lang.Object, java.lang.Object)'> (0x000000060b519af0) 
thrown [s\src\hotspot\share\interpreter\linkResolver.cpp, line 773]
Event: 76.238 Thread 0x000001f925bc07c0 Exception <a 'java/lang/NoSuchMethodError'{0x000000060b6b5040}: 'java.lang.Object java.lang.invoke.DirectMethodHandle$Holder.invokeStaticInit(java.lang.Object, int, int, int, int)'> (0x000000060b6b5040) 
thrown [s\src\hotspot\share\interpreter\linkResolver.cpp, line 773]
Event: 76.777 Thread 0x000001f925bc07c0 Exception <a 'java/lang/NoSuchMethodError'{0x000000060b7849d0}: 'java.lang.Object java.lang.invoke.DirectMethodHandle$Holder.invokeStaticInit(java.lang.Object, java.lang.Object, int, int, int, int)'> (0x000000060b7849d0) 
thrown [s\src\hotspot\share\interpreter\linkResolver.cpp, line 773]
Event: 107.477 Thread 0x000001f925bc07c0 Exception <a 'java/io/IOException'{0x000000060b360898}> (0x000000060b360898) 
thrown [s\src\hotspot\share\prims\jni.cpp, line 520]
Event: 107.548 Thread 0x000001f925bc07c0 Implicit null exception at 0x000001f9390ffe24 to 0x000001f9391004fc
Event: 107.578 Thread 0x000001f925bc07c0 Exception <a 'java/lang/NoSuchMethodError'{0x000000060b3d4120}: 'java.lang.Object java.lang.invoke.DirectMethodHandle$Holder.newInvokeSpecial(java.lang.Object, java.lang.Object, java.lang.Object, java.lang.Object, java.lang.Object)'> (0x000000060b3d4120) 
thrown [s\src\hotspot\share\interpreter\linkResolver.cpp, line 773]
Event: 118.462 Thread 0x000001f99c906390 Implicit null exception at 0x000001f9390e90a0 to 0x000001f9390e9770
Event: 238.706 Thread 0x000001f99be97d10 Exception <a 'java/lang/NoSuchMethodError'{0x000000060a58f980}: 'void java.lang.invoke.DirectMethodHandle$Holder.invokeSpecial(java.lang.Object, java.lang.Object, java.lang.Object)'> (0x000000060a58f980) 
thrown [s\src\hotspot\share\interpreter\linkResolver.cpp, line 773]
Event: 242.684 Thread 0x000001f99b05f800 Exception <a 'java/lang/NoSuchMethodError'{0x000000060a3f2e48}: 'long java.lang.invoke.DirectMethodHandle$Holder.invokeInterface(java.lang.Object, java.lang.Object)'> (0x000000060a3f2e48) 
thrown [s\src\hotspot\share\interpreter\linkResolver.cpp, line 773]
Event: 244.641 Thread 0x000001f99b05f800 Exception <a 'java/lang/NoSuchMethodError'{0x0000000609827f40}: 'void java.lang.invoke.DirectMethodHandle$Holder.invokeStatic(java.lang.Object, java.lang.Object)'> (0x0000000609827f40) 
thrown [s\src\hotspot\share\interpreter\linkResolver.cpp, line 773]
Event: 244.658 Thread 0x000001f99b05f800 Exception <a 'java/lang/NoSuchMethodError'{0x0000000609870590}: 'java.lang.Object java.lang.invoke.DirectMethodHandle$Holder.invokeVirtual(java.lang.Object, java.lang.Object, java.lang.Object, java.lang.Object, java.lang.Object, java.lang.Object, java.lang.Object, java.lang.Object, java.lang.Object, java.lang.Object, java.lang.Object, java.lang.Object)'> (0x0000000609870590) 
thrown [s\src\hotspot\share\interpreter\linkResolver.cpp, line 773]
Event: 244.660 Thread 0x000001f99b05f800 Exception <a 'java/lang/NoSuchMethodError'{0x00000006098755b8}: 'java.lang.Object java.lang.invoke.DirectMethodHandle$Holder.invokeSpecial(java.lang.Object, java.lang.Object, java.lang.Object, java.lang.Object, java.lang.Object, java.lang.Object, java.lang.Object, java.lang.Object, java.lang.Object, java.lang.Object, java.lang.Object, java.lang.Object, java.lang.Object)'> (0x00000006098755b8) 
thrown [s\src\hotspot\share\interpreter\linkResolver.cpp, line 773]

ZGC Phase Switch (0 events):
No events

VM Operations (20 events):
Event: 206.255 Executing safepoint VM operation: Cleanup
Event: 206.255 Executing safepoint VM operation: Cleanup done
Event: 208.257 Executing safepoint VM operation: Cleanup
Event: 208.257 Executing safepoint VM operation: Cleanup done
Event: 210.258 Executing safepoint VM operation: Cleanup
Event: 210.258 Executing safepoint VM operation: Cleanup done
Event: 238.271 Executing safepoint VM operation: Cleanup
Event: 238.272 Executing safepoint VM operation: Cleanup done
Event: 239.947 Executing non-safepoint VM operation: HandshakeAllThreads (Deoptimize)
Event: 239.948 Executing non-safepoint VM operation: HandshakeAllThreads (Deoptimize) done
Event: 239.948 Executing safepoint VM operation: Cleanup
Event: 239.948 Executing safepoint VM operation: Cleanup done
Event: 240.949 Executing safepoint VM operation: Cleanup
Event: 241.529 Executing safepoint VM operation: Cleanup done
Event: 242.530 Executing safepoint VM operation: Cleanup
Event: 242.530 Executing safepoint VM operation: Cleanup done
Event: 243.530 Executing safepoint VM operation: Cleanup
Event: 243.727 Executing safepoint VM operation: Cleanup done
Event: 244.727 Executing safepoint VM operation: Cleanup
Event: 244.982 Executing safepoint VM operation: Cleanup done

Memory protections (0 events):
No events

Nmethod flushes (0 events):
No events

Events (20 events):
Event: 6.571 Thread 0x000001f925bc07c0 Thread added: 0x000001f9555f0430
Event: 6.572 Thread 0x000001f925bc07c0 Thread added: 0x000001f9555f3310
Event: 6.573 Thread 0x000001f925bc07c0 Thread added: 0x000001f9555f5290
Event: 6.573 Thread 0x000001f925bc07c0 Thread added: 0x000001f9555f7d00
Event: 6.573 Thread 0x000001f925bc07c0 Thread added: 0x000001f9555f8760
Event: 6.573 Thread 0x000001f925bc07c0 Thread added: 0x000001f9555f91c0
Event: 6.573 Thread 0x000001f925bc07c0 Thread added: 0x000001f9555f9f50
Event: 6.574 Thread 0x000001f925bc07c0 Thread added: 0x000001f9555faba0
Event: 8.582 Thread 0x000001f925bc07c0 Thread added: 0x000001f99b1c8e70
Event: 8.884 Thread 0x000001f925bc07c0 Thread added: 0x000001f99b2898a0
Event: 74.376 Thread 0x000001f925bc07c0 Thread added: 0x000001f99bef50e0
Event: 76.885 Thread 0x000001f925bc07c0 Thread added: 0x000001f99be8b5a0
Event: 107.584 Thread 0x000001f925bc07c0 Thread added: 0x000001f99c906390
Event: 143.206 Thread 0x000001f99be8b5a0 Thread added: 0x000001f99be97d10
Event: 143.383 Thread 0x000001f99be97d10 Thread added: 0x000001f99c168700
Event: 144.605 Thread 0x000001f99be97d10 Thread added: 0x000001f99bf24b70
Event: 238.814 Thread 0x000001f99be97d10 Thread added: 0x000001f99b05f800
Event: 239.974 Thread 0x000001f99b05f800 Thread added: 0x000001f99bca8180
Event: 240.529 Thread 0x000001f99b05f800 Thread added: 0x000001f99bdfb410
Event: 240.562 Thread 0x000001f99b05f800 Thread added: 0x000001f99bdfbaa0


Dynamic libraries:
0x00007ff6b6000000 - 0x00007ff6b600e000 	C:\Users\Lenovo E14\.vscode\extensions\redhat.java-1.56.0-win32-x64\jre\21.0.12.1-win32-x86_64\bin\java.exe
0x00007ff9bbd10000 - 0x00007ff9bbf28000 	C:\Windows\SYSTEM32\ntdll.dll
0x00007ff9bab90000 - 0x00007ff9bac54000 	C:\Windows\System32\KERNEL32.DLL
0x00007ff9b90f0000 - 0x00007ff9b94c3000 	C:\Windows\System32\KERNELBASE.dll
0x00007ff9b9890000 - 0x00007ff9b99a1000 	C:\Windows\System32\ucrtbase.dll
0x00007ff9569c0000 - 0x00007ff9569d8000 	C:\Users\Lenovo E14\.vscode\extensions\redhat.java-1.56.0-win32-x64\jre\21.0.12.1-win32-x86_64\bin\jli.dll
0x00007ff9bb080000 - 0x00007ff9bb232000 	C:\Windows\System32\USER32.dll
0x00007ff9b97e0000 - 0x00007ff9b9806000 	C:\Windows\System32\win32u.dll
0x00007ff9bb050000 - 0x00007ff9bb079000 	C:\Windows\System32\GDI32.dll
0x00007ff9b96c0000 - 0x00007ff9b97db000 	C:\Windows\System32\gdi32full.dll
0x00007ff9b8e50000 - 0x00007ff9b8eea000 	C:\Windows\System32\msvcp_win.dll
0x00007ff9569a0000 - 0x00007ff9569be000 	C:\Users\Lenovo E14\.vscode\extensions\redhat.java-1.56.0-win32-x64\jre\21.0.12.1-win32-x86_64\bin\VCRUNTIME140.dll
0x00007ff9a7b50000 - 0x00007ff9a7dec000 	C:\Windows\WinSxS\amd64_microsoft.windows.common-controls_6595b64144ccf1df_6.0.22621.6060_none_2712eda17382d24b\COMCTL32.dll
0x00007ff9ba8e0000 - 0x00007ff9ba987000 	C:\Windows\System32\msvcrt.dll
0x00007ff9ba780000 - 0x00007ff9ba7b1000 	C:\Windows\System32\IMM32.DLL
0x00007ff9a8910000 - 0x00007ff9a891c000 	C:\Users\Lenovo E14\.vscode\extensions\redhat.java-1.56.0-win32-x64\jre\21.0.12.1-win32-x86_64\bin\vcruntime140_1.dll
0x00007ff9563f0000 - 0x00007ff95647d000 	C:\Users\Lenovo E14\.vscode\extensions\redhat.java-1.56.0-win32-x64\jre\21.0.12.1-win32-x86_64\bin\msvcp140.dll
0x00007ff90b7c0000 - 0x00007ff90c562000 	C:\Users\Lenovo E14\.vscode\extensions\redhat.java-1.56.0-win32-x64\jre\21.0.12.1-win32-x86_64\bin\server\jvm.dll
0x00007ff9baee0000 - 0x00007ff9baf91000 	C:\Windows\System32\ADVAPI32.dll
0x00007ff9bafa0000 - 0x00007ff9bb048000 	C:\Windows\System32\sechost.dll
0x00007ff9b8e20000 - 0x00007ff9b8e48000 	C:\Windows\System32\bcrypt.dll
0x00007ff9bbb90000 - 0x00007ff9bbca8000 	C:\Windows\System32\RPCRT4.dll
0x00007ff9ba4c0000 - 0x00007ff9ba531000 	C:\Windows\System32\WS2_32.dll
0x00007ff9b85a0000 - 0x00007ff9b85ed000 	C:\Windows\SYSTEM32\POWRPROF.dll
0x00007ff9b23f0000 - 0x00007ff9b2424000 	C:\Windows\SYSTEM32\WINMM.dll
0x00007ff9b2060000 - 0x00007ff9b206a000 	C:\Windows\SYSTEM32\VERSION.dll
0x00007ff9b8530000 - 0x00007ff9b8543000 	C:\Windows\SYSTEM32\UMPDC.dll
0x00007ff9b7e30000 - 0x00007ff9b7e48000 	C:\Windows\SYSTEM32\kernel.appcore.dll
0x00007ff97cd10000 - 0x00007ff97cd1a000 	C:\Users\Lenovo E14\.vscode\extensions\redhat.java-1.56.0-win32-x64\jre\21.0.12.1-win32-x86_64\bin\jimage.dll
0x00007ff9b67d0000 - 0x00007ff9b6a03000 	C:\Windows\SYSTEM32\DBGHELP.DLL
0x00007ff9b9fc0000 - 0x00007ff9ba351000 	C:\Windows\System32\combase.dll
0x00007ff9bac60000 - 0x00007ff9bad38000 	C:\Windows\System32\OLEAUT32.dll
0x00007ff9acea0000 - 0x00007ff9aced2000 	C:\Windows\SYSTEM32\dbgcore.DLL
0x00007ff9b94d0000 - 0x00007ff9b954b000 	C:\Windows\System32\bcryptPrimitives.dll
0x00007ff975da0000 - 0x00007ff975daf000 	C:\Users\Lenovo E14\.vscode\extensions\redhat.java-1.56.0-win32-x64\jre\21.0.12.1-win32-x86_64\bin\instrument.dll
0x00007ff956980000 - 0x00007ff9569a0000 	C:\Users\Lenovo E14\.vscode\extensions\redhat.java-1.56.0-win32-x64\jre\21.0.12.1-win32-x86_64\bin\java.dll
0x00007ff9bb260000 - 0x00007ff9bbafc000 	C:\Windows\System32\SHELL32.dll
0x00007ff9b8ef0000 - 0x00007ff9b902f000 	C:\Windows\System32\wintypes.dll
0x00007ff9b6cd0000 - 0x00007ff9b75ea000 	C:\Windows\SYSTEM32\windows.storage.dll
0x00007ff9ba7c0000 - 0x00007ff9ba8c4000 	C:\Windows\System32\SHCORE.dll
0x00007ff9b9a60000 - 0x00007ff9b9ac9000 	C:\Windows\System32\shlwapi.dll
0x00007ff9b8d50000 - 0x00007ff9b8d75000 	C:\Windows\SYSTEM32\profapi.dll
0x00007ff99cc60000 - 0x00007ff99cc78000 	C:\Users\Lenovo E14\.vscode\extensions\redhat.java-1.56.0-win32-x64\jre\21.0.12.1-win32-x86_64\bin\zip.dll
0x00007ff99bb40000 - 0x00007ff99bb50000 	C:\Users\Lenovo E14\.vscode\extensions\redhat.java-1.56.0-win32-x64\jre\21.0.12.1-win32-x86_64\bin\net.dll
0x00007ff9b55d0000 - 0x00007ff9b56fc000 	C:\Windows\SYSTEM32\WINHTTP.dll
0x00007ff9b82f0000 - 0x00007ff9b8359000 	C:\Windows\system32\mswsock.dll
0x00007ff99bb20000 - 0x00007ff99bb36000 	C:\Users\Lenovo E14\.vscode\extensions\redhat.java-1.56.0-win32-x64\jre\21.0.12.1-win32-x86_64\bin\nio.dll
0x00007ff956b40000 - 0x00007ff956b50000 	C:\Users\Lenovo E14\.vscode\extensions\redhat.java-1.56.0-win32-x64\jre\21.0.12.1-win32-x86_64\bin\verify.dll
0x00007ff99df10000 - 0x00007ff99df37000 	C:\Users\Lenovo E14\.gradle\native\1def1411415f61bf3af743bc5b6707747c0891f09f0c88961ee8f79bc544acac\windows-amd64\native-platform.dll
0x00007ff973490000 - 0x00007ff973508000 	C:\Users\Lenovo E14\.gradle\native\0.2.7\x86_64-windows-gnu\gradle-fileevents.dll
0x00007ff9b25b0000 - 0x00007ff9b25ba000 	C:\Users\Lenovo E14\.vscode\extensions\redhat.java-1.56.0-win32-x64\jre\21.0.12.1-win32-x86_64\bin\management.dll
0x00007ff9b10e0000 - 0x00007ff9b10ec000 	C:\Users\Lenovo E14\.vscode\extensions\redhat.java-1.56.0-win32-x64\jre\21.0.12.1-win32-x86_64\bin\management_ext.dll
0x00007ff9bb240000 - 0x00007ff9bb248000 	C:\Windows\System32\PSAPI.DLL
0x00007ff9b7890000 - 0x00007ff9b78bd000 	C:\Windows\SYSTEM32\IPHLPAPI.DLL
0x00007ff9ba8d0000 - 0x00007ff9ba8d9000 	C:\Windows\System32\NSI.dll
0x00007ff9b2590000 - 0x00007ff9b2599000 	C:\Users\Lenovo E14\.vscode\extensions\redhat.java-1.56.0-win32-x64\jre\21.0.12.1-win32-x86_64\bin\extnet.dll
0x00007ff9b86c0000 - 0x00007ff9b86db000 	C:\Windows\SYSTEM32\CRYPTSP.dll
0x00007ff9b7d20000 - 0x00007ff9b7d57000 	C:\Windows\system32\rsaenh.dll
0x00007ff9b8390000 - 0x00007ff9b83b8000 	C:\Windows\SYSTEM32\USERENV.dll
0x00007ff9b86a0000 - 0x00007ff9b86ac000 	C:\Windows\SYSTEM32\CRYPTBASE.dll
0x00007ff9b25a0000 - 0x00007ff9b25ae000 	C:\Users\Lenovo E14\.vscode\extensions\redhat.java-1.56.0-win32-x64\jre\21.0.12.1-win32-x86_64\bin\sunmscapi.dll
0x00007ff9b9550000 - 0x00007ff9b96b8000 	C:\Windows\System32\CRYPT32.dll
0x00007ff9b87e0000 - 0x00007ff9b880e000 	C:\Windows\SYSTEM32\ncrypt.dll
0x00007ff9b87a0000 - 0x00007ff9b87d7000 	C:\Windows\SYSTEM32\NTASN1.dll
0x00007ff97e570000 - 0x00007ff97e578000 	C:\Windows\system32\wshunix.dll

JVMTI agents:
C:\Users\Lenovo E14\.gradle\wrapper\dists\gradle-8.14-all\c2qonpi39x1mddn7hk5gh9iqj\gradle-8.14\lib\agents\gradle-instrumentation-agent-8.14.jar path:C:\Users\Lenovo E14\.vscode\extensions\redhat.java-1.56.0-win32-x64\jre\21.0.12.1-win32-x86_64\bin\instrument.dll, loaded, initialized, instrumentlib options:none

dbghelp: loaded successfully - version: 4.0.5 - missing functions: none
symbol engine: initialized successfully - sym options: 0x614 - pdb path: .;C:\Users\Lenovo E14\.vscode\extensions\redhat.java-1.56.0-win32-x64\jre\21.0.12.1-win32-x86_64\bin;C:\Windows\SYSTEM32;C:\Windows\WinSxS\amd64_microsoft.windows.common-controls_6595b64144ccf1df_6.0.22621.6060_none_2712eda17382d24b;C:\Users\Lenovo E14\.vscode\extensions\redhat.java-1.56.0-win32-x64\jre\21.0.12.1-win32-x86_64\bin\server;C:\Users\Lenovo E14\.gradle\native\1def1411415f61bf3af743bc5b6707747c0891f09f0c88961ee8f79bc544acac\windows-amd64;C:\Users\Lenovo E14\.gradle\native\0.2.7\x86_64-windows-gnu

VM Arguments:
jvm_args: --add-opens=java.base/java.lang=ALL-UNNAMED --add-opens=java.base/java.lang.invoke=ALL-UNNAMED --add-opens=java.base/java.util=ALL-UNNAMED --add-opens=java.prefs/java.util.prefs=ALL-UNNAMED --add-exports=jdk.compiler/com.sun.tools.javac.api=ALL-UNNAMED --add-exports=jdk.compiler/com.sun.tools.javac.util=ALL-UNNAMED --add-opens=java.base/java.util=ALL-UNNAMED --add-opens=java.prefs/java.util.prefs=ALL-UNNAMED --add-opens=java.base/java.nio.charset=ALL-UNNAMED --add-opens=java.base/java.net=ALL-UNNAMED --add-opens=java.base/java.util.concurrent.atomic=ALL-UNNAMED --add-opens=java.xml/javax.xml.namespace=ALL-UNNAMED -XX:MaxMetaspaceSize=4G -XX:ReservedCodeCacheSize=512m -XX:+HeapDumpOnOutOfMemoryError -Xmx8G -Dfile.encoding=UTF-8 -Duser.country=US -Duser.language=en -Duser.variant -javaagent:C:\Users\Lenovo E14\.gradle\wrapper\dists\gradle-8.14-all\c2qonpi39x1mddn7hk5gh9iqj\gradle-8.14\lib\agents\gradle-instrumentation-agent-8.14.jar 
java_command: org.gradle.launcher.daemon.bootstrap.GradleDaemon 8.14
java_class_path (initial): C:\Users\Lenovo E14\.gradle\wrapper\dists\gradle-8.14-all\c2qonpi39x1mddn7hk5gh9iqj\gradle-8.14\lib\gradle-daemon-main-8.14.jar
Launcher Type: SUN_STANDARD

[Global flags]
     intx CICompilerCount                          = 4                                         {product} {ergonomic}
     uint ConcGCThreads                            = 2                                         {product} {ergonomic}
     uint G1ConcRefinementThreads                  = 8                                         {product} {ergonomic}
   size_t G1HeapRegionSize                         = 4194304                                   {product} {ergonomic}
    uintx GCDrainStackTargetSize                   = 64                                        {product} {ergonomic}
     bool HeapDumpOnOutOfMemoryError               = true                                   {manageable} {command line}
   size_t InitialHeapSize                          = 264241152                                 {product} {ergonomic}
   size_t MarkStackSize                            = 4194304                                   {product} {ergonomic}
   size_t MaxHeapSize                              = 8589934592                                {product} {command line}
   size_t MaxMetaspaceSize                         = 4294967296                                {product} {command line}
   size_t MaxNewSize                               = 5150605312                                {product} {ergonomic}
   size_t MinHeapDeltaBytes                        = 4194304                                   {product} {ergonomic}
   size_t MinHeapSize                              = 8388608                                   {product} {ergonomic}
    uintx NonNMethodCodeHeapSize                   = 5839372                                {pd product} {ergonomic}
    uintx NonProfiledCodeHeapSize                  = 265515770                              {pd product} {ergonomic}
    uintx ProfiledCodeHeapSize                     = 265515770                              {pd product} {ergonomic}
    uintx ReservedCodeCacheSize                    = 536870912                              {pd product} {command line}
     bool SegmentedCodeCache                       = true                                      {product} {ergonomic}
   size_t SoftMaxHeapSize                          = 8589934592                             {manageable} {ergonomic}
     bool UseCompressedOops                        = true                           {product lp64_product} {ergonomic}
     bool UseG1GC                                  = true                                      {product} {ergonomic}
     bool UseLargePagesIndividualAllocation        = false                                  {pd product} {ergonomic}

Logging:
Log output configuration:
 #0: stdout all=warning uptime,level,tags foldmultilines=false
 #1: stderr all=off uptime,level,tags foldmultilines=false

Release file:
JAVA_VERSION="21.0.12.1" 
MODULES="java.base java.compiler java.datatransfer java.xml java.prefs java.desktop java.instrument java.logging java.management java.security.sasl java.naming java.rmi java.management.rmi java.net.http java.scripting java.security.jgss java.transaction.xa java.sql java.sql.rowset java.xml.crypto java.se java.smartcardio jdk.accessibility jdk.internal.jvmstat jdk.attach jdk.charsets jdk.internal.opt jdk.zipfs jdk.compiler jdk.crypto.ec jdk.crypto.cryptoki jdk.crypto.mscapi jdk.dynalink jdk.internal.ed jdk.editpad jdk.hotspot.agent jdk.httpserver jdk.internal.le jdk.internal.vm.ci jdk.internal.vm.compiler jdk.internal.vm.compiler.management jdk.jartool jdk.javadoc jdk.jcmd jdk.management jdk.management.agent jdk.jconsole jdk.jdeps jdk.jdwp.agent jdk.jdi jdk.jfr jdk.jshell jdk.jsobject jdk.jstatd jdk.localedata jdk.management.jfr jdk.naming.dns jdk.naming.rmi jdk.net jdk.nio.mapmode jdk.random jdk.sctp jdk.security.auth jdk.security.jgss jdk.unsupported jdk.unsupported.desktop jdk.xml.dom" 

Environment Variables:
PATH=C:\Program Files\Common Files\Oracle\Java\javapath;C:\Windows\system32;C:\Windows;C:\Windows\System32\Wbem;C:\Windows\System32\WindowsPowerShell\v1.0\;C:\Windows\System32\OpenSSH\;C:\Windows\Microsoft.NET\Framework64\v4.0.30319;C:\Program Files\MongoDB\mongosh-2.5.8-win32-x64\bin;C:\Program Files\MongoDB\mongodb-database-tools-windows-x86_64-100.13.0\bin;C:\Program Files\MongoDB\Server\8.2\bin;C:\Program Files\MongoDB\Connector for BI\2.14\bin;C:\Program Files\MongoDB\ODBC\1.4\bin;C:\Program Files\nodejs\;C:\Program Files\Git\cmd;C:\Program Files\MySQL\MySQL Shell 8.0\bin;C:\Program Files\MySQL\MySQL Server 8.0\bin;C:\Program Files\MySQL\MySQL Router 8.0\bin;C:\Program Files\dotnet\;C:\flutter\bin;C:\Android\cmdline-tools\latest\bin;C:\Android\platform-tools;C:\Android\platforms;C:\Android\emulator;C:\Program Files\MySQL\MySQL Shell 8.0\bin\;C:\Users\Lenovo E14\AppData\Local\Programs\Python\Python314\Scripts\;C:\Users\Lenovo E14\AppData\Local\Programs\Python\Python314\;C:\Users\Lenovo E14\AppData\Local\Microsoft\WindowsApps;C:\Users\Lenovo E14\AppData\Local\Programs\Microsoft VS Code\bin;C:\Users\Lenovo E14\AppData\Roaming\npm
USERNAME=Lenovo E14
OS=Windows_NT
PROCESSOR_IDENTIFIER=Intel64 Family 6 Model 140 Stepping 1, GenuineIntel
TMP=C:\Users\LENOVO~1\AppData\Local\Temp
TEMP=C:\Users\LENOVO~1\AppData\Local\Temp




Periodic native trim disabled

---------------  S Y S T E M  ---------------

OS:
 Windows 11 , 64 bit Build 22621 (10.0.22621.5415)
OS uptime: 0 days 0:24 hours
Hyper-V role detected

CPU: total 8 (initial active 8) (4 cores per cpu, 2 threads per core) family 6 model 140 stepping 1 microcode 0x86, cx8, cmov, fxsr, ht, mmx, 3dnowpref, sse, sse2, sse3, ssse3, sse4.1, sse4.2, popcnt, lzcnt, tsc, tscinvbit, avx, avx2, aes, erms, clmul, bmi1, bmi2, adx, avx512f, avx512dq, avx512cd, avx512bw, avx512vl, sha, fma, vzeroupper, avx512_vpopcntdq, avx512_vpclmulqdq, avx512_vaes, avx512_vnni, clflush, clflushopt, clwb, avx512_vbmi2, avx512_vbmi, hv, rdtscp, rdpid, fsrm, gfni, avx512_bitalg, f16c, cet_ibt, cet_ss, avx512_ifma
Processor Information for the first 8 processors :
  Max Mhz: 2419, Current Mhz: 2419, Mhz Limit: 2419

Memory: 4k page, system-wide physical 16082M (452M free)
TotalPageFile size 65234M (AvailPageFile size 0M)
current process WorkingSet (physical memory assigned to process): 67M, peak: 148M
current process commit charge ("private bytes"): 377M, peak: 382M

vm_info: OpenJDK 64-Bit Server VM (21.0.12.1+1-LTS) for windows-amd64 JRE (21.0.12.1+1-LTS), built on 2026-08-18T00:00:00Z by "admin" with MS VC++ 17.12 (VS2022)

END.
