#
# There is insufficient memory for the Java Runtime Environment to continue.
# Native memory allocation (malloc) failed to allocate 84336 bytes. Error detail: Chunk::new
# Possible reasons:
#   The system is out of physical RAM or swap space
#   This process is running with CompressedOops enabled, and the Java Heap may be blocking the growth of the native heap
# Possible solutions:
#   Reduce memory load on the system
#   Increase physical memory or swap space
#   Check if swap backing store is full
#   Decrease Java heap size (-Xmx/-Xms)
#   Decrease number of Java threads
#   Decrease Java thread stack sizes (-Xss)
#   Set larger code cache with -XX:ReservedCodeCacheSize=
#   JVM is running with Zero Based Compressed Oops mode in which the Java heap is
#     placed in the first 32GB address space. The Java Heap base address is the
#     maximum limit for the native heap growth. Please use -XX:HeapBaseMinAddress
#     to set the Java Heap base and to place the Java Heap above 32GB virtual address.
# This output file may be truncated or incomplete.
#
#  Out of Memory Error (arena.cpp:168), pid=31616, tid=31904
#
# JRE version: OpenJDK Runtime Environment Temurin-21.0.12.1+1 (21.0.12.1+1) (build 21.0.12.1+1-LTS)
# Java VM: OpenJDK 64-Bit Server VM Temurin-21.0.12.1+1 (21.0.12.1+1-LTS, mixed mode, sharing, tiered, compressed oops, compressed class ptrs, g1 gc, windows-amd64)
# No core dump will be written. Minidumps are not enabled by default on client versions of Windows
#

---------------  S U M M A R Y ------------

Command Line: --add-opens=java.base/java.lang=ALL-UNNAMED --add-opens=java.base/java.lang.invoke=ALL-UNNAMED --add-opens=java.base/java.util=ALL-UNNAMED --add-opens=java.prefs/java.util.prefs=ALL-UNNAMED --add-exports=jdk.compiler/com.sun.tools.javac.api=ALL-UNNAMED --add-exports=jdk.compiler/com.sun.tools.javac.util=ALL-UNNAMED --add-opens=java.base/java.util=ALL-UNNAMED --add-opens=java.prefs/java.util.prefs=ALL-UNNAMED --add-opens=java.base/java.nio.charset=ALL-UNNAMED --add-opens=java.base/java.net=ALL-UNNAMED --add-opens=java.base/java.util.concurrent.atomic=ALL-UNNAMED --add-opens=java.xml/javax.xml.namespace=ALL-UNNAMED -XX:MaxMetaspaceSize=4G -XX:ReservedCodeCacheSize=512m -XX:+HeapDumpOnOutOfMemoryError -Xmx8G -Dfile.encoding=UTF-8 -Duser.country=US -Duser.language=en -Duser.variant -javaagent:C:\Users\Lenovo E14\.gradle\wrapper\dists\gradle-8.14-all\c2qonpi39x1mddn7hk5gh9iqj\gradle-8.14\lib\agents\gradle-instrumentation-agent-8.14.jar org.gradle.launcher.daemon.bootstrap.GradleDaemon 8.14

Host: 11th Gen Intel(R) Core(TM) i5-1135G7 @ 2.40GHz, 8 cores, 15G,  Windows 11 , 64 bit Build 22621 (10.0.22621.5415)
Time: Tue Oct  6 08:08:56 2026 W. Central Africa Standard Time elapsed time: 196.104699 seconds (0d 0h 3m 16s)

---------------  T H R E A D  ---------------

Current thread (0x00000159ffe39c40):  JavaThread "C2 CompilerThread0" daemon [_thread_in_native, id=31904, stack(0x0000000101300000,0x0000000101400000) (1024K)]


Current CompileTask:
C2:196104 3432   !   4       sun.net.www.ParseUtil::decode (349 bytes)

Stack: [0x0000000101300000,0x0000000101400000]
Native frames: (J=compiled Java code, j=interpreted, Vv=VM code, C=native code)
V  [jvm.dll+0x6d83e9]
V  [jvm.dll+0x8b5736]
V  [jvm.dll+0x8b7cee]
V  [jvm.dll+0x8b83d3]
V  [jvm.dll+0x284596]
V  [jvm.dll+0xc685d]
V  [jvm.dll+0xc6da1]
V  [jvm.dll+0x5df651]
V  [jvm.dll+0x38b701]
V  [jvm.dll+0x38ab1a]
V  [jvm.dll+0x24c700]
V  [jvm.dll+0x24bce0]
V  [jvm.dll+0x1cb4ae]
V  [jvm.dll+0x25baad]
V  [jvm.dll+0x25a03a]
V  [jvm.dll+0x3f8aae]
V  [jvm.dll+0x8600cd]
V  [jvm.dll+0x6d6c1d]
C  [ucrtbase.dll+0x29333]
C  [KERNEL32.DLL+0x1259d]
C  [ntdll.dll+0x5af78]


---------------  P R O C E S S  ---------------

Threads class SMR info:
_java_thread_list=0x00000159ac6cd5b0, length=25, elements={
0x00000159fc410af0, 0x00000159ffe2fc10, 0x00000159ffe30ae0, 0x00000159ffe36f90,
0x00000159ffe379f0, 0x00000159ffe38450, 0x00000159ffe38eb0, 0x00000159ffe39c40,
0x00000159ffe3c610, 0x00000159ac8c0a90, 0x00000159ac8a4f60, 0x00000159f3472fb0,
0x00000159f361b430, 0x00000159ac7d3d40, 0x00000159aca8e0a0, 0x00000159f39a0020,
0x00000159ac6cbb70, 0x00000159f3dcd7d0, 0x00000159ac80e4f0, 0x00000159f2b14f50,
0x00000159f2b17020, 0x00000159f2b15c70, 0x00000159f2b176b0, 0x00000159f2b14230,
0x00000159f2b148c0
}

Java Threads: ( => current thread )
  0x00000159fc410af0 JavaThread "main"                              [_thread_blocked, id=42304, stack(0x0000000100500000,0x0000000100600000) (1024K)]
  0x00000159ffe2fc10 JavaThread "Reference Handler"          daemon [_thread_blocked, id=21076, stack(0x0000000100d00000,0x0000000100e00000) (1024K)]
  0x00000159ffe30ae0 JavaThread "Finalizer"                  daemon [_thread_blocked, id=40112, stack(0x0000000100e00000,0x0000000100f00000) (1024K)]
  0x00000159ffe36f90 JavaThread "Signal Dispatcher"          daemon [_thread_blocked, id=32008, stack(0x0000000100f00000,0x0000000101000000) (1024K)]
  0x00000159ffe379f0 JavaThread "Attach Listener"            daemon [_thread_blocked, id=28520, stack(0x0000000101000000,0x0000000101100000) (1024K)]
  0x00000159ffe38450 JavaThread "Service Thread"             daemon [_thread_blocked, id=29592, stack(0x0000000101100000,0x0000000101200000) (1024K)]
  0x00000159ffe38eb0 JavaThread "Monitor Deflation Thread"   daemon [_thread_blocked, id=1100, stack(0x0000000101200000,0x0000000101300000) (1024K)]
=>0x00000159ffe39c40 JavaThread "C2 CompilerThread0"         daemon [_thread_in_native, id=31904, stack(0x0000000101300000,0x0000000101400000) (1024K)]
  0x00000159ffe3c610 JavaThread "C1 CompilerThread0"         daemon [_thread_blocked, id=36036, stack(0x0000000101400000,0x0000000101500000) (1024K)]
  0x00000159ac8c0a90 JavaThread "Common-Cleaner"             daemon [_thread_blocked, id=4148, stack(0x0000000101500000,0x0000000101600000) (1024K)]
  0x00000159ac8a4f60 JavaThread "Notification Thread"        daemon [_thread_blocked, id=26424, stack(0x0000000101600000,0x0000000101700000) (1024K)]
  0x00000159f3472fb0 JavaThread "Daemon health stats"               [_thread_blocked, id=3980, stack(0x0000000101c00000,0x0000000101d00000) (1024K)]
  0x00000159f361b430 JavaThread "Incoming local TCP Connector on port 59518"        [_thread_in_native, id=37864, stack(0x0000000101d00000,0x0000000101e00000) (1024K)]
  0x00000159ac7d3d40 JavaThread "Daemon periodic checks"            [_thread_blocked, id=5884, stack(0x0000000101e00000,0x0000000101f00000) (1024K)]
  0x00000159aca8e0a0 JavaThread "Daemon"                            [_thread_blocked, id=47832, stack(0x0000000101f00000,0x0000000102000000) (1024K)]
  0x00000159f39a0020 JavaThread "Handler for socket connection from /127.0.0.1:59518 to /127.0.0.1:57883"        [_thread_in_native, id=45436, stack(0x0000000102000000,0x0000000102100000) (1024K)]
  0x00000159ac6cbb70 JavaThread "Cancel handler"                    [_thread_blocked, id=48024, stack(0x0000000102100000,0x0000000102200000) (1024K)]
  0x00000159f3dcd7d0 JavaThread "Daemon worker"                     [_thread_in_native, id=47868, stack(0x0000000102200000,0x0000000102300000) (1024K)]
  0x00000159ac80e4f0 JavaThread "Asynchronous log dispatcher for DefaultDaemonConnection: socket connection from /127.0.0.1:59518 to /127.0.0.1:57883"        [_thread_blocked, id=47740, stack(0x0000000102300000,0x0000000102400000) (1024K)]
  0x00000159f2b14f50 JavaThread "Stdin handler"                     [_thread_blocked, id=46400, stack(0x0000000102400000,0x0000000102500000) (1024K)]
  0x00000159f2b17020 JavaThread "Daemon client event forwarder"        [_thread_blocked, id=45124, stack(0x0000000102500000,0x0000000102600000) (1024K)]
  0x00000159f2b15c70 JavaThread "Cache worker for journal cache (C:\Users\Lenovo E14\.gradle\caches\journal-1)"        [_thread_blocked, id=47224, stack(0x0000000102800000,0x0000000102900000) (1024K)]
  0x00000159f2b176b0 JavaThread "File lock request listener"        [_thread_in_native, id=38864, stack(0x0000000102900000,0x0000000102a00000) (1024K)]
  0x00000159f2b14230 JavaThread "Cache worker for file hash cache (C:\Users\Lenovo E14\.gradle\caches\8.14\fileHashes)"        [_thread_blocked, id=33024, stack(0x0000000102b00000,0x0000000102c00000) (1024K)]
  0x00000159f2b148c0 JavaThread "File lock release action executor"        [_thread_new, id=41000, stack(0x0000000000000000,0x0000000000000000) (0B)]
Total: 25

Other Threads:
  0x00000159ffe16870 VMThread "VM Thread"                           [id=36336, stack(0x0000000100c00000,0x0000000100d00000) (1024K)]
  0x00000159ffe02810 WatcherThread "VM Periodic Task Thread"        [id=22924, stack(0x0000000100b00000,0x0000000100c00000) (1024K)]
  0x00000159fc4b7610 WorkerThread "GC Thread#0"                     [id=42268, stack(0x0000000100600000,0x0000000100700000) (1024K)]
  0x00000159ac944b10 WorkerThread "GC Thread#1"                     [id=37984, stack(0x0000000101700000,0x0000000101800000) (1024K)]
  0x00000159aca20420 WorkerThread "GC Thread#2"                     [id=43892, stack(0x0000000101800000,0x0000000101900000) (1024K)]
  0x00000159aca207d0 WorkerThread "GC Thread#3"                     [id=40628, stack(0x0000000101900000,0x0000000101a00000) (1024K)]
  0x00000159aca20f90 WorkerThread "GC Thread#4"                     [id=32560, stack(0x0000000101a00000,0x0000000101b00000) (1024K)]
  0x00000159aca21340 WorkerThread "GC Thread#5"                     [id=42096, stack(0x0000000101b00000,0x0000000101c00000) (1024K)]
  0x00000159aca4e6f0 WorkerThread "GC Thread#6"                     [id=10772, stack(0x0000000102600000,0x0000000102700000) (1024K)]
  0x00000159aca4eaa0 WorkerThread "GC Thread#7"                     [id=6960, stack(0x0000000102700000,0x0000000102800000) (1024K)]
  0x00000159fc4c8600 ConcurrentGCThread "G1 Main Marker"            [id=26588, stack(0x0000000100700000,0x0000000100800000) (1024K)]
  0x00000159fc4ca520 WorkerThread "G1 Conc#0"                       [id=16808, stack(0x0000000100800000,0x0000000100900000) (1024K)]
  0x00000159ffcd39a0 ConcurrentGCThread "G1 Refine#0"               [id=36736, stack(0x0000000100900000,0x0000000100a00000) (1024K)]
  0x00000159ffcd4520 ConcurrentGCThread "G1 Service"                [id=32676, stack(0x0000000100a00000,0x0000000100b00000) (1024K)]
Total: 14

Threads with active compile tasks:
C2 CompilerThread0  196132 3432   !   4       sun.net.www.ParseUtil::decode (349 bytes)
Total: 1

VM state: not at safepoint (normal execution)

VM Mutex/Monitor currently owned by a thread: None

Heap address: 0x0000000600000000, size: 8192 MB, Compressed Oops mode: Zero based, Oop shift amount: 3

CDS archive(s) mapped at: [0x00000159ad000000-0x00000159adba0000-0x00000159adba0000), size 12189696, SharedBaseAddress: 0x00000159ad000000, ArchiveRelocationMode: 1.
Compressed class space mapped at: 0x00000159ae000000-0x00000159ee000000, reserved size: 1073741824
Narrow klass base: 0x00000159ad000000, Narrow klass shift: 0, Narrow klass range: 0x100000000

GC Precious Log:
 CardTable entry size: 512
 Card Set container configuration: InlinePtr #cards 4 size 8 Array Of Cards #cards 32 size 80 Howl #buckets 8 coarsen threshold 7372 Howl Bitmap #cards 1024 size 144 coarsen threshold 921 Card regions per heap region 1 cards per card region 8192
 CPUs: 8 total, 8 available
 Memory: 16082M
 Large Page Support: Disabled
 NUMA Support: Disabled
 Compressed Oops: Enabled (Zero based)
 Heap Region Size: 4M
 Heap Min Capacity: 8M
 Heap Initial Capacity: 252M
 Heap Max Capacity: 8G
 Pre-touch: Disabled
 Parallel Workers: 8
 Concurrent Workers: 2
 Concurrent Refinement Workers: 8
 Periodic GC: Disabled

Heap:
 garbage-first heap   total 258048K, used 41626K [0x0000000600000000, 0x0000000800000000)
  region size 4096K, 10 young (40960K), 4 survivors (16384K)
 Metaspace       used 17804K, committed 18368K, reserved 1114112K
  class space    used 2501K, committed 2752K, reserved 1048576K

Heap Regions: E=young(eden), S=young(survivor), O=old, HS=humongous(starts), HC=humongous(continues), CS=collection set, F=free, TAMS=top-at-mark-start, PB=parsable bottom
|   0|0x0000000600000000, 0x0000000600400000, 0x0000000600400000|100%|HS|  |TAMS 0x0000000600000000| PB 0x0000000600000000| Complete 
|   1|0x0000000600400000, 0x00000006004a6838, 0x0000000600800000| 16%| O|  |TAMS 0x0000000600400000| PB 0x0000000600400000| Untracked 
|   2|0x0000000600800000, 0x0000000600800000, 0x0000000600c00000|  0%| F|  |TAMS 0x0000000600800000| PB 0x0000000600800000| Untracked 
|   3|0x0000000600c00000, 0x0000000600c00000, 0x0000000601000000|  0%| F|  |TAMS 0x0000000600c00000| PB 0x0000000600c00000| Untracked 
|   4|0x0000000601000000, 0x0000000601000000, 0x0000000601400000|  0%| F|  |TAMS 0x0000000601000000| PB 0x0000000601000000| Untracked 
|   5|0x0000000601400000, 0x0000000601400000, 0x0000000601800000|  0%| F|  |TAMS 0x0000000601400000| PB 0x0000000601400000| Untracked 
|   6|0x0000000601800000, 0x0000000601800000, 0x0000000601c00000|  0%| F|  |TAMS 0x0000000601800000| PB 0x0000000601800000| Untracked 
|   7|0x0000000601c00000, 0x0000000601c00000, 0x0000000602000000|  0%| F|  |TAMS 0x0000000601c00000| PB 0x0000000601c00000| Untracked 
|   8|0x0000000602000000, 0x0000000602000000, 0x0000000602400000|  0%| F|  |TAMS 0x0000000602000000| PB 0x0000000602000000| Untracked 
|   9|0x0000000602400000, 0x0000000602400000, 0x0000000602800000|  0%| F|  |TAMS 0x0000000602400000| PB 0x0000000602400000| Untracked 
|  10|0x0000000602800000, 0x0000000602800000, 0x0000000602c00000|  0%| F|  |TAMS 0x0000000602800000| PB 0x0000000602800000| Untracked 
|  11|0x0000000602c00000, 0x0000000602c00000, 0x0000000603000000|  0%| F|  |TAMS 0x0000000602c00000| PB 0x0000000602c00000| Untracked 
|  12|0x0000000603000000, 0x0000000603000000, 0x0000000603400000|  0%| F|  |TAMS 0x0000000603000000| PB 0x0000000603000000| Untracked 
|  13|0x0000000603400000, 0x0000000603400000, 0x0000000603800000|  0%| F|  |TAMS 0x0000000603400000| PB 0x0000000603400000| Untracked 
|  14|0x0000000603800000, 0x0000000603800000, 0x0000000603c00000|  0%| F|  |TAMS 0x0000000603800000| PB 0x0000000603800000| Untracked 
|  15|0x0000000603c00000, 0x0000000603c00000, 0x0000000604000000|  0%| F|  |TAMS 0x0000000603c00000| PB 0x0000000603c00000| Untracked 
|  16|0x0000000604000000, 0x0000000604000000, 0x0000000604400000|  0%| F|  |TAMS 0x0000000604000000| PB 0x0000000604000000| Untracked 
|  17|0x0000000604400000, 0x0000000604400000, 0x0000000604800000|  0%| F|  |TAMS 0x0000000604400000| PB 0x0000000604400000| Untracked 
|  18|0x0000000604800000, 0x0000000604800000, 0x0000000604c00000|  0%| F|  |TAMS 0x0000000604800000| PB 0x0000000604800000| Untracked 
|  19|0x0000000604c00000, 0x0000000604c00000, 0x0000000605000000|  0%| F|  |TAMS 0x0000000604c00000| PB 0x0000000604c00000| Untracked 
|  20|0x0000000605000000, 0x0000000605000000, 0x0000000605400000|  0%| F|  |TAMS 0x0000000605000000| PB 0x0000000605000000| Untracked 
|  21|0x0000000605400000, 0x0000000605400000, 0x0000000605800000|  0%| F|  |TAMS 0x0000000605400000| PB 0x0000000605400000| Untracked 
|  22|0x0000000605800000, 0x0000000605800000, 0x0000000605c00000|  0%| F|  |TAMS 0x0000000605800000| PB 0x0000000605800000| Untracked 
|  23|0x0000000605c00000, 0x0000000605c00000, 0x0000000606000000|  0%| F|  |TAMS 0x0000000605c00000| PB 0x0000000605c00000| Untracked 
|  24|0x0000000606000000, 0x0000000606000000, 0x0000000606400000|  0%| F|  |TAMS 0x0000000606000000| PB 0x0000000606000000| Untracked 
|  25|0x0000000606400000, 0x0000000606400000, 0x0000000606800000|  0%| F|  |TAMS 0x0000000606400000| PB 0x0000000606400000| Untracked 
|  26|0x0000000606800000, 0x0000000606800000, 0x0000000606c00000|  0%| F|  |TAMS 0x0000000606800000| PB 0x0000000606800000| Untracked 
|  27|0x0000000606c00000, 0x0000000606c00000, 0x0000000607000000|  0%| F|  |TAMS 0x0000000606c00000| PB 0x0000000606c00000| Untracked 
|  28|0x0000000607000000, 0x0000000607000000, 0x0000000607400000|  0%| F|  |TAMS 0x0000000607000000| PB 0x0000000607000000| Untracked 
|  29|0x0000000607400000, 0x0000000607400000, 0x0000000607800000|  0%| F|  |TAMS 0x0000000607400000| PB 0x0000000607400000| Untracked 
|  30|0x0000000607800000, 0x0000000607c00000, 0x0000000607c00000|100%| S|CS|TAMS 0x0000000607800000| PB 0x0000000607800000| Complete 
|  31|0x0000000607c00000, 0x0000000608000000, 0x0000000608000000|100%| S|CS|TAMS 0x0000000607c00000| PB 0x0000000607c00000| Complete 
|  32|0x0000000608000000, 0x0000000608400000, 0x0000000608400000|100%| S|CS|TAMS 0x0000000608000000| PB 0x0000000608000000| Complete 
|  33|0x0000000608400000, 0x0000000608800000, 0x0000000608800000|100%| S|CS|TAMS 0x0000000608400000| PB 0x0000000608400000| Complete 
|  34|0x0000000608800000, 0x0000000608800000, 0x0000000608c00000|  0%| F|  |TAMS 0x0000000608800000| PB 0x0000000608800000| Untracked 
|  35|0x0000000608c00000, 0x0000000608c00000, 0x0000000609000000|  0%| F|  |TAMS 0x0000000608c00000| PB 0x0000000608c00000| Untracked 
|  36|0x0000000609000000, 0x0000000609000000, 0x0000000609400000|  0%| F|  |TAMS 0x0000000609000000| PB 0x0000000609000000| Untracked 
|  37|0x0000000609400000, 0x0000000609400000, 0x0000000609800000|  0%| F|  |TAMS 0x0000000609400000| PB 0x0000000609400000| Untracked 
|  38|0x0000000609800000, 0x0000000609800000, 0x0000000609c00000|  0%| F|  |TAMS 0x0000000609800000| PB 0x0000000609800000| Untracked 
|  39|0x0000000609c00000, 0x0000000609c00000, 0x000000060a000000|  0%| F|  |TAMS 0x0000000609c00000| PB 0x0000000609c00000| Untracked 
|  40|0x000000060a000000, 0x000000060a000000, 0x000000060a400000|  0%| F|  |TAMS 0x000000060a000000| PB 0x000000060a000000| Untracked 
|  41|0x000000060a400000, 0x000000060a400000, 0x000000060a800000|  0%| F|  |TAMS 0x000000060a400000| PB 0x000000060a400000| Untracked 
|  42|0x000000060a800000, 0x000000060a800000, 0x000000060ac00000|  0%| F|  |TAMS 0x000000060a800000| PB 0x000000060a800000| Untracked 
|  43|0x000000060ac00000, 0x000000060ac00000, 0x000000060b000000|  0%| F|  |TAMS 0x000000060ac00000| PB 0x000000060ac00000| Untracked 
|  44|0x000000060b000000, 0x000000060b000000, 0x000000060b400000|  0%| F|  |TAMS 0x000000060b000000| PB 0x000000060b000000| Untracked 
|  45|0x000000060b400000, 0x000000060b400000, 0x000000060b800000|  0%| F|  |TAMS 0x000000060b400000| PB 0x000000060b400000| Untracked 
|  46|0x000000060b800000, 0x000000060b800000, 0x000000060bc00000|  0%| F|  |TAMS 0x000000060b800000| PB 0x000000060b800000| Untracked 
|  47|0x000000060bc00000, 0x000000060bc00000, 0x000000060c000000|  0%| F|  |TAMS 0x000000060bc00000| PB 0x000000060bc00000| Untracked 
|  48|0x000000060c000000, 0x000000060c000000, 0x000000060c400000|  0%| F|  |TAMS 0x000000060c000000| PB 0x000000060c000000| Untracked 
|  49|0x000000060c400000, 0x000000060c400000, 0x000000060c800000|  0%| F|  |TAMS 0x000000060c400000| PB 0x000000060c400000| Untracked 
|  50|0x000000060c800000, 0x000000060c800000, 0x000000060cc00000|  0%| F|  |TAMS 0x000000060c800000| PB 0x000000060c800000| Untracked 
|  51|0x000000060cc00000, 0x000000060cc00000, 0x000000060d000000|  0%| F|  |TAMS 0x000000060cc00000| PB 0x000000060cc00000| Untracked 
|  52|0x000000060d000000, 0x000000060d000000, 0x000000060d400000|  0%| F|  |TAMS 0x000000060d000000| PB 0x000000060d000000| Untracked 
|  53|0x000000060d400000, 0x000000060d400000, 0x000000060d800000|  0%| F|  |TAMS 0x000000060d400000| PB 0x000000060d400000| Untracked 
|  54|0x000000060d800000, 0x000000060d800000, 0x000000060dc00000|  0%| F|  |TAMS 0x000000060d800000| PB 0x000000060d800000| Untracked 
|  55|0x000000060dc00000, 0x000000060dc00000, 0x000000060e000000|  0%| F|  |TAMS 0x000000060dc00000| PB 0x000000060dc00000| Untracked 
|  56|0x000000060e000000, 0x000000060e000000, 0x000000060e400000|  0%| F|  |TAMS 0x000000060e000000| PB 0x000000060e000000| Untracked 
|  57|0x000000060e400000, 0x000000060e69df20, 0x000000060e800000| 65%| E|  |TAMS 0x000000060e400000| PB 0x000000060e400000| Complete 
|  58|0x000000060e800000, 0x000000060ec00000, 0x000000060ec00000|100%| E|CS|TAMS 0x000000060e800000| PB 0x000000060e800000| Complete 
|  59|0x000000060ec00000, 0x000000060f000000, 0x000000060f000000|100%| E|CS|TAMS 0x000000060ec00000| PB 0x000000060ec00000| Complete 
|  60|0x000000060f000000, 0x000000060f400000, 0x000000060f400000|100%| E|CS|TAMS 0x000000060f000000| PB 0x000000060f000000| Complete 
|  61|0x000000060f400000, 0x000000060f800000, 0x000000060f800000|100%| E|CS|TAMS 0x000000060f400000| PB 0x000000060f400000| Complete 
|  62|0x000000060f800000, 0x000000060fc00000, 0x000000060fc00000|100%| E|CS|TAMS 0x000000060f800000| PB 0x000000060f800000| Complete 

Card table byte_map: [0x00000159a1000000,0x00000159a2000000] _byte_map_base: 0x000001599e000000

Marking Bits: (CMBitMap*) 0x00000159fc4b7d20
 Bits: [0x00000159a2000000, 0x00000159aa000000)

Polling page: 0x00000159fa3d0000

Metaspace:

Usage:
  Non-class:     14.94 MB used.
      Class:      2.44 MB used.
       Both:     17.39 MB used.

Virtual space:
  Non-class space:       64.00 MB reserved,      15.25 MB ( 24%) committed,  1 nodes.
      Class space:        1.00 GB reserved,       2.69 MB ( <1%) committed,  1 nodes.
             Both:        1.06 GB reserved,      17.94 MB (  2%) committed. 

Chunk freelists:
   Non-Class:  48.00 KB
       Class:  13.36 MB
        Both:  13.41 MB

MaxMetaspaceSize: 4.00 GB
CompressedClassSpaceSize: 1.00 GB
Initial GC threshold: 21.00 MB
Current GC threshold: 21.00 MB
CDS: on
 - commit_granule_bytes: 65536.
 - commit_granule_words: 8192.
 - virtual_space_node_default_size: 8388608.
 - enlarge_chunks_in_place: 1.
 - use_allocation_guard: 0.


Internal statistics:

num_allocs_failed_limit: 0.
num_arena_births: 700.
num_arena_deaths: 0.
num_vsnodes_births: 2.
num_vsnodes_deaths: 0.
num_space_committed: 287.
num_space_uncommitted: 0.
num_chunks_returned_to_freelist: 0.
num_chunks_taken_from_freelist: 1364.
num_chunk_merges: 0.
num_chunk_splits: 878.
num_chunks_enlarged: 593.
num_inconsistent_stats: 0.

CodeHeap 'non-profiled nmethods': size=259264Kb used=1875Kb max_used=1875Kb free=257389Kb
 bounds [0x00000159902d0000, 0x0000015990540000, 0x00000159a0000000]
CodeHeap 'profiled nmethods': size=259264Kb used=6628Kb max_used=6628Kb free=252635Kb
 bounds [0x0000015980000000, 0x0000015980680000, 0x000001598fd30000]
CodeHeap 'non-nmethods': size=5760Kb used=1558Kb max_used=1581Kb free=4202Kb
 bounds [0x000001598fd30000, 0x000001598ffa0000, 0x00000159902d0000]
CodeCache: size=524288Kb, used=10061Kb, max_used=10084Kb, free=514226Kb
 total_blobs=4009, nmethods=3432, adapters=481, full_count=0
Compilation: enabled, stopped_count=0, restarted_count=0

Compilation events (20 events):
Event: 195.864 Thread 0x00000159ffe3c610 3422       3       org.gradle.initialization.MixInLegacyTypesClassLoader::shouldTransform (42 bytes)
Event: 195.865 Thread 0x00000159ffe39c40 nmethod 3423 0x00000159904a4310 code [0x00000159904a44a0, 0x00000159904a4768]
Event: 195.865 Thread 0x00000159ffe3c610 nmethod 3422 0x0000015980674b90 code [0x0000015980674d60, 0x0000015980675188]
Event: 195.937 Thread 0x00000159ffe3c610 3424       3       org.gradle.internal.service.DefaultServiceRegistry$SingletonService::<init> (58 bytes)
Event: 195.938 Thread 0x00000159ffe3c610 nmethod 3424 0x0000015980675310 code [0x0000015980675580, 0x0000015980676130]
Event: 196.037 Thread 0x00000159ffe39c40 3425       4       java.security.CodeSource::getCertificates (95 bytes)
Event: 196.038 Thread 0x00000159ffe39c40 nmethod 3425 0x00000159904a4910 code [0x00000159904a4aa0, 0x00000159904a4b70]
Event: 196.051 Thread 0x00000159ffe3c610 3426       3       java.util.stream.ReduceOps$3::<init> (28 bytes)
Event: 196.051 Thread 0x00000159ffe3c610 nmethod 3426 0x0000015980676490 code [0x0000015980676640, 0x00000159806769f8]
Event: 196.051 Thread 0x00000159ffe3c610 3427       3       java.util.stream.ReduceOps$3::getOpFlags (28 bytes)
Event: 196.051 Thread 0x00000159ffe3c610 nmethod 3427 0x0000015980676b10 code [0x0000015980676ce0, 0x0000015980676fa8]
Event: 196.051 Thread 0x00000159ffe3c610 3428       3       java.util.stream.ReduceOps$3::makeSink (5 bytes)
Event: 196.051 Thread 0x00000159ffe3c610 nmethod 3428 0x0000015980677110 code [0x00000159806772c0, 0x0000015980677418]
Event: 196.051 Thread 0x00000159ffe3c610 3429       3       java.util.stream.ReduceOps$3::makeSink (20 bytes)
Event: 196.052 Thread 0x00000159ffe3c610 nmethod 3429 0x0000015980677510 code [0x00000159806776e0, 0x0000015980677aa8]
Event: 196.052 Thread 0x00000159ffe3c610 3430       3       java.util.stream.ReduceOps$3ReducingSink::<init> (20 bytes)
Event: 196.052 Thread 0x00000159ffe3c610 nmethod 3430 0x0000015980677c10 code [0x0000015980677dc0, 0x00000159806780b0]
Event: 196.052 Thread 0x00000159ffe3c610 3431       3       java.util.stream.ReduceOps$3ReducingSink::begin (14 bytes)
Event: 196.052 Thread 0x00000159ffe3c610 nmethod 3431 0x0000015980678190 code [0x0000015980678340, 0x0000015980678580]
Event: 196.058 Thread 0x00000159ffe39c40 3432   !   4       sun.net.www.ParseUtil::decode (349 bytes)

GC Heap History (6 events):
Event: 1.701 GC heap before
{Heap before GC invocations=0 (full 0):
 garbage-first heap   total 258048K, used 20480K [0x0000000600000000, 0x0000000800000000)
  region size 4096K, 5 young (20480K), 0 survivors (0K)
 Metaspace       used 872K, committed 1024K, reserved 1114112K
  class space    used 72K, committed 128K, reserved 1048576K
}
Event: 2.352 GC heap after
{Heap after GC invocations=1 (full 0):
 garbage-first heap   total 258048K, used 1535K [0x0000000600000000, 0x0000000800000000)
  region size 4096K, 1 young (4096K), 1 survivors (4096K)
 Metaspace       used 872K, committed 1024K, reserved 1114112K
  class space    used 72K, committed 128K, reserved 1048576K
}
Event: 5.490 GC heap before
{Heap before GC invocations=1 (full 0):
 garbage-first heap   total 258048K, used 42495K [0x0000000600000000, 0x0000000800000000)
  region size 4096K, 11 young (45056K), 1 survivors (4096K)
 Metaspace       used 4404K, committed 4544K, reserved 1114112K
  class space    used 560K, committed 640K, reserved 1048576K
}
Event: 5.498 GC heap after
{Heap after GC invocations=2 (full 0):
 garbage-first heap   total 258048K, used 11854K [0x0000000600000000, 0x0000000800000000)
  region size 4096K, 2 young (8192K), 2 survivors (8192K)
 Metaspace       used 4404K, committed 4544K, reserved 1114112K
  class space    used 560K, committed 640K, reserved 1048576K
}
Event: 192.898 GC heap before
{Heap before GC invocations=2 (full 0):
 garbage-first heap   total 258048K, used 122446K [0x0000000600000000, 0x0000000800000000)
  region size 4096K, 29 young (118784K), 2 survivors (8192K)
 Metaspace       used 14691K, committed 15168K, reserved 1114112K
  class space    used 2013K, committed 2240K, reserved 1048576K
}
Event: 192.965 GC heap after
{Heap after GC invocations=3 (full 0):
 garbage-first heap   total 258048K, used 21146K [0x0000000600000000, 0x0000000800000000)
  region size 4096K, 4 young (16384K), 4 survivors (16384K)
 Metaspace       used 14691K, committed 15168K, reserved 1114112K
  class space    used 2013K, committed 2240K, reserved 1048576K
}

Dll operation events (20 events):
Event: 0.333 Attempting to load shared library C:\Users\Lenovo E14\.vscode\extensions\redhat.java-1.56.0-win32-x64\jre\21.0.12.1-win32-x86_64\bin\nio.dll
Event: 0.334 Loaded shared library C:\Users\Lenovo E14\.vscode\extensions\redhat.java-1.56.0-win32-x64\jre\21.0.12.1-win32-x86_64\bin\nio.dll
Event: 0.342 Attempting to load shared library C:\Users\Lenovo E14\.vscode\extensions\redhat.java-1.56.0-win32-x64\jre\21.0.12.1-win32-x86_64\bin\zip.dll
Event: 0.342 Loaded shared library C:\Users\Lenovo E14\.vscode\extensions\redhat.java-1.56.0-win32-x64\jre\21.0.12.1-win32-x86_64\bin\zip.dll
Event: 2.417 Attempting to load shared library C:\Users\Lenovo E14\.vscode\extensions\redhat.java-1.56.0-win32-x64\jre\21.0.12.1-win32-x86_64\bin\jimage.dll
Event: 2.417 Loaded shared library C:\Users\Lenovo E14\.vscode\extensions\redhat.java-1.56.0-win32-x64\jre\21.0.12.1-win32-x86_64\bin\jimage.dll
Event: 3.335 Attempting to load shared library C:\Users\Lenovo E14\.vscode\extensions\redhat.java-1.56.0-win32-x64\jre\21.0.12.1-win32-x86_64\bin\verify.dll
Event: 3.336 Loaded shared library C:\Users\Lenovo E14\.vscode\extensions\redhat.java-1.56.0-win32-x64\jre\21.0.12.1-win32-x86_64\bin\verify.dll
Event: 3.578 Attempting to load shared library C:\Users\Lenovo E14\.gradle\native\1def1411415f61bf3af743bc5b6707747c0891f09f0c88961ee8f79bc544acac\windows-amd64\native-platform.dll
Event: 3.579 Loaded shared library C:\Users\Lenovo E14\.gradle\native\1def1411415f61bf3af743bc5b6707747c0891f09f0c88961ee8f79bc544acac\windows-amd64\native-platform.dll
Event: 3.605 Attempting to load shared library C:\Users\Lenovo E14\.gradle\native\0.2.7\x86_64-windows-gnu\gradle-fileevents.dll
Event: 3.606 Loaded shared library C:\Users\Lenovo E14\.gradle\native\0.2.7\x86_64-windows-gnu\gradle-fileevents.dll
Event: 8.913 Attempting to load shared library C:\Users\Lenovo E14\.vscode\extensions\redhat.java-1.56.0-win32-x64\jre\21.0.12.1-win32-x86_64\bin\management.dll
Event: 8.914 Loaded shared library C:\Users\Lenovo E14\.vscode\extensions\redhat.java-1.56.0-win32-x64\jre\21.0.12.1-win32-x86_64\bin\management.dll
Event: 8.924 Attempting to load shared library C:\Users\Lenovo E14\.vscode\extensions\redhat.java-1.56.0-win32-x64\jre\21.0.12.1-win32-x86_64\bin\management_ext.dll
Event: 8.927 Loaded shared library C:\Users\Lenovo E14\.vscode\extensions\redhat.java-1.56.0-win32-x64\jre\21.0.12.1-win32-x86_64\bin\management_ext.dll
Event: 9.687 Attempting to load shared library C:\Users\Lenovo E14\.vscode\extensions\redhat.java-1.56.0-win32-x64\jre\21.0.12.1-win32-x86_64\bin\extnet.dll
Event: 9.687 Loaded shared library C:\Users\Lenovo E14\.vscode\extensions\redhat.java-1.56.0-win32-x64\jre\21.0.12.1-win32-x86_64\bin\extnet.dll
Event: 167.282 Attempting to load shared library C:\Users\Lenovo E14\.vscode\extensions\redhat.java-1.56.0-win32-x64\jre\21.0.12.1-win32-x86_64\bin\sunmscapi.dll
Event: 167.288 Loaded shared library C:\Users\Lenovo E14\.vscode\extensions\redhat.java-1.56.0-win32-x64\jre\21.0.12.1-win32-x86_64\bin\sunmscapi.dll

Deoptimization events (20 events):
Event: 192.160 Thread 0x00000159f3dcd7d0 DEOPT PACKING pc=0x0000015990367a54 sp=0x00000001022fb420
Event: 192.160 Thread 0x00000159f3dcd7d0 DEOPT UNPACKING pc=0x000001598fd87ba2 sp=0x00000001022fb388 mode 2
Event: 193.730 Thread 0x00000159f3dcd7d0 DEOPT PACKING pc=0x00000159800e0559 sp=0x00000001022fa7a0
Event: 193.730 Thread 0x00000159f3dcd7d0 DEOPT UNPACKING pc=0x000001598fd886e2 sp=0x00000001022f9c38 mode 0
Event: 194.358 Thread 0x00000159f3dcd7d0 Uncommon trap: trap_request=0xffffff45 fr.pc=0x00000159902f7f1c relative=0x0000000000000e1c
Event: 194.358 Thread 0x00000159f3dcd7d0 Uncommon trap: reason=unstable_if action=reinterpret pc=0x00000159902f7f1c method=java.io.WinNTFileSystem.resolve(Ljava/lang/String;Ljava/lang/String;)Ljava/lang/String; @ 19 c2
Event: 194.358 Thread 0x00000159f3dcd7d0 DEOPT PACKING pc=0x00000159902f7f1c sp=0x00000001022faff0
Event: 194.358 Thread 0x00000159f3dcd7d0 DEOPT UNPACKING pc=0x000001598fd87ba2 sp=0x00000001022faf88 mode 2
Event: 194.361 Thread 0x00000159f3dcd7d0 Uncommon trap: trap_request=0xffffff45 fr.pc=0x0000015990361ff0 relative=0x0000000000000690
Event: 194.361 Thread 0x00000159f3dcd7d0 Uncommon trap: reason=unstable_if action=reinterpret pc=0x0000015990361ff0 method=java.io.File.getName()Ljava/lang/String; @ 16 c2
Event: 194.361 Thread 0x00000159f3dcd7d0 DEOPT PACKING pc=0x0000015990361ff0 sp=0x00000001022fafb0
Event: 194.361 Thread 0x00000159f3dcd7d0 DEOPT UNPACKING pc=0x000001598fd87ba2 sp=0x00000001022faf80 mode 2
Event: 194.821 Thread 0x00000159f3dcd7d0 Uncommon trap: trap_request=0xffffff45 fr.pc=0x00000159902ff014 relative=0x00000000000000f4
Event: 194.821 Thread 0x00000159f3dcd7d0 Uncommon trap: reason=unstable_if action=reinterpret pc=0x00000159902ff014 method=java.util.HashMap.hash(Ljava/lang/Object;)I @ 1 c2
Event: 194.821 Thread 0x00000159f3dcd7d0 DEOPT PACKING pc=0x00000159902ff014 sp=0x00000001022fc050
Event: 194.821 Thread 0x00000159f3dcd7d0 DEOPT UNPACKING pc=0x000001598fd87ba2 sp=0x00000001022fbf90 mode 2
Event: 195.376 Thread 0x00000159f3dcd7d0 Uncommon trap: trap_request=0xffffff45 fr.pc=0x0000015990468df8 relative=0x0000000000000638
Event: 195.376 Thread 0x00000159f3dcd7d0 Uncommon trap: reason=unstable_if action=reinterpret pc=0x0000015990468df8 method=java.util.ArrayList.grow(I)[Ljava/lang/Object; @ 17 c2
Event: 195.376 Thread 0x00000159f3dcd7d0 DEOPT PACKING pc=0x0000015990468df8 sp=0x00000001022fcf70
Event: 195.376 Thread 0x00000159f3dcd7d0 DEOPT UNPACKING pc=0x000001598fd87ba2 sp=0x00000001022fcf28 mode 2

Classes loaded (20 events):
Event: 195.543 Loading class java/lang/invoke/BoundMethodHandle$Species_LLLLLLLLLLLLLLLL
Event: 195.543 Loading class java/lang/invoke/BoundMethodHandle$Species_LLLLLLLLLLLLLLLL done
Event: 195.551 Loading class java/lang/invoke/BoundMethodHandle$Species_LLLLLLLLLLLLLLLLL
Event: 195.551 Loading class java/lang/invoke/BoundMethodHandle$Species_LLLLLLLLLLLLLLLLL done
Event: 195.559 Loading class java/lang/invoke/BoundMethodHandle$Species_LLLLLLLLLLLLLLLLLL
Event: 195.559 Loading class java/lang/invoke/BoundMethodHandle$Species_LLLLLLLLLLLLLLLLLL done
Event: 195.562 Loading class java/lang/invoke/BoundMethodHandle$Species_LLLLLLLLLLLLLLLLLLL
Event: 195.562 Loading class java/lang/invoke/BoundMethodHandle$Species_LLLLLLLLLLLLLLLLLLL done
Event: 195.570 Loading class java/lang/invoke/BoundMethodHandle$Species_LLLLLLLLLLLLLLLLLLLL
Event: 195.570 Loading class java/lang/invoke/BoundMethodHandle$Species_LLLLLLLLLLLLLLLLLLLL done
Event: 195.573 Loading class java/lang/invoke/BoundMethodHandle$Species_LLLLLLLLLLLLLLLLLLLLL
Event: 195.573 Loading class java/lang/invoke/BoundMethodHandle$Species_LLLLLLLLLLLLLLLLLLLLL done
Event: 195.576 Loading class java/lang/invoke/BoundMethodHandle$Species_LLLLLLLLLLLLLLLLLLLLLL
Event: 195.576 Loading class java/lang/invoke/BoundMethodHandle$Species_LLLLLLLLLLLLLLLLLLLLLL done
Event: 195.587 Loading class java/lang/invoke/BoundMethodHandle$Species_LLLLLLLLLLLLLLLLLLLLLLL
Event: 195.587 Loading class java/lang/invoke/BoundMethodHandle$Species_LLLLLLLLLLLLLLLLLLLLLLL done
Event: 195.592 Loading class java/lang/invoke/BoundMethodHandle$Species_LLLLLLLLLLLLLLLLLLLLLLLL
Event: 195.592 Loading class java/lang/invoke/BoundMethodHandle$Species_LLLLLLLLLLLLLLLLLLLLLLLL done
Event: 196.061 Loading class java/util/function/LongFunction
Event: 196.061 Loading class java/util/function/LongFunction done

Classes unloaded (0 events):
No events

Classes redefined (0 events):
No events

Internal exceptions (20 events):
Event: 194.343 Thread 0x00000159f3dcd7d0 Exception <a 'java/lang/NoSuchMethodError'{0x000000060f00e458}: 'java.lang.Object java.lang.invoke.DirectMethodHandle$Holder.invokeVirtual(java.lang.Object, java.lang.Object, java.lang.Object, java.lang.Object, java.lang.Object, java.lang.Object, java.lang.Object, java.lang.Object, java.lang.Object, java.lang.Object)'> (0x000000060f00e458) 
thrown [s\src\hotspot\share\interpreter\linkResolver.cpp, line 773]
Event: 194.388 Thread 0x00000159f3dcd7d0 Exception <a 'java/lang/NoSuchMethodError'{0x000000060f0a4630}: 'void java.lang.invoke.DirectMethodHandle$Holder.invokeStatic(java.lang.Object, java.lang.Object, java.lang.Object, java.lang.Object)'> (0x000000060f0a4630) 
thrown [s\src\hotspot\share\interpreter\linkResolver.cpp, line 773]
Event: 194.388 Thread 0x00000159f3dcd7d0 Exception <a 'java/lang/NoSuchMethodError'{0x000000060f0a83e8}: 'void java.lang.invoke.DirectMethodHandle$Holder.invokeStaticInit(java.lang.Object, java.lang.Object, java.lang.Object, java.lang.Object)'> (0x000000060f0a83e8) 
thrown [s\src\hotspot\share\interpreter\linkResolver.cpp, line 773]
Event: 194.436 Thread 0x00000159f3dcd7d0 Exception <a 'java/lang/NoSuchMethodError'{0x000000060f0fdf90}: 'java.lang.Object java.lang.invoke.DirectMethodHandle$Holder.invokeInterface(java.lang.Object, java.lang.Object, java.lang.Object)'> (0x000000060f0fdf90) 
thrown [s\src\hotspot\share\interpreter\linkResolver.cpp, line 773]
Event: 194.674 Thread 0x00000159f3dcd7d0 Exception <a 'java/lang/NoSuchMethodError'{0x000000060f1fc4b0}: 'int java.lang.invoke.DirectMethodHandle$Holder.invokeSpecialIFC(java.lang.Object, java.lang.Object, java.lang.Object, java.lang.Object)'> (0x000000060f1fc4b0) 
thrown [s\src\hotspot\share\interpreter\linkResolver.cpp, line 773]
Event: 194.680 Thread 0x00000159f3dcd7d0 Exception <a 'java/lang/IncompatibleClassChangeError'{0x000000060f209908}: Found class java.lang.Object, but interface was expected> (0x000000060f209908) 
thrown [s\src\hotspot\share\interpreter\linkResolver.cpp, line 840]
Event: 194.821 Thread 0x00000159f3dcd7d0 Implicit null exception at 0x00000159902fef66 to 0x00000159902ff00a
Event: 194.873 Thread 0x00000159f3dcd7d0 Exception <a 'java/lang/NoSuchMethodError'{0x000000060ec13ae8}: 'int java.lang.invoke.DirectMethodHandle$Holder.invokeStatic(java.lang.Object, java.lang.Object, java.lang.Object, java.lang.Object)'> (0x000000060ec13ae8) 
thrown [s\src\hotspot\share\interpreter\linkResolver.cpp, line 773]
Event: 195.505 Thread 0x00000159f3dcd7d0 Exception <a 'java/lang/NoSuchMethodError'{0x000000060eeb6560}: 'java.lang.Object java.lang.invoke.DelegatingMethodHandle$Holder.reinvoke_L(java.lang.Object, java.lang.Object, java.lang.Object, java.lang.Object, java.lang.Object, java.lang.Object, java.lang.Object, java.lang.Object, java.lang.Object, java.lang.Object, java.lang.Object, java.lang.Object, java.lang.Object, java.lang.Object, java.lang.Object, java.lang.Object, java.lang.Object, java.lang.Object, java.lang.Object, java.lang.Object, java.lang.O
Event: 195.525 Thread 0x00000159f3dcd7d0 Exception <a 'java/lang/NoSuchMethodError'{0x000000060ef24738}: 'java.lang.Object java.lang.invoke.DirectMethodHandle$Holder.invokeStatic(java.lang.Object, java.lang.Object, java.lang.Object, java.lang.Object, java.lang.Object, java.lang.Object, java.lang.Object, java.lang.Object, java.lang.Object, java.lang.Object, java.lang.Object, java.lang.Object, java.lang.Object, java.lang.Object, java.lang.Object, java.lang.Object, java.lang.Object)'> (0x000000060ef24738) 
thrown [s\src\hotspot\share\interpreter\lin
Event: 195.536 Thread 0x00000159f3dcd7d0 Exception <a 'java/lang/NoSuchMethodError'{0x000000060ef4d2e0}: 'java.lang.Object java.lang.invoke.DirectMethodHandle$Holder.invokeStatic(java.lang.Object, java.lang.Object, java.lang.Object, java.lang.Object, java.lang.Object, java.lang.Object, java.lang.Object, java.lang.Object, java.lang.Object, java.lang.Object, java.lang.Object, java.lang.Object, java.lang.Object, java.lang.Object, java.lang.Object, java.lang.Object, java.lang.Object, java.lang.Object)'> (0x000000060ef4d2e0) 
thrown [s\src\hotspot\sha
Event: 195.547 Thread 0x00000159f3dcd7d0 Exception <a 'java/lang/NoSuchMethodError'{0x000000060ef770c0}: 'java.lang.Object java.lang.invoke.DirectMethodHandle$Holder.invokeStatic(java.lang.Object, java.lang.Object, java.lang.Object, java.lang.Object, java.lang.Object, java.lang.Object, java.lang.Object, java.lang.Object, java.lang.Object, java.lang.Object, java.lang.Object, java.lang.Object, java.lang.Object, java.lang.Object, java.lang.Object, java.lang.Object, java.lang.Object, java.lang.Object, java.lang.Object)'> (0x000000060ef770c0) 
thrown 
Event: 195.555 Thread 0x00000159f3dcd7d0 Exception <a 'java/lang/NoSuchMethodError'{0x000000060efa22b8}: 'java.lang.Object java.lang.invoke.DirectMethodHandle$Holder.invokeStatic(java.lang.Object, java.lang.Object, java.lang.Object, java.lang.Object, java.lang.Object, java.lang.Object, java.lang.Object, java.lang.Object, java.lang.Object, java.lang.Object, java.lang.Object, java.lang.Object, java.lang.Object, java.lang.Object, java.lang.Object, java.lang.Object, java.lang.Object, java.lang.Object, java.lang.Object, java.lang.Object)'> (0x00000006
Event: 195.561 Thread 0x00000159f3dcd7d0 Exception <a 'java/lang/NoSuchMethodError'{0x000000060efce908}: 'java.lang.Object java.lang.invoke.DirectMethodHandle$Holder.invokeStatic(java.lang.Object, java.lang.Object, java.lang.Object, java.lang.Object, java.lang.Object, java.lang.Object, java.lang.Object, java.lang.Object, java.lang.Object, java.lang.Object, java.lang.Object, java.lang.Object, java.lang.Object, java.lang.Object, java.lang.Object, java.lang.Object, java.lang.Object, java.lang.Object, java.lang.Object, java.lang.Object, java.lang.Obj
Event: 195.567 Thread 0x00000159f3dcd7d0 Exception <a 'java/lang/NoSuchMethodError'{0x000000060effbef8}: 'java.lang.Object java.lang.invoke.DirectMethodHandle$Holder.invokeStatic(java.lang.Object, java.lang.Object, java.lang.Object, java.lang.Object, java.lang.Object, java.lang.Object, java.lang.Object, java.lang.Object, java.lang.Object, java.lang.Object, java.lang.Object, java.lang.Object, java.lang.Object, java.lang.Object, java.lang.Object, java.lang.Object, java.lang.Object, java.lang.Object, java.lang.Object, java.lang.Object, java.lang.Obj
Event: 195.571 Thread 0x00000159f3dcd7d0 Exception <a 'java/lang/NoSuchMethodError'{0x000000060e82a798}: 'java.lang.Object java.lang.invoke.DirectMethodHandle$Holder.invokeStatic(java.lang.Object, java.lang.Object, java.lang.Object, java.lang.Object, java.lang.Object, java.lang.Object, java.lang.Object, java.lang.Object, java.lang.Object, java.lang.Object, java.lang.Object, java.lang.Object, java.lang.Object, java.lang.Object, java.lang.Object, java.lang.Object, java.lang.Object, java.lang.Object, java.lang.Object, java.lang.Object, java.lang.Obj
Event: 195.575 Thread 0x00000159f3dcd7d0 Exception <a 'java/lang/NoSuchMethodError'{0x000000060e859900}: 'java.lang.Object java.lang.invoke.DirectMethodHandle$Holder.invokeStatic(java.lang.Object, java.lang.Object, java.lang.Object, java.lang.Object, java.lang.Object, java.lang.Object, java.lang.Object, java.lang.Object, java.lang.Object, java.lang.Object, java.lang.Object, java.lang.Object, java.lang.Object, java.lang.Object, java.lang.Object, java.lang.Object, java.lang.Object, java.lang.Object, java.lang.Object, java.lang.Object, java.lang.Obj
Event: 195.577 Thread 0x00000159f3dcd7d0 Exception <a 'java/lang/NoSuchMethodError'{0x000000060e889d30}: 'java.lang.Object java.lang.invoke.DirectMethodHandle$Holder.invokeStatic(java.lang.Object, java.lang.Object, java.lang.Object, java.lang.Object, java.lang.Object, java.lang.Object, java.lang.Object, java.lang.Object, java.lang.Object, java.lang.Object, java.lang.Object, java.lang.Object, java.lang.Object, java.lang.Object, java.lang.Object, java.lang.Object, java.lang.Object, java.lang.Object, java.lang.Object, java.lang.Object, java.lang.Obj
Event: 195.590 Thread 0x00000159f3dcd7d0 Exception <a 'java/lang/NoSuchMethodError'{0x000000060e8ba6c0}: 'java.lang.Object java.lang.invoke.DirectMethodHandle$Holder.invokeStatic(java.lang.Object, java.lang.Object, java.lang.Object, java.lang.Object, java.lang.Object, java.lang.Object, java.lang.Object, java.lang.Object, java.lang.Object, java.lang.Object, java.lang.Object, java.lang.Object, java.lang.Object, java.lang.Object, java.lang.Object, java.lang.Object, java.lang.Object, java.lang.Object, java.lang.Object, java.lang.Object, java.lang.Obj
Event: 195.597 Thread 0x00000159f3dcd7d0 Exception <a 'java/lang/NoSuchMethodError'{0x000000060e8ecbb0}: 'java.lang.Object java.lang.invoke.DirectMethodHandle$Holder.invokeStatic(java.lang.Object, java.lang.Object, java.lang.Object, java.lang.Object, java.lang.Object, java.lang.Object, java.lang.Object, java.lang.Object, java.lang.Object, java.lang.Object, java.lang.Object, java.lang.Object, java.lang.Object, java.lang.Object, java.lang.Object, java.lang.Object, java.lang.Object, java.lang.Object, java.lang.Object, java.lang.Object, java.lang.Obj

ZGC Phase Switch (0 events):
No events

VM Operations (20 events):
Event: 190.848 Executing non-safepoint VM operation: HandshakeAllThreads (Deoptimize)
Event: 190.861 Executing non-safepoint VM operation: HandshakeAllThreads (Deoptimize) done
Event: 190.861 Executing safepoint VM operation: Cleanup
Event: 190.861 Executing safepoint VM operation: Cleanup done
Event: 191.862 Executing safepoint VM operation: Cleanup
Event: 191.880 Executing safepoint VM operation: Cleanup done
Event: 192.253 Executing non-safepoint VM operation: HandshakeAllThreads (Deoptimize)
Event: 192.253 Executing non-safepoint VM operation: HandshakeAllThreads (Deoptimize) done
Event: 192.898 Executing safepoint VM operation: G1CollectForAllocation (G1 Evacuation Pause)
Event: 192.965 Executing safepoint VM operation: G1CollectForAllocation (G1 Evacuation Pause) done
Event: 193.207 Executing non-safepoint VM operation: HandshakeAllThreads (Deoptimize)
Event: 193.207 Executing non-safepoint VM operation: HandshakeAllThreads (Deoptimize) done
Event: 194.206 Executing safepoint VM operation: Cleanup
Event: 194.243 Executing safepoint VM operation: Cleanup done
Event: 195.243 Executing safepoint VM operation: Cleanup
Event: 195.356 Executing safepoint VM operation: Cleanup done
Event: 195.620 Executing non-safepoint VM operation: HandshakeAllThreads (Deoptimize)
Event: 195.620 Executing non-safepoint VM operation: HandshakeAllThreads (Deoptimize) done
Event: 195.621 Executing non-safepoint VM operation: HandshakeAllThreads (Deoptimize)
Event: 195.621 Executing non-safepoint VM operation: HandshakeAllThreads (Deoptimize) done

Memory protections (0 events):
No events

Nmethod flushes (0 events):
No events

Events (20 events):
Event: 0.246 Thread 0x00000159fc410af0 Thread added: 0x00000159ac8c0a90
Event: 0.563 Thread 0x00000159fc410af0 Thread added: 0x00000159ac8a4f60
Event: 2.418 Thread 0x00000159ffe39c40 Thread added: 0x00000159aca216f0
Event: 2.791 Thread 0x00000159aca216f0 Thread exited: 0x00000159aca216f0
Event: 9.047 Thread 0x00000159fc410af0 Thread added: 0x00000159f3472fb0
Event: 10.444 Thread 0x00000159fc410af0 Thread added: 0x00000159f361b430
Event: 36.788 Thread 0x00000159fc410af0 Thread added: 0x00000159ac7d3d40
Event: 167.847 Thread 0x00000159f361b430 Thread added: 0x00000159aca8e0a0
Event: 168.022 Thread 0x00000159aca8e0a0 Thread added: 0x00000159f39a0020
Event: 169.989 Thread 0x00000159aca8e0a0 Thread added: 0x00000159ac6cbb70
Event: 190.768 Thread 0x00000159aca8e0a0 Thread added: 0x00000159f3dcd7d0
Event: 190.874 Thread 0x00000159f3dcd7d0 Thread added: 0x00000159ac80e4f0
Event: 190.932 Thread 0x00000159f3dcd7d0 Thread added: 0x00000159f2b14f50
Event: 190.942 Thread 0x00000159f3dcd7d0 Thread added: 0x00000159f2b17020
Event: 193.209 Thread 0x00000159f3dcd7d0 Thread added: 0x00000159f2b15c70
Event: 193.258 Thread 0x00000159f3dcd7d0 Thread added: 0x00000159f2b176b0
Event: 193.484 Thread 0x00000159ffe3c610 Thread added: 0x00000159f2e87880
Event: 193.831 Thread 0x00000159f3dcd7d0 Thread added: 0x00000159f2b14230
Event: 193.874 Thread 0x00000159f2e87880 Thread exited: 0x00000159f2e87880
Event: 196.057 Thread 0x00000159f2b176b0 Thread added: 0x00000159f2b148c0


Dynamic libraries:
0x00007ff6b6000000 - 0x00007ff6b600e000 	C:\Users\Lenovo E14\.vscode\extensions\redhat.java-1.56.0-win32-x64\jre\21.0.12.1-win32-x86_64\bin\java.exe
0x00007ff9bbd10000 - 0x00007ff9bbf28000 	C:\Windows\SYSTEM32\ntdll.dll
0x00007ff9bab90000 - 0x00007ff9bac54000 	C:\Windows\System32\KERNEL32.DLL
0x00007ff9b90f0000 - 0x00007ff9b94c3000 	C:\Windows\System32\KERNELBASE.dll
0x00007ff9b9890000 - 0x00007ff9b99a1000 	C:\Windows\System32\ucrtbase.dll
0x00007ff9af440000 - 0x00007ff9af458000 	C:\Users\Lenovo E14\.vscode\extensions\redhat.java-1.56.0-win32-x64\jre\21.0.12.1-win32-x86_64\bin\jli.dll
0x00007ff9bb080000 - 0x00007ff9bb232000 	C:\Windows\System32\USER32.dll
0x00007ff9b97e0000 - 0x00007ff9b9806000 	C:\Windows\System32\win32u.dll
0x00007ff99e350000 - 0x00007ff99e36e000 	C:\Users\Lenovo E14\.vscode\extensions\redhat.java-1.56.0-win32-x64\jre\21.0.12.1-win32-x86_64\bin\VCRUNTIME140.dll
0x00007ff9a7b50000 - 0x00007ff9a7dec000 	C:\Windows\WinSxS\amd64_microsoft.windows.common-controls_6595b64144ccf1df_6.0.22621.6060_none_2712eda17382d24b\COMCTL32.dll
0x00007ff9ba8e0000 - 0x00007ff9ba987000 	C:\Windows\System32\msvcrt.dll
0x00007ff9bb050000 - 0x00007ff9bb079000 	C:\Windows\System32\GDI32.dll
0x00007ff9b96c0000 - 0x00007ff9b97db000 	C:\Windows\System32\gdi32full.dll
0x00007ff9b8e50000 - 0x00007ff9b8eea000 	C:\Windows\System32\msvcp_win.dll
0x00007ff9ba780000 - 0x00007ff9ba7b1000 	C:\Windows\System32\IMM32.DLL
0x00007ff9afdf0000 - 0x00007ff9afdfc000 	C:\Users\Lenovo E14\.vscode\extensions\redhat.java-1.56.0-win32-x64\jre\21.0.12.1-win32-x86_64\bin\vcruntime140_1.dll
0x00007ff99b0c0000 - 0x00007ff99b14d000 	C:\Users\Lenovo E14\.vscode\extensions\redhat.java-1.56.0-win32-x64\jre\21.0.12.1-win32-x86_64\bin\msvcp140.dll
0x00007ff8fd5a0000 - 0x00007ff8fe342000 	C:\Users\Lenovo E14\.vscode\extensions\redhat.java-1.56.0-win32-x64\jre\21.0.12.1-win32-x86_64\bin\server\jvm.dll
0x00007ff9baee0000 - 0x00007ff9baf91000 	C:\Windows\System32\ADVAPI32.dll
0x00007ff9bafa0000 - 0x00007ff9bb048000 	C:\Windows\System32\sechost.dll
0x00007ff9b8e20000 - 0x00007ff9b8e48000 	C:\Windows\System32\bcrypt.dll
0x00007ff9bbb90000 - 0x00007ff9bbca8000 	C:\Windows\System32\RPCRT4.dll
0x00007ff9ba4c0000 - 0x00007ff9ba531000 	C:\Windows\System32\WS2_32.dll
0x00007ff9b85a0000 - 0x00007ff9b85ed000 	C:\Windows\SYSTEM32\POWRPROF.dll
0x00007ff9b23f0000 - 0x00007ff9b2424000 	C:\Windows\SYSTEM32\WINMM.dll
0x00007ff9b2060000 - 0x00007ff9b206a000 	C:\Windows\SYSTEM32\VERSION.dll
0x00007ff9b8530000 - 0x00007ff9b8543000 	C:\Windows\SYSTEM32\UMPDC.dll
0x00007ff9b7e30000 - 0x00007ff9b7e48000 	C:\Windows\SYSTEM32\kernel.appcore.dll
0x00007ff9af180000 - 0x00007ff9af18a000 	C:\Users\Lenovo E14\.vscode\extensions\redhat.java-1.56.0-win32-x64\jre\21.0.12.1-win32-x86_64\bin\jimage.dll
0x00007ff9b67d0000 - 0x00007ff9b6a03000 	C:\Windows\SYSTEM32\DBGHELP.DLL
0x00007ff9b9fc0000 - 0x00007ff9ba351000 	C:\Windows\System32\combase.dll
0x00007ff9bac60000 - 0x00007ff9bad38000 	C:\Windows\System32\OLEAUT32.dll
0x00007ff9acea0000 - 0x00007ff9aced2000 	C:\Windows\SYSTEM32\dbgcore.DLL
0x00007ff9b94d0000 - 0x00007ff9b954b000 	C:\Windows\System32\bcryptPrimitives.dll
0x00007ff9af0c0000 - 0x00007ff9af0cf000 	C:\Users\Lenovo E14\.vscode\extensions\redhat.java-1.56.0-win32-x64\jre\21.0.12.1-win32-x86_64\bin\instrument.dll
0x00007ff99e330000 - 0x00007ff99e350000 	C:\Users\Lenovo E14\.vscode\extensions\redhat.java-1.56.0-win32-x64\jre\21.0.12.1-win32-x86_64\bin\java.dll
0x00007ff9bb260000 - 0x00007ff9bbafc000 	C:\Windows\System32\SHELL32.dll
0x00007ff9b8ef0000 - 0x00007ff9b902f000 	C:\Windows\System32\wintypes.dll
0x00007ff9b6cd0000 - 0x00007ff9b75ea000 	C:\Windows\SYSTEM32\windows.storage.dll
0x00007ff9ba7c0000 - 0x00007ff9ba8c4000 	C:\Windows\System32\SHCORE.dll
0x00007ff9b9a60000 - 0x00007ff9b9ac9000 	C:\Windows\System32\shlwapi.dll
0x00007ff9b8d50000 - 0x00007ff9b8d75000 	C:\Windows\SYSTEM32\profapi.dll
0x00007ff99e2d0000 - 0x00007ff99e2e8000 	C:\Users\Lenovo E14\.vscode\extensions\redhat.java-1.56.0-win32-x64\jre\21.0.12.1-win32-x86_64\bin\zip.dll
0x00007ff9adc00000 - 0x00007ff9adc10000 	C:\Users\Lenovo E14\.vscode\extensions\redhat.java-1.56.0-win32-x64\jre\21.0.12.1-win32-x86_64\bin\net.dll
0x00007ff9b55d0000 - 0x00007ff9b56fc000 	C:\Windows\SYSTEM32\WINHTTP.dll
0x00007ff9b82f0000 - 0x00007ff9b8359000 	C:\Windows\system32\mswsock.dll
0x00007ff99e2f0000 - 0x00007ff99e306000 	C:\Users\Lenovo E14\.vscode\extensions\redhat.java-1.56.0-win32-x64\jre\21.0.12.1-win32-x86_64\bin\nio.dll
0x00007ff9aacb0000 - 0x00007ff9aacc0000 	C:\Users\Lenovo E14\.vscode\extensions\redhat.java-1.56.0-win32-x64\jre\21.0.12.1-win32-x86_64\bin\verify.dll
0x00007ff99de40000 - 0x00007ff99de67000 	C:\Users\Lenovo E14\.gradle\native\1def1411415f61bf3af743bc5b6707747c0891f09f0c88961ee8f79bc544acac\windows-amd64\native-platform.dll
0x00007ff99ae30000 - 0x00007ff99aea8000 	C:\Users\Lenovo E14\.gradle\native\0.2.7\x86_64-windows-gnu\gradle-fileevents.dll
0x00007ff9b2610000 - 0x00007ff9b261a000 	C:\Users\Lenovo E14\.vscode\extensions\redhat.java-1.56.0-win32-x64\jre\21.0.12.1-win32-x86_64\bin\management.dll
0x00007ff9b25d0000 - 0x00007ff9b25dc000 	C:\Users\Lenovo E14\.vscode\extensions\redhat.java-1.56.0-win32-x64\jre\21.0.12.1-win32-x86_64\bin\management_ext.dll
0x00007ff9bb240000 - 0x00007ff9bb248000 	C:\Windows\System32\PSAPI.DLL
0x00007ff9b7890000 - 0x00007ff9b78bd000 	C:\Windows\SYSTEM32\IPHLPAPI.DLL
0x00007ff9ba8d0000 - 0x00007ff9ba8d9000 	C:\Windows\System32\NSI.dll
0x00007ff9b25c0000 - 0x00007ff9b25c9000 	C:\Users\Lenovo E14\.vscode\extensions\redhat.java-1.56.0-win32-x64\jre\21.0.12.1-win32-x86_64\bin\extnet.dll
0x00007ff9b86c0000 - 0x00007ff9b86db000 	C:\Windows\SYSTEM32\CRYPTSP.dll
0x00007ff9b7d20000 - 0x00007ff9b7d57000 	C:\Windows\system32\rsaenh.dll
0x00007ff9b8390000 - 0x00007ff9b83b8000 	C:\Windows\SYSTEM32\USERENV.dll
0x00007ff9b86a0000 - 0x00007ff9b86ac000 	C:\Windows\SYSTEM32\CRYPTBASE.dll
0x00007ff9b25b0000 - 0x00007ff9b25be000 	C:\Users\Lenovo E14\.vscode\extensions\redhat.java-1.56.0-win32-x64\jre\21.0.12.1-win32-x86_64\bin\sunmscapi.dll
0x00007ff9b9550000 - 0x00007ff9b96b8000 	C:\Windows\System32\CRYPT32.dll
0x00007ff9b87e0000 - 0x00007ff9b880e000 	C:\Windows\SYSTEM32\ncrypt.dll
0x00007ff9b87a0000 - 0x00007ff9b87d7000 	C:\Windows\SYSTEM32\NTASN1.dll
0x00007ff97e570000 - 0x00007ff97e578000 	C:\Windows\system32\wshunix.dll

JVMTI agents:
C:\Users\Lenovo E14\.gradle\wrapper\dists\gradle-8.14-all\c2qonpi39x1mddn7hk5gh9iqj\gradle-8.14\lib\agents\gradle-instrumentation-agent-8.14.jar path:C:\Users\Lenovo E14\.vscode\extensions\redhat.java-1.56.0-win32-x64\jre\21.0.12.1-win32-x86_64\bin\instrument.dll, loaded, initialized, instrumentlib options:none

dbghelp: loaded successfully - version: 4.0.5 - missing functions: none
symbol engine: initialized successfully - sym options: 0x614 - pdb path: .;C:\Users\Lenovo E14\.vscode\extensions\redhat.java-1.56.0-win32-x64\jre\21.0.12.1-win32-x86_64\bin;C:\Windows\SYSTEM32;C:\Windows\WinSxS\amd64_microsoft.windows.common-controls_6595b64144ccf1df_6.0.22621.6060_none_2712eda17382d24b;C:\Users\Lenovo E14\.vscode\extensions\redhat.java-1.56.0-win32-x64\jre\21.0.12.1-win32-x86_64\bin\server;C:\Users\Lenovo E14\.gradle\native\1def1411415f61bf3af743bc5b6707747c0891f09f0c88961ee8f79bc544acac\windows-amd64;C:\Users\Lenovo E14\.gradle\native\0.2.7\x86_64-windows-gnu

VM Arguments:
jvm_args: --add-opens=java.base/java.lang=ALL-UNNAMED --add-opens=java.base/java.lang.invoke=ALL-UNNAMED --add-opens=java.base/java.util=ALL-UNNAMED --add-opens=java.prefs/java.util.prefs=ALL-UNNAMED --add-exports=jdk.compiler/com.sun.tools.javac.api=ALL-UNNAMED --add-exports=jdk.compiler/com.sun.tools.javac.util=ALL-UNNAMED --add-opens=java.base/java.util=ALL-UNNAMED --add-opens=java.prefs/java.util.prefs=ALL-UNNAMED --add-opens=java.base/java.nio.charset=ALL-UNNAMED --add-opens=java.base/java.net=ALL-UNNAMED --add-opens=java.base/java.util.concurrent.atomic=ALL-UNNAMED --add-opens=java.xml/javax.xml.namespace=ALL-UNNAMED -XX:MaxMetaspaceSize=4G -XX:ReservedCodeCacheSize=512m -XX:+HeapDumpOnOutOfMemoryError -Xmx8G -Dfile.encoding=UTF-8 -Duser.country=US -Duser.language=en -Duser.variant -javaagent:C:\Users\Lenovo E14\.gradle\wrapper\dists\gradle-8.14-all\c2qonpi39x1mddn7hk5gh9iqj\gradle-8.14\lib\agents\gradle-instrumentation-agent-8.14.jar 
java_command: org.gradle.launcher.daemon.bootstrap.GradleDaemon 8.14
java_class_path (initial): C:\Users\Lenovo E14\.gradle\wrapper\dists\gradle-8.14-all\c2qonpi39x1mddn7hk5gh9iqj\gradle-8.14\lib\gradle-daemon-main-8.14.jar
Launcher Type: SUN_STANDARD

[Global flags]
     intx CICompilerCount                          = 4                                         {product} {ergonomic}
     uint ConcGCThreads                            = 2                                         {product} {ergonomic}
     uint G1ConcRefinementThreads                  = 8                                         {product} {ergonomic}
   size_t G1HeapRegionSize                         = 4194304                                   {product} {ergonomic}
    uintx GCDrainStackTargetSize                   = 64                                        {product} {ergonomic}
     bool HeapDumpOnOutOfMemoryError               = true                                   {manageable} {command line}
   size_t InitialHeapSize                          = 264241152                                 {product} {ergonomic}
   size_t MarkStackSize                            = 4194304                                   {product} {ergonomic}
   size_t MaxHeapSize                              = 8589934592                                {product} {command line}
   size_t MaxMetaspaceSize                         = 4294967296                                {product} {command line}
   size_t MaxNewSize                               = 5150605312                                {product} {ergonomic}
   size_t MinHeapDeltaBytes                        = 4194304                                   {product} {ergonomic}
   size_t MinHeapSize                              = 8388608                                   {product} {ergonomic}
    uintx NonNMethodCodeHeapSize                   = 5839372                                {pd product} {ergonomic}
    uintx NonProfiledCodeHeapSize                  = 265515770                              {pd product} {ergonomic}
    uintx ProfiledCodeHeapSize                     = 265515770                              {pd product} {ergonomic}
    uintx ReservedCodeCacheSize                    = 536870912                              {pd product} {command line}
     bool SegmentedCodeCache                       = true                                      {product} {ergonomic}
   size_t SoftMaxHeapSize                          = 8589934592                             {manageable} {ergonomic}
     bool UseCompressedOops                        = true                           {product lp64_product} {ergonomic}
     bool UseG1GC                                  = true                                      {product} {ergonomic}
     bool UseLargePagesIndividualAllocation        = false                                  {pd product} {ergonomic}

Logging:
Log output configuration:
 #0: stdout all=warning uptime,level,tags foldmultilines=false
 #1: stderr all=off uptime,level,tags foldmultilines=false

Release file:
JAVA_VERSION="21.0.12.1" 
MODULES="java.base java.compiler java.datatransfer java.xml java.prefs java.desktop java.instrument java.logging java.management java.security.sasl java.naming java.rmi java.management.rmi java.net.http java.scripting java.security.jgss java.transaction.xa java.sql java.sql.rowset java.xml.crypto java.se java.smartcardio jdk.accessibility jdk.internal.jvmstat jdk.attach jdk.charsets jdk.internal.opt jdk.zipfs jdk.compiler jdk.crypto.ec jdk.crypto.cryptoki jdk.crypto.mscapi jdk.dynalink jdk.internal.ed jdk.editpad jdk.hotspot.agent jdk.httpserver jdk.internal.le jdk.internal.vm.ci jdk.internal.vm.compiler jdk.internal.vm.compiler.management jdk.jartool jdk.javadoc jdk.jcmd jdk.management jdk.management.agent jdk.jconsole jdk.jdeps jdk.jdwp.agent jdk.jdi jdk.jfr jdk.jshell jdk.jsobject jdk.jstatd jdk.localedata jdk.management.jfr jdk.naming.dns jdk.naming.rmi jdk.net jdk.nio.mapmode jdk.random jdk.sctp jdk.security.auth jdk.security.jgss jdk.unsupported jdk.unsupported.desktop jdk.xml.dom" 

Environment Variables:
PATH=C:\Program Files\Common Files\Oracle\Java\javapath;C:\Windows\system32;C:\Windows;C:\Windows\System32\Wbem;C:\Windows\System32\WindowsPowerShell\v1.0\;C:\Windows\System32\OpenSSH\;C:\Windows\Microsoft.NET\Framework64\v4.0.30319;C:\Program Files\MongoDB\mongosh-2.5.8-win32-x64\bin;C:\Program Files\MongoDB\mongodb-database-tools-windows-x86_64-100.13.0\bin;C:\Program Files\MongoDB\Server\8.2\bin;C:\Program Files\MongoDB\Connector for BI\2.14\bin;C:\Program Files\MongoDB\ODBC\1.4\bin;C:\Program Files\nodejs\;C:\Program Files\Git\cmd;C:\Program Files\MySQL\MySQL Shell 8.0\bin;C:\Program Files\MySQL\MySQL Server 8.0\bin;C:\Program Files\MySQL\MySQL Router 8.0\bin;C:\Program Files\dotnet\;C:\flutter\bin;C:\Android\cmdline-tools\latest\bin;C:\Android\platform-tools;C:\Android\platforms;C:\Android\emulator;C:\Program Files\MySQL\MySQL Shell 8.0\bin\;C:\Users\Lenovo E14\AppData\Local\Programs\Python\Python314\Scripts\;C:\Users\Lenovo E14\AppData\Local\Programs\Python\Python314\;C:\Users\Lenovo E14\AppData\Local\Microsoft\WindowsApps;C:\Users\Lenovo E14\AppData\Local\Programs\Microsoft VS Code\bin;C:\Users\Lenovo E14\AppData\Roaming\npm
USERNAME=Lenovo E14
OS=Windows_NT
PROCESSOR_IDENTIFIER=Intel64 Family 6 Model 140 Stepping 1, GenuineIntel
TMP=C:\Users\LENOVO~1\AppData\Local\Temp
TEMP=C:\Users\LENOVO~1\AppData\Local\Temp




Periodic native trim disabled

---------------  S Y S T E M  ---------------

OS:
 Windows 11 , 64 bit Build 22621 (10.0.22621.5415)
OS uptime: 0 days 0:44 hours
Hyper-V role detected

CPU: total 8 (initial active 8) (4 cores per cpu, 2 threads per core) family 6 model 140 stepping 1 microcode 0x86, cx8, cmov, fxsr, ht, mmx, 3dnowpref, sse, sse2, sse3, ssse3, sse4.1, sse4.2, popcnt, lzcnt, tsc, tscinvbit, avx, avx2, aes, erms, clmul, bmi1, bmi2, adx, avx512f, avx512dq, avx512cd, avx512bw, avx512vl, sha, fma, vzeroupper, avx512_vpopcntdq, avx512_vpclmulqdq, avx512_vaes, avx512_vnni, clflush, clflushopt, clwb, avx512_vbmi2, avx512_vbmi, hv, rdtscp, rdpid, fsrm, gfni, avx512_bitalg, f16c, cet_ibt, cet_ss, avx512_ifma
Processor Information for the first 8 processors :
  Max Mhz: 2419, Current Mhz: 2419, Mhz Limit: 2419

Memory: 4k page, system-wide physical 16082M (827M free)
TotalPageFile size 65234M (AvailPageFile size 18M)
current process WorkingSet (physical memory assigned to process): 177M, peak: 177M
current process commit charge ("private bytes"): 409M, peak: 412M

vm_info: OpenJDK 64-Bit Server VM (21.0.12.1+1-LTS) for windows-amd64 JRE (21.0.12.1+1-LTS), built on 2026-08-18T00:00:00Z by "admin" with MS VC++ 17.12 (VS2022)

END.
