#
# There is insufficient memory for the Java Runtime Environment to continue.
# Native memory allocation (mmap) failed to map 65536 bytes. Error detail: Failed to commit metaspace.
# Possible reasons:
#   The system is out of physical RAM or swap space
#   This process is running with CompressedOops enabled, and the Java Heap may be blocking the growth of the native heap
# Possible solutions:
#   Reduce memory load on the system
#   Increase physical memory or swap space
#   Check if swap backing store is full
#   Decrease Java heap size (-Xmx/-Xms)
#   Decrease number of Java threads
#   Decrease Java thread stack sizes (-Xss)
#   Set larger code cache with -XX:ReservedCodeCacheSize=
#   JVM is running with Zero Based Compressed Oops mode in which the Java heap is
#     placed in the first 32GB address space. The Java Heap base address is the
#     maximum limit for the native heap growth. Please use -XX:HeapBaseMinAddress
#     to set the Java Heap base and to place the Java Heap above 32GB virtual address.
# This output file may be truncated or incomplete.
#
#  Out of Memory Error (virtualSpaceNode.cpp:113), pid=38680, tid=41900
#
# JRE version: OpenJDK Runtime Environment Temurin-21.0.12.1+1 (21.0.12.1+1) (build 21.0.12.1+1-LTS)
# Java VM: OpenJDK 64-Bit Server VM Temurin-21.0.12.1+1 (21.0.12.1+1-LTS, mixed mode, sharing, tiered, compressed oops, compressed class ptrs, g1 gc, windows-amd64)
# No core dump will be written. Minidumps are not enabled by default on client versions of Windows
#

---------------  S U M M A R Y ------------

Command Line: --add-opens=java.base/java.lang=ALL-UNNAMED --add-opens=java.base/java.lang.invoke=ALL-UNNAMED --add-opens=java.base/java.util=ALL-UNNAMED --add-opens=java.prefs/java.util.prefs=ALL-UNNAMED --add-exports=jdk.compiler/com.sun.tools.javac.api=ALL-UNNAMED --add-exports=jdk.compiler/com.sun.tools.javac.util=ALL-UNNAMED --add-opens=java.base/java.util=ALL-UNNAMED --add-opens=java.prefs/java.util.prefs=ALL-UNNAMED --add-opens=java.base/java.nio.charset=ALL-UNNAMED --add-opens=java.base/java.net=ALL-UNNAMED --add-opens=java.base/java.util.concurrent.atomic=ALL-UNNAMED --add-opens=java.xml/javax.xml.namespace=ALL-UNNAMED -XX:MaxMetaspaceSize=4G -XX:ReservedCodeCacheSize=512m -XX:+HeapDumpOnOutOfMemoryError -Xmx8G -Dfile.encoding=UTF-8 -Duser.country=US -Duser.language=en -Duser.variant -javaagent:C:\Users\Lenovo E14\.gradle\wrapper\dists\gradle-8.14-all\c2qonpi39x1mddn7hk5gh9iqj\gradle-8.14\lib\agents\gradle-instrumentation-agent-8.14.jar org.gradle.launcher.daemon.bootstrap.GradleDaemon 8.14

Host: 11th Gen Intel(R) Core(TM) i5-1135G7 @ 2.40GHz, 8 cores, 15G,  Windows 11 , 64 bit Build 22621 (10.0.22621.5415)
Time: Tue Oct  6 07:48:53 2026 W. Central Africa Standard Time elapsed time: 242.332710 seconds (0d 0h 4m 2s)

---------------  T H R E A D  ---------------

Current thread (0x0000023bb99a6e60):  JavaThread "Daemon worker"        [_thread_in_vm, id=41900, stack(0x000000cb77100000,0x000000cb77200000) (1024K)]

Stack: [0x000000cb77100000,0x000000cb77200000]
Native frames: (J=compiled Java code, j=interpreted, Vv=VM code, C=native code)
V  [jvm.dll+0x6d83e9]
V  [jvm.dll+0x8b5736]
V  [jvm.dll+0x8b7cee]
V  [jvm.dll+0x8b83d3]
V  [jvm.dll+0x284596]
V  [jvm.dll+0x8b147e]
V  [jvm.dll+0x679ad4]
V  [jvm.dll+0x1e849b]
V  [jvm.dll+0x1e825e]
V  [jvm.dll+0x67c3d2]
V  [jvm.dll+0x67c202]
V  [jvm.dll+0x67a4ae]
V  [jvm.dll+0x26f816]
V  [jvm.dll+0x21a11f]
V  [jvm.dll+0x20f80e]
V  [jvm.dll+0x5b6a7f]
V  [jvm.dll+0x82f606]
V  [jvm.dll+0x4792f8]
V  [jvm.dll+0x47f128]
C  [java.dll+0x17ec]

Java frames: (J=compiled Java code, j=interpreted, Vv=VM code)
J 866  java.lang.ClassLoader.defineClass1(Ljava/lang/ClassLoader;Ljava/lang/String;[BIILjava/security/ProtectionDomain;Ljava/lang/String;)Ljava/lang/Class; java.base@21.0.12.1 (0 bytes) @ 0x0000023b9ca1ee91 [0x0000023b9ca1edc0+0x00000000000000d1]
J 1215 c1 java.lang.ClassLoader.defineClass(Ljava/lang/String;[BIILjava/security/ProtectionDomain;)Ljava/lang/Class; java.base@21.0.12.1 (43 bytes) @ 0x0000023b8c8f9d7c [0x0000023b8c8f9a20+0x000000000000035c]
J 1576 c1 java.security.SecureClassLoader.defineClass(Ljava/lang/String;[BIILjava/security/CodeSource;)Ljava/lang/Class; java.base@21.0.12.1 (16 bytes) @ 0x0000023b8c9f299c [0x0000023b8c9f28c0+0x00000000000000dc]
J 1571 c1 java.net.URLClassLoader.defineClass(Ljava/lang/String;Ljdk/internal/loader/Resource;)Ljava/lang/Class; java.base@21.0.12.1 (224 bytes) @ 0x0000023b8c9ee8f4 [0x0000023b8c9ed180+0x0000000000001774]
J 970 c1 java.net.URLClassLoader$1.run()Ljava/lang/Class; java.base@21.0.12.1 (81 bytes) @ 0x0000023b8c89191c [0x0000023b8c890cc0+0x0000000000000c5c]
J 969 c1 java.net.URLClassLoader$1.run()Ljava/lang/Object; java.base@21.0.12.1 (5 bytes) @ 0x0000023b8c890754 [0x0000023b8c8906c0+0x0000000000000094]
J 767 c1 java.security.AccessController.doPrivileged(Ljava/security/PrivilegedExceptionAction;Ljava/security/AccessControlContext;)Ljava/lang/Object; java.base@21.0.12.1 (26 bytes) @ 0x0000023b8c83098c [0x0000023b8c8307a0+0x00000000000001ec]
J 923 c1 java.net.URLClassLoader.findClass(Ljava/lang/String;)Ljava/lang/Class; java.base@21.0.12.1 (47 bytes) @ 0x0000023b8c87e754 [0x0000023b8c87e5a0+0x00000000000001b4]
J 867 c1 java.lang.ClassLoader.loadClass(Ljava/lang/String;Z)Ljava/lang/Class; java.base@21.0.12.1 (121 bytes) @ 0x0000023b8c86072c [0x0000023b8c860160+0x00000000000005cc]
J 886 c1 java.lang.ClassLoader.loadClass(Ljava/lang/String;)Ljava/lang/Class; java.base@21.0.12.1 (7 bytes) @ 0x0000023b8c86e6d4 [0x0000023b8c86e5c0+0x0000000000000114]
v  ~StubRoutines::call_stub 0x0000023b9c4210e7
j  java.lang.Class.getDeclaredMethods0(Z)[Ljava/lang/reflect/Method;+0 java.base@21.0.12.1
j  java.lang.Class.privateGetDeclaredMethods(Z)[Ljava/lang/reflect/Method;+34 java.base@21.0.12.1
j  java.lang.Class.getDeclaredMethods()[Ljava/lang/reflect/Method;+20 java.base@21.0.12.1
j  org.gradle.internal.service.RelevantMethods$RelevantMethodsBuilder.build()Lorg/gradle/internal/service/RelevantMethods;+18
j  org.gradle.internal.service.RelevantMethods.getMethods(Ljava/lang/Class;)Lorg/gradle/internal/service/RelevantMethods;+25
j  org.gradle.internal.service.DefaultServiceRegistry.findProviderMethods(Lorg/gradle/internal/service/ServiceRegistrationProvider;Lorg/gradle/internal/service/ServiceAccessToken;)V+6
j  org.gradle.internal.service.DefaultServiceRegistry.addProvider(Lorg/gradle/internal/service/ServiceRegistrationProvider;)Lorg/gradle/internal/service/DefaultServiceRegistry;+18
j  org.gradle.internal.service.DefaultServiceRegistry$1.addProvider(Lorg/gradle/internal/service/ServiceRegistrationProvider;)V+5
j  org.gradle.internal.service.scopes.CoreServices.registerCrossBuildSessionServices(Lorg/gradle/internal/service/ServiceRegistration;)V+8
j  org.gradle.internal.session.CrossBuildSessionState$Services.configure(Lorg/gradle/internal/service/ServiceRegistration;Ljava/util/List;)V+30
j  java.lang.invoke.LambdaForm$DMH+0x0000023bbb0b0000.invokeVirtual(Ljava/lang/Object;Ljava/lang/Object;Ljava/lang/Object;Ljava/lang/Object;)V+14 java.base@21.0.12.1
j  java.lang.invoke.LambdaForm$MH+0x0000023bbb190c00.invoke(Ljava/lang/Object;Ljava/lang/Object;Ljava/lang/Object;Ljava/lang/Object;)Ljava/lang/Object;+73 java.base@21.0.12.1
J 2312 c1 jdk.internal.reflect.DirectMethodHandleAccessor.invoke(Ljava/lang/Object;[Ljava/lang/Object;)Ljava/lang/Object; java.base@21.0.12.1 (92 bytes) @ 0x0000023b8cb5e9ac [0x0000023b8cb5d3c0+0x00000000000015ec]
J 2311 c1 java.lang.reflect.Method.invoke(Ljava/lang/Object;[Ljava/lang/Object;)Ljava/lang/Object; java.base@21.0.12.1 (108 bytes) @ 0x0000023b8cb5cadc [0x0000023b8cb5c5c0+0x000000000000051c]
j  org.gradle.internal.reflect.JavaMethod.invoke(Ljava/lang/Object;[Ljava/lang/Object;)Ljava/lang/Object;+6
j  org.gradle.internal.service.ReflectionBasedServiceMethod.invoke(Ljava/lang/Object;[Ljava/lang/Object;)Ljava/lang/Object;+6
j  org.gradle.internal.service.DefaultServiceRegistry.applyConfigureMethod(Lorg/gradle/internal/service/ServiceAccessToken;Lorg/gradle/internal/service/ServiceMethod;Ljava/lang/Object;)V+146
j  org.gradle.internal.service.DefaultServiceRegistry.findProviderMethods(Lorg/gradle/internal/service/ServiceRegistrationProvider;Lorg/gradle/internal/service/ServiceAccessToken;)V+215
j  org.gradle.internal.service.DefaultServiceRegistry.addProvider(Lorg/gradle/internal/service/ServiceRegistrationProvider;)Lorg/gradle/internal/service/DefaultServiceRegistry;+18
j  org.gradle.internal.service.ServiceRegistryBuilder.build()Lorg/gradle/internal/service/CloseableServiceRegistry;+93
j  org.gradle.internal.session.CrossBuildSessionState.<init>(Lorg/gradle/internal/service/ServiceRegistry;Lorg/gradle/api/internal/StartParameterInternal;)V+34
j  org.gradle.internal.buildprocess.execution.BuildSessionLifecycleBuildActionExecutor.execute(Lorg/gradle/internal/invocation/BuildAction;Lorg/gradle/launcher/exec/BuildActionParameters;Lorg/gradle/initialization/BuildRequestContext;)Lorg/gradle/launcher/exec/BuildActionResult;+44
j  org.gradle.internal.buildprocess.execution.BuildSessionLifecycleBuildActionExecutor.execute(Lorg/gradle/internal/invocation/BuildAction;Ljava/lang/Object;Ljava/lang/Object;)Lorg/gradle/launcher/exec/BuildActionResult;+10
j  org.gradle.internal.buildprocess.execution.StartParamsValidatingActionExecutor.execute(Lorg/gradle/internal/invocation/BuildAction;Lorg/gradle/launcher/exec/BuildActionParameters;Lorg/gradle/initialization/BuildRequestContext;)Lorg/gradle/launcher/exec/BuildActionResult;+203
j  org.gradle.internal.buildprocess.execution.StartParamsValidatingActionExecutor.execute(Lorg/gradle/internal/invocation/BuildAction;Ljava/lang/Object;Ljava/lang/Object;)Lorg/gradle/launcher/exec/BuildActionResult;+10
j  org.gradle.internal.buildprocess.execution.SessionFailureReportingActionExecutor.execute(Lorg/gradle/internal/invocation/BuildAction;Lorg/gradle/launcher/exec/BuildActionParameters;Lorg/gradle/initialization/BuildRequestContext;)Lorg/gradle/launcher/exec/BuildActionResult;+7
j  org.gradle.internal.buildprocess.execution.SessionFailureReportingActionExecutor.execute(Lorg/gradle/internal/invocation/BuildAction;Ljava/lang/Object;Ljava/lang/Object;)Lorg/gradle/launcher/exec/BuildActionResult;+10
j  org.gradle.internal.buildprocess.execution.SetupLoggingActionExecutor.execute(Lorg/gradle/internal/invocation/BuildAction;Lorg/gradle/launcher/exec/BuildActionParameters;Lorg/gradle/initialization/BuildRequestContext;)Lorg/gradle/launcher/exec/BuildActionResult;+50
j  org.gradle.internal.buildprocess.execution.SetupLoggingActionExecutor.execute(Lorg/gradle/internal/invocation/BuildAction;Ljava/lang/Object;Ljava/lang/Object;)Lorg/gradle/launcher/exec/BuildActionResult;+10
j  org.gradle.launcher.daemon.server.exec.ExecuteBuild.doBuild(Lorg/gradle/launcher/daemon/server/api/DaemonCommandExecution;Lorg/gradle/launcher/daemon/protocol/Build;)V+147
j  org.gradle.launcher.daemon.server.exec.BuildCommandOnly.execute(Lorg/gradle/launcher/daemon/server/api/DaemonCommandExecution;)V+49
j  org.gradle.launcher.daemon.server.api.DaemonCommandExecution.proceed()Z+23
j  org.gradle.launcher.daemon.server.exec.WatchForDisconnection.execute(Lorg/gradle/launcher/daemon/server/api/DaemonCommandExecution;)V+19
j  org.gradle.launcher.daemon.server.api.DaemonCommandExecution.proceed()Z+23
j  org.gradle.launcher.daemon.server.exec.ResetDeprecationLogger.execute(Lorg/gradle/launcher/daemon/server/api/DaemonCommandExecution;)V+7
j  org.gradle.launcher.daemon.server.api.DaemonCommandExecution.proceed()Z+23
j  org.gradle.launcher.daemon.server.exec.RequestStopIfSingleUsedDaemon.execute(Lorg/gradle/launcher/daemon/server/api/DaemonCommandExecution;)V+33
j  org.gradle.launcher.daemon.server.api.DaemonCommandExecution.proceed()Z+23
j  org.gradle.launcher.daemon.server.exec.ForwardClientInput.lambda$execute$0(Lorg/gradle/launcher/daemon/server/api/DaemonCommandExecution;Lorg/gradle/internal/daemon/clientinput/StdinHandler;)Ljava/lang/Object;+11
j  org.gradle.launcher.daemon.server.exec.ForwardClientInput$$Lambda+0x0000023bbb194b98.apply(Ljava/lang/Object;)Ljava/lang/Object;+8
j  org.gradle.internal.daemon.clientinput.ClientInputForwarder.forwardInput(Ljava/util/function/Function;)Ljava/lang/Object;+46
j  org.gradle.launcher.daemon.server.exec.ForwardClientInput.execute(Lorg/gradle/launcher/daemon/server/api/DaemonCommandExecution;)V+10
j  org.gradle.launcher.daemon.server.api.DaemonCommandExecution.proceed()Z+23
j  org.gradle.launcher.daemon.server.exec.LogAndCheckHealth.execute(Lorg/gradle/launcher/daemon/server/api/DaemonCommandExecution;)V+51
j  org.gradle.launcher.daemon.server.api.DaemonCommandExecution.proceed()Z+23
j  org.gradle.launcher.daemon.server.exec.LogToClient.doBuild(Lorg/gradle/launcher/daemon/server/api/DaemonCommandExecution;Lorg/gradle/launcher/daemon/protocol/Build;)V+87
j  org.gradle.launcher.daemon.server.exec.BuildCommandOnly.execute(Lorg/gradle/launcher/daemon/server/api/DaemonCommandExecution;)V+49
j  org.gradle.launcher.daemon.server.api.DaemonCommandExecution.proceed()Z+23
j  org.gradle.launcher.daemon.server.exec.EstablishBuildEnvironment.doBuild(Lorg/gradle/launcher/daemon/server/api/DaemonCommandExecution;Lorg/gradle/launcher/daemon/protocol/Build;)V+356
j  org.gradle.launcher.daemon.server.exec.BuildCommandOnly.execute(Lorg/gradle/launcher/daemon/server/api/DaemonCommandExecution;)V+49
j  org.gradle.launcher.daemon.server.api.DaemonCommandExecution.proceed()Z+23
j  org.gradle.launcher.daemon.server.exec.StartBuildOrRespondWithBusy$1.run()V+44
j  org.gradle.launcher.daemon.server.DaemonStateCoordinator.lambda$runCommand$0(Ljava/lang/Runnable;)V+1
j  org.gradle.launcher.daemon.server.DaemonStateCoordinator$$Lambda+0x0000023bbb18f918.run()V+8
j  org.gradle.internal.concurrent.ExecutorPolicy$CatchAndRecordFailures.onExecute(Ljava/lang/Runnable;)V+1
j  org.gradle.internal.concurrent.AbstractManagedExecutor$1.run()V+25
j  java.util.concurrent.ThreadPoolExecutor.runWorker(Ljava/util/concurrent/ThreadPoolExecutor$Worker;)V+92 java.base@21.0.12.1
j  java.util.concurrent.ThreadPoolExecutor$Worker.run()V+5 java.base@21.0.12.1
j  java.lang.Thread.runWith(Ljava/lang/Object;Ljava/lang/Runnable;)V+5 java.base@21.0.12.1
j  java.lang.Thread.run()V+19 java.base@21.0.12.1
v  ~StubRoutines::call_stub 0x0000023b9c4210e7

Compiled method (n/a) 245989  866     n 0       java.lang.ClassLoader::defineClass1 (native)
 total in heap  [0x0000023b9ca1ec10,0x0000023b9ca1f2a8] = 1688
 relocation     [0x0000023b9ca1ed70,0x0000023b9ca1eda8] = 56
 main code      [0x0000023b9ca1edc0,0x0000023b9ca1f2a7] = 1255
 stub code      [0x0000023b9ca1f2a7,0x0000023b9ca1f2a8] = 1

[Constant Pool (empty)]

[MachCode]
[Entry Point]
  # {method} {0x0000023bba434c38} 'defineClass1' '(Ljava/lang/ClassLoader;Ljava/lang/String;[BIILjava/security/ProtectionDomain;Ljava/lang/String;)Ljava/lang/Class;' in 'java/lang/ClassLoader'
  # parm0:    rdx:rdx   = 'java/lang/ClassLoader'
  # parm1:    r8:r8     = 'java/lang/String'
  # parm2:    r9:r9     = '[B'
  # parm3:    rdi       = int
  # parm4:    rsi       = int
  # parm5:    rcx:rcx   = 'java/security/ProtectionDomain'
  # parm6:    [sp+0xa0]   = 'java/lang/String'  (sp of caller)
  0x0000023b9ca1edc0: 448b 5208 | 49bb 0000 | 00ba 3b02 | 0000 4d03 | d349 3bc2 | 0f84 0600 

  0x0000023b9ca1edd8: ;   {runtime_call ic_miss_stub}
  0x0000023b9ca1edd8: 0000 e9a1 | fba4 ff90 
[Verified Entry Point]
  0x0000023b9ca1ede0: 8984 2400 | 80ff ff55 | 488b ec48 | 81ec 9000 | 0000 6690 | 4181 7f20 | 0100 0000 

  0x0000023b9ca1edfc: ;   {runtime_call StubRoutines (final stubs)}
  0x0000023b9ca1edfc: 7405 e8dd | 94a3 ff48 | 837d 1000 | 488d 4510 | 480f 4445 | 1048 8944 | 2440 4889 | 4c24 7048 
  0x0000023b9ca1ee1c: 83f9 0048 | 8d44 2470 | 480f 4444 | 2470 4889 | 4424 3848 | 8974 2430 | 4889 7c24 | 284c 894c 
  0x0000023b9ca1ee3c: 2458 4983 | f900 488d | 4424 5848 | 0f44 4424 | 5848 8944 | 2420 4c89 | 4424 5049 | 83f8 004c 
  0x0000023b9ca1ee5c: 8d4c 2450 | 4c0f 444c | 2450 4889 | 5424 4848 | 83fa 004c | 8d44 2448 | 4c0f 4444 

  0x0000023b9ca1ee78: ;   {oop(a 'java/lang/Class'{0x000000060cc19790} = 'java/lang/ClassLoader')}
  0x0000023b9ca1ee78: 2448 49be | 9097 c10c | 0600 0000 | 4c89 7424 | 784c 8d74 | 2478 498b | d6c5 f877 

  0x0000023b9ca1ee94: ;   {internal_word}
  0x0000023b9ca1ee94: 49ba 91ee | a19c 3b02 | 0000 4d89 | 97a8 0300 | 0049 89a7 | a003 0000 

  0x0000023b9ca1eeac: ;   {external_word}
  0x0000023b9ca1eeac: 49ba 066d | 460c f97f | 0000 4180 | 3a00 0f84 | 4e00 0000 | 5241 5041 

  0x0000023b9ca1eec4: ;   {metadata({method} {0x0000023bba434c38} 'defineClass1' '(Ljava/lang/ClassLoader;Ljava/lang/String;[BIILjava/security/ProtectionDomain;Ljava/lang/String;)Ljava/lang/Class;' in 'java/lang/ClassLoader')}
  0x0000023b9ca1eec4: 5148 ba30 | 4c43 ba3b | 0200 0049 | 8bcf 4883 | ec20 40f6 | c40f 0f84 | 1900 0000 | 4883 ec08 
  0x0000023b9ca1eee4: ;   {runtime_call}
  0x0000023b9ca1eee4: 48b8 e0ea | ef0b f97f | 0000 ffd0 | 4883 c408 | e90c 0000 

  0x0000023b9ca1eef8: ;   {runtime_call}
  0x0000023b9ca1eef8: 0048 b8e0 | eaef 0bf9 | 7f00 00ff | d048 83c4 | 2041 5941 | 585a 498d | 8fc0 0300 | 0041 c787 
  0x0000023b9ca1ef18: 4c04 0000 | 0400 0000 

  0x0000023b9ca1ef20: ;   {runtime_call}
  0x0000023b9ca1ef20: 48b8 ac16 | 9856 f97f | 0000 ffd0 | c5f8 7741 | c787 4c04 | 0000 0500 | 0000 f083 | 4424 c000 
  0x0000023b9ca1ef40: 493b af50 | 0400 000f | 870e 0000 | 0041 83bf | 4804 0000 | 000f 842b | 0000 00c5 | f877 4889 
  0x0000023b9ca1ef60: 45f8 498b | cf4c 8be4 | 4883 ec20 | 4883 e4f0 

  0x0000023b9ca1ef70: ;   {runtime_call}
  0x0000023b9ca1ef70: 48b8 0058 | bb0b f97f | 0000 ffd0 | 498b e44d | 33e4 488b | 45f8 41c7 | 874c 0400 | 0008 0000 
  0x0000023b9ca1ef90: 0041 83bf | c804 0000 | 020f 84db 

  0x0000023b9ca1ef9c: ;   {external_word}
  0x0000023b9ca1ef9c: 0200 0049 | ba06 6d46 | 0cf9 7f00 | 0041 803a | 000f 844c | 0000 0048 

  0x0000023b9ca1efb4: ;   {metadata({method} {0x0000023bba434c38} 'defineClass1' '(Ljava/lang/ClassLoader;Ljava/lang/String;[BIILjava/security/ProtectionDomain;Ljava/lang/String;)Ljava/lang/Class;' in 'java/lang/ClassLoader')}
  0x0000023b9ca1efb4: 8945 f848 | ba30 4c43 | ba3b 0200 | 0049 8bcf | 4883 ec20 | 40f6 c40f | 0f84 1900 | 0000 4883 
  0x0000023b9ca1efd4: ;   {runtime_call}
  0x0000023b9ca1efd4: ec08 48b8 | e0ea ef0b | f97f 0000 | ffd0 4883 | c408 e90c 

  0x0000023b9ca1efe8: ;   {runtime_call}
  0x0000023b9ca1efe8: 0000 0048 | b8e0 eaef | 0bf9 7f00 | 00ff d048 | 83c4 2048 | 8b45 f849 | c787 a003 | 0000 0000 
  0x0000023b9ca1f008: 0000 49c7 | 87a8 0300 | 0000 0000 | 00c5 f877 | 4885 c00f | 8436 0200 | 00a8 030f | 8508 0000 
  0x0000023b9ca1f028: 0048 8b00 | e926 0200 | 00a8 010f | 8509 0000 | 0048 8b40 | fee9 1502 | 0000 488b | 40ff 4180 
  0x0000023b9ca1f048: 7f40 000f | 8406 0200 | 0048 83f8 | 000f 84fc | 0100 0049 | 8b4f 2848 | 83f9 000f | 8414 0000 
  0x0000023b9ca1f068: 0048 83e9 | 0849 894f | 2849 034f | 3848 8901 | e9da 0100 | 0048 81ec | f000 0000 | 4889 0424 
  0x0000023b9ca1f088: 4889 4c24 | 0848 8954 | 2410 4c89 | 4424 184c | 894c 2420 | 4c89 5424 | 284c 895c | 2430 c5fb 
  0x0000023b9ca1f0a8: 1144 2440 | c5fb 114c | 2448 c5fb | 1154 2450 | c5fb 115c | 2458 c5fb | 1164 2460 | c5fb 116c 
  0x0000023b9ca1f0c8: 2468 62e1 | ff08 1144 | 240e 62e1 | ff08 114c | 240f 62e1 | ff08 1154 | 2410 62e1 | ff08 115c 
  0x0000023b9ca1f0e8: ;   {no_reloc}
  0x0000023b9ca1f0e8: 2411 62e1 | ff08 1164 | 2412 62e1 | ff08 116c | 2413 62e1 | ff08 1174 | 2414 62e1 | ff08 117c 
  0x0000023b9ca1f108: 2415 6261 | ff08 1144 | 2416 6261 | ff08 114c | 2417 6261 | ff08 1154 | 2418 6261 | ff08 115c 
  0x0000023b9ca1f128: 2419 6261 | ff08 1164 | 241a 6261 | ff08 116c | 241b 6261 | ff08 1174 | 241c 6261 | ff08 117c 
  0x0000023b9ca1f148: 241d 498b | d748 8bc8 | 4883 ec20 | 40f6 c40f | 0f84 1900 | 0000 4883 

  0x0000023b9ca1f160: ;   {runtime_call}
  0x0000023b9ca1f160: ec08 48b8 | 20a4 ae0b | f97f 0000 | ffd0 4883 | c408 e90c 

  0x0000023b9ca1f174: ;   {runtime_call}
  0x0000023b9ca1f174: 0000 0048 | b820 a4ae | 0bf9 7f00 | 00ff d048 | 83c4 2062 | 61ff 0810 | 7c24 1d62 | 61ff 0810 
  0x0000023b9ca1f194: 7424 1c62 | 61ff 0810 | 6c24 1b62 | 61ff 0810 | 6424 1a62 | 61ff 0810 | 5c24 1962 | 61ff 0810 
  0x0000023b9ca1f1b4: 5424 1862 | 61ff 0810 | 4c24 1762 | 61ff 0810 | 4424 1662 | e1ff 0810 | 7c24 1562 | e1ff 0810 
  0x0000023b9ca1f1d4: 7424 1462 | e1ff 0810 | 6c24 1362 | e1ff 0810 | 6424 1262 | e1ff 0810 | 5c24 1162 | e1ff 0810 
  0x0000023b9ca1f1f4: 5424 1062 | e1ff 0810 | 4c24 0f62 | e1ff 0810 | 4424 0ec5 | fb10 6c24 | 68c5 fb10 | 6424 60c5 
  0x0000023b9ca1f214: fb10 5c24 | 58c5 fb10 | 5424 50c5 | fb10 4c24 | 48c5 fb10 | 4424 404c | 8b5c 2430 | 4c8b 5424 
  0x0000023b9ca1f234: 284c 8b4c | 2420 4c8b | 4424 1848 | 8b54 2410 | 488b 4c24 | 0848 8b04 | 2448 81c4 | f000 0000 
  0x0000023b9ca1f254: c5f8 7749 | 8b8f 3004 | 0000 c781 | 0001 0000 | 0000 0000 | c949 837f | 0800 0f85 | 0100 0000 
  0x0000023b9ca1f274: ;   {runtime_call StubRoutines (initial stubs)}
  0x0000023b9ca1f274: c3e9 861c | a0ff c5f8 | 7748 8945 | f84c 8be4 | 4883 ec20 | 4883 e4f0 

  0x0000023b9ca1f28c: ;   {runtime_call}
  0x0000023b9ca1f28c: 48b8 3022 | f00b f97f | 0000 ffd0 | 498b e44d | 33e4 488b | 45f8 e9f8 | fcff fff4 
[/MachCode]


Compiled method (c1) 246049 1215       3       java.lang.ClassLoader::defineClass (43 bytes)
 total in heap  [0x0000023b8c8f9810,0x0000023b8c8fa168] = 2392
 relocation     [0x0000023b8c8f9970,0x0000023b8c8f9a10] = 160
 main code      [0x0000023b8c8f9a20,0x0000023b8c8f9ec0] = 1184
 stub code      [0x0000023b8c8f9ec0,0x0000023b8c8f9f38] = 120
 metadata       [0x0000023b8c8f9f38,0x0000023b8c8f9f68] = 48
 scopes data    [0x0000023b8c8f9f68,0x0000023b8c8fa058] = 240
 scopes pcs     [0x0000023b8c8fa058,0x0000023b8c8fa138] = 224
 dependencies   [0x0000023b8c8fa138,0x0000023b8c8fa140] = 8
 nul chk table  [0x0000023b8c8fa140,0x0000023b8c8fa168] = 40

[Constant Pool (empty)]

[MachCode]
[Entry Point]
  # {method} {0x0000023bba434fb8} 'defineClass' '(Ljava/lang/String;[BIILjava/security/ProtectionDomain;)Ljava/lang/Class;' in 'java/lang/ClassLoader'
  # this:     rdx:rdx   = 'java/lang/ClassLoader'
  # parm0:    r8:r8     = 'java/lang/String'
  # parm1:    r9:r9     = '[B'
  # parm2:    rdi       = int
  # parm3:    rsi       = int
  # parm4:    rcx:rcx   = 'java/security/ProtectionDomain'
  #           [sp+0xc0]  (sp of caller)
  0x0000023b8c8f9a20: 448b 5208 | 49bb 0000 | 00ba 3b02 | 0000 4d03 | d34c 3bd0 

  0x0000023b8c8f9a34: ;   {runtime_call ic_miss_stub}
  0x0000023b8c8f9a34: 0f85 464f | b70f 660f | 1f44 0000 
[Verified Entry Point]
  0x0000023b8c8f9a40: 8984 2400 | 80ff ff55 | 4881 ecb0 | 0000 0090 | 4181 7f20 | 0100 0000 

  0x0000023b8c8f9a58: ;   {runtime_call StubRoutines (final stubs)}
  0x0000023b8c8f9a58: 7405 e881 | e8b5 0f48 | 8954 2478 

  0x0000023b8c8f9a64: ;   {metadata(method data for {method} {0x0000023bba434fb8} 'defineClass' '(Ljava/lang/String;[BIILjava/security/ProtectionDomain;)Ljava/lang/Class;' in 'java/lang/ClassLoader')}
  0x0000023b8c8f9a64: 48bb f0f1 | 19fb 3b02 | 0000 8b83 | cc00 0000 | 83c0 0289 | 83cc 0000 | 0025 fe07 | 0000 85c0 
  0x0000023b8c8f9a84: 0f84 5803 | 0000 89b4 | 2494 0000 | 0089 bc24 | 9000 0000 | 4c89 8c24 | 8800 0000 

  0x0000023b8c8f9aa0: ;   {metadata(method data for {method} {0x0000023bba434fb8} 'defineClass' '(Ljava/lang/String;[BIILjava/security/ProtectionDomain;)Ljava/lang/Class;' in 'java/lang/ClassLoader')}
  0x0000023b8c8f9aa0: 488b da48 | b8f0 f119 | fb3b 0200 | 0048 8380 | 1001 0000 | 0149 8bd8 | 4c8b c34c | 8bc9 488b 
  0x0000023b8c8f9ac0: ca48 8bd1 | 4889 9c24 | 8000 0000 

  0x0000023b8c8f9acc: ;   {optimized virtual_call}
  0x0000023b8c8f9acc: 6666 90e8 

  0x0000023b8c8f9ad0: ; ImmutableOopMap {[120]=Oop [128]=Oop [136]=Oop }
                      ;*invokevirtual preDefineClass {reexecute=0 rethrow=0 return_oop=0}
                      ; - java.lang.ClassLoader::defineClass@4
  0x0000023b8c8f9ad0: 4c0a 0000 

  0x0000023b8c8f9ad4: ;   {other}
  0x0000023b8c8f9ad4: 0f1f 8400 | c402 0000 | 4889 8424 | 9800 0000 | 488b 5424 

  0x0000023b8c8f9ae8: ;   {metadata(method data for {method} {0x0000023bba434fb8} 'defineClass' '(Ljava/lang/String;[BIILjava/security/ProtectionDomain;)Ljava/lang/Class;' in 'java/lang/ClassLoader')}
  0x0000023b8c8f9ae8: 7849 b8f0 | f119 fb3b | 0200 0049 | 8380 4801 

  0x0000023b8c8f9af8: ;   {metadata(method data for {method} {0x0000023bba434ca0} 'defineClassSourceLocation' '(Ljava/security/ProtectionDomain;)Ljava/lang/String;' in 'java/lang/ClassLoader')}
  0x0000023b8c8f9af8: 0000 0149 | b888 fd19 | fb3b 0200 | 0041 8b90 | cc00 0000 | 83c2 0241 | 8990 cc00 | 0000 81e2 
  0x0000023b8c8f9b18: feff 1f00 | 85d2 0f84 | df02 0000 

  0x0000023b8c8f9b24: ; implicit exception: dispatches to 0x0000023b8c8f9e24
  0x0000023b8c8f9b24: 483b 004c 

  0x0000023b8c8f9b28: ;   {metadata(method data for {method} {0x0000023bba434ca0} 'defineClassSourceLocation' '(Ljava/security/ProtectionDomain;)Ljava/lang/String;' in 'java/lang/ClassLoader')}
  0x0000023b8c8f9b28: 8bc0 48ba | 88fd 19fb | 3b02 0000 | 4883 8210 | 0100 0001 | 448b 4010 | 49c1 e003 

  0x0000023b8c8f9b44: ;   {metadata(method data for {method} {0x0000023bba434ca0} 'defineClassSourceLocation' '(Ljava/security/ProtectionDomain;)Ljava/lang/String;' in 'java/lang/ClassLoader')}
  0x0000023b8c8f9b44: 4d85 c048 | ba88 fd19 | fb3b 0200 | 0048 c7c6 | 5801 0000 | 7507 48c7 | c648 0100 | 0048 8b3c 
  0x0000023b8c8f9b64: 3248 8d7f | 0148 893c | 320f 850f 

  0x0000023b8c8f9b70: ;   {oop(nullptr)}
  0x0000023b8c8f9b70: 0000 0048 | bb00 0000 | 0000 0000 | 00e9 a501 | 0000 493b | 0049 8bd0 

  0x0000023b8c8f9b88: ;   {metadata(method data for {method} {0x0000023bba434ca0} 'defineClassSourceLocation' '(Ljava/security/ProtectionDomain;)Ljava/lang/String;' in 'java/lang/ClassLoader')}
  0x0000023b8c8f9b88: 48be 88fd | 19fb 3b02 | 0000 4883 | 8668 0100 | 0001 418b | 500c 48c1 | e203 4885 

  0x0000023b8c8f9ba4: ;   {metadata(method data for {method} {0x0000023bba434ca0} 'defineClassSourceLocation' '(Ljava/security/ProtectionDomain;)Ljava/lang/String;' in 'java/lang/ClassLoader')}
  0x0000023b8c8f9ba4: d248 be88 | fd19 fb3b | 0200 0048 | c7c7 b001 | 0000 7507 | 48c7 c7a0 | 0100 0048 | 8b1c 3e48 
  0x0000023b8c8f9bc4: 8d5b 0148 | 891c 3e0f | 850f 0000 

  0x0000023b8c8f9bd0: ;   {oop(nullptr)}
  0x0000023b8c8f9bd0: 0048 bb00 | 0000 0000 | 0000 00e9 | 4701 0000 

  0x0000023b8c8f9be0: ;   {metadata(method data for {method} {0x0000023bba434ca0} 'defineClassSourceLocation' '(Ljava/security/ProtectionDomain;)Ljava/lang/String;' in 'java/lang/ClassLoader')}
  0x0000023b8c8f9be0: 48be 88fd | 19fb 3b02 | 0000 4883 | 86c0 0100 | 0001 483b | 024c 8bc2 

  0x0000023b8c8f9bf8: ;   {metadata(method data for {method} {0x0000023bba434ca0} 'defineClassSourceLocation' '(Ljava/security/ProtectionDomain;)Ljava/lang/String;' in 'java/lang/ClassLoader')}
  0x0000023b8c8f9bf8: 48be 88fd | 19fb 3b02 | 0000 4883 | 86f8 0100 

  0x0000023b8c8f9c08: ;   {metadata(method data for {method} {0x0000023bba01abf0} 'toString' '()Ljava/lang/String;' in 'java/net/URL')}
  0x0000023b8c8f9c08: 0001 49b8 | 7047 0efb | 3b02 0000 | 418b b0cc | 0000 0083 | c602 4189 | b0cc 0000 | 0081 e6fe 
  0x0000023b8c8f9c28: ff1f 0085 | f60f 8400 | 0200 004c 

  0x0000023b8c8f9c34: ;   {metadata(method data for {method} {0x0000023bba01abf0} 'toString' '()Ljava/lang/String;' in 'java/net/URL')}
  0x0000023b8c8f9c34: 8bc2 48be | 7047 0efb | 3b02 0000 | 4883 8610 | 0100 0001 

  0x0000023b8c8f9c48: ;   {metadata(method data for {method} {0x0000023bba428840} 'toExternalForm' '()Ljava/lang/String;' in 'java/net/URL')}
  0x0000023b8c8f9c48: 49b8 f848 | 0efb 3b02 | 0000 418b | b0cc 0000 | 0083 c602 | 4189 b0cc | 0000 0081 | e6fe ff1f 
  0x0000023b8c8f9c68: 0085 f60f | 84e3 0100 | 008b 7238 | 48c1 e603 

  0x0000023b8c8f9c78: ; implicit exception: dispatches to 0x0000023b8c8f9e75
  0x0000023b8c8f9c78: 483b 064c 

  0x0000023b8c8f9c7c: ;   {metadata(method data for {method} {0x0000023bba428840} 'toExternalForm' '()Ljava/lang/String;' in 'java/net/URL')}
  0x0000023b8c8f9c7c: 8bc6 48bf | f848 0efb | 3b02 0000 | 458b 4008 | 49ba 0000 | 00ba 3b02 | 0000 4d03 | c24c 3b87 
  0x0000023b8c8f9c9c: 2001 0000 | 750d 4883 | 8728 0100 | 0001 e960 | 0000 004c | 3b87 3001 | 0000 750d | 4883 8738 
  0x0000023b8c8f9cbc: 0100 0001 | e94a 0000 | 0048 83bf | 2001 0000 | 0075 174c | 8987 2001 | 0000 48c7 | 8728 0100 
  0x0000023b8c8f9cdc: 0001 0000 | 00e9 2900 | 0000 4883 | bf30 0100 | 0000 7517 | 4c89 8730 | 0100 0048 | c787 3801 
  0x0000023b8c8f9cfc: 0000 0100 | 0000 e908 | 0000 0048 | 8387 1001 | 0000 014c | 8bc2 488b 

  0x0000023b8c8f9d14: ;   {optimized virtual_call}
  0x0000023b8c8f9d14: d666 90e8 

  0x0000023b8c8f9d18: ; ImmutableOopMap {[120]=Oop [128]=Oop [136]=Oop [152]=Oop }
                      ;*invokevirtual toExternalForm {reexecute=0 rethrow=0 return_oop=0}
                      ; - java.net.URL::toExternalForm@5
                      ; - java.net.URL::toString@1
                      ; - java.lang.ClassLoader::defineClassSourceLocation@22
                      ; - java.lang.ClassLoader::defineClass@12
  0x0000023b8c8f9d18: 0483 f8ff 

  0x0000023b8c8f9d1c: ;   {other}
  0x0000023b8c8f9d1c: 0f1f 8400 | 0c05 0001 | 488b d848 | 8b84 2498 | 0000 008b | b424 9400 | 0000 8bbc | 2490 0000 
  0x0000023b8c8f9d3c: 004c 8b8c | 2488 0000 | 004c 8b84 | 2480 0000 | 0048 8b54 

  0x0000023b8c8f9d50: ;   {metadata(method data for {method} {0x0000023bba434fb8} 'defineClass' '(Ljava/lang/String;[BIILjava/security/ProtectionDomain;)Ljava/lang/Class;' in 'java/lang/ClassLoader')}
  0x0000023b8c8f9d50: 2478 48b9 | f0f1 19fb | 3b02 0000 | 4883 8180 | 0100 0001 | 4c8b da49 | 8bd3 488b | c848 891c 
  0x0000023b8c8f9d70: 2466 0f1f 

  0x0000023b8c8f9d74: ;   {static_call}
  0x0000023b8c8f9d74: 4400 00e8 

  0x0000023b8c8f9d78: ; ImmutableOopMap {[120]=Oop [152]=Oop }
                      ;*invokestatic defineClass1 {reexecute=0 rethrow=0 return_oop=0}
                      ; - java.lang.ClassLoader::defineClass@27
  0x0000023b8c8f9d78: 6450 1210 

  0x0000023b8c8f9d7c: ;   {other}
  0x0000023b8c8f9d7c: 0f1f 8400 | 6c05 0002 | 488b 5424 

  0x0000023b8c8f9d88: ;   {metadata(method data for {method} {0x0000023bba434fb8} 'defineClass' '(Ljava/lang/String;[BIILjava/security/ProtectionDomain;)Ljava/lang/Class;' in 'java/lang/ClassLoader')}
  0x0000023b8c8f9d88: 7849 b8f0 | f119 fb3b | 0200 0049 | 8380 9001 | 0000 014c | 8bc0 4c8b | 8c24 9800 | 0000 488b 
  0x0000023b8c8f9da8: 5424 7848 | 8984 24a0 | 0000 000f 

  0x0000023b8c8f9db4: ;   {optimized virtual_call}
  0x0000023b8c8f9db4: 1f40 00e8 

  0x0000023b8c8f9db8: ; ImmutableOopMap {[160]=Oop }
                      ;*invokevirtual postDefineClass {reexecute=0 rethrow=0 return_oop=0}
                      ; - java.lang.ClassLoader::defineClass@37
  0x0000023b8c8f9db8: 64ab 0f00 

  0x0000023b8c8f9dbc: ;   {other}
  0x0000023b8c8f9dbc: 0f1f 8400 | ac05 0003 | 488b 8424 | a000 0000 | 4881 c4b0 | 0000 005d 

  0x0000023b8c8f9dd4: ;   {poll_return}
  0x0000023b8c8f9dd4: 493b a750 | 0400 000f | 8799 0000 

  0x0000023b8c8f9de0: ;   {metadata({method} {0x0000023bba434fb8} 'defineClass' '(Ljava/lang/String;[BIILjava/security/ProtectionDomain;)Ljava/lang/Class;' in 'java/lang/ClassLoader')}
  0x0000023b8c8f9de0: 00c3 49ba | b04f 43ba | 3b02 0000 | 4c89 5424 | 0848 c704 | 24ff ffff 

  0x0000023b8c8f9df8: ;   {runtime_call counter_overflow Runtime1 stub}
  0x0000023b8c8f9df8: ffe8 0227 

  0x0000023b8c8f9dfc: ; ImmutableOopMap {rdx=Oop r8=Oop r9=Oop rcx=Oop [120]=Oop }
                      ;*synchronization entry
                      ; - java.lang.ClassLoader::defineClass@-1
  0x0000023b8c8f9dfc: c60f e987 

  0x0000023b8c8f9e00: ;   {metadata({method} {0x0000023bba434ca0} 'defineClassSourceLocation' '(Ljava/security/ProtectionDomain;)Ljava/lang/String;' in 'java/lang/ClassLoader')}
  0x0000023b8c8f9e00: fcff ff49 | ba98 4c43 | ba3b 0200 | 004c 8954 | 2408 48c7 | 0424 ffff 

  0x0000023b8c8f9e18: ;   {runtime_call counter_overflow Runtime1 stub}
  0x0000023b8c8f9e18: ffff e8e1 

  0x0000023b8c8f9e1c: ; ImmutableOopMap {rax=Oop [120]=Oop [128]=Oop [136]=Oop [152]=Oop }
                      ;*synchronization entry
                      ; - java.lang.ClassLoader::defineClassSourceLocation@-1
                      ; - java.lang.ClassLoader::defineClass@12
  0x0000023b8c8f9e1c: 26c6 0fe9 | 00fd ffff 

  0x0000023b8c8f9e24: ;   {runtime_call throw_null_pointer_exception Runtime1 stub}
  0x0000023b8c8f9e24: e877 c4c5 

  0x0000023b8c8f9e28: ; ImmutableOopMap {rax=Oop [120]=Oop [128]=Oop [136]=Oop [152]=Oop }
                      ;*invokevirtual getCodeSource {reexecute=0 rethrow=0 return_oop=0}
                      ; - java.lang.ClassLoader::defineClassSourceLocation@1
                      ; - java.lang.ClassLoader::defineClass@12
                      ;   {runtime_call throw_null_pointer_exception Runtime1 stub}
  0x0000023b8c8f9e28: 0fe8 72c4 

  0x0000023b8c8f9e2c: ; ImmutableOopMap {rax=Oop r8=Oop [120]=Oop [128]=Oop [136]=Oop [152]=Oop }
                      ;*invokevirtual getLocation {reexecute=0 rethrow=0 return_oop=0}
                      ; - java.lang.ClassLoader::defineClassSourceLocation@12
                      ; - java.lang.ClassLoader::defineClass@12
                      ;   {runtime_call throw_null_pointer_exception Runtime1 stub}
  0x0000023b8c8f9e2c: c50f e86d 

  0x0000023b8c8f9e30: ; ImmutableOopMap {rdx=Oop [120]=Oop [128]=Oop [136]=Oop [152]=Oop }
                      ;*invokevirtual toString {reexecute=0 rethrow=0 return_oop=0}
                      ; - java.lang.ClassLoader::defineClassSourceLocation@22
                      ; - java.lang.ClassLoader::defineClass@12
                      ;   {metadata({method} {0x0000023bba01abf0} 'toString' '()Ljava/lang/String;' in 'java/net/URL')}
  0x0000023b8c8f9e30: c4c5 0f49 | bae8 ab01 | ba3b 0200 | 004c 8954 | 2408 48c7 | 0424 ffff 

  0x0000023b8c8f9e48: ;   {runtime_call counter_overflow Runtime1 stub}
  0x0000023b8c8f9e48: ffff e8b1 

  0x0000023b8c8f9e4c: ; ImmutableOopMap {rdx=Oop [120]=Oop [128]=Oop [136]=Oop [152]=Oop }
                      ;*synchronization entry
                      ; - java.net.URL::toString@-1
                      ; - java.lang.ClassLoader::defineClassSourceLocation@22
                      ; - java.lang.ClassLoader::defineClass@12
  0x0000023b8c8f9e4c: 26c6 0fe9 | dffd ffff 

  0x0000023b8c8f9e54: ;   {metadata({method} {0x0000023bba428840} 'toExternalForm' '()Ljava/lang/String;' in 'java/net/URL')}
  0x0000023b8c8f9e54: 49ba 3888 | 42ba 3b02 | 0000 4c89 | 5424 0848 | c704 24ff 

  0x0000023b8c8f9e68: ;   {runtime_call counter_overflow Runtime1 stub}
  0x0000023b8c8f9e68: ffff ffe8 

  0x0000023b8c8f9e6c: ; ImmutableOopMap {rdx=Oop [120]=Oop [128]=Oop [136]=Oop [152]=Oop }
                      ;*synchronization entry
                      ; - java.net.URL::toExternalForm@-1
                      ; - java.net.URL::toString@1
                      ; - java.lang.ClassLoader::defineClassSourceLocation@22
                      ; - java.lang.ClassLoader::defineClass@12
  0x0000023b8c8f9e6c: 9026 c60f | e9fc fdff 

  0x0000023b8c8f9e74: ;   {runtime_call throw_null_pointer_exception Runtime1 stub}
  0x0000023b8c8f9e74: ffe8 26c4 

  0x0000023b8c8f9e78: ; ImmutableOopMap {rdx=Oop rsi=Oop [120]=Oop [128]=Oop [136]=Oop [152]=Oop }
                      ;*invokevirtual toExternalForm {reexecute=0 rethrow=0 return_oop=0}
                      ; - java.net.URL::toExternalForm@5
                      ; - java.net.URL::toString@1
                      ; - java.lang.ClassLoader::defineClassSourceLocation@22
                      ; - java.lang.ClassLoader::defineClass@12
                      ;   {internal_word}
  0x0000023b8c8f9e78: c50f 49ba | d49d 8f8c | 3b02 0000 | 4d89 9768 

  0x0000023b8c8f9e88: ;   {runtime_call SafepointBlob}
  0x0000023b8c8f9e88: 0400 00e9 | f0ca b70f | 498b 8700 | 0500 0049 | c787 0005 | 0000 0000 | 0000 49c7 | 8708 0500 
  0x0000023b8c8f9ea8: 0000 0000 | 0048 81c4 | b000 0000 

  0x0000023b8c8f9eb4: ;   {runtime_call unwind_exception Runtime1 stub}
  0x0000023b8c8f9eb4: 5de9 c6b4 | c50f f4f4 | f4f4 f4f4 
[Stub Code]
  0x0000023b8c8f9ec0: ;   {no_reloc}
  0x0000023b8c8f9ec0: 0f1f 4400 

  0x0000023b8c8f9ec4: ;   {static_stub}
  0x0000023b8c8f9ec4: 0048 bb00 | 0000 0000 

  0x0000023b8c8f9ecc: ;   {runtime_call nmethod}
  0x0000023b8c8f9ecc: 0000 00e9 | fbff ffff 

  0x0000023b8c8f9ed4: ;   {static_stub}
  0x0000023b8c8f9ed4: 48bb 0000 | 0000 0000 

  0x0000023b8c8f9edc: ;   {runtime_call nmethod}
  0x0000023b8c8f9edc: 0000 e9fb 

  0x0000023b8c8f9ee0: ;   {static_stub}
  0x0000023b8c8f9ee0: ffff ff48 | bb00 0000 | 0000 0000 

  0x0000023b8c8f9eec: ;   {runtime_call nmethod}
  0x0000023b8c8f9eec: 00e9 fbff 

  0x0000023b8c8f9ef0: ;   {static_stub}
  0x0000023b8c8f9ef0: ffff 48bb | d84b 43ba | 3b02 0000 

  0x0000023b8c8f9efc: ;   {runtime_call I2C/C2I adapters}
  0x0000023b8c8f9efc: e96a 12b7 

  0x0000023b8c8f9f00: ;   {runtime_call handle_exception_from_callee Runtime1 stub}
  0x0000023b8c8f9f00: 0fe8 7ae9 

  0x0000023b8c8f9f04: ;   {external_word}
  0x0000023b8c8f9f04: c50f 48b9 | 5063 1c0c | f97f 0000 | 4883 e4f0 

  0x0000023b8c8f9f14: ;   {runtime_call}
  0x0000023b8c8f9f14: 48b8 c0c9 | de0b f97f | 0000 ffd0 

  0x0000023b8c8f9f20: ;   {section_word}
  0x0000023b8c8f9f20: f449 ba21 | 9f8f 8c3b | 0200 0041 

  0x0000023b8c8f9f2c: ;   {runtime_call DeoptimizationBlob}
  0x0000023b8c8f9f2c: 52e9 eede | b70f f4f4 | f4f4 f4f4 
[/MachCode]


Compiled method (c1) 246070 1576       3       java.security.SecureClassLoader::defineClass (16 bytes)
 total in heap  [0x0000023b8c9f2710,0x0000023b8c9f2b10] = 1024
 relocation     [0x0000023b8c9f2870,0x0000023b8c9f28c0] = 80
 main code      [0x0000023b8c9f28c0,0x0000023b8c9f2a18] = 344
 stub code      [0x0000023b8c9f2a18,0x0000023b8c9f2a68] = 80
 metadata       [0x0000023b8c9f2a68,0x0000023b8c9f2a70] = 8
 scopes data    [0x0000023b8c9f2a70,0x0000023b8c9f2ab8] = 72
 scopes pcs     [0x0000023b8c9f2ab8,0x0000023b8c9f2b08] = 80
 dependencies   [0x0000023b8c9f2b08,0x0000023b8c9f2b10] = 8

[Constant Pool (empty)]

[MachCode]
[Entry Point]
  # {method} {0x0000023bba04e0e8} 'defineClass' '(Ljava/lang/String;[BIILjava/security/CodeSource;)Ljava/lang/Class;' in 'java/security/SecureClassLoader'
  # this:     rdx:rdx   = 'java/security/SecureClassLoader'
  # parm0:    r8:r8     = 'java/lang/String'
  # parm1:    r9:r9     = '[B'
  # parm2:    rdi       = int
  # parm3:    rsi       = int
  # parm4:    rcx:rcx   = 'java/security/CodeSource'
  #           [sp+0x80]  (sp of caller)
  0x0000023b8c9f28c0: 448b 5208 | 49bb 0000 | 00ba 3b02 | 0000 4d03 | d34c 3bd0 

  0x0000023b8c9f28d4: ;   {runtime_call ic_miss_stub}
  0x0000023b8c9f28d4: 0f85 a6c0 | a70f 660f | 1f44 0000 
[Verified Entry Point]
  0x0000023b8c9f28e0: 8984 2400 | 80ff ff55 | 4883 ec70 | 4181 7f20 | 0100 0000 

  0x0000023b8c9f28f4: ;   {runtime_call StubRoutines (final stubs)}
  0x0000023b8c9f28f4: 7405 e8e5 

  0x0000023b8c9f28f8: ;   {metadata(method data for {method} {0x0000023bba04e0e8} 'defineClass' '(Ljava/lang/String;[BIILjava/security/CodeSource;)Ljava/lang/Class;' in 'java/security/SecureClassLoader')}
  0x0000023b8c9f28f8: 59a6 0f48 | bb80 9a19 | fb3b 0200 | 008b 83cc | 0000 0083 | c002 8983 | cc00 0000 | 25fe 0700 
  0x0000023b8c9f2918: 0085 c00f | 8496 0000 | 0089 7424 | 5c89 7c24 | 584c 894c | 2450 4c89 | 4424 4848 

  0x0000023b8c9f2934: ;   {metadata(method data for {method} {0x0000023bba04e0e8} 'defineClass' '(Ljava/lang/String;[BIILjava/security/CodeSource;)Ljava/lang/Class;' in 'java/security/SecureClassLoader')}
  0x0000023b8c9f2934: 8bda 48b8 | 809a 19fb | 3b02 0000 | 4883 8010 | 0100 0001 | 4c8b c148 | 8bc2 488b | d048 8944 
  0x0000023b8c9f2954: ;   {optimized virtual_call}
  0x0000023b8c9f2954: 2440 90e8 

  0x0000023b8c9f2958: ; ImmutableOopMap {[64]=Oop [72]=Oop [80]=Oop }
                      ;*invokevirtual getProtectionDomain {reexecute=0 rethrow=0 return_oop=0}
                      ; - java.security.SecureClassLoader::defineClass@9
  0x0000023b8c9f2958: 4458 f0ff 

  0x0000023b8c9f295c: ;   {other}
  0x0000023b8c9f295c: 0f1f 8400 | 4c02 0000 | 488b 5424 

  0x0000023b8c9f2968: ;   {metadata(method data for {method} {0x0000023bba04e0e8} 'defineClass' '(Ljava/lang/String;[BIILjava/security/CodeSource;)Ljava/lang/Class;' in 'java/security/SecureClassLoader')}
  0x0000023b8c9f2968: 4049 b880 | 9a19 fb3b | 0200 0049 | 8380 4801 | 0000 014c | 8b44 2448 | 4c8b 4c24 | 508b 7c24 
  0x0000023b8c9f2988: 588b 7424 | 5c48 8bc8 | 488b 5424 

  0x0000023b8c9f2994: ;   {optimized virtual_call}
  0x0000023b8c9f2994: 4066 90e8 

  0x0000023b8c9f2998: ; ImmutableOopMap {}
                      ;*invokevirtual defineClass {reexecute=0 rethrow=0 return_oop=0}
                      ; - java.security.SecureClassLoader::defineClass@12
  0x0000023b8c9f2998: a470 f0ff 

  0x0000023b8c9f299c: ;   {other}
  0x0000023b8c9f299c: 0f1f 8400 | 8c02 0001 | 4883 c470 

  0x0000023b8c9f29a8: ;   {poll_return}
  0x0000023b8c9f29a8: 5d49 3ba7 | 5004 0000 | 0f87 2200 

  0x0000023b8c9f29b4: ;   {metadata({method} {0x0000023bba04e0e8} 'defineClass' '(Ljava/lang/String;[BIILjava/security/CodeSource;)Ljava/lang/Class;' in 'java/security/SecureClassLoader')}
  0x0000023b8c9f29b4: 0000 c349 | bae0 e004 | ba3b 0200 | 004c 8954 | 2408 48c7 | 0424 ffff 

  0x0000023b8c9f29cc: ;   {runtime_call counter_overflow Runtime1 stub}
  0x0000023b8c9f29cc: ffff e82d 

  0x0000023b8c9f29d0: ; ImmutableOopMap {rdx=Oop r8=Oop r9=Oop rcx=Oop }
                      ;*synchronization entry
                      ; - java.security.SecureClassLoader::defineClass@-1
  0x0000023b8c9f29d0: 9bb6 0fe9 | 49ff ffff 

  0x0000023b8c9f29d8: ;   {internal_word}
  0x0000023b8c9f29d8: 49ba a929 | 9f8c 3b02 | 0000 4d89 | 9768 0400 

  0x0000023b8c9f29e8: ;   {runtime_call SafepointBlob}
  0x0000023b8c9f29e8: 00e9 923f | a80f 498b | 8700 0500 | 0049 c787 | 0005 0000 | 0000 0000 | 49c7 8708 | 0500 0000 
  0x0000023b8c9f2a08: 0000 0048 | 83c4 705d 

  0x0000023b8c9f2a10: ;   {runtime_call unwind_exception Runtime1 stub}
  0x0000023b8c9f2a10: e96b 29b6 | 0ff4 f4f4 
[Stub Code]
  0x0000023b8c9f2a18: ;   {no_reloc}
  0x0000023b8c9f2a18: 48bb 0000 | 0000 0000 

  0x0000023b8c9f2a20: ;   {runtime_call nmethod}
  0x0000023b8c9f2a20: 0000 e9fb 

  0x0000023b8c9f2a24: ;   {static_stub}
  0x0000023b8c9f2a24: ffff ff48 | bb00 0000 | 0000 0000 

  0x0000023b8c9f2a30: ;   {runtime_call nmethod}
  0x0000023b8c9f2a30: 00e9 fbff 

  0x0000023b8c9f2a34: ;   {runtime_call handle_exception_from_callee Runtime1 stub}
  0x0000023b8c9f2a34: ffff e845 

  0x0000023b8c9f2a38: ;   {external_word}
  0x0000023b8c9f2a38: 5eb6 0f48 | b950 631c | 0cf9 7f00 | 0048 83e4 

  0x0000023b8c9f2a48: ;   {runtime_call}
  0x0000023b8c9f2a48: f048 b8c0 | c9de 0bf9 | 7f00 00ff 

  0x0000023b8c9f2a54: ;   {section_word}
  0x0000023b8c9f2a54: d0f4 49ba | 562a 9f8c | 3b02 0000 

  0x0000023b8c9f2a60: ;   {runtime_call DeoptimizationBlob}
  0x0000023b8c9f2a60: 4152 e9b9 | 53a8 0ff4 
[/MachCode]


---------------  P R O C E S S  ---------------

Threads class SMR info:
_java_thread_list=0x0000023b8010c180, length=21, elements={
0x0000023b894f07c0, 0x0000023bb8f10430, 0x0000023bb8f13310, 0x0000023bb8f15290,
0x0000023bb8f17d00, 0x0000023bb8f18760, 0x0000023bb8f191c0, 0x0000023bb8f19f50,
0x0000023bb8f1bc60, 0x0000023bb98987b0, 0x0000023bb991c640, 0x0000023b80024c20,
0x0000023b80f2fa70, 0x0000023b80745620, 0x0000023b80cfd9b0, 0x0000023b8031b770,
0x0000023bb9757720, 0x0000023bb99a6e60, 0x0000023bb996d450, 0x0000023bb996ba10,
0x0000023bb996c0a0
}

Java Threads: ( => current thread )
  0x0000023b894f07c0 JavaThread "main"                              [_thread_blocked, id=38776, stack(0x000000cb75700000,0x000000cb75800000) (1024K)]
  0x0000023bb8f10430 JavaThread "Reference Handler"          daemon [_thread_blocked, id=40784, stack(0x000000cb76000000,0x000000cb76100000) (1024K)]
  0x0000023bb8f13310 JavaThread "Finalizer"                  daemon [_thread_blocked, id=40788, stack(0x000000cb76100000,0x000000cb76200000) (1024K)]
  0x0000023bb8f15290 JavaThread "Signal Dispatcher"          daemon [_thread_blocked, id=40792, stack(0x000000cb76200000,0x000000cb76300000) (1024K)]
  0x0000023bb8f17d00 JavaThread "Attach Listener"            daemon [_thread_blocked, id=40796, stack(0x000000cb76300000,0x000000cb76400000) (1024K)]
  0x0000023bb8f18760 JavaThread "Service Thread"             daemon [_thread_blocked, id=40800, stack(0x000000cb76400000,0x000000cb76500000) (1024K)]
  0x0000023bb8f191c0 JavaThread "Monitor Deflation Thread"   daemon [_thread_blocked, id=40804, stack(0x000000cb76500000,0x000000cb76600000) (1024K)]
  0x0000023bb8f19f50 JavaThread "C2 CompilerThread0"         daemon [_thread_blocked, id=40808, stack(0x000000cb76600000,0x000000cb76700000) (1024K)]
  0x0000023bb8f1bc60 JavaThread "C1 CompilerThread0"         daemon [_thread_blocked, id=41080, stack(0x000000cb76700000,0x000000cb76800000) (1024K)]
  0x0000023bb98987b0 JavaThread "Common-Cleaner"             daemon [_thread_blocked, id=41388, stack(0x000000cb76800000,0x000000cb76900000) (1024K)]
  0x0000023bb991c640 JavaThread "Notification Thread"        daemon [_thread_blocked, id=41408, stack(0x000000cb76900000,0x000000cb76a00000) (1024K)]
  0x0000023b80024c20 JavaThread "Daemon health stats"               [_thread_blocked, id=29448, stack(0x000000cb75800000,0x000000cb75900000) (1024K)]
  0x0000023b80f2fa70 JavaThread "Incoming local TCP Connector on port 53056"        [_thread_in_native, id=1848, stack(0x000000cb76f00000,0x000000cb77000000) (1024K)]
  0x0000023b80745620 JavaThread "Daemon periodic checks"            [_thread_in_native, id=34448, stack(0x000000cb75600000,0x000000cb75700000) (1024K)]
  0x0000023b80cfd9b0 JavaThread "Daemon"                            [_thread_blocked, id=28832, stack(0x000000cb77200000,0x000000cb77300000) (1024K)]
  0x0000023b8031b770 JavaThread "Handler for socket connection from /127.0.0.1:53056 to /127.0.0.1:60410"        [_thread_in_native, id=38764, stack(0x000000cb77300000,0x000000cb77400000) (1024K)]
  0x0000023bb9757720 JavaThread "Cancel handler"                    [_thread_blocked, id=37920, stack(0x000000cb77400000,0x000000cb77500000) (1024K)]
=>0x0000023bb99a6e60 JavaThread "Daemon worker"                     [_thread_in_vm, id=41900, stack(0x000000cb77100000,0x000000cb77200000) (1024K)]
  0x0000023bb996d450 JavaThread "Asynchronous log dispatcher for DefaultDaemonConnection: socket connection from /127.0.0.1:53056 to /127.0.0.1:60410"        [_thread_blocked, id=43172, stack(0x000000cb77000000,0x000000cb77100000) (1024K)]
  0x0000023bb996ba10 JavaThread "Stdin handler"                     [_thread_blocked, id=2580, stack(0x000000cb77500000,0x000000cb77600000) (1024K)]
  0x0000023bb996c0a0 JavaThread "Daemon client event forwarder"        [_thread_blocked, id=36908, stack(0x000000cb77600000,0x000000cb77700000) (1024K)]
Total: 21

Other Threads:
  0x0000023bb8ef78c0 VMThread "VM Thread"                           [id=40000, stack(0x000000cb75f00000,0x000000cb76000000) (1024K)] _threads_hazard_ptr=0x0000023b8010c180
  0x0000023bb8ee46b0 WatcherThread "VM Periodic Task Thread"        [id=39900, stack(0x000000cb75e00000,0x000000cb75f00000) (1024K)]
  0x0000023b89596db0 WorkerThread "GC Thread#0"                     [id=39032, stack(0x000000cb75900000,0x000000cb75a00000) (1024K)]
  0x0000023bb99c93b0 WorkerThread "GC Thread#1"                     [id=34260, stack(0x000000cb76a00000,0x000000cb76b00000) (1024K)]
  0x0000023bb99c9760 WorkerThread "GC Thread#2"                     [id=10192, stack(0x000000cb76b00000,0x000000cb76c00000) (1024K)]
  0x0000023bb99c9b10 WorkerThread "GC Thread#3"                     [id=19996, stack(0x000000cb76c00000,0x000000cb76d00000) (1024K)]
  0x0000023bff1b1c50 WorkerThread "GC Thread#4"                     [id=14340, stack(0x000000cb76d00000,0x000000cb76e00000) (1024K)]
  0x0000023bff1b2000 WorkerThread "GC Thread#5"                     [id=13324, stack(0x000000cb76e00000,0x000000cb76f00000) (1024K)]
  0x0000023b895a7da0 ConcurrentGCThread "G1 Main Marker"            [id=39036, stack(0x000000cb75a00000,0x000000cb75b00000) (1024K)]
  0x0000023b895a98c0 WorkerThread "G1 Conc#0"                       [id=39040, stack(0x000000cb75b00000,0x000000cb75c00000) (1024K)]
  0x0000023bb8db3180 ConcurrentGCThread "G1 Refine#0"               [id=39076, stack(0x000000cb75c00000,0x000000cb75d00000) (1024K)]
  0x0000023bb8db3d00 ConcurrentGCThread "G1 Service"                [id=39080, stack(0x000000cb75d00000,0x000000cb75e00000) (1024K)]
Total: 12

Threads with active compile tasks:
Total: 0

VM state: synchronizing (normal execution)

VM Mutex/Monitor currently owned by a thread:  ([mutex/lock_event])
[0x00007ff90c47d530] Metaspace_lock - owner thread: 0x0000023bb99a6e60
[0x00007ff90c47f5b0] Threads_lock - owner thread: 0x0000023bb8ef78c0

Heap address: 0x0000000600000000, size: 8192 MB, Compressed Oops mode: Zero based, Oop shift amount: 3

CDS archive(s) mapped at: [0x0000023bba000000-0x0000023bbaba0000-0x0000023bbaba0000), size 12189696, SharedBaseAddress: 0x0000023bba000000, ArchiveRelocationMode: 1.
Compressed class space mapped at: 0x0000023bbb000000-0x0000023bfb000000, reserved size: 1073741824
Narrow klass base: 0x0000023bba000000, Narrow klass shift: 0, Narrow klass range: 0x100000000

GC Precious Log:
 CardTable entry size: 512
 Card Set container configuration: InlinePtr #cards 4 size 8 Array Of Cards #cards 32 size 80 Howl #buckets 8 coarsen threshold 7372 Howl Bitmap #cards 1024 size 144 coarsen threshold 921 Card regions per heap region 1 cards per card region 8192
 CPUs: 8 total, 8 available
 Memory: 16082M
 Large Page Support: Disabled
 NUMA Support: Disabled
 Compressed Oops: Enabled (Zero based)
 Heap Region Size: 4M
 Heap Min Capacity: 8M
 Heap Initial Capacity: 252M
 Heap Max Capacity: 8G
 Pre-touch: Disabled
 Parallel Workers: 8
 Concurrent Workers: 2
 Concurrent Refinement Workers: 8
 Periodic GC: Disabled

Heap:
 garbage-first heap   total 258048K, used 89771K [0x0000000600000000, 0x0000000800000000)
  region size 4096K, 23 young (94208K), 2 survivors (8192K)
 Metaspace       used 11038K, committed 11392K, reserved 1114112K
  class space    used 1475K, committed 1664K, reserved 1048576K

Heap Regions: E=young(eden), S=young(survivor), O=old, HS=humongous(starts), HC=humongous(continues), CS=collection set, F=free, TAMS=top-at-mark-start, PB=parsable bottom
|   0|0x0000000600000000, 0x0000000600400000, 0x0000000600400000|100%|HS|  |TAMS 0x0000000600000000| PB 0x0000000600000000| Complete 
|   1|0x0000000600400000, 0x0000000600400000, 0x0000000600800000|  0%| F|  |TAMS 0x0000000600400000| PB 0x0000000600400000| Untracked 
|   2|0x0000000600800000, 0x0000000600800000, 0x0000000600c00000|  0%| F|  |TAMS 0x0000000600800000| PB 0x0000000600800000| Untracked 
|   3|0x0000000600c00000, 0x0000000600c00000, 0x0000000601000000|  0%| F|  |TAMS 0x0000000600c00000| PB 0x0000000600c00000| Untracked 
|   4|0x0000000601000000, 0x0000000601000000, 0x0000000601400000|  0%| F|  |TAMS 0x0000000601000000| PB 0x0000000601000000| Untracked 
|   5|0x0000000601400000, 0x0000000601400000, 0x0000000601800000|  0%| F|  |TAMS 0x0000000601400000| PB 0x0000000601400000| Untracked 
|   6|0x0000000601800000, 0x0000000601800000, 0x0000000601c00000|  0%| F|  |TAMS 0x0000000601800000| PB 0x0000000601800000| Untracked 
|   7|0x0000000601c00000, 0x0000000601c00000, 0x0000000602000000|  0%| F|  |TAMS 0x0000000601c00000| PB 0x0000000601c00000| Untracked 
|   8|0x0000000602000000, 0x0000000602000000, 0x0000000602400000|  0%| F|  |TAMS 0x0000000602000000| PB 0x0000000602000000| Untracked 
|   9|0x0000000602400000, 0x0000000602400000, 0x0000000602800000|  0%| F|  |TAMS 0x0000000602400000| PB 0x0000000602400000| Untracked 
|  10|0x0000000602800000, 0x0000000602800000, 0x0000000602c00000|  0%| F|  |TAMS 0x0000000602800000| PB 0x0000000602800000| Untracked 
|  11|0x0000000602c00000, 0x0000000602c00000, 0x0000000603000000|  0%| F|  |TAMS 0x0000000602c00000| PB 0x0000000602c00000| Untracked 
|  12|0x0000000603000000, 0x0000000603000000, 0x0000000603400000|  0%| F|  |TAMS 0x0000000603000000| PB 0x0000000603000000| Untracked 
|  13|0x0000000603400000, 0x0000000603400000, 0x0000000603800000|  0%| F|  |TAMS 0x0000000603400000| PB 0x0000000603400000| Untracked 
|  14|0x0000000603800000, 0x0000000603800000, 0x0000000603c00000|  0%| F|  |TAMS 0x0000000603800000| PB 0x0000000603800000| Untracked 
|  15|0x0000000603c00000, 0x0000000603c00000, 0x0000000604000000|  0%| F|  |TAMS 0x0000000603c00000| PB 0x0000000603c00000| Untracked 
|  16|0x0000000604000000, 0x0000000604000000, 0x0000000604400000|  0%| F|  |TAMS 0x0000000604000000| PB 0x0000000604000000| Untracked 
|  17|0x0000000604400000, 0x0000000604400000, 0x0000000604800000|  0%| F|  |TAMS 0x0000000604400000| PB 0x0000000604400000| Untracked 
|  18|0x0000000604800000, 0x0000000604800000, 0x0000000604c00000|  0%| F|  |TAMS 0x0000000604800000| PB 0x0000000604800000| Untracked 
|  19|0x0000000604c00000, 0x0000000604c00000, 0x0000000605000000|  0%| F|  |TAMS 0x0000000604c00000| PB 0x0000000604c00000| Untracked 
|  20|0x0000000605000000, 0x0000000605000000, 0x0000000605400000|  0%| F|  |TAMS 0x0000000605000000| PB 0x0000000605000000| Untracked 
|  21|0x0000000605400000, 0x0000000605400000, 0x0000000605800000|  0%| F|  |TAMS 0x0000000605400000| PB 0x0000000605400000| Untracked 
|  22|0x0000000605800000, 0x0000000605800000, 0x0000000605c00000|  0%| F|  |TAMS 0x0000000605800000| PB 0x0000000605800000| Untracked 
|  23|0x0000000605c00000, 0x0000000605c00000, 0x0000000606000000|  0%| F|  |TAMS 0x0000000605c00000| PB 0x0000000605c00000| Untracked 
|  24|0x0000000606000000, 0x0000000606000000, 0x0000000606400000|  0%| F|  |TAMS 0x0000000606000000| PB 0x0000000606000000| Untracked 
|  25|0x0000000606400000, 0x0000000606400000, 0x0000000606800000|  0%| F|  |TAMS 0x0000000606400000| PB 0x0000000606400000| Untracked 
|  26|0x0000000606800000, 0x0000000606800000, 0x0000000606c00000|  0%| F|  |TAMS 0x0000000606800000| PB 0x0000000606800000| Untracked 
|  27|0x0000000606c00000, 0x0000000606c00000, 0x0000000607000000|  0%| F|  |TAMS 0x0000000606c00000| PB 0x0000000606c00000| Untracked 
|  28|0x0000000607000000, 0x0000000607000000, 0x0000000607400000|  0%| F|  |TAMS 0x0000000607000000| PB 0x0000000607000000| Untracked 
|  29|0x0000000607400000, 0x0000000607400000, 0x0000000607800000|  0%| F|  |TAMS 0x0000000607400000| PB 0x0000000607400000| Untracked 
|  30|0x0000000607800000, 0x0000000607800000, 0x0000000607c00000|  0%| F|  |TAMS 0x0000000607800000| PB 0x0000000607800000| Untracked 
|  31|0x0000000607c00000, 0x0000000607c00000, 0x0000000608000000|  0%| F|  |TAMS 0x0000000607c00000| PB 0x0000000607c00000| Untracked 
|  32|0x0000000608000000, 0x0000000608000000, 0x0000000608400000|  0%| F|  |TAMS 0x0000000608000000| PB 0x0000000608000000| Untracked 
|  33|0x0000000608400000, 0x0000000608400000, 0x0000000608800000|  0%| F|  |TAMS 0x0000000608400000| PB 0x0000000608400000| Untracked 
|  34|0x0000000608800000, 0x0000000608800000, 0x0000000608c00000|  0%| F|  |TAMS 0x0000000608800000| PB 0x0000000608800000| Untracked 
|  35|0x0000000608c00000, 0x0000000608c00000, 0x0000000609000000|  0%| F|  |TAMS 0x0000000608c00000| PB 0x0000000608c00000| Untracked 
|  36|0x0000000609000000, 0x0000000609000000, 0x0000000609400000|  0%| F|  |TAMS 0x0000000609000000| PB 0x0000000609000000| Untracked 
|  37|0x0000000609400000, 0x0000000609400000, 0x0000000609800000|  0%| F|  |TAMS 0x0000000609400000| PB 0x0000000609400000| Untracked 
|  38|0x0000000609800000, 0x0000000609800000, 0x0000000609c00000|  0%| F|  |TAMS 0x0000000609800000| PB 0x0000000609800000| Untracked 
|  39|0x0000000609c00000, 0x0000000609c00000, 0x000000060a000000|  0%| F|  |TAMS 0x0000000609c00000| PB 0x0000000609c00000| Untracked 
|  40|0x000000060a000000, 0x000000060a400000, 0x000000060a400000|100%| E|  |TAMS 0x000000060a000000| PB 0x000000060a000000| Complete 
|  41|0x000000060a400000, 0x000000060a800000, 0x000000060a800000|100%| E|CS|TAMS 0x000000060a400000| PB 0x000000060a400000| Complete 
|  42|0x000000060a800000, 0x000000060ac00000, 0x000000060ac00000|100%| E|CS|TAMS 0x000000060a800000| PB 0x000000060a800000| Complete 
|  43|0x000000060ac00000, 0x000000060b000000, 0x000000060b000000|100%| E|CS|TAMS 0x000000060ac00000| PB 0x000000060ac00000| Complete 
|  44|0x000000060b000000, 0x000000060b400000, 0x000000060b400000|100%| E|CS|TAMS 0x000000060b000000| PB 0x000000060b000000| Complete 
|  45|0x000000060b400000, 0x000000060b800000, 0x000000060b800000|100%| E|CS|TAMS 0x000000060b400000| PB 0x000000060b400000| Complete 
|  46|0x000000060b800000, 0x000000060bc00000, 0x000000060bc00000|100%| E|CS|TAMS 0x000000060b800000| PB 0x000000060b800000| Complete 
|  47|0x000000060bc00000, 0x000000060c000000, 0x000000060c000000|100%| E|CS|TAMS 0x000000060bc00000| PB 0x000000060bc00000| Complete 
|  48|0x000000060c000000, 0x000000060c400000, 0x000000060c400000|100%| E|CS|TAMS 0x000000060c000000| PB 0x000000060c000000| Complete 
|  49|0x000000060c400000, 0x000000060c800000, 0x000000060c800000|100%| E|CS|TAMS 0x000000060c400000| PB 0x000000060c400000| Complete 
|  50|0x000000060c800000, 0x000000060cbaae88, 0x000000060cc00000| 91%| S|CS|TAMS 0x000000060c800000| PB 0x000000060c800000| Complete 
|  51|0x000000060cc00000, 0x000000060d000000, 0x000000060d000000|100%| S|CS|TAMS 0x000000060cc00000| PB 0x000000060cc00000| Complete 
|  52|0x000000060d000000, 0x000000060d400000, 0x000000060d400000|100%| E|CS|TAMS 0x000000060d000000| PB 0x000000060d000000| Complete 
|  53|0x000000060d400000, 0x000000060d800000, 0x000000060d800000|100%| E|CS|TAMS 0x000000060d400000| PB 0x000000060d400000| Complete 
|  54|0x000000060d800000, 0x000000060dc00000, 0x000000060dc00000|100%| E|CS|TAMS 0x000000060d800000| PB 0x000000060d800000| Complete 
|  55|0x000000060dc00000, 0x000000060e000000, 0x000000060e000000|100%| E|  |TAMS 0x000000060dc00000| PB 0x000000060dc00000| Complete 
|  56|0x000000060e000000, 0x000000060e400000, 0x000000060e400000|100%| E|CS|TAMS 0x000000060e000000| PB 0x000000060e000000| Complete 
|  57|0x000000060e400000, 0x000000060e800000, 0x000000060e800000|100%| E|CS|TAMS 0x000000060e400000| PB 0x000000060e400000| Complete 
|  58|0x000000060e800000, 0x000000060ec00000, 0x000000060ec00000|100%| E|CS|TAMS 0x000000060e800000| PB 0x000000060e800000| Complete 
|  59|0x000000060ec00000, 0x000000060f000000, 0x000000060f000000|100%| E|CS|TAMS 0x000000060ec00000| PB 0x000000060ec00000| Complete 
|  60|0x000000060f000000, 0x000000060f400000, 0x000000060f400000|100%| E|CS|TAMS 0x000000060f000000| PB 0x000000060f000000| Complete 
|  61|0x000000060f400000, 0x000000060f800000, 0x000000060f800000|100%| E|CS|TAMS 0x000000060f400000| PB 0x000000060f400000| Complete 
|  62|0x000000060f800000, 0x000000060fc00000, 0x000000060fc00000|100%| E|CS|TAMS 0x000000060f800000| PB 0x000000060f800000| Complete 

Card table byte_map: [0x0000023badc40000,0x0000023baec40000] _byte_map_base: 0x0000023baac40000

Marking Bits: (CMBitMap*) 0x0000023b895974c0
 Bits: [0x0000023baec40000, 0x0000023bb6c40000)

Polling page: 0x0000023b87330000

Metaspace:

Usage:
  Non-class:      9.34 MB used.
      Class:      1.44 MB used.
       Both:     10.78 MB used.

Virtual space:
  Non-class space:       64.00 MB reserved,       9.50 MB ( 15%) committed,  1 nodes.
      Class space:        1.00 GB reserved,       1.62 MB ( <1%) committed,  1 nodes.
             Both:        1.06 GB reserved,      11.12 MB (  1%) committed. 

Chunk freelists:
   Non-Class:  6.17 MB
       Class:  14.41 MB
        Both:  20.58 MB

MaxMetaspaceSize: 4.00 GB
CompressedClassSpaceSize: 1.00 GB
Initial GC threshold: 21.00 MB
Current GC threshold: 21.00 MB
CDS: on
 - commit_granule_bytes: 65536.
 - commit_granule_words: 8192.
 - virtual_space_node_default_size: 8388608.
 - enlarge_chunks_in_place: 1.
 - use_allocation_guard: 0.


Internal statistics:

num_allocs_failed_limit: 0.
num_arena_births: 308.
num_arena_deaths: 0.
num_vsnodes_births: 2.
num_vsnodes_deaths: 0.
num_space_committed: 178.
num_space_uncommitted: 0.
num_chunks_returned_to_freelist: 0.
num_chunks_taken_from_freelist: 630.
num_chunk_merges: 0.
num_chunk_splits: 405.
num_chunks_enlarged: 280.
num_inconsistent_stats: 0.

CodeHeap 'non-profiled nmethods': size=259264Kb used=1485Kb max_used=1485Kb free=257778Kb
 bounds [0x0000023b9c9c0000, 0x0000023b9cc30000, 0x0000023bac6f0000]
CodeHeap 'profiled nmethods': size=259264Kb used=5741Kb max_used=5741Kb free=253522Kb
 bounds [0x0000023b8c6f0000, 0x0000023b8cc90000, 0x0000023b9c420000]
CodeHeap 'non-nmethods': size=5760Kb used=1499Kb max_used=1515Kb free=4260Kb
 bounds [0x0000023b9c420000, 0x0000023b9c690000, 0x0000023b9c9c0000]
CodeCache: size=524288Kb, used=8725Kb, max_used=8741Kb, free=515560Kb
 total_blobs=3509, nmethods=2975, adapters=438, full_count=0
Compilation: enabled, stopped_count=0, restarted_count=0

Compilation events (20 events):
Event: 241.721 Thread 0x0000023bb8f1bc60 2965       3       java.text.DecimalFormat::subformatNumber (1173 bytes)
Event: 241.727 Thread 0x0000023bb8f1bc60 nmethod 2965 0x0000023b8cc7c690 code [0x0000023b8cc7cd00, 0x0000023b8cc82430]
Event: 241.841 Thread 0x0000023bb8f1bc60 2966       3       java.lang.WeakPairMap$Pair::equals (34 bytes)
Event: 241.841 Thread 0x0000023bb8f1bc60 nmethod 2966 0x0000023b8cc84a10 code [0x0000023b8cc84be0, 0x0000023b8cc84f50]
Event: 241.903 Thread 0x0000023bb8f1bc60 2967       1       org.gradle.internal.service.ServiceAccess$1::contains (2 bytes)
Event: 241.904 Thread 0x0000023bb8f1bc60 nmethod 2967 0x0000023b9cb31810 code [0x0000023b9cb319a0, 0x0000023b9cb31a68]
Event: 241.906 Thread 0x0000023bb8f1bc60 2968       3       java.lang.invoke.DelegatingMethodHandle::makeReinvokerForm (10 bytes)
Event: 241.906 Thread 0x0000023bb8f1bc60 nmethod 2968 0x0000023b8cc85090 code [0x0000023b8cc85240, 0x0000023b8cc85368]
Event: 241.906 Thread 0x0000023bb8f1bc60 2969       3       java.lang.invoke.DelegatingMethodHandle::whichKind (44 bytes)
Event: 241.906 Thread 0x0000023bb8f1bc60 nmethod 2969 0x0000023b8cc85410 code [0x0000023b8cc855c0, 0x0000023b8cc85798]
Event: 241.906 Thread 0x0000023bb8f1bc60 2970       3       java.lang.invoke.ClassSpecializer$SpeciesData::factory (14 bytes)
Event: 241.906 Thread 0x0000023bb8f1bc60 nmethod 2970 0x0000023b8cc85810 code [0x0000023b8cc859c0, 0x0000023b8cc85c98]
Event: 241.907 Thread 0x0000023bb8f19f50 2971       4       java.lang.StringBuilder::append (8 bytes)
Event: 241.920 Thread 0x0000023bb8f19f50 nmethod 2971 0x0000023b9cb31b10 code [0x0000023b9cb31d00, 0x0000023b9cb327f8]
Event: 242.241 Thread 0x0000023bb8f19f50 2972       4       java.lang.ClassLoader::getClassLoadingLock (35 bytes)
Event: 242.243 Thread 0x0000023bb8f19f50 nmethod 2972 0x0000023b9cb32d10 code [0x0000023b9cb32ea0, 0x0000023b9cb33000]
Event: 242.243 Thread 0x0000023bb8f19f50 2973       4       java.util.ArrayDeque::pollFirst (36 bytes)
Event: 242.245 Thread 0x0000023bb8f19f50 nmethod 2973 0x0000023b9cb33110 code [0x0000023b9cb332a0, 0x0000023b9cb333f0]
Event: 242.245 Thread 0x0000023bb8f1bc60 2974       3       sun.nio.fs.WindowsPath::elementAsString (62 bytes)
Event: 242.245 Thread 0x0000023bb8f1bc60 nmethod 2974 0x0000023b8cc85d90 code [0x0000023b8cc85fa0, 0x0000023b8cc86458]

GC Heap History (4 events):
Event: 18.636 GC heap before
{Heap before GC invocations=0 (full 0):
 garbage-first heap   total 258048K, used 20480K [0x0000000600000000, 0x0000000800000000)
  region size 4096K, 5 young (20480K), 0 survivors (0K)
 Metaspace       used 883K, committed 1024K, reserved 1114112K
  class space    used 72K, committed 128K, reserved 1048576K
}
Event: 19.203 GC heap after
{Heap after GC invocations=1 (full 0):
 garbage-first heap   total 258048K, used 1535K [0x0000000600000000, 0x0000000800000000)
  region size 4096K, 1 young (4096K), 1 survivors (4096K)
 Metaspace       used 883K, committed 1024K, reserved 1114112K
  class space    used 72K, committed 128K, reserved 1048576K
}
Event: 48.443 GC heap before
{Heap before GC invocations=1 (full 0):
 garbage-first heap   total 258048K, used 42495K [0x0000000600000000, 0x0000000800000000)
  region size 4096K, 11 young (45056K), 1 survivors (4096K)
 Metaspace       used 4418K, committed 4608K, reserved 1114112K
  class space    used 556K, committed 640K, reserved 1048576K
}
Event: 48.449 GC heap after
{Heap after GC invocations=2 (full 0):
 garbage-first heap   total 258048K, used 11947K [0x0000000600000000, 0x0000000800000000)
  region size 4096K, 2 young (8192K), 2 survivors (8192K)
 Metaspace       used 4418K, committed 4608K, reserved 1114112K
  class space    used 556K, committed 640K, reserved 1048576K
}

Dll operation events (20 events):
Event: 5.755 Attempting to load shared library C:\Users\Lenovo E14\.vscode\extensions\redhat.java-1.56.0-win32-x64\jre\21.0.12.1-win32-x86_64\bin\nio.dll
Event: 5.755 Loaded shared library C:\Users\Lenovo E14\.vscode\extensions\redhat.java-1.56.0-win32-x64\jre\21.0.12.1-win32-x86_64\bin\nio.dll
Event: 5.771 Attempting to load shared library C:\Users\Lenovo E14\.vscode\extensions\redhat.java-1.56.0-win32-x64\jre\21.0.12.1-win32-x86_64\bin\zip.dll
Event: 5.771 Loaded shared library C:\Users\Lenovo E14\.vscode\extensions\redhat.java-1.56.0-win32-x64\jre\21.0.12.1-win32-x86_64\bin\zip.dll
Event: 25.217 Attempting to load shared library C:\Users\Lenovo E14\.vscode\extensions\redhat.java-1.56.0-win32-x64\jre\21.0.12.1-win32-x86_64\bin\jimage.dll
Event: 25.217 Loaded shared library C:\Users\Lenovo E14\.vscode\extensions\redhat.java-1.56.0-win32-x64\jre\21.0.12.1-win32-x86_64\bin\jimage.dll
Event: 29.083 Attempting to load shared library C:\Users\Lenovo E14\.vscode\extensions\redhat.java-1.56.0-win32-x64\jre\21.0.12.1-win32-x86_64\bin\verify.dll
Event: 29.084 Loaded shared library C:\Users\Lenovo E14\.vscode\extensions\redhat.java-1.56.0-win32-x64\jre\21.0.12.1-win32-x86_64\bin\verify.dll
Event: 29.554 Attempting to load shared library C:\Users\Lenovo E14\.gradle\native\1def1411415f61bf3af743bc5b6707747c0891f09f0c88961ee8f79bc544acac\windows-amd64\native-platform.dll
Event: 29.554 Loaded shared library C:\Users\Lenovo E14\.gradle\native\1def1411415f61bf3af743bc5b6707747c0891f09f0c88961ee8f79bc544acac\windows-amd64\native-platform.dll
Event: 29.569 Attempting to load shared library C:\Users\Lenovo E14\.gradle\native\0.2.7\x86_64-windows-gnu\gradle-fileevents.dll
Event: 31.152 Loaded shared library C:\Users\Lenovo E14\.gradle\native\0.2.7\x86_64-windows-gnu\gradle-fileevents.dll
Event: 70.138 Attempting to load shared library C:\Users\Lenovo E14\.vscode\extensions\redhat.java-1.56.0-win32-x64\jre\21.0.12.1-win32-x86_64\bin\management.dll
Event: 70.144 Loaded shared library C:\Users\Lenovo E14\.vscode\extensions\redhat.java-1.56.0-win32-x64\jre\21.0.12.1-win32-x86_64\bin\management.dll
Event: 70.147 Attempting to load shared library C:\Users\Lenovo E14\.vscode\extensions\redhat.java-1.56.0-win32-x64\jre\21.0.12.1-win32-x86_64\bin\management_ext.dll
Event: 70.151 Loaded shared library C:\Users\Lenovo E14\.vscode\extensions\redhat.java-1.56.0-win32-x64\jre\21.0.12.1-win32-x86_64\bin\management_ext.dll
Event: 72.686 Attempting to load shared library C:\Users\Lenovo E14\.vscode\extensions\redhat.java-1.56.0-win32-x64\jre\21.0.12.1-win32-x86_64\bin\extnet.dll
Event: 72.686 Loaded shared library C:\Users\Lenovo E14\.vscode\extensions\redhat.java-1.56.0-win32-x64\jre\21.0.12.1-win32-x86_64\bin\extnet.dll
Event: 178.727 Attempting to load shared library C:\Users\Lenovo E14\.vscode\extensions\redhat.java-1.56.0-win32-x64\jre\21.0.12.1-win32-x86_64\bin\sunmscapi.dll
Event: 179.453 Loaded shared library C:\Users\Lenovo E14\.vscode\extensions\redhat.java-1.56.0-win32-x64\jre\21.0.12.1-win32-x86_64\bin\sunmscapi.dll

Deoptimization events (20 events):
Event: 241.636 Thread 0x0000023bb99a6e60 Uncommon trap: trap_request=0xffffff3d fr.pc=0x0000023b9ca8b328 relative=0x0000000000000088
Event: 241.636 Thread 0x0000023bb99a6e60 Uncommon trap: reason=unstable_fused_if action=reinterpret pc=0x0000023b9ca8b328 method=java.io.WinNTFileSystem.isLetter(C)Z @ 15 c2
Event: 241.636 Thread 0x0000023bb99a6e60 DEOPT PACKING pc=0x0000023b9ca8b328 sp=0x000000cb771fec20
Event: 241.636 Thread 0x0000023bb99a6e60 DEOPT UNPACKING pc=0x0000023b9c477ba2 sp=0x000000cb771febb8 mode 2
Event: 241.637 Thread 0x0000023bb99a6e60 Uncommon trap: trap_request=0xffffff6e fr.pc=0x0000023b9ca9732c relative=0x00000000000003ec
Event: 241.637 Thread 0x0000023bb99a6e60 Uncommon trap: reason=loop_limit_check action=maybe_recompile pc=0x0000023b9ca9732c method=java.lang.StringLatin1.indexOf([BI[BII)I @ 37 c2
Event: 241.637 Thread 0x0000023bb99a6e60 DEOPT PACKING pc=0x0000023b9ca9732c sp=0x000000cb771fec10
Event: 241.637 Thread 0x0000023bb99a6e60 DEOPT UNPACKING pc=0x0000023b9c477ba2 sp=0x000000cb771feb70 mode 2
Event: 241.650 Thread 0x0000023bb99a6e60 Uncommon trap: trap_request=0xffffffc6 fr.pc=0x0000023b9caef980 relative=0x0000000000000440
Event: 241.650 Thread 0x0000023bb99a6e60 Uncommon trap: reason=bimorphic_or_optimized_type_check action=maybe_recompile pc=0x0000023b9caef980 method=java.util.HashMap.putVal(ILjava/lang/Object;Ljava/lang/Object;ZZ)Ljava/lang/Object; @ 253 c2
Event: 241.650 Thread 0x0000023bb99a6e60 DEOPT PACKING pc=0x0000023b9caef980 sp=0x000000cb771fe940
Event: 241.650 Thread 0x0000023bb99a6e60 DEOPT UNPACKING pc=0x0000023b9c477ba2 sp=0x000000cb771fe8d0 mode 2
Event: 241.652 Thread 0x0000023bb99a6e60 Uncommon trap: trap_request=0xffffffc6 fr.pc=0x0000023b9caef980 relative=0x0000000000000440
Event: 241.652 Thread 0x0000023bb99a6e60 Uncommon trap: reason=bimorphic_or_optimized_type_check action=maybe_recompile pc=0x0000023b9caef980 method=java.util.HashMap.putVal(ILjava/lang/Object;Ljava/lang/Object;ZZ)Ljava/lang/Object; @ 253 c2
Event: 241.652 Thread 0x0000023bb99a6e60 DEOPT PACKING pc=0x0000023b9caef980 sp=0x000000cb771fea30
Event: 241.652 Thread 0x0000023bb99a6e60 DEOPT UNPACKING pc=0x0000023b9c477ba2 sp=0x000000cb771fe9c0 mode 2
Event: 241.834 Thread 0x0000023bb99a6e60 Uncommon trap: trap_request=0xffffffcc fr.pc=0x0000023b9cafc99c relative=0x000000000000035c
Event: 241.834 Thread 0x0000023bb99a6e60 Uncommon trap: reason=intrinsic_or_type_checked_inlining action=make_not_entrant pc=0x0000023b9cafc99c method=java.util.Arrays.copyOf([Ljava/lang/Object;ILjava/lang/Class;)[Ljava/lang/Object; @ 35 c2
Event: 241.834 Thread 0x0000023bb99a6e60 DEOPT PACKING pc=0x0000023b9cafc99c sp=0x000000cb771fe090
Event: 241.834 Thread 0x0000023bb99a6e60 DEOPT UNPACKING pc=0x0000023b9c477ba2 sp=0x000000cb771fe038 mode 2

Classes loaded (20 events):
Event: 180.492 Loading class java/nio/channels/spi/AbstractSelector$1
Event: 180.492 Loading class java/nio/channels/spi/AbstractSelector$1 done
Event: 241.633 Loading class java/util/Collections$UnmodifiableMap$UnmodifiableEntrySet
Event: 241.634 Loading class java/util/Collections$UnmodifiableMap$UnmodifiableEntrySet done
Event: 241.634 Loading class java/util/Collections$UnmodifiableMap$UnmodifiableEntrySet$1
Event: 241.634 Loading class java/util/Collections$UnmodifiableMap$UnmodifiableEntrySet$1 done
Event: 241.635 Loading class java/util/Collections$UnmodifiableMap$UnmodifiableEntrySet$UnmodifiableEntry
Event: 241.635 Loading class java/util/Collections$UnmodifiableMap$UnmodifiableEntrySet$UnmodifiableEntry done
Event: 241.650 Loading class java/lang/invoke/DirectMethodHandle$StaticAccessor
Event: 241.651 Loading class java/lang/invoke/DirectMethodHandle$StaticAccessor done
Event: 241.666 Loading class java/util/concurrent/CountDownLatch
Event: 241.666 Loading class java/util/concurrent/CountDownLatch done
Event: 241.666 Loading class java/util/concurrent/CountDownLatch$Sync
Event: 241.666 Loading class java/util/concurrent/CountDownLatch$Sync done
Event: 241.701 Loading class java/math/BigDecimal
Event: 241.704 Loading class java/math/BigDecimal done
Event: 241.724 Loading class jdk/internal/event/ThreadSleepEvent
Event: 241.892 Loading class sun/reflect/generics/tree/VoidDescriptor
Event: 241.892 Loading class sun/reflect/generics/tree/VoidDescriptor done
Event: 241.996 Loading class jdk/internal/event/ThreadSleepEvent done

Classes unloaded (0 events):
No events

Classes redefined (0 events):
No events

Internal exceptions (20 events):
Event: 63.770 Thread 0x0000023b894f07c0 Exception <a 'java/lang/NoSuchMethodError'{0x000000060d233500}: 'void java.lang.invoke.DirectMethodHandle$Holder.invokeSpecial(java.lang.Object, java.lang.Object, java.lang.Object, java.lang.Object, java.lang.Object)'> (0x000000060d233500) 
thrown [s\src\hotspot\share\interpreter\linkResolver.cpp, line 773]
Event: 64.422 Thread 0x0000023b894f07c0 Exception <a 'java/lang/NoSuchMethodError'{0x000000060c2c0e60}: 'int java.lang.invoke.DelegatingMethodHandle$Holder.reinvoke_L(java.lang.Object)'> (0x000000060c2c0e60) 
thrown [s\src\hotspot\share\interpreter\linkResolver.cpp, line 773]
Event: 69.393 Thread 0x0000023b894f07c0 Exception <a 'java/lang/NoSuchMethodError'{0x000000060bdf3968}: 'java.lang.Object java.lang.invoke.DirectMethodHandle$Holder.invokeVirtual(java.lang.Object, java.lang.Object, java.lang.Object, java.lang.Object, java.lang.Object, java.lang.Object)'> (0x000000060bdf3968) 
thrown [s\src\hotspot\share\interpreter\linkResolver.cpp, line 773]
Event: 70.897 Thread 0x0000023b894f07c0 Exception <a 'java/lang/NoSuchMethodError'{0x000000060bf59bb8}: 'java.lang.Object java.lang.invoke.DirectMethodHandle$Holder.invokeInterface(java.lang.Object, java.lang.Object)'> (0x000000060bf59bb8) 
thrown [s\src\hotspot\share\interpreter\linkResolver.cpp, line 773]
Event: 70.911 Thread 0x0000023b894f07c0 Exception <a 'java/lang/NoSuchMethodError'{0x000000060bf81788}: 'java.lang.Object java.lang.invoke.DirectMethodHandle$Holder.invokeVirtual(java.lang.Object, java.lang.Object, java.lang.Object, java.lang.Object, java.lang.Object)'> (0x000000060bf81788) 
thrown [s\src\hotspot\share\interpreter\linkResolver.cpp, line 773]
Event: 70.916 Thread 0x0000023b894f07c0 Exception <a 'java/lang/NoSuchMethodError'{0x000000060bf94978}: 'java.lang.Object java.lang.invoke.Invokers$Holder.invokeExact_MT(java.lang.Object, java.lang.Object, java.lang.Object, java.lang.Object, java.lang.Object, java.lang.Object)'> (0x000000060bf94978) 
thrown [s\src\hotspot\share\interpreter\linkResolver.cpp, line 773]
Event: 71.237 Thread 0x0000023b894f07c0 Exception <a 'java/lang/NoSuchMethodError'{0x000000060b8d3890}: 'java.lang.Object java.lang.invoke.DelegatingMethodHandle$Holder.reinvoke_L(java.lang.Object, java.lang.Object, java.lang.Object, java.lang.Object, java.lang.Object, java.lang.Object, java.lang.Object, java.lang.Object, java.lang.Object, java.lang.Object, java.lang.Object, java.lang.Object, java.lang.Object, java.lang.Object)'> (0x000000060b8d3890) 
thrown [s\src\hotspot\share\interpreter\linkResolver.cpp, line 773]
Event: 71.248 Thread 0x0000023b894f07c0 Exception <a 'java/lang/NoSuchMethodError'{0x000000060b920810}: 'java.lang.Object java.lang.invoke.DirectMethodHandle$Holder.invokeStatic(java.lang.Object, java.lang.Object, java.lang.Object, java.lang.Object, java.lang.Object, java.lang.Object, java.lang.Object, java.lang.Object, java.lang.Object, java.lang.Object, java.lang.Object, java.lang.Object, java.lang.Object)'> (0x000000060b920810) 
thrown [s\src\hotspot\share\interpreter\linkResolver.cpp, line 773]
Event: 71.251 Thread 0x0000023b894f07c0 Exception <a 'java/lang/NoSuchMethodError'{0x000000060b93fe18}: 'java.lang.Object java.lang.invoke.DirectMethodHandle$Holder.invokeStatic(java.lang.Object, java.lang.Object, java.lang.Object, java.lang.Object, java.lang.Object, java.lang.Object, java.lang.Object, java.lang.Object, java.lang.Object, java.lang.Object, java.lang.Object, java.lang.Object, java.lang.Object, java.lang.Object)'> (0x000000060b93fe18) 
thrown [s\src\hotspot\share\interpreter\linkResolver.cpp, line 773]
Event: 71.257 Thread 0x0000023b894f07c0 Exception <a 'java/lang/NoSuchMethodError'{0x000000060b9603e8}: 'java.lang.Object java.lang.invoke.DirectMethodHandle$Holder.invokeStatic(java.lang.Object, java.lang.Object, java.lang.Object, java.lang.Object, java.lang.Object, java.lang.Object, java.lang.Object, java.lang.Object, java.lang.Object, java.lang.Object, java.lang.Object, java.lang.Object, java.lang.Object, java.lang.Object, java.lang.Object)'> (0x000000060b9603e8) 
thrown [s\src\hotspot\share\interpreter\linkResolver.cpp, line 773]
Event: 71.259 Thread 0x0000023b894f07c0 Exception <a 'java/lang/NoSuchMethodError'{0x000000060b983200}: 'java.lang.Object java.lang.invoke.DirectMethodHandle$Holder.invokeStatic(java.lang.Object, java.lang.Object, java.lang.Object, java.lang.Object, java.lang.Object, java.lang.Object, java.lang.Object, java.lang.Object, java.lang.Object, java.lang.Object, java.lang.Object, java.lang.Object, java.lang.Object, java.lang.Object, java.lang.Object, java.lang.Object)'> (0x000000060b983200) 
thrown [s\src\hotspot\share\interpreter\linkResolver.cpp, lin
Event: 73.098 Thread 0x0000023b894f07c0 Exception <a 'java/lang/NoSuchMethodError'{0x000000060b46cc98}: 'java.lang.Object java.lang.invoke.DirectMethodHandle$Holder.invokeVirtual(java.lang.Object, java.lang.Object, java.lang.Object, java.lang.Object, java.lang.Object, java.lang.Object, java.lang.Object)'> (0x000000060b46cc98) 
thrown [s\src\hotspot\share\interpreter\linkResolver.cpp, line 773]
Event: 73.224 Thread 0x0000023b894f07c0 Exception <a 'java/lang/NoSuchMethodError'{0x000000060b4fda90}: 'java.lang.Object java.lang.invoke.DirectMethodHandle$Holder.invokeVirtual(java.lang.Object, java.lang.Object, java.lang.Object, java.lang.Object, java.lang.Object, java.lang.Object, java.lang.Object, java.lang.Object, java.lang.Object)'> (0x000000060b4fda90) 
thrown [s\src\hotspot\share\interpreter\linkResolver.cpp, line 773]
Event: 73.644 Thread 0x0000023b894f07c0 Exception <a 'java/lang/NoSuchMethodError'{0x000000060b698ff0}: 'java.lang.Object java.lang.invoke.DirectMethodHandle$Holder.invokeStaticInit(java.lang.Object, int, int, int, int)'> (0x000000060b698ff0) 
thrown [s\src\hotspot\share\interpreter\linkResolver.cpp, line 773]
Event: 74.463 Thread 0x0000023b894f07c0 Exception <a 'java/lang/NoSuchMethodError'{0x000000060b768450}: 'java.lang.Object java.lang.invoke.DirectMethodHandle$Holder.invokeStaticInit(java.lang.Object, java.lang.Object, int, int, int, int)'> (0x000000060b768450) 
thrown [s\src\hotspot\share\interpreter\linkResolver.cpp, line 773]
Event: 125.596 Thread 0x0000023b894f07c0 Exception <a 'java/io/IOException'{0x000000060b36fd58}> (0x000000060b36fd58) 
thrown [s\src\hotspot\share\prims\jni.cpp, line 520]
Event: 125.624 Thread 0x0000023b894f07c0 Implicit null exception at 0x0000023b9ca19824 to 0x0000023b9ca19f00
Event: 125.633 Thread 0x0000023b894f07c0 Exception <a 'java/lang/NoSuchMethodError'{0x000000060b3e3648}: 'java.lang.Object java.lang.invoke.DirectMethodHandle$Holder.newInvokeSpecial(java.lang.Object, java.lang.Object, java.lang.Object, java.lang.Object, java.lang.Object)'> (0x000000060b3e3648) 
thrown [s\src\hotspot\share\interpreter\linkResolver.cpp, line 773]
Event: 135.762 Thread 0x0000023b80745620 Implicit null exception at 0x0000023b9ca2ada0 to 0x0000023b9ca2b470
Event: 241.509 Thread 0x0000023b80cfd9b0 Exception <a 'java/lang/NoSuchMethodError'{0x000000060a0683d0}: 'void java.lang.invoke.DirectMethodHandle$Holder.invokeSpecial(java.lang.Object, java.lang.Object, java.lang.Object)'> (0x000000060a0683d0) 
thrown [s\src\hotspot\share\interpreter\linkResolver.cpp, line 773]

ZGC Phase Switch (0 events):
No events

VM Operations (20 events):
Event: 186.840 Executing safepoint VM operation: Cleanup
Event: 186.840 Executing safepoint VM operation: Cleanup done
Event: 187.840 Executing safepoint VM operation: Cleanup
Event: 187.840 Executing safepoint VM operation: Cleanup done
Event: 197.847 Executing safepoint VM operation: Cleanup
Event: 197.847 Executing safepoint VM operation: Cleanup done
Event: 198.847 Executing safepoint VM operation: Cleanup
Event: 198.847 Executing safepoint VM operation: Cleanup done
Event: 202.849 Executing safepoint VM operation: Cleanup
Event: 202.849 Executing safepoint VM operation: Cleanup done
Event: 211.854 Executing safepoint VM operation: Cleanup
Event: 211.854 Executing safepoint VM operation: Cleanup done
Event: 230.863 Executing safepoint VM operation: Cleanup
Event: 230.863 Executing safepoint VM operation: Cleanup done
Event: 237.865 Executing safepoint VM operation: Cleanup
Event: 237.865 Executing safepoint VM operation: Cleanup done
Event: 241.667 Executing non-safepoint VM operation: HandshakeAllThreads (Deoptimize)
Event: 241.667 Executing non-safepoint VM operation: HandshakeAllThreads (Deoptimize) done
Event: 241.667 Executing safepoint VM operation: Cleanup
Event: 241.667 Executing safepoint VM operation: Cleanup done

Memory protections (0 events):
No events

Nmethod flushes (0 events):
No events

Events (20 events):
Event: 3.528 Thread 0x0000023b894f07c0 Thread added: 0x0000023bb8f15290
Event: 3.528 Thread 0x0000023b894f07c0 Thread added: 0x0000023bb8f17d00
Event: 3.528 Thread 0x0000023b894f07c0 Thread added: 0x0000023bb8f18760
Event: 3.528 Thread 0x0000023b894f07c0 Thread added: 0x0000023bb8f191c0
Event: 3.529 Thread 0x0000023b894f07c0 Thread added: 0x0000023bb8f19f50
Event: 3.594 Thread 0x0000023b894f07c0 Thread added: 0x0000023bb8f1bc60
Event: 5.738 Thread 0x0000023b894f07c0 Thread added: 0x0000023bb98987b0
Event: 5.806 Thread 0x0000023b894f07c0 Thread added: 0x0000023bb991c640
Event: 71.227 Thread 0x0000023b894f07c0 Thread added: 0x0000023b80024c20
Event: 74.492 Thread 0x0000023b894f07c0 Thread added: 0x0000023b80f2fa70
Event: 125.643 Thread 0x0000023b894f07c0 Thread added: 0x0000023b80745620
Event: 179.859 Thread 0x0000023b80f2fa70 Thread added: 0x0000023b80cfd9b0
Event: 180.264 Thread 0x0000023b80cfd9b0 Thread added: 0x0000023b8031b770
Event: 180.858 Thread 0x0000023b80cfd9b0 Thread added: 0x0000023bb9757720
Event: 241.463 Thread 0x0000023bb8f19f50 Thread added: 0x0000023b80d2e710
Event: 241.512 Thread 0x0000023b80cfd9b0 Thread added: 0x0000023bb99a6e60
Event: 241.632 Thread 0x0000023b80d2e710 Thread exited: 0x0000023b80d2e710
Event: 241.701 Thread 0x0000023bb99a6e60 Thread added: 0x0000023bb996d450
Event: 241.717 Thread 0x0000023bb99a6e60 Thread added: 0x0000023bb996ba10
Event: 241.825 Thread 0x0000023bb99a6e60 Thread added: 0x0000023bb996c0a0


Dynamic libraries:
0x00007ff6b6000000 - 0x00007ff6b600e000 	C:\Users\Lenovo E14\.vscode\extensions\redhat.java-1.56.0-win32-x64\jre\21.0.12.1-win32-x86_64\bin\java.exe
0x00007ff9bbd10000 - 0x00007ff9bbf28000 	C:\Windows\SYSTEM32\ntdll.dll
0x00007ff9bab90000 - 0x00007ff9bac54000 	C:\Windows\System32\KERNEL32.DLL
0x00007ff9b90f0000 - 0x00007ff9b94c3000 	C:\Windows\System32\KERNELBASE.dll
0x00007ff9b9890000 - 0x00007ff9b99a1000 	C:\Windows\System32\ucrtbase.dll
0x00007ff9569c0000 - 0x00007ff9569d8000 	C:\Users\Lenovo E14\.vscode\extensions\redhat.java-1.56.0-win32-x64\jre\21.0.12.1-win32-x86_64\bin\jli.dll
0x00007ff9bb080000 - 0x00007ff9bb232000 	C:\Windows\System32\USER32.dll
0x00007ff9b97e0000 - 0x00007ff9b9806000 	C:\Windows\System32\win32u.dll
0x00007ff9bb050000 - 0x00007ff9bb079000 	C:\Windows\System32\GDI32.dll
0x00007ff9b96c0000 - 0x00007ff9b97db000 	C:\Windows\System32\gdi32full.dll
0x00007ff9b8e50000 - 0x00007ff9b8eea000 	C:\Windows\System32\msvcp_win.dll
0x00007ff9569a0000 - 0x00007ff9569be000 	C:\Users\Lenovo E14\.vscode\extensions\redhat.java-1.56.0-win32-x64\jre\21.0.12.1-win32-x86_64\bin\VCRUNTIME140.dll
0x00007ff9a7b50000 - 0x00007ff9a7dec000 	C:\Windows\WinSxS\amd64_microsoft.windows.common-controls_6595b64144ccf1df_6.0.22621.6060_none_2712eda17382d24b\COMCTL32.dll
0x00007ff9ba8e0000 - 0x00007ff9ba987000 	C:\Windows\System32\msvcrt.dll
0x00007ff9ba780000 - 0x00007ff9ba7b1000 	C:\Windows\System32\IMM32.DLL
0x00007ff9a8910000 - 0x00007ff9a891c000 	C:\Users\Lenovo E14\.vscode\extensions\redhat.java-1.56.0-win32-x64\jre\21.0.12.1-win32-x86_64\bin\vcruntime140_1.dll
0x00007ff9563f0000 - 0x00007ff95647d000 	C:\Users\Lenovo E14\.vscode\extensions\redhat.java-1.56.0-win32-x64\jre\21.0.12.1-win32-x86_64\bin\msvcp140.dll
0x00007ff90b7c0000 - 0x00007ff90c562000 	C:\Users\Lenovo E14\.vscode\extensions\redhat.java-1.56.0-win32-x64\jre\21.0.12.1-win32-x86_64\bin\server\jvm.dll
0x00007ff9baee0000 - 0x00007ff9baf91000 	C:\Windows\System32\ADVAPI32.dll
0x00007ff9bafa0000 - 0x00007ff9bb048000 	C:\Windows\System32\sechost.dll
0x00007ff9b8e20000 - 0x00007ff9b8e48000 	C:\Windows\System32\bcrypt.dll
0x00007ff9bbb90000 - 0x00007ff9bbca8000 	C:\Windows\System32\RPCRT4.dll
0x00007ff9ba4c0000 - 0x00007ff9ba531000 	C:\Windows\System32\WS2_32.dll
0x00007ff9b85a0000 - 0x00007ff9b85ed000 	C:\Windows\SYSTEM32\POWRPROF.dll
0x00007ff9b23f0000 - 0x00007ff9b2424000 	C:\Windows\SYSTEM32\WINMM.dll
0x00007ff9b2060000 - 0x00007ff9b206a000 	C:\Windows\SYSTEM32\VERSION.dll
0x00007ff9b8530000 - 0x00007ff9b8543000 	C:\Windows\SYSTEM32\UMPDC.dll
0x00007ff9b7e30000 - 0x00007ff9b7e48000 	C:\Windows\SYSTEM32\kernel.appcore.dll
0x00007ff97cd10000 - 0x00007ff97cd1a000 	C:\Users\Lenovo E14\.vscode\extensions\redhat.java-1.56.0-win32-x64\jre\21.0.12.1-win32-x86_64\bin\jimage.dll
0x00007ff9b67d0000 - 0x00007ff9b6a03000 	C:\Windows\SYSTEM32\DBGHELP.DLL
0x00007ff9b9fc0000 - 0x00007ff9ba351000 	C:\Windows\System32\combase.dll
0x00007ff9bac60000 - 0x00007ff9bad38000 	C:\Windows\System32\OLEAUT32.dll
0x00007ff9acea0000 - 0x00007ff9aced2000 	C:\Windows\SYSTEM32\dbgcore.DLL
0x00007ff9b94d0000 - 0x00007ff9b954b000 	C:\Windows\System32\bcryptPrimitives.dll
0x00007ff975da0000 - 0x00007ff975daf000 	C:\Users\Lenovo E14\.vscode\extensions\redhat.java-1.56.0-win32-x64\jre\21.0.12.1-win32-x86_64\bin\instrument.dll
0x00007ff956980000 - 0x00007ff9569a0000 	C:\Users\Lenovo E14\.vscode\extensions\redhat.java-1.56.0-win32-x64\jre\21.0.12.1-win32-x86_64\bin\java.dll
0x00007ff9bb260000 - 0x00007ff9bbafc000 	C:\Windows\System32\SHELL32.dll
0x00007ff9b8ef0000 - 0x00007ff9b902f000 	C:\Windows\System32\wintypes.dll
0x00007ff9b6cd0000 - 0x00007ff9b75ea000 	C:\Windows\SYSTEM32\windows.storage.dll
0x00007ff9ba7c0000 - 0x00007ff9ba8c4000 	C:\Windows\System32\SHCORE.dll
0x00007ff9b9a60000 - 0x00007ff9b9ac9000 	C:\Windows\System32\shlwapi.dll
0x00007ff9b8d50000 - 0x00007ff9b8d75000 	C:\Windows\SYSTEM32\profapi.dll
0x00007ff99cc60000 - 0x00007ff99cc78000 	C:\Users\Lenovo E14\.vscode\extensions\redhat.java-1.56.0-win32-x64\jre\21.0.12.1-win32-x86_64\bin\zip.dll
0x00007ff99bb40000 - 0x00007ff99bb50000 	C:\Users\Lenovo E14\.vscode\extensions\redhat.java-1.56.0-win32-x64\jre\21.0.12.1-win32-x86_64\bin\net.dll
0x00007ff9b55d0000 - 0x00007ff9b56fc000 	C:\Windows\SYSTEM32\WINHTTP.dll
0x00007ff9b82f0000 - 0x00007ff9b8359000 	C:\Windows\system32\mswsock.dll
0x00007ff99bb20000 - 0x00007ff99bb36000 	C:\Users\Lenovo E14\.vscode\extensions\redhat.java-1.56.0-win32-x64\jre\21.0.12.1-win32-x86_64\bin\nio.dll
0x00007ff956b40000 - 0x00007ff956b50000 	C:\Users\Lenovo E14\.vscode\extensions\redhat.java-1.56.0-win32-x64\jre\21.0.12.1-win32-x86_64\bin\verify.dll
0x00007ff99df10000 - 0x00007ff99df37000 	C:\Users\Lenovo E14\.gradle\native\1def1411415f61bf3af743bc5b6707747c0891f09f0c88961ee8f79bc544acac\windows-amd64\native-platform.dll
0x00007ff973490000 - 0x00007ff973508000 	C:\Users\Lenovo E14\.gradle\native\0.2.7\x86_64-windows-gnu\gradle-fileevents.dll
0x00007ff9b25b0000 - 0x00007ff9b25ba000 	C:\Users\Lenovo E14\.vscode\extensions\redhat.java-1.56.0-win32-x64\jre\21.0.12.1-win32-x86_64\bin\management.dll
0x00007ff9b10e0000 - 0x00007ff9b10ec000 	C:\Users\Lenovo E14\.vscode\extensions\redhat.java-1.56.0-win32-x64\jre\21.0.12.1-win32-x86_64\bin\management_ext.dll
0x00007ff9bb240000 - 0x00007ff9bb248000 	C:\Windows\System32\PSAPI.DLL
0x00007ff9b7890000 - 0x00007ff9b78bd000 	C:\Windows\SYSTEM32\IPHLPAPI.DLL
0x00007ff9ba8d0000 - 0x00007ff9ba8d9000 	C:\Windows\System32\NSI.dll
0x00007ff9b2590000 - 0x00007ff9b2599000 	C:\Users\Lenovo E14\.vscode\extensions\redhat.java-1.56.0-win32-x64\jre\21.0.12.1-win32-x86_64\bin\extnet.dll
0x00007ff9b86c0000 - 0x00007ff9b86db000 	C:\Windows\SYSTEM32\CRYPTSP.dll
0x00007ff9b7d20000 - 0x00007ff9b7d57000 	C:\Windows\system32\rsaenh.dll
0x00007ff9b8390000 - 0x00007ff9b83b8000 	C:\Windows\SYSTEM32\USERENV.dll
0x00007ff9b86a0000 - 0x00007ff9b86ac000 	C:\Windows\SYSTEM32\CRYPTBASE.dll
0x00007ff9b25a0000 - 0x00007ff9b25ae000 	C:\Users\Lenovo E14\.vscode\extensions\redhat.java-1.56.0-win32-x64\jre\21.0.12.1-win32-x86_64\bin\sunmscapi.dll
0x00007ff9b9550000 - 0x00007ff9b96b8000 	C:\Windows\System32\CRYPT32.dll
0x00007ff9b87e0000 - 0x00007ff9b880e000 	C:\Windows\SYSTEM32\ncrypt.dll
0x00007ff9b87a0000 - 0x00007ff9b87d7000 	C:\Windows\SYSTEM32\NTASN1.dll
0x00007ff97e570000 - 0x00007ff97e578000 	C:\Windows\system32\wshunix.dll

JVMTI agents:
C:\Users\Lenovo E14\.gradle\wrapper\dists\gradle-8.14-all\c2qonpi39x1mddn7hk5gh9iqj\gradle-8.14\lib\agents\gradle-instrumentation-agent-8.14.jar path:C:\Users\Lenovo E14\.vscode\extensions\redhat.java-1.56.0-win32-x64\jre\21.0.12.1-win32-x86_64\bin\instrument.dll, loaded, initialized, instrumentlib options:none

dbghelp: loaded successfully - version: 4.0.5 - missing functions: none
symbol engine: initialized successfully - sym options: 0x614 - pdb path: .;C:\Users\Lenovo E14\.vscode\extensions\redhat.java-1.56.0-win32-x64\jre\21.0.12.1-win32-x86_64\bin;C:\Windows\SYSTEM32;C:\Windows\WinSxS\amd64_microsoft.windows.common-controls_6595b64144ccf1df_6.0.22621.6060_none_2712eda17382d24b;C:\Users\Lenovo E14\.vscode\extensions\redhat.java-1.56.0-win32-x64\jre\21.0.12.1-win32-x86_64\bin\server;C:\Users\Lenovo E14\.gradle\native\1def1411415f61bf3af743bc5b6707747c0891f09f0c88961ee8f79bc544acac\windows-amd64;C:\Users\Lenovo E14\.gradle\native\0.2.7\x86_64-windows-gnu

VM Arguments:
jvm_args: --add-opens=java.base/java.lang=ALL-UNNAMED --add-opens=java.base/java.lang.invoke=ALL-UNNAMED --add-opens=java.base/java.util=ALL-UNNAMED --add-opens=java.prefs/java.util.prefs=ALL-UNNAMED --add-exports=jdk.compiler/com.sun.tools.javac.api=ALL-UNNAMED --add-exports=jdk.compiler/com.sun.tools.javac.util=ALL-UNNAMED --add-opens=java.base/java.util=ALL-UNNAMED --add-opens=java.prefs/java.util.prefs=ALL-UNNAMED --add-opens=java.base/java.nio.charset=ALL-UNNAMED --add-opens=java.base/java.net=ALL-UNNAMED --add-opens=java.base/java.util.concurrent.atomic=ALL-UNNAMED --add-opens=java.xml/javax.xml.namespace=ALL-UNNAMED -XX:MaxMetaspaceSize=4G -XX:ReservedCodeCacheSize=512m -XX:+HeapDumpOnOutOfMemoryError -Xmx8G -Dfile.encoding=UTF-8 -Duser.country=US -Duser.language=en -Duser.variant -javaagent:C:\Users\Lenovo E14\.gradle\wrapper\dists\gradle-8.14-all\c2qonpi39x1mddn7hk5gh9iqj\gradle-8.14\lib\agents\gradle-instrumentation-agent-8.14.jar 
java_command: org.gradle.launcher.daemon.bootstrap.GradleDaemon 8.14
java_class_path (initial): C:\Users\Lenovo E14\.gradle\wrapper\dists\gradle-8.14-all\c2qonpi39x1mddn7hk5gh9iqj\gradle-8.14\lib\gradle-daemon-main-8.14.jar
Launcher Type: SUN_STANDARD

[Global flags]
     intx CICompilerCount                          = 4                                         {product} {ergonomic}
     uint ConcGCThreads                            = 2                                         {product} {ergonomic}
     uint G1ConcRefinementThreads                  = 8                                         {product} {ergonomic}
   size_t G1HeapRegionSize                         = 4194304                                   {product} {ergonomic}
    uintx GCDrainStackTargetSize                   = 64                                        {product} {ergonomic}
     bool HeapDumpOnOutOfMemoryError               = true                                   {manageable} {command line}
   size_t InitialHeapSize                          = 264241152                                 {product} {ergonomic}
   size_t MarkStackSize                            = 4194304                                   {product} {ergonomic}
   size_t MaxHeapSize                              = 8589934592                                {product} {command line}
   size_t MaxMetaspaceSize                         = 4294967296                                {product} {command line}
   size_t MaxNewSize                               = 5150605312                                {product} {ergonomic}
   size_t MinHeapDeltaBytes                        = 4194304                                   {product} {ergonomic}
   size_t MinHeapSize                              = 8388608                                   {product} {ergonomic}
    uintx NonNMethodCodeHeapSize                   = 5839372                                {pd product} {ergonomic}
    uintx NonProfiledCodeHeapSize                  = 265515770                              {pd product} {ergonomic}
    uintx ProfiledCodeHeapSize                     = 265515770                              {pd product} {ergonomic}
    uintx ReservedCodeCacheSize                    = 536870912                              {pd product} {command line}
     bool SegmentedCodeCache                       = true                                      {product} {ergonomic}
   size_t SoftMaxHeapSize                          = 8589934592                             {manageable} {ergonomic}
     bool UseCompressedOops                        = true                           {product lp64_product} {ergonomic}
     bool UseG1GC                                  = true                                      {product} {ergonomic}
     bool UseLargePagesIndividualAllocation        = false                                  {pd product} {ergonomic}

Logging:
Log output configuration:
 #0: stdout all=warning uptime,level,tags foldmultilines=false
 #1: stderr all=off uptime,level,tags foldmultilines=false

Release file:
JAVA_VERSION="21.0.12.1" 
MODULES="java.base java.compiler java.datatransfer java.xml java.prefs java.desktop java.instrument java.logging java.management java.security.sasl java.naming java.rmi java.management.rmi java.net.http java.scripting java.security.jgss java.transaction.xa java.sql java.sql.rowset java.xml.crypto java.se java.smartcardio jdk.accessibility jdk.internal.jvmstat jdk.attach jdk.charsets jdk.internal.opt jdk.zipfs jdk.compiler jdk.crypto.ec jdk.crypto.cryptoki jdk.crypto.mscapi jdk.dynalink jdk.internal.ed jdk.editpad jdk.hotspot.agent jdk.httpserver jdk.internal.le jdk.internal.vm.ci jdk.internal.vm.compiler jdk.internal.vm.compiler.management jdk.jartool jdk.javadoc jdk.jcmd jdk.management jdk.management.agent jdk.jconsole jdk.jdeps jdk.jdwp.agent jdk.jdi jdk.jfr jdk.jshell jdk.jsobject jdk.jstatd jdk.localedata jdk.management.jfr jdk.naming.dns jdk.naming.rmi jdk.net jdk.nio.mapmode jdk.random jdk.sctp jdk.security.auth jdk.security.jgss jdk.unsupported jdk.unsupported.desktop jdk.xml.dom" 

Environment Variables:
PATH=C:\Program Files\Common Files\Oracle\Java\javapath;C:\Windows\system32;C:\Windows;C:\Windows\System32\Wbem;C:\Windows\System32\WindowsPowerShell\v1.0\;C:\Windows\System32\OpenSSH\;C:\Windows\Microsoft.NET\Framework64\v4.0.30319;C:\Program Files\MongoDB\mongosh-2.5.8-win32-x64\bin;C:\Program Files\MongoDB\mongodb-database-tools-windows-x86_64-100.13.0\bin;C:\Program Files\MongoDB\Server\8.2\bin;C:\Program Files\MongoDB\Connector for BI\2.14\bin;C:\Program Files\MongoDB\ODBC\1.4\bin;C:\Program Files\nodejs\;C:\Program Files\Git\cmd;C:\Program Files\MySQL\MySQL Shell 8.0\bin;C:\Program Files\MySQL\MySQL Server 8.0\bin;C:\Program Files\MySQL\MySQL Router 8.0\bin;C:\Program Files\dotnet\;C:\flutter\bin;C:\Android\cmdline-tools\latest\bin;C:\Android\platform-tools;C:\Android\platforms;C:\Android\emulator;C:\Program Files\MySQL\MySQL Shell 8.0\bin\;C:\Users\Lenovo E14\AppData\Local\Programs\Python\Python314\Scripts\;C:\Users\Lenovo E14\AppData\Local\Programs\Python\Python314\;C:\Users\Lenovo E14\AppData\Local\Microsoft\WindowsApps;C:\Users\Lenovo E14\AppData\Local\Programs\Microsoft VS Code\bin;C:\Users\Lenovo E14\AppData\Roaming\npm
USERNAME=Lenovo E14
OS=Windows_NT
PROCESSOR_IDENTIFIER=Intel64 Family 6 Model 140 Stepping 1, GenuineIntel
TMP=C:\Users\LENOVO~1\AppData\Local\Temp
TEMP=C:\Users\LENOVO~1\AppData\Local\Temp




Periodic native trim disabled

---------------  S Y S T E M  ---------------

OS:
 Windows 11 , 64 bit Build 22621 (10.0.22621.5415)
OS uptime: 0 days 0:24 hours
Hyper-V role detected

CPU: total 8 (initial active 8) (4 cores per cpu, 2 threads per core) family 6 model 140 stepping 1 microcode 0x86, cx8, cmov, fxsr, ht, mmx, 3dnowpref, sse, sse2, sse3, ssse3, sse4.1, sse4.2, popcnt, lzcnt, tsc, tscinvbit, avx, avx2, aes, erms, clmul, bmi1, bmi2, adx, avx512f, avx512dq, avx512cd, avx512bw, avx512vl, sha, fma, vzeroupper, avx512_vpopcntdq, avx512_vpclmulqdq, avx512_vaes, avx512_vnni, clflush, clflushopt, clwb, avx512_vbmi2, avx512_vbmi, hv, rdtscp, rdpid, fsrm, gfni, avx512_bitalg, f16c, cet_ibt, cet_ss, avx512_ifma
Processor Information for the first 8 processors :
  Max Mhz: 2419, Current Mhz: 2419, Mhz Limit: 2419

Memory: 4k page, system-wide physical 16082M (506M free)
TotalPageFile size 65234M (AvailPageFile size 1528M)
current process WorkingSet (physical memory assigned to process): 63M, peak: 149M
current process commit charge ("private bytes"): 375M, peak: 384M

vm_info: OpenJDK 64-Bit Server VM (21.0.12.1+1-LTS) for windows-amd64 JRE (21.0.12.1+1-LTS), built on 2026-08-18T00:00:00Z by "admin" with MS VC++ 17.12 (VS2022)

END.
