#
# There is insufficient memory for the Java Runtime Environment to continue.
# Native memory allocation (malloc) failed to allocate 32784 bytes. Error detail: Chunk::new
# Possible reasons:
#   The system is out of physical RAM or swap space
#   This process is running with CompressedOops enabled, and the Java Heap may be blocking the growth of the native heap
# Possible solutions:
#   Reduce memory load on the system
#   Increase physical memory or swap space
#   Check if swap backing store is full
#   Decrease Java heap size (-Xmx/-Xms)
#   Decrease number of Java threads
#   Decrease Java thread stack sizes (-Xss)
#   Set larger code cache with -XX:ReservedCodeCacheSize=
#   JVM is running with Zero Based Compressed Oops mode in which the Java heap is
#     placed in the first 32GB address space. The Java Heap base address is the
#     maximum limit for the native heap growth. Please use -XX:HeapBaseMinAddress
#     to set the Java Heap base and to place the Java Heap above 32GB virtual address.
# This output file may be truncated or incomplete.
#
#  Out of Memory Error (arena.cpp:168), pid=2364, tid=40196
#
# JRE version: OpenJDK Runtime Environment Temurin-21.0.12.1+1 (21.0.12.1+1) (build 21.0.12.1+1-LTS)
# Java VM: OpenJDK 64-Bit Server VM Temurin-21.0.12.1+1 (21.0.12.1+1-LTS, mixed mode, sharing, tiered, compressed oops, compressed class ptrs, g1 gc, windows-amd64)
# No core dump will be written. Minidumps are not enabled by default on client versions of Windows
#

---------------  S U M M A R Y ------------

Command Line: --add-opens=java.base/java.lang=ALL-UNNAMED --add-opens=java.base/java.lang.invoke=ALL-UNNAMED --add-opens=java.base/java.util=ALL-UNNAMED --add-opens=java.prefs/java.util.prefs=ALL-UNNAMED --add-exports=jdk.compiler/com.sun.tools.javac.api=ALL-UNNAMED --add-exports=jdk.compiler/com.sun.tools.javac.util=ALL-UNNAMED --add-opens=java.base/java.util=ALL-UNNAMED --add-opens=java.prefs/java.util.prefs=ALL-UNNAMED --add-opens=java.base/java.nio.charset=ALL-UNNAMED --add-opens=java.base/java.net=ALL-UNNAMED --add-opens=java.base/java.util.concurrent.atomic=ALL-UNNAMED --add-opens=java.xml/javax.xml.namespace=ALL-UNNAMED -XX:MaxMetaspaceSize=4G -XX:ReservedCodeCacheSize=512m -XX:+HeapDumpOnOutOfMemoryError -Xmx8G -Dfile.encoding=UTF-8 -Duser.country=US -Duser.language=en -Duser.variant -javaagent:C:\Users\Lenovo E14\.gradle\wrapper\dists\gradle-8.14-all\c2qonpi39x1mddn7hk5gh9iqj\gradle-8.14\lib\agents\gradle-instrumentation-agent-8.14.jar org.gradle.launcher.daemon.bootstrap.GradleDaemon 8.14

Host: 11th Gen Intel(R) Core(TM) i5-1135G7 @ 2.40GHz, 8 cores, 15G,  Windows 11 , 64 bit Build 22621 (10.0.22621.5415)
Time: Tue Oct  6 07:49:44 2026 W. Central Africa Standard Time elapsed time: 296.827116 seconds (0d 0h 4m 56s)

---------------  T H R E A D  ---------------

Current thread (0x0000024bf30fdcd0):  JavaThread "C2 CompilerThread0" daemon [_thread_in_native, id=40196, stack(0x000000dfe1700000,0x000000dfe1800000) (1024K)]


Current CompileTask:
C2:296827 3382       4       java.util.concurrent.locks.AbstractQueuedSynchronizer$ConditionObject::awaitNanos (202 bytes)

Stack: [0x000000dfe1700000,0x000000dfe1800000]
Native frames: (J=compiled Java code, j=interpreted, Vv=VM code, C=native code)
V  [jvm.dll+0x6d83e9]
V  [jvm.dll+0x8b5736]
V  [jvm.dll+0x8b7cee]
V  [jvm.dll+0x8b83d3]
V  [jvm.dll+0x284596]
V  [jvm.dll+0xc685d]
V  [jvm.dll+0xc6da1]
V  [jvm.dll+0xd283d]
V  [jvm.dll+0x5ff0af]
V  [jvm.dll+0x255d67]
V  [jvm.dll+0x24e3bf]
V  [jvm.dll+0x24bbe6]
V  [jvm.dll+0x1cb4ae]
V  [jvm.dll+0x25baad]
V  [jvm.dll+0x25a03a]
V  [jvm.dll+0x3f8aae]
V  [jvm.dll+0x8600cd]
V  [jvm.dll+0x6d6c1d]
C  [ucrtbase.dll+0x29333]
C  [KERNEL32.DLL+0x1259d]
C  [ntdll.dll+0x5af78]


---------------  P R O C E S S  ---------------

Threads class SMR info:
_java_thread_list=0x0000024bf9d23080, length=25, elements={
0x0000024be36a0320, 0x0000024bf30f2360, 0x0000024bf30f2f20, 0x0000024bf30f7000,
0x0000024bf30f9a70, 0x0000024bf30fa4d0, 0x0000024bf30faf30, 0x0000024bf30fdcd0,
0x0000024bf388a580, 0x0000024bf39cfbd0, 0x0000024bf3a58fe0, 0x0000024bf9361690,
0x0000024bf8aa9de0, 0x0000024bf8265930, 0x0000024bf8aa22e0, 0x0000024bf392da10,
0x0000024bf88b3f20, 0x0000024bf9387870, 0x0000024bf8e4e370, 0x0000024bf8e4b580,
0x0000024bf8e4dce0, 0x0000024bf8e4c2a0, 0x0000024bf8e4d650, 0x0000024bf8e4aef0,
0x0000024bf8e4bc10
}

Java Threads: ( => current thread )
  0x0000024be36a0320 JavaThread "main"                              [_thread_blocked, id=7072, stack(0x000000dfe0900000,0x000000dfe0a00000) (1024K)]
  0x0000024bf30f2360 JavaThread "Reference Handler"          daemon [_thread_blocked, id=40172, stack(0x000000dfe1100000,0x000000dfe1200000) (1024K)]
  0x0000024bf30f2f20 JavaThread "Finalizer"                  daemon [_thread_blocked, id=40176, stack(0x000000dfe1200000,0x000000dfe1300000) (1024K)]
  0x0000024bf30f7000 JavaThread "Signal Dispatcher"          daemon [_thread_blocked, id=40180, stack(0x000000dfe1300000,0x000000dfe1400000) (1024K)]
  0x0000024bf30f9a70 JavaThread "Attach Listener"            daemon [_thread_blocked, id=40184, stack(0x000000dfe1400000,0x000000dfe1500000) (1024K)]
  0x0000024bf30fa4d0 JavaThread "Service Thread"             daemon [_thread_blocked, id=40188, stack(0x000000dfe1500000,0x000000dfe1600000) (1024K)]
  0x0000024bf30faf30 JavaThread "Monitor Deflation Thread"   daemon [_thread_blocked, id=40192, stack(0x000000dfe1600000,0x000000dfe1700000) (1024K)]
=>0x0000024bf30fdcd0 JavaThread "C2 CompilerThread0"         daemon [_thread_in_native, id=40196, stack(0x000000dfe1700000,0x000000dfe1800000) (1024K)]
  0x0000024bf388a580 JavaThread "C1 CompilerThread0"         daemon [_thread_blocked, id=40288, stack(0x000000dfe1800000,0x000000dfe1900000) (1024K)]
  0x0000024bf39cfbd0 JavaThread "Common-Cleaner"             daemon [_thread_blocked, id=41192, stack(0x000000dfe1900000,0x000000dfe1a00000) (1024K)]
  0x0000024bf3a58fe0 JavaThread "Notification Thread"        daemon [_thread_blocked, id=41276, stack(0x000000dfe1a00000,0x000000dfe1b00000) (1024K)]
  0x0000024bf9361690 JavaThread "Daemon health stats"               [_thread_blocked, id=6752, stack(0x000000dfe0700000,0x000000dfe0800000) (1024K)]
  0x0000024bf8aa9de0 JavaThread "Incoming local TCP Connector on port 53040"        [_thread_in_native, id=33644, stack(0x000000dfe2000000,0x000000dfe2100000) (1024K)]
  0x0000024bf8265930 JavaThread "Daemon periodic checks"            [_thread_blocked, id=36176, stack(0x000000dfe0600000,0x000000dfe0700000) (1024K)]
  0x0000024bf8aa22e0 JavaThread "Daemon"                            [_thread_blocked, id=43724, stack(0x000000dfe2200000,0x000000dfe2300000) (1024K)]
  0x0000024bf392da10 JavaThread "Handler for socket connection from /127.0.0.1:53040 to /127.0.0.1:49715"        [_thread_in_native, id=38120, stack(0x000000dfe2300000,0x000000dfe2400000) (1024K)]
  0x0000024bf88b3f20 JavaThread "Cancel handler"                    [_thread_blocked, id=36588, stack(0x000000dfe2400000,0x000000dfe2500000) (1024K)]
  0x0000024bf9387870 JavaThread "Daemon worker"                     [_thread_blocked, id=23016, stack(0x000000dfe2500000,0x000000dfe2600000) (1024K)]
  0x0000024bf8e4e370 JavaThread "Asynchronous log dispatcher for DefaultDaemonConnection: socket connection from /127.0.0.1:53040 to /127.0.0.1:49715"        [_thread_blocked, id=43924, stack(0x000000dfe2600000,0x000000dfe2700000) (1024K)]
  0x0000024bf8e4b580 JavaThread "Stdin handler"                     [_thread_blocked, id=21264, stack(0x000000dfe2700000,0x000000dfe2800000) (1024K)]
  0x0000024bf8e4dce0 JavaThread "Daemon client event forwarder"        [_thread_blocked, id=43872, stack(0x000000dfe2800000,0x000000dfe2900000) (1024K)]
  0x0000024bf8e4c2a0 JavaThread "Cache worker for journal cache (C:\Users\Lenovo E14\.gradle\caches\journal-1)"        [_thread_blocked, id=38892, stack(0x000000dfe2900000,0x000000dfe2a00000) (1024K)]
  0x0000024bf8e4d650 JavaThread "File lock request listener"        [_thread_in_native, id=20016, stack(0x000000dfe2a00000,0x000000dfe2b00000) (1024K)]
  0x0000024bf8e4aef0 JavaThread "Cache worker for file hash cache (C:\Users\Lenovo E14\.gradle\caches\8.14\fileHashes)"        [_thread_blocked, id=43760, stack(0x000000dfe2d00000,0x000000dfe2e00000) (1024K)]
  0x0000024bf8e4bc10 JavaThread "File lock release action executor"        [_thread_in_vm, id=43888, stack(0x000000dfe2e00000,0x000000dfe2f00000) (1024K)]
Total: 25

Other Threads:
  0x0000024bf30dbe90 VMThread "VM Thread"                           [id=40072, stack(0x000000dfe1000000,0x000000dfe1100000) (1024K)]
  0x0000024bf30c85c0 WatcherThread "VM Periodic Task Thread"        [id=39908, stack(0x000000dfe0f00000,0x000000dfe1000000) (1024K)]
  0x0000024be3747080 WorkerThread "GC Thread#0"                     [id=39400, stack(0x000000dfe0a00000,0x000000dfe0b00000) (1024K)]
  0x0000024bf3b85300 WorkerThread "GC Thread#1"                     [id=24848, stack(0x000000dfe1b00000,0x000000dfe1c00000) (1024K)]
  0x0000024bf3c576c0 WorkerThread "GC Thread#2"                     [id=14280, stack(0x000000dfe1c00000,0x000000dfe1d00000) (1024K)]
  0x0000024bf3c57a70 WorkerThread "GC Thread#3"                     [id=23036, stack(0x000000dfe1d00000,0x000000dfe1e00000) (1024K)]
  0x0000024bf3c57e20 WorkerThread "GC Thread#4"                     [id=41168, stack(0x000000dfe1e00000,0x000000dfe1f00000) (1024K)]
  0x0000024bf3b148a0 WorkerThread "GC Thread#5"                     [id=23900, stack(0x000000dfe1f00000,0x000000dfe2000000) (1024K)]
  0x0000024bf8124a70 WorkerThread "GC Thread#6"                     [id=31624, stack(0x000000dfe2b00000,0x000000dfe2c00000) (1024K)]
  0x0000024bf8123800 WorkerThread "GC Thread#7"                     [id=34804, stack(0x000000dfe2c00000,0x000000dfe2d00000) (1024K)]
  0x0000024be3758070 ConcurrentGCThread "G1 Main Marker"            [id=39404, stack(0x000000dfe0b00000,0x000000dfe0c00000) (1024K)]
  0x0000024be3759b90 WorkerThread "G1 Conc#0"                       [id=39408, stack(0x000000dfe0c00000,0x000000dfe0d00000) (1024K)]
  0x0000024bf2f9ac60 ConcurrentGCThread "G1 Refine#0"               [id=39472, stack(0x000000dfe0d00000,0x000000dfe0e00000) (1024K)]
  0x0000024bf2f9b7e0 ConcurrentGCThread "G1 Service"                [id=39476, stack(0x000000dfe0e00000,0x000000dfe0f00000) (1024K)]
Total: 14

Threads with active compile tasks:
C2 CompilerThread0  296857 3382       4       java.util.concurrent.locks.AbstractQueuedSynchronizer$ConditionObject::awaitNanos (202 bytes)
Total: 1

VM state: not at safepoint (normal execution)

VM Mutex/Monitor currently owned by a thread: None

Heap address: 0x0000000600000000, size: 8192 MB, Compressed Oops mode: Zero based, Oop shift amount: 3

CDS archive(s) mapped at: [0x0000024ba0000000-0x0000024ba0ba0000-0x0000024ba0ba0000), size 12189696, SharedBaseAddress: 0x0000024ba0000000, ArchiveRelocationMode: 1.
Compressed class space mapped at: 0x0000024ba1000000-0x0000024be1000000, reserved size: 1073741824
Narrow klass base: 0x0000024ba0000000, Narrow klass shift: 0, Narrow klass range: 0x100000000

GC Precious Log:
 CardTable entry size: 512
 Card Set container configuration: InlinePtr #cards 4 size 8 Array Of Cards #cards 32 size 80 Howl #buckets 8 coarsen threshold 7372 Howl Bitmap #cards 1024 size 144 coarsen threshold 921 Card regions per heap region 1 cards per card region 8192
 CPUs: 8 total, 8 available
 Memory: 16082M
 Large Page Support: Disabled
 NUMA Support: Disabled
 Compressed Oops: Enabled (Zero based)
 Heap Region Size: 4M
 Heap Min Capacity: 8M
 Heap Initial Capacity: 252M
 Heap Max Capacity: 8G
 Pre-touch: Disabled
 Parallel Workers: 8
 Concurrent Workers: 2
 Concurrent Refinement Workers: 8
 Periodic GC: Disabled

Heap:
 garbage-first heap   total 258048K, used 29451K [0x0000000600000000, 0x0000000800000000)
  region size 4096K, 7 young (28672K), 4 survivors (16384K)
 Metaspace       used 15531K, committed 15936K, reserved 1114112K
  class space    used 2112K, committed 2304K, reserved 1048576K

Heap Regions: E=young(eden), S=young(survivor), O=old, HS=humongous(starts), HC=humongous(continues), CS=collection set, F=free, TAMS=top-at-mark-start, PB=parsable bottom
|   0|0x0000000600000000, 0x0000000600400000, 0x0000000600400000|100%|HS|  |TAMS 0x0000000600000000| PB 0x0000000600000000| Complete 
|   1|0x0000000600400000, 0x00000006004c2c60, 0x0000000600800000| 19%| O|  |TAMS 0x0000000600400000| PB 0x0000000600400000| Untracked 
|   2|0x0000000600800000, 0x0000000600800000, 0x0000000600c00000|  0%| F|  |TAMS 0x0000000600800000| PB 0x0000000600800000| Untracked 
|   3|0x0000000600c00000, 0x0000000600c00000, 0x0000000601000000|  0%| F|  |TAMS 0x0000000600c00000| PB 0x0000000600c00000| Untracked 
|   4|0x0000000601000000, 0x0000000601000000, 0x0000000601400000|  0%| F|  |TAMS 0x0000000601000000| PB 0x0000000601000000| Untracked 
|   5|0x0000000601400000, 0x0000000601400000, 0x0000000601800000|  0%| F|  |TAMS 0x0000000601400000| PB 0x0000000601400000| Untracked 
|   6|0x0000000601800000, 0x0000000601800000, 0x0000000601c00000|  0%| F|  |TAMS 0x0000000601800000| PB 0x0000000601800000| Untracked 
|   7|0x0000000601c00000, 0x0000000601c00000, 0x0000000602000000|  0%| F|  |TAMS 0x0000000601c00000| PB 0x0000000601c00000| Untracked 
|   8|0x0000000602000000, 0x0000000602000000, 0x0000000602400000|  0%| F|  |TAMS 0x0000000602000000| PB 0x0000000602000000| Untracked 
|   9|0x0000000602400000, 0x0000000602400000, 0x0000000602800000|  0%| F|  |TAMS 0x0000000602400000| PB 0x0000000602400000| Untracked 
|  10|0x0000000602800000, 0x0000000602800000, 0x0000000602c00000|  0%| F|  |TAMS 0x0000000602800000| PB 0x0000000602800000| Untracked 
|  11|0x0000000602c00000, 0x0000000602c00000, 0x0000000603000000|  0%| F|  |TAMS 0x0000000602c00000| PB 0x0000000602c00000| Untracked 
|  12|0x0000000603000000, 0x0000000603000000, 0x0000000603400000|  0%| F|  |TAMS 0x0000000603000000| PB 0x0000000603000000| Untracked 
|  13|0x0000000603400000, 0x0000000603400000, 0x0000000603800000|  0%| F|  |TAMS 0x0000000603400000| PB 0x0000000603400000| Untracked 
|  14|0x0000000603800000, 0x0000000603800000, 0x0000000603c00000|  0%| F|  |TAMS 0x0000000603800000| PB 0x0000000603800000| Untracked 
|  15|0x0000000603c00000, 0x0000000603c00000, 0x0000000604000000|  0%| F|  |TAMS 0x0000000603c00000| PB 0x0000000603c00000| Untracked 
|  16|0x0000000604000000, 0x0000000604000000, 0x0000000604400000|  0%| F|  |TAMS 0x0000000604000000| PB 0x0000000604000000| Untracked 
|  17|0x0000000604400000, 0x0000000604400000, 0x0000000604800000|  0%| F|  |TAMS 0x0000000604400000| PB 0x0000000604400000| Untracked 
|  18|0x0000000604800000, 0x0000000604800000, 0x0000000604c00000|  0%| F|  |TAMS 0x0000000604800000| PB 0x0000000604800000| Untracked 
|  19|0x0000000604c00000, 0x0000000604c00000, 0x0000000605000000|  0%| F|  |TAMS 0x0000000604c00000| PB 0x0000000604c00000| Untracked 
|  20|0x0000000605000000, 0x0000000605000000, 0x0000000605400000|  0%| F|  |TAMS 0x0000000605000000| PB 0x0000000605000000| Untracked 
|  21|0x0000000605400000, 0x0000000605400000, 0x0000000605800000|  0%| F|  |TAMS 0x0000000605400000| PB 0x0000000605400000| Untracked 
|  22|0x0000000605800000, 0x0000000605800000, 0x0000000605c00000|  0%| F|  |TAMS 0x0000000605800000| PB 0x0000000605800000| Untracked 
|  23|0x0000000605c00000, 0x0000000605c00000, 0x0000000606000000|  0%| F|  |TAMS 0x0000000605c00000| PB 0x0000000605c00000| Untracked 
|  24|0x0000000606000000, 0x0000000606000000, 0x0000000606400000|  0%| F|  |TAMS 0x0000000606000000| PB 0x0000000606000000| Untracked 
|  25|0x0000000606400000, 0x0000000606400000, 0x0000000606800000|  0%| F|  |TAMS 0x0000000606400000| PB 0x0000000606400000| Untracked 
|  26|0x0000000606800000, 0x0000000606800000, 0x0000000606c00000|  0%| F|  |TAMS 0x0000000606800000| PB 0x0000000606800000| Untracked 
|  27|0x0000000606c00000, 0x0000000606c00000, 0x0000000607000000|  0%| F|  |TAMS 0x0000000606c00000| PB 0x0000000606c00000| Untracked 
|  28|0x0000000607000000, 0x0000000607000000, 0x0000000607400000|  0%| F|  |TAMS 0x0000000607000000| PB 0x0000000607000000| Untracked 
|  29|0x0000000607400000, 0x0000000607400000, 0x0000000607800000|  0%| F|  |TAMS 0x0000000607400000| PB 0x0000000607400000| Untracked 
|  30|0x0000000607800000, 0x0000000607c00000, 0x0000000607c00000|100%| S|CS|TAMS 0x0000000607800000| PB 0x0000000607800000| Complete 
|  31|0x0000000607c00000, 0x0000000608000000, 0x0000000608000000|100%| S|CS|TAMS 0x0000000607c00000| PB 0x0000000607c00000| Complete 
|  32|0x0000000608000000, 0x0000000608400000, 0x0000000608400000|100%| S|CS|TAMS 0x0000000608000000| PB 0x0000000608000000| Complete 
|  33|0x0000000608400000, 0x0000000608800000, 0x0000000608800000|100%| S|CS|TAMS 0x0000000608400000| PB 0x0000000608400000| Complete 
|  34|0x0000000608800000, 0x0000000608800000, 0x0000000608c00000|  0%| F|  |TAMS 0x0000000608800000| PB 0x0000000608800000| Untracked 
|  35|0x0000000608c00000, 0x0000000608c00000, 0x0000000609000000|  0%| F|  |TAMS 0x0000000608c00000| PB 0x0000000608c00000| Untracked 
|  36|0x0000000609000000, 0x0000000609000000, 0x0000000609400000|  0%| F|  |TAMS 0x0000000609000000| PB 0x0000000609000000| Untracked 
|  37|0x0000000609400000, 0x0000000609400000, 0x0000000609800000|  0%| F|  |TAMS 0x0000000609400000| PB 0x0000000609400000| Untracked 
|  38|0x0000000609800000, 0x0000000609800000, 0x0000000609c00000|  0%| F|  |TAMS 0x0000000609800000| PB 0x0000000609800000| Untracked 
|  39|0x0000000609c00000, 0x0000000609c00000, 0x000000060a000000|  0%| F|  |TAMS 0x0000000609c00000| PB 0x0000000609c00000| Untracked 
|  40|0x000000060a000000, 0x000000060a000000, 0x000000060a400000|  0%| F|  |TAMS 0x000000060a000000| PB 0x000000060a000000| Untracked 
|  41|0x000000060a400000, 0x000000060a400000, 0x000000060a800000|  0%| F|  |TAMS 0x000000060a400000| PB 0x000000060a400000| Untracked 
|  42|0x000000060a800000, 0x000000060a800000, 0x000000060ac00000|  0%| F|  |TAMS 0x000000060a800000| PB 0x000000060a800000| Untracked 
|  43|0x000000060ac00000, 0x000000060ac00000, 0x000000060b000000|  0%| F|  |TAMS 0x000000060ac00000| PB 0x000000060ac00000| Untracked 
|  44|0x000000060b000000, 0x000000060b000000, 0x000000060b400000|  0%| F|  |TAMS 0x000000060b000000| PB 0x000000060b000000| Untracked 
|  45|0x000000060b400000, 0x000000060b400000, 0x000000060b800000|  0%| F|  |TAMS 0x000000060b400000| PB 0x000000060b400000| Untracked 
|  46|0x000000060b800000, 0x000000060b800000, 0x000000060bc00000|  0%| F|  |TAMS 0x000000060b800000| PB 0x000000060b800000| Untracked 
|  47|0x000000060bc00000, 0x000000060bc00000, 0x000000060c000000|  0%| F|  |TAMS 0x000000060bc00000| PB 0x000000060bc00000| Untracked 
|  48|0x000000060c000000, 0x000000060c000000, 0x000000060c400000|  0%| F|  |TAMS 0x000000060c000000| PB 0x000000060c000000| Untracked 
|  49|0x000000060c400000, 0x000000060c400000, 0x000000060c800000|  0%| F|  |TAMS 0x000000060c400000| PB 0x000000060c400000| Untracked 
|  50|0x000000060c800000, 0x000000060c800000, 0x000000060cc00000|  0%| F|  |TAMS 0x000000060c800000| PB 0x000000060c800000| Untracked 
|  51|0x000000060cc00000, 0x000000060cc00000, 0x000000060d000000|  0%| F|  |TAMS 0x000000060cc00000| PB 0x000000060cc00000| Untracked 
|  52|0x000000060d000000, 0x000000060d000000, 0x000000060d400000|  0%| F|  |TAMS 0x000000060d000000| PB 0x000000060d000000| Untracked 
|  53|0x000000060d400000, 0x000000060d400000, 0x000000060d800000|  0%| F|  |TAMS 0x000000060d400000| PB 0x000000060d400000| Untracked 
|  54|0x000000060d800000, 0x000000060d800000, 0x000000060dc00000|  0%| F|  |TAMS 0x000000060d800000| PB 0x000000060d800000| Untracked 
|  55|0x000000060dc00000, 0x000000060dc00000, 0x000000060e000000|  0%| F|  |TAMS 0x000000060dc00000| PB 0x000000060dc00000| Untracked 
|  56|0x000000060e000000, 0x000000060e000000, 0x000000060e400000|  0%| F|  |TAMS 0x000000060e000000| PB 0x000000060e000000| Untracked 
|  57|0x000000060e400000, 0x000000060e400000, 0x000000060e800000|  0%| F|  |TAMS 0x000000060e400000| PB 0x000000060e400000| Untracked 
|  58|0x000000060e800000, 0x000000060e800000, 0x000000060ec00000|  0%| F|  |TAMS 0x000000060e800000| PB 0x000000060e800000| Untracked 
|  59|0x000000060ec00000, 0x000000060ec00000, 0x000000060f000000|  0%| F|  |TAMS 0x000000060ec00000| PB 0x000000060ec00000| Untracked 
|  60|0x000000060f000000, 0x000000060f152b48, 0x000000060f400000| 33%| E|  |TAMS 0x000000060f000000| PB 0x000000060f000000| Complete 
|  61|0x000000060f400000, 0x000000060f800000, 0x000000060f800000|100%| E|CS|TAMS 0x000000060f400000| PB 0x000000060f400000| Complete 
|  62|0x000000060f800000, 0x000000060fc00000, 0x000000060fc00000|100%| E|CS|TAMS 0x000000060f800000| PB 0x000000060f800000| Complete 

Card table byte_map: [0x0000024be7df0000,0x0000024be8df0000] _byte_map_base: 0x0000024be4df0000

Marking Bits: (CMBitMap*) 0x0000024be3747790
 Bits: [0x0000024be8df0000, 0x0000024bf0df0000)

Polling page: 0x0000024be2e60000

Metaspace:

Usage:
  Non-class:     13.10 MB used.
      Class:      2.06 MB used.
       Both:     15.17 MB used.

Virtual space:
  Non-class space:       64.00 MB reserved,      13.31 MB ( 21%) committed,  1 nodes.
      Class space:        1.00 GB reserved,       2.25 MB ( <1%) committed,  1 nodes.
             Both:        1.06 GB reserved,      15.56 MB (  1%) committed. 

Chunk freelists:
   Non-Class:  2.25 MB
       Class:  13.77 MB
        Both:  16.02 MB

MaxMetaspaceSize: 4.00 GB
CompressedClassSpaceSize: 1.00 GB
Initial GC threshold: 21.00 MB
Current GC threshold: 21.00 MB
CDS: on
 - commit_granule_bytes: 65536.
 - commit_granule_words: 8192.
 - virtual_space_node_default_size: 8388608.
 - enlarge_chunks_in_place: 1.
 - use_allocation_guard: 0.


Internal statistics:

num_allocs_failed_limit: 0.
num_arena_births: 494.
num_arena_deaths: 0.
num_vsnodes_births: 2.
num_vsnodes_deaths: 0.
num_space_committed: 249.
num_space_uncommitted: 0.
num_chunks_returned_to_freelist: 0.
num_chunks_taken_from_freelist: 1024.
num_chunk_merges: 0.
num_chunk_splits: 662.
num_chunks_enlarged: 455.
num_inconsistent_stats: 0.

CodeHeap 'non-profiled nmethods': size=259264Kb used=1865Kb max_used=1865Kb free=257398Kb
 bounds [0x0000024b902d0000, 0x0000024b90540000, 0x0000024ba0000000]
CodeHeap 'profiled nmethods': size=259264Kb used=6631Kb max_used=6631Kb free=252632Kb
 bounds [0x0000024b80000000, 0x0000024b80680000, 0x0000024b8fd30000]
CodeHeap 'non-nmethods': size=5760Kb used=1529Kb max_used=1580Kb free=4230Kb
 bounds [0x0000024b8fd30000, 0x0000024b8ffa0000, 0x0000024b902d0000]
CodeCache: size=524288Kb, used=10025Kb, max_used=10076Kb, free=514260Kb
 total_blobs=3935, nmethods=3378, adapters=461, full_count=0
Compilation: enabled, stopped_count=0, restarted_count=0

Compilation events (20 events):
Event: 292.476 Thread 0x0000024bf388a580 nmethod 3372 0x0000024b904a0e10 code [0x0000024b904a0fa0, 0x0000024b904a1070]
Event: 292.479 Thread 0x0000024bf30fdcd0 3373       4       java.io.File::equals (28 bytes)
Event: 292.492 Thread 0x0000024bf30fdcd0 nmethod 3373 0x0000024b904a1110 code [0x0000024b904a12e0, 0x0000024b904a1838]
Event: 292.736 Thread 0x0000024bf388a580 3374   !   3       java.io.FileInputStream::available (24 bytes)
Event: 292.737 Thread 0x0000024bf388a580 nmethod 3374 0x0000024b80677090 code [0x0000024b80677260, 0x0000024b80677470]
Event: 292.737 Thread 0x0000024bf388a580 3375  s!   3       java.io.FileDescriptor::closeAll (163 bytes)
Event: 292.738 Thread 0x0000024bf388a580 nmethod 3375 0x0000024b80677590 code [0x0000024b80677820, 0x0000024b80678658]
Event: 292.738 Thread 0x0000024bf388a580 3376  s    3       java.io.FileDescriptor::close (9 bytes)
Event: 292.739 Thread 0x0000024bf388a580 nmethod 3376 0x0000024b80678c90 code [0x0000024b80678e60, 0x0000024b806792e8]
Event: 292.739 Thread 0x0000024bf388a580 3377  s    3       java.io.FileDescriptor::unregisterCleanup (20 bytes)
Event: 292.739 Thread 0x0000024bf388a580 nmethod 3377 0x0000024b80679490 code [0x0000024b80679640, 0x0000024b80679948]
Event: 293.265 Thread 0x0000024bf388a580 3378  s    1       java.net.DatagramPacket::getOffset (5 bytes)
Event: 293.265 Thread 0x0000024bf388a580 nmethod 3378 0x0000024b904a1c90 code [0x0000024b904a1e20, 0x0000024b904a1fa8]
Event: 293.265 Thread 0x0000024bf388a580 3379  s    1       java.net.DatagramPacket::setAddress (6 bytes)
Event: 293.265 Thread 0x0000024bf388a580 nmethod 3379 0x0000024b904a2010 code [0x0000024b904a21a0, 0x0000024b904a2378]
Event: 293.265 Thread 0x0000024bf388a580 3380  s    1       java.net.DatagramPacket::getLength (5 bytes)
Event: 293.265 Thread 0x0000024bf388a580 nmethod 3380 0x0000024b904a2410 code [0x0000024b904a25a0, 0x0000024b904a2728]
Event: 295.988 Thread 0x0000024bf388a580 3381  s    3       java.io.ByteArrayInputStream::read (36 bytes)
Event: 295.988 Thread 0x0000024bf388a580 nmethod 3381 0x0000024b80679a10 code [0x0000024b80679bc0, 0x0000024b80679e20]
Event: 296.812 Thread 0x0000024bf30fdcd0 3382       4       java.util.concurrent.locks.AbstractQueuedSynchronizer$ConditionObject::awaitNanos (202 bytes)

GC Heap History (6 events):
Event: 15.557 GC heap before
{Heap before GC invocations=0 (full 0):
 garbage-first heap   total 258048K, used 20480K [0x0000000600000000, 0x0000000800000000)
  region size 4096K, 5 young (20480K), 0 survivors (0K)
 Metaspace       used 875K, committed 1024K, reserved 1114112K
  class space    used 72K, committed 128K, reserved 1048576K
}
Event: 16.638 GC heap after
{Heap after GC invocations=1 (full 0):
 garbage-first heap   total 258048K, used 1535K [0x0000000600000000, 0x0000000800000000)
  region size 4096K, 1 young (4096K), 1 survivors (4096K)
 Metaspace       used 875K, committed 1024K, reserved 1114112K
  class space    used 72K, committed 128K, reserved 1048576K
}
Event: 35.025 GC heap before
{Heap before GC invocations=1 (full 0):
 garbage-first heap   total 258048K, used 42495K [0x0000000600000000, 0x0000000800000000)
  region size 4096K, 11 young (45056K), 1 survivors (4096K)
 Metaspace       used 4422K, committed 4608K, reserved 1114112K
  class space    used 558K, committed 640K, reserved 1048576K
}
Event: 35.031 GC heap after
{Heap after GC invocations=2 (full 0):
 garbage-first heap   total 258048K, used 11854K [0x0000000600000000, 0x0000000800000000)
  region size 4096K, 2 young (8192K), 2 survivors (8192K)
 Metaspace       used 4422K, committed 4608K, reserved 1114112K
  class space    used 558K, committed 640K, reserved 1048576K
}
Event: 231.824 GC heap before
{Heap before GC invocations=2 (full 0):
 garbage-first heap   total 258048K, used 122446K [0x0000000600000000, 0x0000000800000000)
  region size 4096K, 29 young (118784K), 2 survivors (8192K)
 Metaspace       used 15343K, committed 15744K, reserved 1114112K
  class space    used 2103K, committed 2304K, reserved 1048576K
}
Event: 231.887 GC heap after
{Heap after GC invocations=3 (full 0):
 garbage-first heap   total 258048K, used 21259K [0x0000000600000000, 0x0000000800000000)
  region size 4096K, 4 young (16384K), 4 survivors (16384K)
 Metaspace       used 15343K, committed 15744K, reserved 1114112K
  class space    used 2103K, committed 2304K, reserved 1048576K
}

Dll operation events (20 events):
Event: 8.262 Attempting to load shared library C:\Users\Lenovo E14\.vscode\extensions\redhat.java-1.56.0-win32-x64\jre\21.0.12.1-win32-x86_64\bin\nio.dll
Event: 8.262 Loaded shared library C:\Users\Lenovo E14\.vscode\extensions\redhat.java-1.56.0-win32-x64\jre\21.0.12.1-win32-x86_64\bin\nio.dll
Event: 8.299 Attempting to load shared library C:\Users\Lenovo E14\.vscode\extensions\redhat.java-1.56.0-win32-x64\jre\21.0.12.1-win32-x86_64\bin\zip.dll
Event: 8.299 Loaded shared library C:\Users\Lenovo E14\.vscode\extensions\redhat.java-1.56.0-win32-x64\jre\21.0.12.1-win32-x86_64\bin\zip.dll
Event: 16.675 Attempting to load shared library C:\Users\Lenovo E14\.vscode\extensions\redhat.java-1.56.0-win32-x64\jre\21.0.12.1-win32-x86_64\bin\jimage.dll
Event: 16.675 Loaded shared library C:\Users\Lenovo E14\.vscode\extensions\redhat.java-1.56.0-win32-x64\jre\21.0.12.1-win32-x86_64\bin\jimage.dll
Event: 23.767 Attempting to load shared library C:\Users\Lenovo E14\.vscode\extensions\redhat.java-1.56.0-win32-x64\jre\21.0.12.1-win32-x86_64\bin\verify.dll
Event: 23.768 Loaded shared library C:\Users\Lenovo E14\.vscode\extensions\redhat.java-1.56.0-win32-x64\jre\21.0.12.1-win32-x86_64\bin\verify.dll
Event: 24.652 Attempting to load shared library C:\Users\Lenovo E14\.gradle\native\1def1411415f61bf3af743bc5b6707747c0891f09f0c88961ee8f79bc544acac\windows-amd64\native-platform.dll
Event: 24.652 Loaded shared library C:\Users\Lenovo E14\.gradle\native\1def1411415f61bf3af743bc5b6707747c0891f09f0c88961ee8f79bc544acac\windows-amd64\native-platform.dll
Event: 25.168 Attempting to load shared library C:\Users\Lenovo E14\.gradle\native\0.2.7\x86_64-windows-gnu\gradle-fileevents.dll
Event: 25.168 Loaded shared library C:\Users\Lenovo E14\.gradle\native\0.2.7\x86_64-windows-gnu\gradle-fileevents.dll
Event: 73.061 Attempting to load shared library C:\Users\Lenovo E14\.vscode\extensions\redhat.java-1.56.0-win32-x64\jre\21.0.12.1-win32-x86_64\bin\management.dll
Event: 73.062 Loaded shared library C:\Users\Lenovo E14\.vscode\extensions\redhat.java-1.56.0-win32-x64\jre\21.0.12.1-win32-x86_64\bin\management.dll
Event: 73.137 Attempting to load shared library C:\Users\Lenovo E14\.vscode\extensions\redhat.java-1.56.0-win32-x64\jre\21.0.12.1-win32-x86_64\bin\management_ext.dll
Event: 73.205 Loaded shared library C:\Users\Lenovo E14\.vscode\extensions\redhat.java-1.56.0-win32-x64\jre\21.0.12.1-win32-x86_64\bin\management_ext.dll
Event: 76.163 Attempting to load shared library C:\Users\Lenovo E14\.vscode\extensions\redhat.java-1.56.0-win32-x64\jre\21.0.12.1-win32-x86_64\bin\extnet.dll
Event: 76.164 Loaded shared library C:\Users\Lenovo E14\.vscode\extensions\redhat.java-1.56.0-win32-x64\jre\21.0.12.1-win32-x86_64\bin\extnet.dll
Event: 207.425 Attempting to load shared library C:\Users\Lenovo E14\.vscode\extensions\redhat.java-1.56.0-win32-x64\jre\21.0.12.1-win32-x86_64\bin\sunmscapi.dll
Event: 207.440 Loaded shared library C:\Users\Lenovo E14\.vscode\extensions\redhat.java-1.56.0-win32-x64\jre\21.0.12.1-win32-x86_64\bin\sunmscapi.dll

Deoptimization events (20 events):
Event: 224.717 Thread 0x0000024bf9387870 DEOPT PACKING pc=0x0000024b903a9d2c sp=0x000000dfe25fec00
Event: 224.717 Thread 0x0000024bf9387870 DEOPT UNPACKING pc=0x0000024b8fd87ba2 sp=0x000000dfe25feb88 mode 2
Event: 224.812 Thread 0x0000024bf9387870 Uncommon trap: trap_request=0xffffffcc fr.pc=0x0000024b9040789c relative=0x000000000000035c
Event: 224.812 Thread 0x0000024bf9387870 Uncommon trap: reason=intrinsic_or_type_checked_inlining action=make_not_entrant pc=0x0000024b9040789c method=java.util.Arrays.copyOf([Ljava/lang/Object;ILjava/lang/Class;)[Ljava/lang/Object; @ 35 c2
Event: 224.813 Thread 0x0000024bf9387870 DEOPT PACKING pc=0x0000024b9040789c sp=0x000000dfe25fe0c0
Event: 224.813 Thread 0x0000024bf9387870 DEOPT UNPACKING pc=0x0000024b8fd87ba2 sp=0x000000dfe25fe068 mode 2
Event: 227.707 Thread 0x0000024bf9387870 Uncommon trap: trap_request=0xffffff45 fr.pc=0x0000024b903e59f8 relative=0x0000000000000498
Event: 227.707 Thread 0x0000024bf9387870 Uncommon trap: reason=unstable_if action=reinterpret pc=0x0000024b903e59f8 method=java.util.HashMap.getNode(Ljava/lang/Object;)Ljava/util/HashMap$Node; @ 66 c2
Event: 227.707 Thread 0x0000024bf9387870 DEOPT PACKING pc=0x0000024b903e59f8 sp=0x000000dfe25fc190
Event: 227.707 Thread 0x0000024bf9387870 DEOPT UNPACKING pc=0x0000024b8fd87ba2 sp=0x000000dfe25fc0b0 mode 2
Event: 227.707 Thread 0x0000024bf9387870 Uncommon trap: trap_request=0xffffff45 fr.pc=0x0000024b90453148 relative=0x00000000000001e8
Event: 227.707 Thread 0x0000024bf9387870 Uncommon trap: reason=unstable_if action=reinterpret pc=0x0000024b90453148 method=java.util.HashMap.getNode(Ljava/lang/Object;)Ljava/util/HashMap$Node; @ 66 c2
Event: 227.707 Thread 0x0000024bf9387870 DEOPT PACKING pc=0x0000024b90453148 sp=0x000000dfe25fc130
Event: 227.707 Thread 0x0000024bf9387870 DEOPT UNPACKING pc=0x0000024b8fd87ba2 sp=0x000000dfe25fc0b0 mode 2
Event: 228.140 Thread 0x0000024bf9387870 Uncommon trap: trap_request=0xffffff45 fr.pc=0x0000024b903661d4 relative=0x0000000000000294
Event: 228.140 Thread 0x0000024bf9387870 Uncommon trap: reason=unstable_if action=reinterpret pc=0x0000024b903661d4 method=java.util.concurrent.ConcurrentHashMap.get(Ljava/lang/Object;)Ljava/lang/Object; @ 76 c2
Event: 228.140 Thread 0x0000024bf9387870 DEOPT PACKING pc=0x0000024b903661d4 sp=0x000000dfe25fb6d0
Event: 228.140 Thread 0x0000024bf9387870 DEOPT UNPACKING pc=0x0000024b8fd87ba2 sp=0x000000dfe25fb648 mode 2
Event: 231.821 Thread 0x0000024bf9387870 DEOPT PACKING pc=0x0000024b800e3459 sp=0x000000dfe25fa870
Event: 231.822 Thread 0x0000024bf9387870 DEOPT UNPACKING pc=0x0000024b8fd886e2 sp=0x000000dfe25f9d08 mode 0

Classes loaded (20 events):
Event: 228.616 Loading class sun/reflect/generics/scope/ConstructorScope
Event: 228.616 Loading class sun/reflect/generics/scope/ConstructorScope done
Event: 230.824 Loading class java/nio/file/attribute/PosixFilePermission
Event: 230.825 Loading class java/nio/file/attribute/PosixFilePermission done
Event: 230.825 Loading class java/nio/file/NoSuchFileException
Event: 230.825 Loading class java/nio/file/FileSystemException
Event: 230.825 Loading class java/nio/file/FileSystemException done
Event: 230.825 Loading class java/nio/file/NoSuchFileException done
Event: 230.828 Loading class java/nio/file/attribute/PosixFilePermissions
Event: 230.841 Loading class java/nio/file/attribute/PosixFilePermissions done
Event: 230.842 Loading class java/util/RegularEnumSet$EnumSetIterator
Event: 230.843 Loading class java/util/RegularEnumSet$EnumSetIterator done
Event: 230.844 Loading class java/nio/file/attribute/PosixFilePermissions$1
Event: 230.848 Loading class java/nio/file/attribute/PosixFilePermissions$1 done
Event: 231.085 Loading class java/util/concurrent/ArrayBlockingQueue
Event: 231.085 Loading class java/util/concurrent/ArrayBlockingQueue done
Event: 231.085 Loading class java/util/concurrent/locks/ReentrantLock$FairSync
Event: 231.086 Loading class java/util/concurrent/locks/ReentrantLock$FairSync done
Event: 231.217 Loading class sun/nio/ch/DatagramChannelImpl$DatagramPackets
Event: 231.218 Loading class sun/nio/ch/DatagramChannelImpl$DatagramPackets done

Classes unloaded (0 events):
No events

Classes redefined (0 events):
No events

Internal exceptions (20 events):
Event: 76.193 Thread 0x0000024be36a0320 Exception <a 'java/lang/NoSuchMethodError'{0x000000060b453470}: 'java.lang.Object java.lang.invoke.DirectMethodHandle$Holder.invokeVirtual(java.lang.Object, java.lang.Object, java.lang.Object, java.lang.Object, java.lang.Object, java.lang.Object, java.lang.Object)'> (0x000000060b453470) 
thrown [s\src\hotspot\share\interpreter\linkResolver.cpp, line 773]
Event: 76.211 Thread 0x0000024be36a0320 Exception <a 'java/lang/NoSuchMethodError'{0x000000060b4e4600}: 'java.lang.Object java.lang.invoke.DirectMethodHandle$Holder.invokeVirtual(java.lang.Object, java.lang.Object, java.lang.Object, java.lang.Object, java.lang.Object, java.lang.Object, java.lang.Object, java.lang.Object, java.lang.Object)'> (0x000000060b4e4600) 
thrown [s\src\hotspot\share\interpreter\linkResolver.cpp, line 773]
Event: 76.324 Thread 0x0000024be36a0320 Exception <a 'java/lang/NoSuchMethodError'{0x000000060b67ffc8}: 'java.lang.Object java.lang.invoke.DirectMethodHandle$Holder.invokeStaticInit(java.lang.Object, int, int, int, int)'> (0x000000060b67ffc8) 
thrown [s\src\hotspot\share\interpreter\linkResolver.cpp, line 773]
Event: 76.770 Thread 0x0000024be36a0320 Exception <a 'java/lang/NoSuchMethodError'{0x000000060b74ec88}: 'java.lang.Object java.lang.invoke.DirectMethodHandle$Holder.invokeStaticInit(java.lang.Object, java.lang.Object, int, int, int, int)'> (0x000000060b74ec88) 
thrown [s\src\hotspot\share\interpreter\linkResolver.cpp, line 773]
Event: 132.238 Thread 0x0000024be36a0320 Exception <a 'java/io/IOException'{0x000000060b35e5c8}> (0x000000060b35e5c8) 
thrown [s\src\hotspot\share\prims\jni.cpp, line 520]
Event: 132.269 Thread 0x0000024be36a0320 Implicit null exception at 0x0000024b90323aa4 to 0x0000024b90324180
Event: 132.285 Thread 0x0000024be36a0320 Exception <a 'java/lang/NoSuchMethodError'{0x000000060b3d21d8}: 'java.lang.Object java.lang.invoke.DirectMethodHandle$Holder.newInvokeSpecial(java.lang.Object, java.lang.Object, java.lang.Object, java.lang.Object, java.lang.Object)'> (0x000000060b3d21d8) 
thrown [s\src\hotspot\share\interpreter\linkResolver.cpp, line 773]
Event: 143.037 Thread 0x0000024bf8265930 Implicit null exception at 0x0000024b9032c920 to 0x0000024b9032cff0
Event: 224.670 Thread 0x0000024bf8aa22e0 Exception <a 'java/lang/NoSuchMethodError'{0x000000060a6ab1e8}: 'void java.lang.invoke.DirectMethodHandle$Holder.invokeSpecial(java.lang.Object, java.lang.Object, java.lang.Object)'> (0x000000060a6ab1e8) 
thrown [s\src\hotspot\share\interpreter\linkResolver.cpp, line 773]
Event: 226.458 Thread 0x0000024bf9387870 Exception <a 'java/lang/NoSuchMethodError'{0x0000000609dafaf0}: 'long java.lang.invoke.DirectMethodHandle$Holder.invokeInterface(java.lang.Object, java.lang.Object)'> (0x0000000609dafaf0) 
thrown [s\src\hotspot\share\interpreter\linkResolver.cpp, line 773]
Event: 227.366 Thread 0x0000024bf9387870 Exception <a 'java/lang/NoSuchMethodError'{0x00000006099e4160}: 'void java.lang.invoke.DirectMethodHandle$Holder.invokeStatic(java.lang.Object, java.lang.Object)'> (0x00000006099e4160) 
thrown [s\src\hotspot\share\interpreter\linkResolver.cpp, line 773]
Event: 227.464 Thread 0x0000024bf9387870 Exception <a 'java/lang/NoSuchMethodError'{0x0000000609a295c8}: 'java.lang.Object java.lang.invoke.DirectMethodHandle$Holder.invokeVirtual(java.lang.Object, java.lang.Object, java.lang.Object, java.lang.Object, java.lang.Object, java.lang.Object, java.lang.Object, java.lang.Object, java.lang.Object, java.lang.Object, java.lang.Object, java.lang.Object)'> (0x0000000609a295c8) 
thrown [s\src\hotspot\share\interpreter\linkResolver.cpp, line 773]
Event: 227.465 Thread 0x0000024bf9387870 Exception <a 'java/lang/NoSuchMethodError'{0x0000000609a2e5f0}: 'java.lang.Object java.lang.invoke.DirectMethodHandle$Holder.invokeSpecial(java.lang.Object, java.lang.Object, java.lang.Object, java.lang.Object, java.lang.Object, java.lang.Object, java.lang.Object, java.lang.Object, java.lang.Object, java.lang.Object, java.lang.Object, java.lang.Object, java.lang.Object)'> (0x0000000609a2e5f0) 
thrown [s\src\hotspot\share\interpreter\linkResolver.cpp, line 773]
Event: 228.170 Thread 0x0000024bf9387870 Exception <a 'java/lang/NoSuchMethodError'{0x000000060948c5c8}: 'int java.lang.invoke.DirectMethodHandle$Holder.invokeVirtual(java.lang.Object, java.lang.Object, java.lang.Object)'> (0x000000060948c5c8) 
thrown [s\src\hotspot\share\interpreter\linkResolver.cpp, line 773]
Event: 228.377 Thread 0x0000024bf9387870 Exception <a 'java/lang/NoSuchMethodError'{0x0000000609701b28}: 'java.lang.Object java.lang.invoke.DirectMethodHandle$Holder.newInvokeSpecial(java.lang.Object, java.lang.Object, java.lang.Object, java.lang.Object, java.lang.Object, java.lang.Object)'> (0x0000000609701b28) 
thrown [s\src\hotspot\share\interpreter\linkResolver.cpp, line 773]
Event: 228.654 Thread 0x0000024bf9387870 Exception <a 'java/lang/NoSuchMethodError'{0x00000006091c3e00}: 'void java.lang.invoke.DelegatingMethodHandle$Holder.reinvoke_L(java.lang.Object, java.lang.Object, java.lang.Object, java.lang.Object, java.lang.Object, java.lang.Object, java.lang.Object, java.lang.Object, java.lang.Object, java.lang.Object)'> (0x00000006091c3e00) 
thrown [s\src\hotspot\share\interpreter\linkResolver.cpp, line 773]
Event: 229.104 Thread 0x0000024bf9387870 Exception <a 'java/lang/NoSuchMethodError'{0x00000006091cb8e0}: 'java.lang.Object java.lang.invoke.Invokers$Holder.invoker(java.lang.Object, java.lang.Object, java.lang.Object, java.lang.Object, java.lang.Object, java.lang.Object, java.lang.Object, java.lang.Object, java.lang.Object, java.lang.Object)'> (0x00000006091cb8e0) 
thrown [s\src\hotspot\share\interpreter\linkResolver.cpp, line 773]
Event: 230.869 Thread 0x0000024bf9387870 Exception <a 'java/lang/NoSuchMethodError'{0x000000060880f458}: 'void java.lang.invoke.DirectMethodHandle$Holder.invokeInterface(java.lang.Object, java.lang.Object)'> (0x000000060880f458) 
thrown [s\src\hotspot\share\interpreter\linkResolver.cpp, line 773]
Event: 230.870 Thread 0x0000024bf9387870 Exception <a 'java/lang/IncompatibleClassChangeError'{0x00000006088129d8}: Found class java.lang.Object, but interface was expected> (0x00000006088129d8) 
thrown [s\src\hotspot\share\interpreter\linkResolver.cpp, line 840]
Event: 231.092 Thread 0x0000024bf9387870 Exception <a 'java/lang/NoSuchMethodError'{0x0000000608938d08}: 'java.lang.Object java.lang.invoke.DirectMethodHandle$Holder.newInvokeSpecial(java.lang.Object, java.lang.Object, int)'> (0x0000000608938d08) 
thrown [s\src\hotspot\share\interpreter\linkResolver.cpp, line 773]

ZGC Phase Switch (0 events):
No events

VM Operations (20 events):
Event: 244.880 Executing safepoint VM operation: Cleanup
Event: 244.880 Executing safepoint VM operation: Cleanup done
Event: 244.880 Executing non-safepoint VM operation: RendezvousGCThreads
Event: 244.880 Executing non-safepoint VM operation: RendezvousGCThreads done
Event: 252.884 Executing safepoint VM operation: Cleanup
Event: 252.894 Executing safepoint VM operation: Cleanup done
Event: 253.895 Executing safepoint VM operation: Cleanup
Event: 253.907 Executing safepoint VM operation: Cleanup done
Event: 254.907 Executing safepoint VM operation: Cleanup
Event: 254.907 Executing safepoint VM operation: Cleanup done
Event: 258.909 Executing safepoint VM operation: Cleanup
Event: 259.098 Executing safepoint VM operation: Cleanup done
Event: 262.101 Executing safepoint VM operation: Cleanup
Event: 262.101 Executing safepoint VM operation: Cleanup done
Event: 284.119 Executing safepoint VM operation: Cleanup
Event: 284.119 Executing safepoint VM operation: Cleanup done
Event: 291.122 Executing safepoint VM operation: Cleanup
Event: 291.122 Executing safepoint VM operation: Cleanup done
Event: 293.124 Executing safepoint VM operation: Cleanup
Event: 293.124 Executing safepoint VM operation: Cleanup done

Memory protections (0 events):
No events

Nmethod flushes (0 events):
No events

Events (20 events):
Event: 18.617 Thread 0x0000024bf388a580 Thread added: 0x0000024bf8094170
Event: 18.621 Thread 0x0000024bf388a580 Thread added: 0x0000024bf80c6df0
Event: 18.921 Thread 0x0000024bf80c6df0 Thread exited: 0x0000024bf80c6df0
Event: 18.939 Thread 0x0000024bf8094170 Thread exited: 0x0000024bf8094170
Event: 23.901 Thread 0x0000024bf388a580 Thread added: 0x0000024bf82b8340
Event: 25.169 Thread 0x0000024bf82b8340 Thread exited: 0x0000024bf82b8340
Event: 73.421 Thread 0x0000024be36a0320 Thread added: 0x0000024bf9361690
Event: 76.824 Thread 0x0000024be36a0320 Thread added: 0x0000024bf8aa9de0
Event: 132.474 Thread 0x0000024be36a0320 Thread added: 0x0000024bf8265930
Event: 207.966 Thread 0x0000024bf8aa9de0 Thread added: 0x0000024bf8aa22e0
Event: 208.081 Thread 0x0000024bf8aa22e0 Thread added: 0x0000024bf392da10
Event: 208.779 Thread 0x0000024bf8aa22e0 Thread added: 0x0000024bf88b3f20
Event: 224.672 Thread 0x0000024bf8aa22e0 Thread added: 0x0000024bf9387870
Event: 224.749 Thread 0x0000024bf9387870 Thread added: 0x0000024bf8e4e370
Event: 224.759 Thread 0x0000024bf9387870 Thread added: 0x0000024bf8e4b580
Event: 224.791 Thread 0x0000024bf9387870 Thread added: 0x0000024bf8e4dce0
Event: 231.089 Thread 0x0000024bf9387870 Thread added: 0x0000024bf8e4c2a0
Event: 231.122 Thread 0x0000024bf9387870 Thread added: 0x0000024bf8e4d650
Event: 232.611 Thread 0x0000024bf9387870 Thread added: 0x0000024bf8e4aef0
Event: 236.408 Thread 0x0000024bf8e4d650 Thread added: 0x0000024bf8e4bc10


Dynamic libraries:
0x00007ff6b6000000 - 0x00007ff6b600e000 	C:\Users\Lenovo E14\.vscode\extensions\redhat.java-1.56.0-win32-x64\jre\21.0.12.1-win32-x86_64\bin\java.exe
0x00007ff9bbd10000 - 0x00007ff9bbf28000 	C:\Windows\SYSTEM32\ntdll.dll
0x00007ff9bab90000 - 0x00007ff9bac54000 	C:\Windows\System32\KERNEL32.DLL
0x00007ff9b90f0000 - 0x00007ff9b94c3000 	C:\Windows\System32\KERNELBASE.dll
0x00007ff9b9890000 - 0x00007ff9b99a1000 	C:\Windows\System32\ucrtbase.dll
0x00007ff9569c0000 - 0x00007ff9569d8000 	C:\Users\Lenovo E14\.vscode\extensions\redhat.java-1.56.0-win32-x64\jre\21.0.12.1-win32-x86_64\bin\jli.dll
0x00007ff9bb080000 - 0x00007ff9bb232000 	C:\Windows\System32\USER32.dll
0x00007ff9569a0000 - 0x00007ff9569be000 	C:\Users\Lenovo E14\.vscode\extensions\redhat.java-1.56.0-win32-x64\jre\21.0.12.1-win32-x86_64\bin\VCRUNTIME140.dll
0x00007ff9a7b50000 - 0x00007ff9a7dec000 	C:\Windows\WinSxS\amd64_microsoft.windows.common-controls_6595b64144ccf1df_6.0.22621.6060_none_2712eda17382d24b\COMCTL32.dll
0x00007ff9b97e0000 - 0x00007ff9b9806000 	C:\Windows\System32\win32u.dll
0x00007ff9ba8e0000 - 0x00007ff9ba987000 	C:\Windows\System32\msvcrt.dll
0x00007ff9bb050000 - 0x00007ff9bb079000 	C:\Windows\System32\GDI32.dll
0x00007ff9b96c0000 - 0x00007ff9b97db000 	C:\Windows\System32\gdi32full.dll
0x00007ff9b8e50000 - 0x00007ff9b8eea000 	C:\Windows\System32\msvcp_win.dll
0x00007ff9ba780000 - 0x00007ff9ba7b1000 	C:\Windows\System32\IMM32.DLL
0x00007ff9a8910000 - 0x00007ff9a891c000 	C:\Users\Lenovo E14\.vscode\extensions\redhat.java-1.56.0-win32-x64\jre\21.0.12.1-win32-x86_64\bin\vcruntime140_1.dll
0x00007ff9563f0000 - 0x00007ff95647d000 	C:\Users\Lenovo E14\.vscode\extensions\redhat.java-1.56.0-win32-x64\jre\21.0.12.1-win32-x86_64\bin\msvcp140.dll
0x00007ff90b7c0000 - 0x00007ff90c562000 	C:\Users\Lenovo E14\.vscode\extensions\redhat.java-1.56.0-win32-x64\jre\21.0.12.1-win32-x86_64\bin\server\jvm.dll
0x00007ff9baee0000 - 0x00007ff9baf91000 	C:\Windows\System32\ADVAPI32.dll
0x00007ff9bafa0000 - 0x00007ff9bb048000 	C:\Windows\System32\sechost.dll
0x00007ff9b8e20000 - 0x00007ff9b8e48000 	C:\Windows\System32\bcrypt.dll
0x00007ff9bbb90000 - 0x00007ff9bbca8000 	C:\Windows\System32\RPCRT4.dll
0x00007ff9ba4c0000 - 0x00007ff9ba531000 	C:\Windows\System32\WS2_32.dll
0x00007ff9b85a0000 - 0x00007ff9b85ed000 	C:\Windows\SYSTEM32\POWRPROF.dll
0x00007ff9b23f0000 - 0x00007ff9b2424000 	C:\Windows\SYSTEM32\WINMM.dll
0x00007ff9b2060000 - 0x00007ff9b206a000 	C:\Windows\SYSTEM32\VERSION.dll
0x00007ff9b8530000 - 0x00007ff9b8543000 	C:\Windows\SYSTEM32\UMPDC.dll
0x00007ff9b7e30000 - 0x00007ff9b7e48000 	C:\Windows\SYSTEM32\kernel.appcore.dll
0x00007ff97cd10000 - 0x00007ff97cd1a000 	C:\Users\Lenovo E14\.vscode\extensions\redhat.java-1.56.0-win32-x64\jre\21.0.12.1-win32-x86_64\bin\jimage.dll
0x00007ff9b67d0000 - 0x00007ff9b6a03000 	C:\Windows\SYSTEM32\DBGHELP.DLL
0x00007ff9b9fc0000 - 0x00007ff9ba351000 	C:\Windows\System32\combase.dll
0x00007ff9bac60000 - 0x00007ff9bad38000 	C:\Windows\System32\OLEAUT32.dll
0x00007ff9acea0000 - 0x00007ff9aced2000 	C:\Windows\SYSTEM32\dbgcore.DLL
0x00007ff9b94d0000 - 0x00007ff9b954b000 	C:\Windows\System32\bcryptPrimitives.dll
0x00007ff975da0000 - 0x00007ff975daf000 	C:\Users\Lenovo E14\.vscode\extensions\redhat.java-1.56.0-win32-x64\jre\21.0.12.1-win32-x86_64\bin\instrument.dll
0x00007ff956980000 - 0x00007ff9569a0000 	C:\Users\Lenovo E14\.vscode\extensions\redhat.java-1.56.0-win32-x64\jre\21.0.12.1-win32-x86_64\bin\java.dll
0x00007ff9bb260000 - 0x00007ff9bbafc000 	C:\Windows\System32\SHELL32.dll
0x00007ff9b8ef0000 - 0x00007ff9b902f000 	C:\Windows\System32\wintypes.dll
0x00007ff9b6cd0000 - 0x00007ff9b75ea000 	C:\Windows\SYSTEM32\windows.storage.dll
0x00007ff9ba7c0000 - 0x00007ff9ba8c4000 	C:\Windows\System32\SHCORE.dll
0x00007ff9b9a60000 - 0x00007ff9b9ac9000 	C:\Windows\System32\shlwapi.dll
0x00007ff9b8d50000 - 0x00007ff9b8d75000 	C:\Windows\SYSTEM32\profapi.dll
0x00007ff99cc60000 - 0x00007ff99cc78000 	C:\Users\Lenovo E14\.vscode\extensions\redhat.java-1.56.0-win32-x64\jre\21.0.12.1-win32-x86_64\bin\zip.dll
0x00007ff99bb40000 - 0x00007ff99bb50000 	C:\Users\Lenovo E14\.vscode\extensions\redhat.java-1.56.0-win32-x64\jre\21.0.12.1-win32-x86_64\bin\net.dll
0x00007ff9b55d0000 - 0x00007ff9b56fc000 	C:\Windows\SYSTEM32\WINHTTP.dll
0x00007ff9b82f0000 - 0x00007ff9b8359000 	C:\Windows\system32\mswsock.dll
0x00007ff99bb20000 - 0x00007ff99bb36000 	C:\Users\Lenovo E14\.vscode\extensions\redhat.java-1.56.0-win32-x64\jre\21.0.12.1-win32-x86_64\bin\nio.dll
0x00007ff956b40000 - 0x00007ff956b50000 	C:\Users\Lenovo E14\.vscode\extensions\redhat.java-1.56.0-win32-x64\jre\21.0.12.1-win32-x86_64\bin\verify.dll
0x00007ff99df10000 - 0x00007ff99df37000 	C:\Users\Lenovo E14\.gradle\native\1def1411415f61bf3af743bc5b6707747c0891f09f0c88961ee8f79bc544acac\windows-amd64\native-platform.dll
0x00007ff973490000 - 0x00007ff973508000 	C:\Users\Lenovo E14\.gradle\native\0.2.7\x86_64-windows-gnu\gradle-fileevents.dll
0x00007ff9b25b0000 - 0x00007ff9b25ba000 	C:\Users\Lenovo E14\.vscode\extensions\redhat.java-1.56.0-win32-x64\jre\21.0.12.1-win32-x86_64\bin\management.dll
0x00007ff9b10e0000 - 0x00007ff9b10ec000 	C:\Users\Lenovo E14\.vscode\extensions\redhat.java-1.56.0-win32-x64\jre\21.0.12.1-win32-x86_64\bin\management_ext.dll
0x00007ff9bb240000 - 0x00007ff9bb248000 	C:\Windows\System32\PSAPI.DLL
0x00007ff9b7890000 - 0x00007ff9b78bd000 	C:\Windows\SYSTEM32\IPHLPAPI.DLL
0x00007ff9ba8d0000 - 0x00007ff9ba8d9000 	C:\Windows\System32\NSI.dll
0x00007ff9b2590000 - 0x00007ff9b2599000 	C:\Users\Lenovo E14\.vscode\extensions\redhat.java-1.56.0-win32-x64\jre\21.0.12.1-win32-x86_64\bin\extnet.dll
0x00007ff9b86c0000 - 0x00007ff9b86db000 	C:\Windows\SYSTEM32\CRYPTSP.dll
0x00007ff9b7d20000 - 0x00007ff9b7d57000 	C:\Windows\system32\rsaenh.dll
0x00007ff9b8390000 - 0x00007ff9b83b8000 	C:\Windows\SYSTEM32\USERENV.dll
0x00007ff9b86a0000 - 0x00007ff9b86ac000 	C:\Windows\SYSTEM32\CRYPTBASE.dll
0x00007ff9b25a0000 - 0x00007ff9b25ae000 	C:\Users\Lenovo E14\.vscode\extensions\redhat.java-1.56.0-win32-x64\jre\21.0.12.1-win32-x86_64\bin\sunmscapi.dll
0x00007ff9b9550000 - 0x00007ff9b96b8000 	C:\Windows\System32\CRYPT32.dll
0x00007ff9b87e0000 - 0x00007ff9b880e000 	C:\Windows\SYSTEM32\ncrypt.dll
0x00007ff9b87a0000 - 0x00007ff9b87d7000 	C:\Windows\SYSTEM32\NTASN1.dll
0x00007ff97e570000 - 0x00007ff97e578000 	C:\Windows\system32\wshunix.dll

JVMTI agents:
C:\Users\Lenovo E14\.gradle\wrapper\dists\gradle-8.14-all\c2qonpi39x1mddn7hk5gh9iqj\gradle-8.14\lib\agents\gradle-instrumentation-agent-8.14.jar path:C:\Users\Lenovo E14\.vscode\extensions\redhat.java-1.56.0-win32-x64\jre\21.0.12.1-win32-x86_64\bin\instrument.dll, loaded, initialized, instrumentlib options:none

dbghelp: loaded successfully - version: 4.0.5 - missing functions: none
symbol engine: initialized successfully - sym options: 0x614 - pdb path: .;C:\Users\Lenovo E14\.vscode\extensions\redhat.java-1.56.0-win32-x64\jre\21.0.12.1-win32-x86_64\bin;C:\Windows\SYSTEM32;C:\Windows\WinSxS\amd64_microsoft.windows.common-controls_6595b64144ccf1df_6.0.22621.6060_none_2712eda17382d24b;C:\Users\Lenovo E14\.vscode\extensions\redhat.java-1.56.0-win32-x64\jre\21.0.12.1-win32-x86_64\bin\server;C:\Users\Lenovo E14\.gradle\native\1def1411415f61bf3af743bc5b6707747c0891f09f0c88961ee8f79bc544acac\windows-amd64;C:\Users\Lenovo E14\.gradle\native\0.2.7\x86_64-windows-gnu

VM Arguments:
jvm_args: --add-opens=java.base/java.lang=ALL-UNNAMED --add-opens=java.base/java.lang.invoke=ALL-UNNAMED --add-opens=java.base/java.util=ALL-UNNAMED --add-opens=java.prefs/java.util.prefs=ALL-UNNAMED --add-exports=jdk.compiler/com.sun.tools.javac.api=ALL-UNNAMED --add-exports=jdk.compiler/com.sun.tools.javac.util=ALL-UNNAMED --add-opens=java.base/java.util=ALL-UNNAMED --add-opens=java.prefs/java.util.prefs=ALL-UNNAMED --add-opens=java.base/java.nio.charset=ALL-UNNAMED --add-opens=java.base/java.net=ALL-UNNAMED --add-opens=java.base/java.util.concurrent.atomic=ALL-UNNAMED --add-opens=java.xml/javax.xml.namespace=ALL-UNNAMED -XX:MaxMetaspaceSize=4G -XX:ReservedCodeCacheSize=512m -XX:+HeapDumpOnOutOfMemoryError -Xmx8G -Dfile.encoding=UTF-8 -Duser.country=US -Duser.language=en -Duser.variant -javaagent:C:\Users\Lenovo E14\.gradle\wrapper\dists\gradle-8.14-all\c2qonpi39x1mddn7hk5gh9iqj\gradle-8.14\lib\agents\gradle-instrumentation-agent-8.14.jar 
java_command: org.gradle.launcher.daemon.bootstrap.GradleDaemon 8.14
java_class_path (initial): C:\Users\Lenovo E14\.gradle\wrapper\dists\gradle-8.14-all\c2qonpi39x1mddn7hk5gh9iqj\gradle-8.14\lib\gradle-daemon-main-8.14.jar
Launcher Type: SUN_STANDARD

[Global flags]
     intx CICompilerCount                          = 4                                         {product} {ergonomic}
     uint ConcGCThreads                            = 2                                         {product} {ergonomic}
     uint G1ConcRefinementThreads                  = 8                                         {product} {ergonomic}
   size_t G1HeapRegionSize                         = 4194304                                   {product} {ergonomic}
    uintx GCDrainStackTargetSize                   = 64                                        {product} {ergonomic}
     bool HeapDumpOnOutOfMemoryError               = true                                   {manageable} {command line}
   size_t InitialHeapSize                          = 264241152                                 {product} {ergonomic}
   size_t MarkStackSize                            = 4194304                                   {product} {ergonomic}
   size_t MaxHeapSize                              = 8589934592                                {product} {command line}
   size_t MaxMetaspaceSize                         = 4294967296                                {product} {command line}
   size_t MaxNewSize                               = 5150605312                                {product} {ergonomic}
   size_t MinHeapDeltaBytes                        = 4194304                                   {product} {ergonomic}
   size_t MinHeapSize                              = 8388608                                   {product} {ergonomic}
    uintx NonNMethodCodeHeapSize                   = 5839372                                {pd product} {ergonomic}
    uintx NonProfiledCodeHeapSize                  = 265515770                              {pd product} {ergonomic}
    uintx ProfiledCodeHeapSize                     = 265515770                              {pd product} {ergonomic}
    uintx ReservedCodeCacheSize                    = 536870912                              {pd product} {command line}
     bool SegmentedCodeCache                       = true                                      {product} {ergonomic}
   size_t SoftMaxHeapSize                          = 8589934592                             {manageable} {ergonomic}
     bool UseCompressedOops                        = true                           {product lp64_product} {ergonomic}
     bool UseG1GC                                  = true                                      {product} {ergonomic}
     bool UseLargePagesIndividualAllocation        = false                                  {pd product} {ergonomic}

Logging:
Log output configuration:
 #0: stdout all=warning uptime,level,tags foldmultilines=false
 #1: stderr all=off uptime,level,tags foldmultilines=false

Release file:
JAVA_VERSION="21.0.12.1" 
MODULES="java.base java.compiler java.datatransfer java.xml java.prefs java.desktop java.instrument java.logging java.management java.security.sasl java.naming java.rmi java.management.rmi java.net.http java.scripting java.security.jgss java.transaction.xa java.sql java.sql.rowset java.xml.crypto java.se java.smartcardio jdk.accessibility jdk.internal.jvmstat jdk.attach jdk.charsets jdk.internal.opt jdk.zipfs jdk.compiler jdk.crypto.ec jdk.crypto.cryptoki jdk.crypto.mscapi jdk.dynalink jdk.internal.ed jdk.editpad jdk.hotspot.agent jdk.httpserver jdk.internal.le jdk.internal.vm.ci jdk.internal.vm.compiler jdk.internal.vm.compiler.management jdk.jartool jdk.javadoc jdk.jcmd jdk.management jdk.management.agent jdk.jconsole jdk.jdeps jdk.jdwp.agent jdk.jdi jdk.jfr jdk.jshell jdk.jsobject jdk.jstatd jdk.localedata jdk.management.jfr jdk.naming.dns jdk.naming.rmi jdk.net jdk.nio.mapmode jdk.random jdk.sctp jdk.security.auth jdk.security.jgss jdk.unsupported jdk.unsupported.desktop jdk.xml.dom" 

Environment Variables:
PATH=C:\Program Files\Common Files\Oracle\Java\javapath;C:\Windows\system32;C:\Windows;C:\Windows\System32\Wbem;C:\Windows\System32\WindowsPowerShell\v1.0\;C:\Windows\System32\OpenSSH\;C:\Windows\Microsoft.NET\Framework64\v4.0.30319;C:\Program Files\MongoDB\mongosh-2.5.8-win32-x64\bin;C:\Program Files\MongoDB\mongodb-database-tools-windows-x86_64-100.13.0\bin;C:\Program Files\MongoDB\Server\8.2\bin;C:\Program Files\MongoDB\Connector for BI\2.14\bin;C:\Program Files\MongoDB\ODBC\1.4\bin;C:\Program Files\nodejs\;C:\Program Files\Git\cmd;C:\Program Files\MySQL\MySQL Shell 8.0\bin;C:\Program Files\MySQL\MySQL Server 8.0\bin;C:\Program Files\MySQL\MySQL Router 8.0\bin;C:\Program Files\dotnet\;C:\flutter\bin;C:\Android\cmdline-tools\latest\bin;C:\Android\platform-tools;C:\Android\platforms;C:\Android\emulator;C:\Program Files\MySQL\MySQL Shell 8.0\bin\;C:\Users\Lenovo E14\AppData\Local\Programs\Python\Python314\Scripts\;C:\Users\Lenovo E14\AppData\Local\Programs\Python\Python314\;C:\Users\Lenovo E14\AppData\Local\Microsoft\WindowsApps;C:\Users\Lenovo E14\AppData\Local\Programs\Microsoft VS Code\bin;C:\Users\Lenovo E14\AppData\Roaming\npm
USERNAME=Lenovo E14
OS=Windows_NT
PROCESSOR_IDENTIFIER=Intel64 Family 6 Model 140 Stepping 1, GenuineIntel
TMP=C:\Users\LENOVO~1\AppData\Local\Temp
TEMP=C:\Users\LENOVO~1\AppData\Local\Temp




Periodic native trim disabled

---------------  S Y S T E M  ---------------

OS:
 Windows 11 , 64 bit Build 22621 (10.0.22621.5415)
OS uptime: 0 days 0:25 hours
Hyper-V role detected

CPU: total 8 (initial active 8) (4 cores per cpu, 2 threads per core) family 6 model 140 stepping 1 microcode 0x86, cx8, cmov, fxsr, ht, mmx, 3dnowpref, sse, sse2, sse3, ssse3, sse4.1, sse4.2, popcnt, lzcnt, tsc, tscinvbit, avx, avx2, aes, erms, clmul, bmi1, bmi2, adx, avx512f, avx512dq, avx512cd, avx512bw, avx512vl, sha, fma, vzeroupper, avx512_vpopcntdq, avx512_vpclmulqdq, avx512_vaes, avx512_vnni, clflush, clflushopt, clwb, avx512_vbmi2, avx512_vbmi, hv, rdtscp, rdpid, fsrm, gfni, avx512_bitalg, f16c, cet_ibt, cet_ss, avx512_ifma
Processor Information for the first 8 processors :
  Max Mhz: 2419, Current Mhz: 2419, Mhz Limit: 2419

Memory: 4k page, system-wide physical 16082M (308M free)
TotalPageFile size 65234M (AvailPageFile size 6M)
current process WorkingSet (physical memory assigned to process): 80M, peak: 167M
current process commit charge ("private bytes"): 383M, peak: 411M

vm_info: OpenJDK 64-Bit Server VM (21.0.12.1+1-LTS) for windows-amd64 JRE (21.0.12.1+1-LTS), built on 2026-08-18T00:00:00Z by "admin" with MS VC++ 17.12 (VS2022)

END.
