#
# There is insufficient memory for the Java Runtime Environment to continue.
# Native memory allocation (malloc) failed to allocate 911616 bytes. Error detail: Chunk::new
# Possible reasons:
#   The system is out of physical RAM or swap space
#   This process is running with CompressedOops enabled, and the Java Heap may be blocking the growth of the native heap
# Possible solutions:
#   Reduce memory load on the system
#   Increase physical memory or swap space
#   Check if swap backing store is full
#   Decrease Java heap size (-Xmx/-Xms)
#   Decrease number of Java threads
#   Decrease Java thread stack sizes (-Xss)
#   Set larger code cache with -XX:ReservedCodeCacheSize=
#   JVM is running with Zero Based Compressed Oops mode in which the Java heap is
#     placed in the first 32GB address space. The Java Heap base address is the
#     maximum limit for the native heap growth. Please use -XX:HeapBaseMinAddress
#     to set the Java Heap base and to place the Java Heap above 32GB virtual address.
# This output file may be truncated or incomplete.
#
#  Out of Memory Error (arena.cpp:168), pid=5352, tid=38232
#
# JRE version: OpenJDK Runtime Environment Temurin-21.0.12.1+1 (21.0.12.1+1) (build 21.0.12.1+1-LTS)
# Java VM: OpenJDK 64-Bit Server VM Temurin-21.0.12.1+1 (21.0.12.1+1-LTS, mixed mode, sharing, tiered, compressed oops, compressed class ptrs, g1 gc, windows-amd64)
# No core dump will be written. Minidumps are not enabled by default on client versions of Windows
#

---------------  S U M M A R Y ------------

Command Line: --add-opens=java.base/java.lang=ALL-UNNAMED --add-opens=java.base/java.lang.invoke=ALL-UNNAMED --add-opens=java.base/java.util=ALL-UNNAMED --add-opens=java.prefs/java.util.prefs=ALL-UNNAMED --add-exports=jdk.compiler/com.sun.tools.javac.api=ALL-UNNAMED --add-exports=jdk.compiler/com.sun.tools.javac.util=ALL-UNNAMED --add-opens=java.base/java.util=ALL-UNNAMED --add-opens=java.prefs/java.util.prefs=ALL-UNNAMED --add-opens=java.base/java.nio.charset=ALL-UNNAMED --add-opens=java.base/java.net=ALL-UNNAMED --add-opens=java.base/java.util.concurrent.atomic=ALL-UNNAMED --add-opens=java.xml/javax.xml.namespace=ALL-UNNAMED -XX:MaxMetaspaceSize=4G -XX:ReservedCodeCacheSize=512m -XX:+HeapDumpOnOutOfMemoryError -Xmx8G -Dfile.encoding=UTF-8 -Duser.country=US -Duser.language=en -Duser.variant -javaagent:C:\Users\Lenovo E14\.gradle\wrapper\dists\gradle-8.14-all\c2qonpi39x1mddn7hk5gh9iqj\gradle-8.14\lib\agents\gradle-instrumentation-agent-8.14.jar org.gradle.launcher.daemon.bootstrap.GradleDaemon 8.14

Host: 11th Gen Intel(R) Core(TM) i5-1135G7 @ 2.40GHz, 8 cores, 15G,  Windows 11 , 64 bit Build 22621 (10.0.22621.5415)
Time: Tue Oct  6 07:50:29 2026 W. Central Africa Standard Time elapsed time: 47.341015 seconds (0d 0h 0m 47s)

---------------  T H R E A D  ---------------

Current thread (0x0000024bfbbdd330):  JavaThread "C2 CompilerThread0" daemon [_thread_in_native, id=38232, stack(0x000000d3d1e00000,0x000000d3d1f00000) (1024K)]


Current CompileTask:
C2:47341 3019   !   4       java.lang.ClassLoader::loadClass (121 bytes)

Stack: [0x000000d3d1e00000,0x000000d3d1f00000]
Native frames: (J=compiled Java code, j=interpreted, Vv=VM code, C=native code)
V  [jvm.dll+0x6d83e9]
V  [jvm.dll+0x8b5736]
V  [jvm.dll+0x8b7cee]
V  [jvm.dll+0x8b83d3]
V  [jvm.dll+0x284596]
V  [jvm.dll+0xc685d]
V  [jvm.dll+0xc6da1]
V  [jvm.dll+0x2fb5ae]
V  [jvm.dll+0x5fee94]
V  [jvm.dll+0x255d67]
V  [jvm.dll+0x25612d]
V  [jvm.dll+0x24e6a0]
V  [jvm.dll+0x24bbe6]
V  [jvm.dll+0x1cb4ae]
V  [jvm.dll+0x25baad]
V  [jvm.dll+0x25a03a]
V  [jvm.dll+0x3f8aae]
V  [jvm.dll+0x8600cd]
V  [jvm.dll+0x6d6c1d]
C  [ucrtbase.dll+0x29333]
C  [KERNEL32.DLL+0x1259d]
C  [ntdll.dll+0x5af78]


---------------  P R O C E S S  ---------------

Threads class SMR info:
_java_thread_list=0x0000024bfe6db870, length=23, elements={
0x0000024bd41b0c70, 0x0000024bfbbd3910, 0x0000024bfbbd6640, 0x0000024bfbbd7560,
0x0000024bfbbdb0e0, 0x0000024bfbbdbb40, 0x0000024bfbbdc5a0, 0x0000024bfbbdd330,
0x0000024bfbbde900, 0x0000024bfc59b6c0, 0x0000024bfc54e350, 0x0000024bfcb882c0,
0x0000024bfdcf0da0, 0x0000024bfdd33c00, 0x0000024bfd356290, 0x0000024bfc5ac090,
0x0000024bfddcee30, 0x0000024bfd35a2b0, 0x0000024bfc39c840, 0x0000024bfc39d560,
0x0000024bfc39b490, 0x0000024bfc39a0e0, 0x0000024bfc39a770
}

Java Threads: ( => current thread )
  0x0000024bd41b0c70 JavaThread "main"                              [_thread_blocked, id=2368, stack(0x000000d3d1000000,0x000000d3d1100000) (1024K)]
  0x0000024bfbbd3910 JavaThread "Reference Handler"          daemon [_thread_blocked, id=11604, stack(0x000000d3d1800000,0x000000d3d1900000) (1024K)]
  0x0000024bfbbd6640 JavaThread "Finalizer"                  daemon [_thread_blocked, id=22160, stack(0x000000d3d1900000,0x000000d3d1a00000) (1024K)]
  0x0000024bfbbd7560 JavaThread "Signal Dispatcher"          daemon [_thread_blocked, id=32252, stack(0x000000d3d1a00000,0x000000d3d1b00000) (1024K)]
  0x0000024bfbbdb0e0 JavaThread "Attach Listener"            daemon [_thread_blocked, id=8652, stack(0x000000d3d1b00000,0x000000d3d1c00000) (1024K)]
  0x0000024bfbbdbb40 JavaThread "Service Thread"             daemon [_thread_blocked, id=10924, stack(0x000000d3d1c00000,0x000000d3d1d00000) (1024K)]
  0x0000024bfbbdc5a0 JavaThread "Monitor Deflation Thread"   daemon [_thread_blocked, id=33576, stack(0x000000d3d1d00000,0x000000d3d1e00000) (1024K)]
=>0x0000024bfbbdd330 JavaThread "C2 CompilerThread0"         daemon [_thread_in_native, id=38232, stack(0x000000d3d1e00000,0x000000d3d1f00000) (1024K)]
  0x0000024bfbbde900 JavaThread "C1 CompilerThread0"         daemon [_thread_blocked, id=29780, stack(0x000000d3d1f00000,0x000000d3d2000000) (1024K)]
  0x0000024bfc59b6c0 JavaThread "Common-Cleaner"             daemon [_thread_blocked, id=33712, stack(0x000000d3d2000000,0x000000d3d2100000) (1024K)]
  0x0000024bfc54e350 JavaThread "Notification Thread"        daemon [_thread_blocked, id=32848, stack(0x000000d3d2100000,0x000000d3d2200000) (1024K)]
  0x0000024bfcb882c0 JavaThread "Daemon health stats"               [_thread_blocked, id=29236, stack(0x000000d3d2200000,0x000000d3d2300000) (1024K)]
  0x0000024bfdcf0da0 JavaThread "Incoming local TCP Connector on port 51250"        [_thread_in_native, id=3584, stack(0x000000d3d2800000,0x000000d3d2900000) (1024K)]
  0x0000024bfdd33c00 JavaThread "Daemon periodic checks"            [_thread_blocked, id=27928, stack(0x000000d3d2900000,0x000000d3d2a00000) (1024K)]
  0x0000024bfd356290 JavaThread "Daemon"                            [_thread_blocked, id=10916, stack(0x000000d3d2a00000,0x000000d3d2b00000) (1024K)]
  0x0000024bfc5ac090 JavaThread "Handler for socket connection from /127.0.0.1:51250 to /127.0.0.1:51302"        [_thread_in_native, id=19096, stack(0x000000d3d2b00000,0x000000d3d2c00000) (1024K)]
  0x0000024bfddcee30 JavaThread "Cancel handler"                    [_thread_blocked, id=42116, stack(0x000000d3d2c00000,0x000000d3d2d00000) (1024K)]
  0x0000024bfd35a2b0 JavaThread "Daemon worker"                     [_thread_blocked, id=37464, stack(0x000000d3d2d00000,0x000000d3d2e00000) (1024K)]
  0x0000024bfc39c840 JavaThread "Asynchronous log dispatcher for DefaultDaemonConnection: socket connection from /127.0.0.1:51250 to /127.0.0.1:51302"        [_thread_blocked, id=37128, stack(0x000000d3d2e00000,0x000000d3d2f00000) (1024K)]
  0x0000024bfc39d560 JavaThread "Stdin handler"                     [_thread_blocked, id=20516, stack(0x000000d3d2f00000,0x000000d3d3000000) (1024K)]
  0x0000024bfc39b490 JavaThread "Daemon client event forwarder"        [_thread_blocked, id=38688, stack(0x000000d3d3000000,0x000000d3d3100000) (1024K)]
  0x0000024bfc39a0e0 JavaThread "Cache worker for journal cache (C:\Users\Lenovo E14\.gradle\caches\journal-1)"        [_thread_blocked, id=15188, stack(0x000000d3d3300000,0x000000d3d3400000) (1024K)]
  0x0000024bfc39a770 JavaThread "File lock request listener"        [_thread_in_native, id=43580, stack(0x000000d3d3400000,0x000000d3d3500000) (1024K)]
Total: 23

Other Threads:
  0x0000024bfbbb74e0 VMThread "VM Thread"                           [id=7196, stack(0x000000d3d1700000,0x000000d3d1800000) (1024K)]
  0x0000024bfbba1780 WatcherThread "VM Periodic Task Thread"        [id=43396, stack(0x000000d3d1600000,0x000000d3d1700000) (1024K)]
  0x0000024bd42571c0 WorkerThread "GC Thread#0"                     [id=36636, stack(0x000000d3d1100000,0x000000d3d1200000) (1024K)]
  0x0000024bfc627720 WorkerThread "GC Thread#1"                     [id=19608, stack(0x000000d3d2300000,0x000000d3d2400000) (1024K)]
  0x0000024bfc627ad0 WorkerThread "GC Thread#2"                     [id=25640, stack(0x000000d3d2400000,0x000000d3d2500000) (1024K)]
  0x0000024bfc627e80 WorkerThread "GC Thread#3"                     [id=27172, stack(0x000000d3d2500000,0x000000d3d2600000) (1024K)]
  0x0000024bfc628230 WorkerThread "GC Thread#4"                     [id=36316, stack(0x000000d3d2600000,0x000000d3d2700000) (1024K)]
  0x0000024bfc7776d0 WorkerThread "GC Thread#5"                     [id=17560, stack(0x000000d3d2700000,0x000000d3d2800000) (1024K)]
  0x0000024bfd3dc290 WorkerThread "GC Thread#6"                     [id=42796, stack(0x000000d3d3100000,0x000000d3d3200000) (1024K)]
  0x0000024bfd3db780 WorkerThread "GC Thread#7"                     [id=2464, stack(0x000000d3d3200000,0x000000d3d3300000) (1024K)]
  0x0000024bd42681b0 ConcurrentGCThread "G1 Main Marker"            [id=21868, stack(0x000000d3d1200000,0x000000d3d1300000) (1024K)]
  0x0000024bd4269cd0 WorkerThread "G1 Conc#0"                       [id=27136, stack(0x000000d3d1300000,0x000000d3d1400000) (1024K)]
  0x0000024bfba739f0 ConcurrentGCThread "G1 Refine#0"               [id=7828, stack(0x000000d3d1400000,0x000000d3d1500000) (1024K)]
  0x0000024bfba74570 ConcurrentGCThread "G1 Service"                [id=10276, stack(0x000000d3d1500000,0x000000d3d1600000) (1024K)]
Total: 14

Threads with active compile tasks:
C2 CompilerThread0  47371 3019   !   4       java.lang.ClassLoader::loadClass (121 bytes)
Total: 1

VM state: not at safepoint (normal execution)

VM Mutex/Monitor currently owned by a thread: None

Heap address: 0x0000000600000000, size: 8192 MB, Compressed Oops mode: Zero based, Oop shift amount: 3

CDS archive(s) mapped at: [0x0000024b88000000-0x0000024b88ba0000-0x0000024b88ba0000), size 12189696, SharedBaseAddress: 0x0000024b88000000, ArchiveRelocationMode: 1.
Compressed class space mapped at: 0x0000024b89000000-0x0000024bc9000000, reserved size: 1073741824
Narrow klass base: 0x0000024b88000000, Narrow klass shift: 0, Narrow klass range: 0x100000000

GC Precious Log:
 CardTable entry size: 512
 Card Set container configuration: InlinePtr #cards 4 size 8 Array Of Cards #cards 32 size 80 Howl #buckets 8 coarsen threshold 7372 Howl Bitmap #cards 1024 size 144 coarsen threshold 921 Card regions per heap region 1 cards per card region 8192
 CPUs: 8 total, 8 available
 Memory: 16082M
 Large Page Support: Disabled
 NUMA Support: Disabled
 Compressed Oops: Enabled (Zero based)
 Heap Region Size: 4M
 Heap Min Capacity: 8M
 Heap Initial Capacity: 252M
 Heap Max Capacity: 8G
 Pre-touch: Disabled
 Parallel Workers: 8
 Concurrent Workers: 2
 Concurrent Refinement Workers: 8
 Periodic GC: Disabled

Heap:
 garbage-first heap   total 258048K, used 44664K [0x0000000600000000, 0x0000000800000000)
  region size 4096K, 10 young (40960K), 3 survivors (12288K)
 Metaspace       used 15047K, committed 15552K, reserved 1114112K
  class space    used 2084K, committed 2304K, reserved 1048576K

Heap Regions: E=young(eden), S=young(survivor), O=old, HS=humongous(starts), HC=humongous(continues), CS=collection set, F=free, TAMS=top-at-mark-start, PB=parsable bottom
|   0|0x0000000600000000, 0x0000000600400000, 0x0000000600400000|100%|HS|  |TAMS 0x0000000600000000| PB 0x0000000600000000| Complete 
|   1|0x0000000600400000, 0x0000000600800000, 0x0000000600800000|100%| O|  |TAMS 0x0000000600400000| PB 0x0000000600400000| Untracked 
|   2|0x0000000600800000, 0x0000000600b601c0, 0x0000000600c00000| 84%| O|  |TAMS 0x0000000600800000| PB 0x0000000600800000| Untracked 
|   3|0x0000000600c00000, 0x0000000600c00000, 0x0000000601000000|  0%| F|  |TAMS 0x0000000600c00000| PB 0x0000000600c00000| Untracked 
|   4|0x0000000601000000, 0x0000000601000000, 0x0000000601400000|  0%| F|  |TAMS 0x0000000601000000| PB 0x0000000601000000| Untracked 
|   5|0x0000000601400000, 0x0000000601400000, 0x0000000601800000|  0%| F|  |TAMS 0x0000000601400000| PB 0x0000000601400000| Untracked 
|   6|0x0000000601800000, 0x0000000601800000, 0x0000000601c00000|  0%| F|  |TAMS 0x0000000601800000| PB 0x0000000601800000| Untracked 
|   7|0x0000000601c00000, 0x0000000601c00000, 0x0000000602000000|  0%| F|  |TAMS 0x0000000601c00000| PB 0x0000000601c00000| Untracked 
|   8|0x0000000602000000, 0x0000000602000000, 0x0000000602400000|  0%| F|  |TAMS 0x0000000602000000| PB 0x0000000602000000| Untracked 
|   9|0x0000000602400000, 0x0000000602400000, 0x0000000602800000|  0%| F|  |TAMS 0x0000000602400000| PB 0x0000000602400000| Untracked 
|  10|0x0000000602800000, 0x0000000602800000, 0x0000000602c00000|  0%| F|  |TAMS 0x0000000602800000| PB 0x0000000602800000| Untracked 
|  11|0x0000000602c00000, 0x0000000602c00000, 0x0000000603000000|  0%| F|  |TAMS 0x0000000602c00000| PB 0x0000000602c00000| Untracked 
|  12|0x0000000603000000, 0x0000000603000000, 0x0000000603400000|  0%| F|  |TAMS 0x0000000603000000| PB 0x0000000603000000| Untracked 
|  13|0x0000000603400000, 0x0000000603400000, 0x0000000603800000|  0%| F|  |TAMS 0x0000000603400000| PB 0x0000000603400000| Untracked 
|  14|0x0000000603800000, 0x0000000603800000, 0x0000000603c00000|  0%| F|  |TAMS 0x0000000603800000| PB 0x0000000603800000| Untracked 
|  15|0x0000000603c00000, 0x0000000603c00000, 0x0000000604000000|  0%| F|  |TAMS 0x0000000603c00000| PB 0x0000000603c00000| Untracked 
|  16|0x0000000604000000, 0x0000000604000000, 0x0000000604400000|  0%| F|  |TAMS 0x0000000604000000| PB 0x0000000604000000| Untracked 
|  17|0x0000000604400000, 0x0000000604400000, 0x0000000604800000|  0%| F|  |TAMS 0x0000000604400000| PB 0x0000000604400000| Untracked 
|  18|0x0000000604800000, 0x0000000604800000, 0x0000000604c00000|  0%| F|  |TAMS 0x0000000604800000| PB 0x0000000604800000| Untracked 
|  19|0x0000000604c00000, 0x0000000604c00000, 0x0000000605000000|  0%| F|  |TAMS 0x0000000604c00000| PB 0x0000000604c00000| Untracked 
|  20|0x0000000605000000, 0x0000000605000000, 0x0000000605400000|  0%| F|  |TAMS 0x0000000605000000| PB 0x0000000605000000| Untracked 
|  21|0x0000000605400000, 0x0000000605400000, 0x0000000605800000|  0%| F|  |TAMS 0x0000000605400000| PB 0x0000000605400000| Untracked 
|  22|0x0000000605800000, 0x0000000605800000, 0x0000000605c00000|  0%| F|  |TAMS 0x0000000605800000| PB 0x0000000605800000| Untracked 
|  23|0x0000000605c00000, 0x0000000605c00000, 0x0000000606000000|  0%| F|  |TAMS 0x0000000605c00000| PB 0x0000000605c00000| Untracked 
|  24|0x0000000606000000, 0x0000000606000000, 0x0000000606400000|  0%| F|  |TAMS 0x0000000606000000| PB 0x0000000606000000| Untracked 
|  25|0x0000000606400000, 0x0000000606400000, 0x0000000606800000|  0%| F|  |TAMS 0x0000000606400000| PB 0x0000000606400000| Untracked 
|  26|0x0000000606800000, 0x0000000606800000, 0x0000000606c00000|  0%| F|  |TAMS 0x0000000606800000| PB 0x0000000606800000| Untracked 
|  27|0x0000000606c00000, 0x0000000606c00000, 0x0000000607000000|  0%| F|  |TAMS 0x0000000606c00000| PB 0x0000000606c00000| Untracked 
|  28|0x0000000607000000, 0x0000000607000000, 0x0000000607400000|  0%| F|  |TAMS 0x0000000607000000| PB 0x0000000607000000| Untracked 
|  29|0x0000000607400000, 0x0000000607400000, 0x0000000607800000|  0%| F|  |TAMS 0x0000000607400000| PB 0x0000000607400000| Untracked 
|  30|0x0000000607800000, 0x0000000607800000, 0x0000000607c00000|  0%| F|  |TAMS 0x0000000607800000| PB 0x0000000607800000| Untracked 
|  31|0x0000000607c00000, 0x0000000607c00000, 0x0000000608000000|  0%| F|  |TAMS 0x0000000607c00000| PB 0x0000000607c00000| Untracked 
|  32|0x0000000608000000, 0x0000000608000000, 0x0000000608400000|  0%| F|  |TAMS 0x0000000608000000| PB 0x0000000608000000| Untracked 
|  33|0x0000000608400000, 0x0000000608400000, 0x0000000608800000|  0%| F|  |TAMS 0x0000000608400000| PB 0x0000000608400000| Untracked 
|  34|0x0000000608800000, 0x0000000608800000, 0x0000000608c00000|  0%| F|  |TAMS 0x0000000608800000| PB 0x0000000608800000| Untracked 
|  35|0x0000000608c00000, 0x0000000608c00000, 0x0000000609000000|  0%| F|  |TAMS 0x0000000608c00000| PB 0x0000000608c00000| Untracked 
|  36|0x0000000609000000, 0x0000000609000000, 0x0000000609400000|  0%| F|  |TAMS 0x0000000609000000| PB 0x0000000609000000| Untracked 
|  37|0x0000000609400000, 0x0000000609400000, 0x0000000609800000|  0%| F|  |TAMS 0x0000000609400000| PB 0x0000000609400000| Untracked 
|  38|0x0000000609800000, 0x0000000609800000, 0x0000000609c00000|  0%| F|  |TAMS 0x0000000609800000| PB 0x0000000609800000| Untracked 
|  39|0x0000000609c00000, 0x0000000609c3e148, 0x000000060a000000|  6%| S|CS|TAMS 0x0000000609c00000| PB 0x0000000609c00000| Complete 
|  40|0x000000060a000000, 0x000000060a400000, 0x000000060a400000|100%| S|CS|TAMS 0x000000060a000000| PB 0x000000060a000000| Complete 
|  41|0x000000060a400000, 0x000000060a800000, 0x000000060a800000|100%| S|CS|TAMS 0x000000060a400000| PB 0x000000060a400000| Complete 
|  42|0x000000060a800000, 0x000000060a800000, 0x000000060ac00000|  0%| F|  |TAMS 0x000000060a800000| PB 0x000000060a800000| Untracked 
|  43|0x000000060ac00000, 0x000000060ac00000, 0x000000060b000000|  0%| F|  |TAMS 0x000000060ac00000| PB 0x000000060ac00000| Untracked 
|  44|0x000000060b000000, 0x000000060b000000, 0x000000060b400000|  0%| F|  |TAMS 0x000000060b000000| PB 0x000000060b000000| Untracked 
|  45|0x000000060b400000, 0x000000060b400000, 0x000000060b800000|  0%| F|  |TAMS 0x000000060b400000| PB 0x000000060b400000| Untracked 
|  46|0x000000060b800000, 0x000000060b800000, 0x000000060bc00000|  0%| F|  |TAMS 0x000000060b800000| PB 0x000000060b800000| Untracked 
|  47|0x000000060bc00000, 0x000000060bc00000, 0x000000060c000000|  0%| F|  |TAMS 0x000000060bc00000| PB 0x000000060bc00000| Untracked 
|  48|0x000000060c000000, 0x000000060c000000, 0x000000060c400000|  0%| F|  |TAMS 0x000000060c000000| PB 0x000000060c000000| Untracked 
|  49|0x000000060c400000, 0x000000060c400000, 0x000000060c800000|  0%| F|  |TAMS 0x000000060c400000| PB 0x000000060c400000| Untracked 
|  50|0x000000060c800000, 0x000000060c800000, 0x000000060cc00000|  0%| F|  |TAMS 0x000000060c800000| PB 0x000000060c800000| Untracked 
|  51|0x000000060cc00000, 0x000000060cc00000, 0x000000060d000000|  0%| F|  |TAMS 0x000000060cc00000| PB 0x000000060cc00000| Untracked 
|  52|0x000000060d000000, 0x000000060d000000, 0x000000060d400000|  0%| F|  |TAMS 0x000000060d000000| PB 0x000000060d000000| Untracked 
|  53|0x000000060d400000, 0x000000060d400000, 0x000000060d800000|  0%| F|  |TAMS 0x000000060d400000| PB 0x000000060d400000| Untracked 
|  54|0x000000060d800000, 0x000000060d800000, 0x000000060dc00000|  0%| F|  |TAMS 0x000000060d800000| PB 0x000000060d800000| Untracked 
|  55|0x000000060dc00000, 0x000000060dc00000, 0x000000060e000000|  0%| F|  |TAMS 0x000000060dc00000| PB 0x000000060dc00000| Untracked 
|  56|0x000000060e000000, 0x000000060e237c50, 0x000000060e400000| 55%| E|  |TAMS 0x000000060e000000| PB 0x000000060e000000| Complete 
|  57|0x000000060e400000, 0x000000060e800000, 0x000000060e800000|100%| E|CS|TAMS 0x000000060e400000| PB 0x000000060e400000| Complete 
|  58|0x000000060e800000, 0x000000060ec00000, 0x000000060ec00000|100%| E|CS|TAMS 0x000000060e800000| PB 0x000000060e800000| Complete 
|  59|0x000000060ec00000, 0x000000060f000000, 0x000000060f000000|100%| E|CS|TAMS 0x000000060ec00000| PB 0x000000060ec00000| Complete 
|  60|0x000000060f000000, 0x000000060f400000, 0x000000060f400000|100%| E|CS|TAMS 0x000000060f000000| PB 0x000000060f000000| Complete 
|  61|0x000000060f400000, 0x000000060f800000, 0x000000060f800000|100%| E|CS|TAMS 0x000000060f400000| PB 0x000000060f400000| Complete 
|  62|0x000000060f800000, 0x000000060fc00000, 0x000000060fc00000|100%| E|CS|TAMS 0x000000060f800000| PB 0x000000060f800000| Complete 

Card table byte_map: [0x0000024bf8900000,0x0000024bf9900000] _byte_map_base: 0x0000024bf5900000

Marking Bits: (CMBitMap*) 0x0000024bd42578d0
 Bits: [0x0000024b80000000, 0x0000024b88000000)

Polling page: 0x0000024bd2210000

Metaspace:

Usage:
  Non-class:     12.66 MB used.
      Class:      2.04 MB used.
       Both:     14.70 MB used.

Virtual space:
  Non-class space:       64.00 MB reserved,      12.94 MB ( 20%) committed,  1 nodes.
      Class space:        1.00 GB reserved,       2.25 MB ( <1%) committed,  1 nodes.
             Both:        1.06 GB reserved,      15.19 MB (  1%) committed. 

Chunk freelists:
   Non-Class:  3.05 MB
       Class:  13.80 MB
        Both:  16.84 MB

MaxMetaspaceSize: 4.00 GB
CompressedClassSpaceSize: 1.00 GB
Initial GC threshold: 21.00 MB
Current GC threshold: 21.00 MB
CDS: on
 - commit_granule_bytes: 65536.
 - commit_granule_words: 8192.
 - virtual_space_node_default_size: 8388608.
 - enlarge_chunks_in_place: 1.
 - use_allocation_guard: 0.


Internal statistics:

num_allocs_failed_limit: 0.
num_arena_births: 478.
num_arena_deaths: 0.
num_vsnodes_births: 2.
num_vsnodes_deaths: 0.
num_space_committed: 243.
num_space_uncommitted: 0.
num_chunks_returned_to_freelist: 0.
num_chunks_taken_from_freelist: 971.
num_chunk_merges: 0.
num_chunk_splits: 647.
num_chunks_enlarged: 453.
num_inconsistent_stats: 0.

CodeHeap 'non-profiled nmethods': size=259264Kb used=1534Kb max_used=1534Kb free=257729Kb
 bounds [0x0000024be7680000, 0x0000024be78f0000, 0x0000024bf73b0000]
CodeHeap 'profiled nmethods': size=259264Kb used=6031Kb max_used=6031Kb free=253232Kb
 bounds [0x0000024bd73b0000, 0x0000024bd79a0000, 0x0000024be70e0000]
CodeHeap 'non-nmethods': size=5760Kb used=1529Kb max_used=1550Kb free=4231Kb
 bounds [0x0000024be70e0000, 0x0000024be7350000, 0x0000024be7680000]
CodeCache: size=524288Kb, used=9094Kb, max_used=9115Kb, free=515192Kb
 total_blobs=3584, nmethods=3028, adapters=460, full_count=0
Compilation: enabled, stopped_count=0, restarted_count=0

Compilation events (20 events):
Event: 47.123 Thread 0x0000024bfbbde900 nmethod 3016 0x0000024bd798ba90 code [0x0000024bd798bc40, 0x0000024bd798bdb8]
Event: 47.134 Thread 0x0000024bfbbde900 3017       3       java.lang.invoke.TypeConvertingMethodAdapter::convertType (299 bytes)
Event: 47.138 Thread 0x0000024bfbbde900 nmethod 3017 0x0000024bd798be90 code [0x0000024bd798c540, 0x0000024bd798ff30]
Event: 47.175 Thread 0x0000024bfbbdd330 3019   !   4       java.lang.ClassLoader::loadClass (121 bytes)
Event: 47.182 Thread 0x0000024bfbbde900 3022       3       java.lang.invoke.MethodHandles$Lookup$ClassOption::optionsToFlag (40 bytes)
Event: 47.182 Thread 0x0000024bfbbde900 nmethod 3022 0x0000024bd7991310 code [0x0000024bd7991500, 0x0000024bd79919f8]
Event: 47.182 Thread 0x0000024bfbbde900 3021       3       java.lang.invoke.MethodHandles$Lookup::makeHiddenClassDefiner (44 bytes)
Event: 47.182 Thread 0x0000024bfbbde900 nmethod 3021 0x0000024bd7991b90 code [0x0000024bd7991dc0, 0x0000024bd7992498]
Event: 47.183 Thread 0x0000024bfbbde900 3023       1       java.lang.invoke.MethodHandleImpl$IntrinsicMethodHandle::getTarget (5 bytes)
Event: 47.183 Thread 0x0000024bfbbde900 nmethod 3023 0x0000024be77ff310 code [0x0000024be77ff4a0, 0x0000024be77ff570]
Event: 47.189 Thread 0x0000024bfbbde900 3025       3       sun.nio.ch.FileChannelImpl::ensureOpen (16 bytes)
Event: 47.190 Thread 0x0000024bfbbde900 nmethod 3025 0x0000024bd7992710 code [0x0000024bd79928e0, 0x0000024bd7992ba8]
Event: 47.191 Thread 0x0000024bfbbde900 3026       3       java.util.HashMap::afterNodeRemoval (1 bytes)
Event: 47.191 Thread 0x0000024bfbbde900 nmethod 3026 0x0000024bd7992d10 code [0x0000024bd7992ea0, 0x0000024bd7992fa8]
Event: 47.197 Thread 0x0000024bfbbde900 3027       3       java.lang.invoke.MemberName$Factory::resolveOrNull (54 bytes)
Event: 47.197 Thread 0x0000024bfbbde900 nmethod 3027 0x0000024bd7993010 code [0x0000024bd79931e0, 0x0000024bd7993480]
Event: 47.198 Thread 0x0000024bfbbde900 3029       2       java.util.concurrent.locks.ReentrantLock$Sync::tryRelease (51 bytes)
Event: 47.199 Thread 0x0000024bfbbde900 nmethod 3029 0x0000024bd7993590 code [0x0000024bd7993740, 0x0000024bd7993950]
Event: 47.263 Thread 0x0000024bfbbde900 3030       3       java.util.concurrent.locks.AbstractQueuedSynchronizer$Node::<init> (5 bytes)
Event: 47.263 Thread 0x0000024bfbbde900 nmethod 3030 0x0000024bd7993a10 code [0x0000024bd7993bc0, 0x0000024bd7993d28]

GC Heap History (6 events):
Event: 1.217 GC heap before
{Heap before GC invocations=0 (full 0):
 garbage-first heap   total 258048K, used 20480K [0x0000000600000000, 0x0000000800000000)
  region size 4096K, 5 young (20480K), 0 survivors (0K)
 Metaspace       used 887K, committed 1024K, reserved 1114112K
  class space    used 72K, committed 128K, reserved 1048576K
}
Event: 1.244 GC heap after
{Heap after GC invocations=1 (full 0):
 garbage-first heap   total 258048K, used 1535K [0x0000000600000000, 0x0000000800000000)
  region size 4096K, 1 young (4096K), 1 survivors (4096K)
 Metaspace       used 887K, committed 1024K, reserved 1114112K
  class space    used 72K, committed 128K, reserved 1048576K
}
Event: 3.618 GC heap before
{Heap before GC invocations=1 (full 0):
 garbage-first heap   total 258048K, used 46591K [0x0000000600000000, 0x0000000800000000)
  region size 4096K, 11 young (45056K), 1 survivors (4096K)
 Metaspace       used 4402K, committed 4544K, reserved 1114112K
  class space    used 556K, committed 640K, reserved 1048576K
}
Event: 3.622 GC heap after
{Heap after GC invocations=2 (full 0):
 garbage-first heap   total 258048K, used 11957K [0x0000000600000000, 0x0000000800000000)
  region size 4096K, 2 young (8192K), 2 survivors (8192K)
 Metaspace       used 4402K, committed 4544K, reserved 1114112K
  class space    used 556K, committed 640K, reserved 1048576K
}
Event: 45.203 GC heap before
{Heap before GC invocations=2 (full 0):
 garbage-first heap   total 258048K, used 85685K [0x0000000600000000, 0x0000000800000000)
  region size 4096K, 21 young (86016K), 2 survivors (8192K)
 Metaspace       used 10798K, committed 11200K, reserved 1114112K
  class space    used 1454K, committed 1664K, reserved 1048576K
}
Event: 45.292 GC heap after
{Heap after GC invocations=3 (full 0):
 garbage-first heap   total 258048K, used 20088K [0x0000000600000000, 0x0000000800000000)
  region size 4096K, 3 young (12288K), 3 survivors (12288K)
 Metaspace       used 10798K, committed 11200K, reserved 1114112K
  class space    used 1454K, committed 1664K, reserved 1048576K
}

Dll operation events (20 events):
Event: 0.369 Attempting to load shared library C:\Users\Lenovo E14\.vscode\extensions\redhat.java-1.56.0-win32-x64\jre\21.0.12.1-win32-x86_64\bin\nio.dll
Event: 0.370 Loaded shared library C:\Users\Lenovo E14\.vscode\extensions\redhat.java-1.56.0-win32-x64\jre\21.0.12.1-win32-x86_64\bin\nio.dll
Event: 0.374 Attempting to load shared library C:\Users\Lenovo E14\.vscode\extensions\redhat.java-1.56.0-win32-x64\jre\21.0.12.1-win32-x86_64\bin\zip.dll
Event: 0.374 Loaded shared library C:\Users\Lenovo E14\.vscode\extensions\redhat.java-1.56.0-win32-x64\jre\21.0.12.1-win32-x86_64\bin\zip.dll
Event: 1.261 Attempting to load shared library C:\Users\Lenovo E14\.vscode\extensions\redhat.java-1.56.0-win32-x64\jre\21.0.12.1-win32-x86_64\bin\jimage.dll
Event: 1.261 Loaded shared library C:\Users\Lenovo E14\.vscode\extensions\redhat.java-1.56.0-win32-x64\jre\21.0.12.1-win32-x86_64\bin\jimage.dll
Event: 1.894 Attempting to load shared library C:\Users\Lenovo E14\.vscode\extensions\redhat.java-1.56.0-win32-x64\jre\21.0.12.1-win32-x86_64\bin\verify.dll
Event: 1.895 Loaded shared library C:\Users\Lenovo E14\.vscode\extensions\redhat.java-1.56.0-win32-x64\jre\21.0.12.1-win32-x86_64\bin\verify.dll
Event: 2.115 Attempting to load shared library C:\Users\Lenovo E14\.gradle\native\1def1411415f61bf3af743bc5b6707747c0891f09f0c88961ee8f79bc544acac\windows-amd64\native-platform.dll
Event: 2.132 Loaded shared library C:\Users\Lenovo E14\.gradle\native\1def1411415f61bf3af743bc5b6707747c0891f09f0c88961ee8f79bc544acac\windows-amd64\native-platform.dll
Event: 2.147 Attempting to load shared library C:\Users\Lenovo E14\.gradle\native\0.2.7\x86_64-windows-gnu\gradle-fileevents.dll
Event: 2.188 Loaded shared library C:\Users\Lenovo E14\.gradle\native\0.2.7\x86_64-windows-gnu\gradle-fileevents.dll
Event: 6.352 Attempting to load shared library C:\Users\Lenovo E14\.vscode\extensions\redhat.java-1.56.0-win32-x64\jre\21.0.12.1-win32-x86_64\bin\management.dll
Event: 6.353 Loaded shared library C:\Users\Lenovo E14\.vscode\extensions\redhat.java-1.56.0-win32-x64\jre\21.0.12.1-win32-x86_64\bin\management.dll
Event: 6.356 Attempting to load shared library C:\Users\Lenovo E14\.vscode\extensions\redhat.java-1.56.0-win32-x64\jre\21.0.12.1-win32-x86_64\bin\management_ext.dll
Event: 6.357 Loaded shared library C:\Users\Lenovo E14\.vscode\extensions\redhat.java-1.56.0-win32-x64\jre\21.0.12.1-win32-x86_64\bin\management_ext.dll
Event: 6.618 Attempting to load shared library C:\Users\Lenovo E14\.vscode\extensions\redhat.java-1.56.0-win32-x64\jre\21.0.12.1-win32-x86_64\bin\extnet.dll
Event: 6.621 Loaded shared library C:\Users\Lenovo E14\.vscode\extensions\redhat.java-1.56.0-win32-x64\jre\21.0.12.1-win32-x86_64\bin\extnet.dll
Event: 42.660 Attempting to load shared library C:\Users\Lenovo E14\.vscode\extensions\redhat.java-1.56.0-win32-x64\jre\21.0.12.1-win32-x86_64\bin\sunmscapi.dll
Event: 42.665 Loaded shared library C:\Users\Lenovo E14\.vscode\extensions\redhat.java-1.56.0-win32-x64\jre\21.0.12.1-win32-x86_64\bin\sunmscapi.dll

Deoptimization events (20 events):
Event: 45.088 Thread 0x0000024bfd35a2b0 Uncommon trap: trap_request=0xffffffc6 fr.pc=0x0000024be77bec8c relative=0x000000000000078c
Event: 45.088 Thread 0x0000024bfd35a2b0 Uncommon trap: reason=bimorphic_or_optimized_type_check action=maybe_recompile pc=0x0000024be77bec8c method=java.util.HashMap.putVal(ILjava/lang/Object;Ljava/lang/Object;ZZ)Ljava/lang/Object; @ 253 c2
Event: 45.088 Thread 0x0000024bfd35a2b0 DEOPT PACKING pc=0x0000024be77bec8c sp=0x000000d3d2dfec00
Event: 45.088 Thread 0x0000024bfd35a2b0 DEOPT UNPACKING pc=0x0000024be7137ba2 sp=0x000000d3d2dfeba0 mode 2
Event: 45.089 Thread 0x0000024bfd35a2b0 Uncommon trap: trap_request=0xffffffc6 fr.pc=0x0000024be77bec8c relative=0x000000000000078c
Event: 45.089 Thread 0x0000024bfd35a2b0 Uncommon trap: reason=bimorphic_or_optimized_type_check action=maybe_recompile pc=0x0000024be77bec8c method=java.util.HashMap.putVal(ILjava/lang/Object;Ljava/lang/Object;ZZ)Ljava/lang/Object; @ 253 c2
Event: 45.089 Thread 0x0000024bfd35a2b0 DEOPT PACKING pc=0x0000024be77bec8c sp=0x000000d3d2dfecf0
Event: 45.089 Thread 0x0000024bfd35a2b0 DEOPT UNPACKING pc=0x0000024be7137ba2 sp=0x000000d3d2dfec90 mode 2
Event: 45.155 Thread 0x0000024bfd35a2b0 Uncommon trap: trap_request=0xffffffcc fr.pc=0x0000024be77bab9c relative=0x000000000000035c
Event: 45.155 Thread 0x0000024bfd35a2b0 Uncommon trap: reason=intrinsic_or_type_checked_inlining action=make_not_entrant pc=0x0000024be77bab9c method=java.util.Arrays.copyOf([Ljava/lang/Object;ILjava/lang/Class;)[Ljava/lang/Object; @ 35 c2
Event: 45.155 Thread 0x0000024bfd35a2b0 DEOPT PACKING pc=0x0000024be77bab9c sp=0x000000d3d2dfe360
Event: 45.155 Thread 0x0000024bfd35a2b0 DEOPT UNPACKING pc=0x0000024be7137ba2 sp=0x000000d3d2dfe308 mode 2
Event: 46.008 Thread 0x0000024bfd35a2b0 Uncommon trap: trap_request=0xffffff45 fr.pc=0x0000024be77950f8 relative=0x0000000000000498
Event: 46.008 Thread 0x0000024bfd35a2b0 Uncommon trap: reason=unstable_if action=reinterpret pc=0x0000024be77950f8 method=java.util.HashMap.getNode(Ljava/lang/Object;)Ljava/util/HashMap$Node; @ 66 c2
Event: 46.008 Thread 0x0000024bfd35a2b0 DEOPT PACKING pc=0x0000024be77950f8 sp=0x000000d3d2dfc470
Event: 46.008 Thread 0x0000024bfd35a2b0 DEOPT UNPACKING pc=0x0000024be7137ba2 sp=0x000000d3d2dfc390 mode 2
Event: 46.024 Thread 0x0000024bfd35a2b0 Uncommon trap: trap_request=0xffffff45 fr.pc=0x0000024be7729cd4 relative=0x0000000000000294
Event: 46.024 Thread 0x0000024bfd35a2b0 Uncommon trap: reason=unstable_if action=reinterpret pc=0x0000024be7729cd4 method=java.util.concurrent.ConcurrentHashMap.get(Ljava/lang/Object;)Ljava/lang/Object; @ 76 c2
Event: 46.024 Thread 0x0000024bfd35a2b0 DEOPT PACKING pc=0x0000024be7729cd4 sp=0x000000d3d2dfb9b0
Event: 46.024 Thread 0x0000024bfd35a2b0 DEOPT UNPACKING pc=0x0000024be7137ba2 sp=0x000000d3d2dfb928 mode 2

Classes loaded (20 events):
Event: 46.305 Loading class sun/reflect/generics/scope/ConstructorScope
Event: 46.305 Loading class sun/reflect/generics/scope/ConstructorScope done
Event: 47.070 Loading class java/nio/file/attribute/PosixFilePermission
Event: 47.070 Loading class java/nio/file/attribute/PosixFilePermission done
Event: 47.071 Loading class java/nio/file/NoSuchFileException
Event: 47.071 Loading class java/nio/file/FileSystemException
Event: 47.071 Loading class java/nio/file/FileSystemException done
Event: 47.071 Loading class java/nio/file/NoSuchFileException done
Event: 47.073 Loading class java/nio/file/attribute/PosixFilePermissions
Event: 47.073 Loading class java/nio/file/attribute/PosixFilePermissions done
Event: 47.073 Loading class java/util/RegularEnumSet$EnumSetIterator
Event: 47.073 Loading class java/util/RegularEnumSet$EnumSetIterator done
Event: 47.073 Loading class java/nio/file/attribute/PosixFilePermissions$1
Event: 47.073 Loading class java/nio/file/attribute/PosixFilePermissions$1 done
Event: 47.136 Loading class java/util/concurrent/ArrayBlockingQueue
Event: 47.136 Loading class java/util/concurrent/ArrayBlockingQueue done
Event: 47.136 Loading class java/util/concurrent/locks/ReentrantLock$FairSync
Event: 47.136 Loading class java/util/concurrent/locks/ReentrantLock$FairSync done
Event: 47.196 Loading class sun/nio/ch/DatagramChannelImpl$DatagramPackets
Event: 47.196 Loading class sun/nio/ch/DatagramChannelImpl$DatagramPackets done

Classes unloaded (0 events):
No events

Classes redefined (0 events):
No events

Internal exceptions (20 events):
Event: 6.649 Thread 0x0000024bd41b0c70 Exception <a 'java/lang/NoSuchMethodError'{0x000000060bb31b88}: 'java.lang.Object java.lang.invoke.DirectMethodHandle$Holder.invokeVirtual(java.lang.Object, java.lang.Object, java.lang.Object, java.lang.Object, java.lang.Object, java.lang.Object, java.lang.Object)'> (0x000000060bb31b88) 
thrown [s\src\hotspot\share\interpreter\linkResolver.cpp, line 773]
Event: 6.673 Thread 0x0000024bd41b0c70 Exception <a 'java/lang/NoSuchMethodError'{0x000000060bbb40e0}: 'java.lang.Object java.lang.invoke.DirectMethodHandle$Holder.invokeVirtual(java.lang.Object, java.lang.Object, java.lang.Object, java.lang.Object, java.lang.Object, java.lang.Object, java.lang.Object, java.lang.Object, java.lang.Object)'> (0x000000060bbb40e0) 
thrown [s\src\hotspot\share\interpreter\linkResolver.cpp, line 773]
Event: 6.757 Thread 0x0000024bd41b0c70 Exception <a 'java/lang/NoSuchMethodError'{0x000000060b54f010}: 'java.lang.Object java.lang.invoke.DirectMethodHandle$Holder.invokeStaticInit(java.lang.Object, int, int, int, int)'> (0x000000060b54f010) 
thrown [s\src\hotspot\share\interpreter\linkResolver.cpp, line 773]
Event: 6.831 Thread 0x0000024bd41b0c70 Exception <a 'java/lang/NoSuchMethodError'{0x000000060b61ee68}: 'java.lang.Object java.lang.invoke.DirectMethodHandle$Holder.invokeStaticInit(java.lang.Object, java.lang.Object, int, int, int, int)'> (0x000000060b61ee68) 
thrown [s\src\hotspot\share\interpreter\linkResolver.cpp, line 773]
Event: 7.927 Thread 0x0000024bd41b0c70 Exception <a 'java/io/IOException'{0x000000060b1c2308}> (0x000000060b1c2308) 
thrown [s\src\hotspot\share\prims\jni.cpp, line 520]
Event: 7.937 Thread 0x0000024bd41b0c70 Implicit null exception at 0x0000024be76dfe24 to 0x0000024be76e0500
Event: 7.943 Thread 0x0000024bd41b0c70 Exception <a 'java/lang/NoSuchMethodError'{0x000000060b235990}: 'java.lang.Object java.lang.invoke.DirectMethodHandle$Holder.newInvokeSpecial(java.lang.Object, java.lang.Object, java.lang.Object, java.lang.Object, java.lang.Object)'> (0x000000060b235990) 
thrown [s\src\hotspot\share\interpreter\linkResolver.cpp, line 773]
Event: 18.103 Thread 0x0000024bfdd33c00 Implicit null exception at 0x0000024be76e18a0 to 0x0000024be76e1f70
Event: 44.957 Thread 0x0000024bfd356290 Exception <a 'java/lang/NoSuchMethodError'{0x000000060a8b67d0}: 'void java.lang.invoke.DirectMethodHandle$Holder.invokeSpecial(java.lang.Object, java.lang.Object, java.lang.Object)'> (0x000000060a8b67d0) 
thrown [s\src\hotspot\share\interpreter\linkResolver.cpp, line 773]
Event: 45.594 Thread 0x0000024bfd35a2b0 Exception <a 'java/lang/NoSuchMethodError'{0x000000060f4e0e20}: 'long java.lang.invoke.DirectMethodHandle$Holder.invokeInterface(java.lang.Object, java.lang.Object)'> (0x000000060f4e0e20) 
thrown [s\src\hotspot\share\interpreter\linkResolver.cpp, line 773]
Event: 45.907 Thread 0x0000024bfd35a2b0 Exception <a 'java/lang/NoSuchMethodError'{0x000000060f114ba8}: 'void java.lang.invoke.DirectMethodHandle$Holder.invokeStatic(java.lang.Object, java.lang.Object)'> (0x000000060f114ba8) 
thrown [s\src\hotspot\share\interpreter\linkResolver.cpp, line 773]
Event: 45.929 Thread 0x0000024bfd35a2b0 Exception <a 'java/lang/NoSuchMethodError'{0x000000060f15d558}: 'java.lang.Object java.lang.invoke.DirectMethodHandle$Holder.invokeVirtual(java.lang.Object, java.lang.Object, java.lang.Object, java.lang.Object, java.lang.Object, java.lang.Object, java.lang.Object, java.lang.Object, java.lang.Object, java.lang.Object, java.lang.Object, java.lang.Object)'> (0x000000060f15d558) 
thrown [s\src\hotspot\share\interpreter\linkResolver.cpp, line 773]
Event: 45.930 Thread 0x0000024bfd35a2b0 Exception <a 'java/lang/NoSuchMethodError'{0x000000060f1626a8}: 'java.lang.Object java.lang.invoke.DirectMethodHandle$Holder.invokeSpecial(java.lang.Object, java.lang.Object, java.lang.Object, java.lang.Object, java.lang.Object, java.lang.Object, java.lang.Object, java.lang.Object, java.lang.Object, java.lang.Object, java.lang.Object, java.lang.Object, java.lang.Object)'> (0x000000060f1626a8) 
thrown [s\src\hotspot\share\interpreter\linkResolver.cpp, line 773]
Event: 46.107 Thread 0x0000024bfd35a2b0 Exception <a 'java/lang/NoSuchMethodError'{0x000000060f3c1938}: 'int java.lang.invoke.DirectMethodHandle$Holder.invokeVirtual(java.lang.Object, java.lang.Object, java.lang.Object)'> (0x000000060f3c1938) 
thrown [s\src\hotspot\share\interpreter\linkResolver.cpp, line 773]
Event: 46.197 Thread 0x0000024bfd35a2b0 Exception <a 'java/lang/NoSuchMethodError'{0x000000060ee35fa0}: 'java.lang.Object java.lang.invoke.DirectMethodHandle$Holder.newInvokeSpecial(java.lang.Object, java.lang.Object, java.lang.Object, java.lang.Object, java.lang.Object, java.lang.Object)'> (0x000000060ee35fa0) 
thrown [s\src\hotspot\share\interpreter\linkResolver.cpp, line 773]
Event: 46.347 Thread 0x0000024bfd35a2b0 Exception <a 'java/lang/NoSuchMethodError'{0x000000060e907940}: 'void java.lang.invoke.DelegatingMethodHandle$Holder.reinvoke_L(java.lang.Object, java.lang.Object, java.lang.Object, java.lang.Object, java.lang.Object, java.lang.Object, java.lang.Object, java.lang.Object, java.lang.Object, java.lang.Object)'> (0x000000060e907940) 
thrown [s\src\hotspot\share\interpreter\linkResolver.cpp, line 773]
Event: 46.355 Thread 0x0000024bfd35a2b0 Exception <a 'java/lang/NoSuchMethodError'{0x000000060e90f420}: 'java.lang.Object java.lang.invoke.Invokers$Holder.invoker(java.lang.Object, java.lang.Object, java.lang.Object, java.lang.Object, java.lang.Object, java.lang.Object, java.lang.Object, java.lang.Object, java.lang.Object, java.lang.Object)'> (0x000000060e90f420) 
thrown [s\src\hotspot\share\interpreter\linkResolver.cpp, line 773]
Event: 47.088 Thread 0x0000024bfd35a2b0 Exception <a 'java/lang/NoSuchMethodError'{0x000000060e76a018}: 'void java.lang.invoke.DirectMethodHandle$Holder.invokeInterface(java.lang.Object, java.lang.Object)'> (0x000000060e76a018) 
thrown [s\src\hotspot\share\interpreter\linkResolver.cpp, line 773]
Event: 47.088 Thread 0x0000024bfd35a2b0 Exception <a 'java/lang/IncompatibleClassChangeError'{0x000000060e76d598}: Found class java.lang.Object, but interface was expected> (0x000000060e76d598) 
thrown [s\src\hotspot\share\interpreter\linkResolver.cpp, line 840]
Event: 47.143 Thread 0x0000024bfd35a2b0 Exception <a 'java/lang/NoSuchMethodError'{0x000000060e094068}: 'java.lang.Object java.lang.invoke.DirectMethodHandle$Holder.newInvokeSpecial(java.lang.Object, java.lang.Object, int)'> (0x000000060e094068) 
thrown [s\src\hotspot\share\interpreter\linkResolver.cpp, line 773]

ZGC Phase Switch (0 events):
No events

VM Operations (20 events):
Event: 32.808 Executing safepoint VM operation: Cleanup
Event: 32.808 Executing safepoint VM operation: Cleanup done
Event: 38.810 Executing safepoint VM operation: Cleanup
Event: 38.810 Executing safepoint VM operation: Cleanup done
Event: 42.703 Executing non-safepoint VM operation: HandshakeAllThreads (Deoptimize)
Event: 42.703 Executing non-safepoint VM operation: HandshakeAllThreads (Deoptimize) done
Event: 42.703 Executing safepoint VM operation: Cleanup
Event: 42.704 Executing safepoint VM operation: Cleanup done
Event: 42.778 Executing non-safepoint VM operation: HandshakeAllThreads (Deoptimize)
Event: 42.778 Executing non-safepoint VM operation: HandshakeAllThreads (Deoptimize) done
Event: 43.778 Executing safepoint VM operation: Cleanup
Event: 43.778 Executing safepoint VM operation: Cleanup done
Event: 45.190 Executing safepoint VM operation: G1CollectForAllocation (G1 Evacuation Pause)
Event: 45.292 Executing safepoint VM operation: G1CollectForAllocation (G1 Evacuation Pause) done
Event: 46.153 Executing non-safepoint VM operation: HandshakeAllThreads (Deoptimize)
Event: 46.153 Executing non-safepoint VM operation: HandshakeAllThreads (Deoptimize) done
Event: 47.137 Executing non-safepoint VM operation: HandshakeAllThreads (Deoptimize)
Event: 47.137 Executing non-safepoint VM operation: HandshakeAllThreads (Deoptimize) done
Event: 47.137 Executing safepoint VM operation: Cleanup
Event: 47.137 Executing safepoint VM operation: Cleanup done

Memory protections (0 events):
No events

Nmethod flushes (0 events):
No events

Events (20 events):
Event: 0.147 Thread 0x0000024bd41b0c70 Thread added: 0x0000024bfbbdbb40
Event: 0.147 Thread 0x0000024bd41b0c70 Thread added: 0x0000024bfbbdc5a0
Event: 0.147 Thread 0x0000024bd41b0c70 Thread added: 0x0000024bfbbdd330
Event: 0.157 Thread 0x0000024bd41b0c70 Thread added: 0x0000024bfbbde900
Event: 0.351 Thread 0x0000024bd41b0c70 Thread added: 0x0000024bfc59b6c0
Event: 0.403 Thread 0x0000024bd41b0c70 Thread added: 0x0000024bfc54e350
Event: 0.979 Thread 0x0000024bfbbde900 Thread added: 0x0000024bfc63ebe0
Event: 2.471 Thread 0x0000024bfc63ebe0 Thread exited: 0x0000024bfc63ebe0
Event: 6.447 Thread 0x0000024bd41b0c70 Thread added: 0x0000024bfcb882c0
Event: 7.083 Thread 0x0000024bd41b0c70 Thread added: 0x0000024bfdcf0da0
Event: 7.949 Thread 0x0000024bd41b0c70 Thread added: 0x0000024bfdd33c00
Event: 42.836 Thread 0x0000024bfdcf0da0 Thread added: 0x0000024bfd356290
Event: 42.861 Thread 0x0000024bfd356290 Thread added: 0x0000024bfc5ac090
Event: 43.001 Thread 0x0000024bfd356290 Thread added: 0x0000024bfddcee30
Event: 44.958 Thread 0x0000024bfd356290 Thread added: 0x0000024bfd35a2b0
Event: 45.098 Thread 0x0000024bfd35a2b0 Thread added: 0x0000024bfc39c840
Event: 45.119 Thread 0x0000024bfd35a2b0 Thread added: 0x0000024bfc39d560
Event: 45.150 Thread 0x0000024bfd35a2b0 Thread added: 0x0000024bfc39b490
Event: 47.141 Thread 0x0000024bfd35a2b0 Thread added: 0x0000024bfc39a0e0
Event: 47.187 Thread 0x0000024bfd35a2b0 Thread added: 0x0000024bfc39a770


Dynamic libraries:
0x00007ff6b6000000 - 0x00007ff6b600e000 	C:\Users\Lenovo E14\.vscode\extensions\redhat.java-1.56.0-win32-x64\jre\21.0.12.1-win32-x86_64\bin\java.exe
0x00007ff9bbd10000 - 0x00007ff9bbf28000 	C:\Windows\SYSTEM32\ntdll.dll
0x00007ff9bab90000 - 0x00007ff9bac54000 	C:\Windows\System32\KERNEL32.DLL
0x00007ff9b90f0000 - 0x00007ff9b94c3000 	C:\Windows\System32\KERNELBASE.dll
0x00007ff9b9890000 - 0x00007ff9b99a1000 	C:\Windows\System32\ucrtbase.dll
0x00007ff9569c0000 - 0x00007ff9569d8000 	C:\Users\Lenovo E14\.vscode\extensions\redhat.java-1.56.0-win32-x64\jre\21.0.12.1-win32-x86_64\bin\jli.dll
0x00007ff9bb080000 - 0x00007ff9bb232000 	C:\Windows\System32\USER32.dll
0x00007ff9b97e0000 - 0x00007ff9b9806000 	C:\Windows\System32\win32u.dll
0x00007ff9bb050000 - 0x00007ff9bb079000 	C:\Windows\System32\GDI32.dll
0x00007ff9b96c0000 - 0x00007ff9b97db000 	C:\Windows\System32\gdi32full.dll
0x00007ff9b8e50000 - 0x00007ff9b8eea000 	C:\Windows\System32\msvcp_win.dll
0x00007ff9a7b50000 - 0x00007ff9a7dec000 	C:\Windows\WinSxS\amd64_microsoft.windows.common-controls_6595b64144ccf1df_6.0.22621.6060_none_2712eda17382d24b\COMCTL32.dll
0x00007ff9ba8e0000 - 0x00007ff9ba987000 	C:\Windows\System32\msvcrt.dll
0x00007ff9569a0000 - 0x00007ff9569be000 	C:\Users\Lenovo E14\.vscode\extensions\redhat.java-1.56.0-win32-x64\jre\21.0.12.1-win32-x86_64\bin\VCRUNTIME140.dll
0x00007ff9ba780000 - 0x00007ff9ba7b1000 	C:\Windows\System32\IMM32.DLL
0x00007ff9a8910000 - 0x00007ff9a891c000 	C:\Users\Lenovo E14\.vscode\extensions\redhat.java-1.56.0-win32-x64\jre\21.0.12.1-win32-x86_64\bin\vcruntime140_1.dll
0x00007ff9563f0000 - 0x00007ff95647d000 	C:\Users\Lenovo E14\.vscode\extensions\redhat.java-1.56.0-win32-x64\jre\21.0.12.1-win32-x86_64\bin\msvcp140.dll
0x00007ff90b7c0000 - 0x00007ff90c562000 	C:\Users\Lenovo E14\.vscode\extensions\redhat.java-1.56.0-win32-x64\jre\21.0.12.1-win32-x86_64\bin\server\jvm.dll
0x00007ff9baee0000 - 0x00007ff9baf91000 	C:\Windows\System32\ADVAPI32.dll
0x00007ff9bafa0000 - 0x00007ff9bb048000 	C:\Windows\System32\sechost.dll
0x00007ff9b8e20000 - 0x00007ff9b8e48000 	C:\Windows\System32\bcrypt.dll
0x00007ff9bbb90000 - 0x00007ff9bbca8000 	C:\Windows\System32\RPCRT4.dll
0x00007ff9ba4c0000 - 0x00007ff9ba531000 	C:\Windows\System32\WS2_32.dll
0x00007ff9b85a0000 - 0x00007ff9b85ed000 	C:\Windows\SYSTEM32\POWRPROF.dll
0x00007ff9b23f0000 - 0x00007ff9b2424000 	C:\Windows\SYSTEM32\WINMM.dll
0x00007ff9b2060000 - 0x00007ff9b206a000 	C:\Windows\SYSTEM32\VERSION.dll
0x00007ff9b8530000 - 0x00007ff9b8543000 	C:\Windows\SYSTEM32\UMPDC.dll
0x00007ff9b7e30000 - 0x00007ff9b7e48000 	C:\Windows\SYSTEM32\kernel.appcore.dll
0x00007ff97cd10000 - 0x00007ff97cd1a000 	C:\Users\Lenovo E14\.vscode\extensions\redhat.java-1.56.0-win32-x64\jre\21.0.12.1-win32-x86_64\bin\jimage.dll
0x00007ff9b67d0000 - 0x00007ff9b6a03000 	C:\Windows\SYSTEM32\DBGHELP.DLL
0x00007ff9b9fc0000 - 0x00007ff9ba351000 	C:\Windows\System32\combase.dll
0x00007ff9bac60000 - 0x00007ff9bad38000 	C:\Windows\System32\OLEAUT32.dll
0x00007ff9acea0000 - 0x00007ff9aced2000 	C:\Windows\SYSTEM32\dbgcore.DLL
0x00007ff9b94d0000 - 0x00007ff9b954b000 	C:\Windows\System32\bcryptPrimitives.dll
0x00007ff975da0000 - 0x00007ff975daf000 	C:\Users\Lenovo E14\.vscode\extensions\redhat.java-1.56.0-win32-x64\jre\21.0.12.1-win32-x86_64\bin\instrument.dll
0x00007ff956980000 - 0x00007ff9569a0000 	C:\Users\Lenovo E14\.vscode\extensions\redhat.java-1.56.0-win32-x64\jre\21.0.12.1-win32-x86_64\bin\java.dll
0x00007ff9bb260000 - 0x00007ff9bbafc000 	C:\Windows\System32\SHELL32.dll
0x00007ff9b8ef0000 - 0x00007ff9b902f000 	C:\Windows\System32\wintypes.dll
0x00007ff9b6cd0000 - 0x00007ff9b75ea000 	C:\Windows\SYSTEM32\windows.storage.dll
0x00007ff9ba7c0000 - 0x00007ff9ba8c4000 	C:\Windows\System32\SHCORE.dll
0x00007ff9b9a60000 - 0x00007ff9b9ac9000 	C:\Windows\System32\shlwapi.dll
0x00007ff9b8d50000 - 0x00007ff9b8d75000 	C:\Windows\SYSTEM32\profapi.dll
0x00007ff99cc60000 - 0x00007ff99cc78000 	C:\Users\Lenovo E14\.vscode\extensions\redhat.java-1.56.0-win32-x64\jre\21.0.12.1-win32-x86_64\bin\zip.dll
0x00007ff99bb40000 - 0x00007ff99bb50000 	C:\Users\Lenovo E14\.vscode\extensions\redhat.java-1.56.0-win32-x64\jre\21.0.12.1-win32-x86_64\bin\net.dll
0x00007ff9b55d0000 - 0x00007ff9b56fc000 	C:\Windows\SYSTEM32\WINHTTP.dll
0x00007ff9b82f0000 - 0x00007ff9b8359000 	C:\Windows\system32\mswsock.dll
0x00007ff99bb20000 - 0x00007ff99bb36000 	C:\Users\Lenovo E14\.vscode\extensions\redhat.java-1.56.0-win32-x64\jre\21.0.12.1-win32-x86_64\bin\nio.dll
0x00007ff956b40000 - 0x00007ff956b50000 	C:\Users\Lenovo E14\.vscode\extensions\redhat.java-1.56.0-win32-x64\jre\21.0.12.1-win32-x86_64\bin\verify.dll
0x00007ff99df10000 - 0x00007ff99df37000 	C:\Users\Lenovo E14\.gradle\native\1def1411415f61bf3af743bc5b6707747c0891f09f0c88961ee8f79bc544acac\windows-amd64\native-platform.dll
0x00007ff973490000 - 0x00007ff973508000 	C:\Users\Lenovo E14\.gradle\native\0.2.7\x86_64-windows-gnu\gradle-fileevents.dll
0x00007ff9b25b0000 - 0x00007ff9b25ba000 	C:\Users\Lenovo E14\.vscode\extensions\redhat.java-1.56.0-win32-x64\jre\21.0.12.1-win32-x86_64\bin\management.dll
0x00007ff9b10e0000 - 0x00007ff9b10ec000 	C:\Users\Lenovo E14\.vscode\extensions\redhat.java-1.56.0-win32-x64\jre\21.0.12.1-win32-x86_64\bin\management_ext.dll
0x00007ff9bb240000 - 0x00007ff9bb248000 	C:\Windows\System32\PSAPI.DLL
0x00007ff9b7890000 - 0x00007ff9b78bd000 	C:\Windows\SYSTEM32\IPHLPAPI.DLL
0x00007ff9ba8d0000 - 0x00007ff9ba8d9000 	C:\Windows\System32\NSI.dll
0x00007ff9b2590000 - 0x00007ff9b2599000 	C:\Users\Lenovo E14\.vscode\extensions\redhat.java-1.56.0-win32-x64\jre\21.0.12.1-win32-x86_64\bin\extnet.dll
0x00007ff9b86c0000 - 0x00007ff9b86db000 	C:\Windows\SYSTEM32\CRYPTSP.dll
0x00007ff9b7d20000 - 0x00007ff9b7d57000 	C:\Windows\system32\rsaenh.dll
0x00007ff9b8390000 - 0x00007ff9b83b8000 	C:\Windows\SYSTEM32\USERENV.dll
0x00007ff9b86a0000 - 0x00007ff9b86ac000 	C:\Windows\SYSTEM32\CRYPTBASE.dll
0x00007ff9b25a0000 - 0x00007ff9b25ae000 	C:\Users\Lenovo E14\.vscode\extensions\redhat.java-1.56.0-win32-x64\jre\21.0.12.1-win32-x86_64\bin\sunmscapi.dll
0x00007ff9b9550000 - 0x00007ff9b96b8000 	C:\Windows\System32\CRYPT32.dll
0x00007ff9b87e0000 - 0x00007ff9b880e000 	C:\Windows\SYSTEM32\ncrypt.dll
0x00007ff9b87a0000 - 0x00007ff9b87d7000 	C:\Windows\SYSTEM32\NTASN1.dll
0x00007ff97e570000 - 0x00007ff97e578000 	C:\Windows\system32\wshunix.dll

JVMTI agents:
C:\Users\Lenovo E14\.gradle\wrapper\dists\gradle-8.14-all\c2qonpi39x1mddn7hk5gh9iqj\gradle-8.14\lib\agents\gradle-instrumentation-agent-8.14.jar path:C:\Users\Lenovo E14\.vscode\extensions\redhat.java-1.56.0-win32-x64\jre\21.0.12.1-win32-x86_64\bin\instrument.dll, loaded, initialized, instrumentlib options:none

dbghelp: loaded successfully - version: 4.0.5 - missing functions: none
symbol engine: initialized successfully - sym options: 0x614 - pdb path: .;C:\Users\Lenovo E14\.vscode\extensions\redhat.java-1.56.0-win32-x64\jre\21.0.12.1-win32-x86_64\bin;C:\Windows\SYSTEM32;C:\Windows\WinSxS\amd64_microsoft.windows.common-controls_6595b64144ccf1df_6.0.22621.6060_none_2712eda17382d24b;C:\Users\Lenovo E14\.vscode\extensions\redhat.java-1.56.0-win32-x64\jre\21.0.12.1-win32-x86_64\bin\server;C:\Users\Lenovo E14\.gradle\native\1def1411415f61bf3af743bc5b6707747c0891f09f0c88961ee8f79bc544acac\windows-amd64;C:\Users\Lenovo E14\.gradle\native\0.2.7\x86_64-windows-gnu

VM Arguments:
jvm_args: --add-opens=java.base/java.lang=ALL-UNNAMED --add-opens=java.base/java.lang.invoke=ALL-UNNAMED --add-opens=java.base/java.util=ALL-UNNAMED --add-opens=java.prefs/java.util.prefs=ALL-UNNAMED --add-exports=jdk.compiler/com.sun.tools.javac.api=ALL-UNNAMED --add-exports=jdk.compiler/com.sun.tools.javac.util=ALL-UNNAMED --add-opens=java.base/java.util=ALL-UNNAMED --add-opens=java.prefs/java.util.prefs=ALL-UNNAMED --add-opens=java.base/java.nio.charset=ALL-UNNAMED --add-opens=java.base/java.net=ALL-UNNAMED --add-opens=java.base/java.util.concurrent.atomic=ALL-UNNAMED --add-opens=java.xml/javax.xml.namespace=ALL-UNNAMED -XX:MaxMetaspaceSize=4G -XX:ReservedCodeCacheSize=512m -XX:+HeapDumpOnOutOfMemoryError -Xmx8G -Dfile.encoding=UTF-8 -Duser.country=US -Duser.language=en -Duser.variant -javaagent:C:\Users\Lenovo E14\.gradle\wrapper\dists\gradle-8.14-all\c2qonpi39x1mddn7hk5gh9iqj\gradle-8.14\lib\agents\gradle-instrumentation-agent-8.14.jar 
java_command: org.gradle.launcher.daemon.bootstrap.GradleDaemon 8.14
java_class_path (initial): C:\Users\Lenovo E14\.gradle\wrapper\dists\gradle-8.14-all\c2qonpi39x1mddn7hk5gh9iqj\gradle-8.14\lib\gradle-daemon-main-8.14.jar
Launcher Type: SUN_STANDARD

[Global flags]
     intx CICompilerCount                          = 4                                         {product} {ergonomic}
     uint ConcGCThreads                            = 2                                         {product} {ergonomic}
     uint G1ConcRefinementThreads                  = 8                                         {product} {ergonomic}
   size_t G1HeapRegionSize                         = 4194304                                   {product} {ergonomic}
    uintx GCDrainStackTargetSize                   = 64                                        {product} {ergonomic}
     bool HeapDumpOnOutOfMemoryError               = true                                   {manageable} {command line}
   size_t InitialHeapSize                          = 264241152                                 {product} {ergonomic}
   size_t MarkStackSize                            = 4194304                                   {product} {ergonomic}
   size_t MaxHeapSize                              = 8589934592                                {product} {command line}
   size_t MaxMetaspaceSize                         = 4294967296                                {product} {command line}
   size_t MaxNewSize                               = 5150605312                                {product} {ergonomic}
   size_t MinHeapDeltaBytes                        = 4194304                                   {product} {ergonomic}
   size_t MinHeapSize                              = 8388608                                   {product} {ergonomic}
    uintx NonNMethodCodeHeapSize                   = 5839372                                {pd product} {ergonomic}
    uintx NonProfiledCodeHeapSize                  = 265515770                              {pd product} {ergonomic}
    uintx ProfiledCodeHeapSize                     = 265515770                              {pd product} {ergonomic}
    uintx ReservedCodeCacheSize                    = 536870912                              {pd product} {command line}
     bool SegmentedCodeCache                       = true                                      {product} {ergonomic}
   size_t SoftMaxHeapSize                          = 8589934592                             {manageable} {ergonomic}
     bool UseCompressedOops                        = true                           {product lp64_product} {ergonomic}
     bool UseG1GC                                  = true                                      {product} {ergonomic}
     bool UseLargePagesIndividualAllocation        = false                                  {pd product} {ergonomic}

Logging:
Log output configuration:
 #0: stdout all=warning uptime,level,tags foldmultilines=false
 #1: stderr all=off uptime,level,tags foldmultilines=false

Release file:
JAVA_VERSION="21.0.12.1" 
MODULES="java.base java.compiler java.datatransfer java.xml java.prefs java.desktop java.instrument java.logging java.management java.security.sasl java.naming java.rmi java.management.rmi java.net.http java.scripting java.security.jgss java.transaction.xa java.sql java.sql.rowset java.xml.crypto java.se java.smartcardio jdk.accessibility jdk.internal.jvmstat jdk.attach jdk.charsets jdk.internal.opt jdk.zipfs jdk.compiler jdk.crypto.ec jdk.crypto.cryptoki jdk.crypto.mscapi jdk.dynalink jdk.internal.ed jdk.editpad jdk.hotspot.agent jdk.httpserver jdk.internal.le jdk.internal.vm.ci jdk.internal.vm.compiler jdk.internal.vm.compiler.management jdk.jartool jdk.javadoc jdk.jcmd jdk.management jdk.management.agent jdk.jconsole jdk.jdeps jdk.jdwp.agent jdk.jdi jdk.jfr jdk.jshell jdk.jsobject jdk.jstatd jdk.localedata jdk.management.jfr jdk.naming.dns jdk.naming.rmi jdk.net jdk.nio.mapmode jdk.random jdk.sctp jdk.security.auth jdk.security.jgss jdk.unsupported jdk.unsupported.desktop jdk.xml.dom" 

Environment Variables:
PATH=C:\Program Files\Common Files\Oracle\Java\javapath;C:\Windows\system32;C:\Windows;C:\Windows\System32\Wbem;C:\Windows\System32\WindowsPowerShell\v1.0\;C:\Windows\System32\OpenSSH\;C:\Windows\Microsoft.NET\Framework64\v4.0.30319;C:\Program Files\MongoDB\mongosh-2.5.8-win32-x64\bin;C:\Program Files\MongoDB\mongodb-database-tools-windows-x86_64-100.13.0\bin;C:\Program Files\MongoDB\Server\8.2\bin;C:\Program Files\MongoDB\Connector for BI\2.14\bin;C:\Program Files\MongoDB\ODBC\1.4\bin;C:\Program Files\nodejs\;C:\Program Files\Git\cmd;C:\Program Files\MySQL\MySQL Shell 8.0\bin;C:\Program Files\MySQL\MySQL Server 8.0\bin;C:\Program Files\MySQL\MySQL Router 8.0\bin;C:\Program Files\dotnet\;C:\flutter\bin;C:\Android\cmdline-tools\latest\bin;C:\Android\platform-tools;C:\Android\platforms;C:\Android\emulator;C:\Program Files\MySQL\MySQL Shell 8.0\bin\;C:\Users\Lenovo E14\AppData\Local\Programs\Python\Python314\Scripts\;C:\Users\Lenovo E14\AppData\Local\Programs\Python\Python314\;C:\Users\Lenovo E14\AppData\Local\Microsoft\WindowsApps;C:\Users\Lenovo E14\AppData\Local\Programs\Microsoft VS Code\bin;C:\Users\Lenovo E14\AppData\Roaming\npm
USERNAME=Lenovo E14
OS=Windows_NT
PROCESSOR_IDENTIFIER=Intel64 Family 6 Model 140 Stepping 1, GenuineIntel
TMP=C:\Users\LENOVO~1\AppData\Local\Temp
TEMP=C:\Users\LENOVO~1\AppData\Local\Temp




Periodic native trim disabled

---------------  S Y S T E M  ---------------

OS:
 Windows 11 , 64 bit Build 22621 (10.0.22621.5415)
OS uptime: 0 days 0:25 hours
Hyper-V role detected

CPU: total 8 (initial active 8) (4 cores per cpu, 2 threads per core) family 6 model 140 stepping 1 microcode 0x86, cx8, cmov, fxsr, ht, mmx, 3dnowpref, sse, sse2, sse3, ssse3, sse4.1, sse4.2, popcnt, lzcnt, tsc, tscinvbit, avx, avx2, aes, erms, clmul, bmi1, bmi2, adx, avx512f, avx512dq, avx512cd, avx512bw, avx512vl, sha, fma, vzeroupper, avx512_vpopcntdq, avx512_vpclmulqdq, avx512_vaes, avx512_vnni, clflush, clflushopt, clwb, avx512_vbmi2, avx512_vbmi, hv, rdtscp, rdpid, fsrm, gfni, avx512_bitalg, f16c, cet_ibt, cet_ss, avx512_ifma
Processor Information for the first 8 processors :
  Max Mhz: 2419, Current Mhz: 2419, Mhz Limit: 2419

Memory: 4k page, system-wide physical 16082M (73M free)
TotalPageFile size 65234M (AvailPageFile size 0M)
current process WorkingSet (physical memory assigned to process): 178M, peak: 178M
current process commit charge ("private bytes"): 391M, peak: 392M

vm_info: OpenJDK 64-Bit Server VM (21.0.12.1+1-LTS) for windows-amd64 JRE (21.0.12.1+1-LTS), built on 2026-08-18T00:00:00Z by "admin" with MS VC++ 17.12 (VS2022)

END.
