#
# There is insufficient memory for the Java Runtime Environment to continue.
# Native memory allocation (malloc) failed to allocate 258576 bytes. Error detail: Chunk::new
# Possible reasons:
#   The system is out of physical RAM or swap space
#   This process is running with CompressedOops enabled, and the Java Heap may be blocking the growth of the native heap
# Possible solutions:
#   Reduce memory load on the system
#   Increase physical memory or swap space
#   Check if swap backing store is full
#   Decrease Java heap size (-Xmx/-Xms)
#   Decrease number of Java threads
#   Decrease Java thread stack sizes (-Xss)
#   Set larger code cache with -XX:ReservedCodeCacheSize=
#   JVM is running with Zero Based Compressed Oops mode in which the Java heap is
#     placed in the first 32GB address space. The Java Heap base address is the
#     maximum limit for the native heap growth. Please use -XX:HeapBaseMinAddress
#     to set the Java Heap base and to place the Java Heap above 32GB virtual address.
# This output file may be truncated or incomplete.
#
#  Out of Memory Error (arena.cpp:168), pid=38432, tid=40384
#
# JRE version: OpenJDK Runtime Environment Temurin-21.0.12.1+1 (21.0.12.1+1) (build 21.0.12.1+1-LTS)
# Java VM: OpenJDK 64-Bit Server VM Temurin-21.0.12.1+1 (21.0.12.1+1-LTS, mixed mode, sharing, tiered, compressed oops, compressed class ptrs, g1 gc, windows-amd64)
# No core dump will be written. Minidumps are not enabled by default on client versions of Windows
#

---------------  S U M M A R Y ------------

Command Line: --add-opens=java.base/java.lang=ALL-UNNAMED --add-opens=java.base/java.lang.invoke=ALL-UNNAMED --add-opens=java.base/java.util=ALL-UNNAMED --add-opens=java.prefs/java.util.prefs=ALL-UNNAMED --add-exports=jdk.compiler/com.sun.tools.javac.api=ALL-UNNAMED --add-exports=jdk.compiler/com.sun.tools.javac.util=ALL-UNNAMED --add-opens=java.base/java.util=ALL-UNNAMED --add-opens=java.prefs/java.util.prefs=ALL-UNNAMED --add-opens=java.base/java.nio.charset=ALL-UNNAMED --add-opens=java.base/java.net=ALL-UNNAMED --add-opens=java.base/java.util.concurrent.atomic=ALL-UNNAMED --add-opens=java.xml/javax.xml.namespace=ALL-UNNAMED -XX:MaxMetaspaceSize=4G -XX:ReservedCodeCacheSize=512m -XX:+HeapDumpOnOutOfMemoryError -Xmx8G -Dfile.encoding=UTF-8 -Duser.country=US -Duser.language=en -Duser.variant -javaagent:C:\Users\Lenovo E14\.gradle\wrapper\dists\gradle-8.14-all\c2qonpi39x1mddn7hk5gh9iqj\gradle-8.14\lib\agents\gradle-instrumentation-agent-8.14.jar org.gradle.launcher.daemon.bootstrap.GradleDaemon 8.14

Host: 11th Gen Intel(R) Core(TM) i5-1135G7 @ 2.40GHz, 8 cores, 15G,  Windows 11 , 64 bit Build 22621 (10.0.22621.5415)
Time: Tue Oct  6 07:48:53 2026 W. Central Africa Standard Time elapsed time: 242.928304 seconds (0d 0h 4m 2s)

---------------  T H R E A D  ---------------

Current thread (0x000002ade8c59680):  JavaThread "C2 CompilerThread0" daemon [_thread_in_native, id=40384, stack(0x000000f856700000,0x000000f856800000) (1024K)]


Current CompileTask:
C2:242928 2979       4       java.lang.invoke.LambdaForm$Name::replaceNames (175 bytes)

Stack: [0x000000f856700000,0x000000f856800000]
Native frames: (J=compiled Java code, j=interpreted, Vv=VM code, C=native code)
V  [jvm.dll+0x6d83e9]
V  [jvm.dll+0x8b5736]
V  [jvm.dll+0x8b7cee]
V  [jvm.dll+0x8b83d3]
V  [jvm.dll+0x284596]
V  [jvm.dll+0xc685d]
V  [jvm.dll+0xc6da1]
V  [jvm.dll+0x3bf151]
V  [jvm.dll+0x38b6d2]
V  [jvm.dll+0x38ab1a]
V  [jvm.dll+0x24c700]
V  [jvm.dll+0x24bce0]
V  [jvm.dll+0x1cb4ae]
V  [jvm.dll+0x25baad]
V  [jvm.dll+0x25a03a]
V  [jvm.dll+0x3f8aae]
V  [jvm.dll+0x8600cd]
V  [jvm.dll+0x6d6c1d]
C  [ucrtbase.dll+0x29333]
C  [KERNEL32.DLL+0x1259d]
C  [ntdll.dll+0x5af78]


---------------  P R O C E S S  ---------------

Threads class SMR info:
_java_thread_list=0x000002ade9a774d0, length=21, elements={
0x000002adb9210620, 0x000002ade8c4f950, 0x000002ade8c52830, 0x000002ade8c55810,
0x000002ade8c57280, 0x000002ade8c57ce0, 0x000002ade8c58740, 0x000002ade8c59680,
0x000002ade8c5a480, 0x000002ade94ec7a0, 0x000002ade95f9b50, 0x000002ae2f2937a0,
0x000002ae2fbe1210, 0x000002ae2f2fd360, 0x000002ade9adcf80, 0x000002ae2f2885c0,
0x000002ade96537f0, 0x000002ade96a7e20, 0x000002ae2f170da0, 0x000002ae2f170080,
0x000002ae2f172150
}

Java Threads: ( => current thread )
  0x000002adb9210620 JavaThread "main"                              [_thread_blocked, id=38620, stack(0x000000f855900000,0x000000f855a00000) (1024K)]
  0x000002ade8c4f950 JavaThread "Reference Handler"          daemon [_thread_blocked, id=40328, stack(0x000000f856100000,0x000000f856200000) (1024K)]
  0x000002ade8c52830 JavaThread "Finalizer"                  daemon [_thread_blocked, id=40332, stack(0x000000f856200000,0x000000f856300000) (1024K)]
  0x000002ade8c55810 JavaThread "Signal Dispatcher"          daemon [_thread_blocked, id=40336, stack(0x000000f856300000,0x000000f856400000) (1024K)]
  0x000002ade8c57280 JavaThread "Attach Listener"            daemon [_thread_blocked, id=40340, stack(0x000000f856400000,0x000000f856500000) (1024K)]
  0x000002ade8c57ce0 JavaThread "Service Thread"             daemon [_thread_blocked, id=40344, stack(0x000000f856500000,0x000000f856600000) (1024K)]
  0x000002ade8c58740 JavaThread "Monitor Deflation Thread"   daemon [_thread_blocked, id=40348, stack(0x000000f856600000,0x000000f856700000) (1024K)]
=>0x000002ade8c59680 JavaThread "C2 CompilerThread0"         daemon [_thread_in_native, id=40384, stack(0x000000f856700000,0x000000f856800000) (1024K)]
  0x000002ade8c5a480 JavaThread "C1 CompilerThread0"         daemon [_thread_blocked, id=40444, stack(0x000000f856800000,0x000000f856900000) (1024K)]
  0x000002ade94ec7a0 JavaThread "Common-Cleaner"             daemon [_thread_blocked, id=41240, stack(0x000000f856900000,0x000000f856a00000) (1024K)]
  0x000002ade95f9b50 JavaThread "Notification Thread"        daemon [_thread_blocked, id=41372, stack(0x000000f856a00000,0x000000f856b00000) (1024K)]
  0x000002ae2f2937a0 JavaThread "Daemon health stats"               [_thread_blocked, id=31888, stack(0x000000f855800000,0x000000f855900000) (1024K)]
  0x000002ae2fbe1210 JavaThread "Incoming local TCP Connector on port 53033"        [_thread_in_native, id=36172, stack(0x000000f857100000,0x000000f857200000) (1024K)]
  0x000002ae2f2fd360 JavaThread "Daemon periodic checks"            [_thread_in_native, id=26288, stack(0x000000f857200000,0x000000f857300000) (1024K)]
  0x000002ade9adcf80 JavaThread "Daemon"                            [_thread_blocked, id=23544, stack(0x000000f857300000,0x000000f857400000) (1024K)]
  0x000002ae2f2885c0 JavaThread "Handler for socket connection from /127.0.0.1:53033 to /127.0.0.1:60313"        [_thread_in_native, id=19096, stack(0x000000f857400000,0x000000f857500000) (1024K)]
  0x000002ade96537f0 JavaThread "Cancel handler"                    [_thread_blocked, id=30616, stack(0x000000f857500000,0x000000f857600000) (1024K)]
  0x000002ade96a7e20 JavaThread "Daemon worker"                     [_thread_in_vm, id=43248, stack(0x000000f857600000,0x000000f857700000) (1024K)]
  0x000002ae2f170da0 JavaThread "Asynchronous log dispatcher for DefaultDaemonConnection: socket connection from /127.0.0.1:53033 to /127.0.0.1:60313"        [_thread_blocked, id=41916, stack(0x000000f857700000,0x000000f857800000) (1024K)]
  0x000002ae2f170080 JavaThread "Stdin handler"                     [_thread_blocked, id=23524, stack(0x000000f857800000,0x000000f857900000) (1024K)]
  0x000002ae2f172150 JavaThread "Daemon client event forwarder"        [_thread_blocked, id=38392, stack(0x000000f857900000,0x000000f857a00000) (1024K)]
Total: 21

Other Threads:
  0x000002ade8c37de0 VMThread "VM Thread"                           [id=40040, stack(0x000000f856000000,0x000000f856100000) (1024K)]
  0x000002ade8c25920 WatcherThread "VM Periodic Task Thread"        [id=39840, stack(0x000000f855f00000,0x000000f856000000) (1024K)]
  0x000002adb92b6f10 WorkerThread "GC Thread#0"                     [id=39020, stack(0x000000f855a00000,0x000000f855b00000) (1024K)]
  0x000002ade96e08f0 WorkerThread "GC Thread#1"                     [id=36472, stack(0x000000f856c00000,0x000000f856d00000) (1024K)]
  0x000002ade9574830 WorkerThread "GC Thread#2"                     [id=28360, stack(0x000000f856d00000,0x000000f856e00000) (1024K)]
  0x000002ade9574be0 WorkerThread "GC Thread#3"                     [id=26296, stack(0x000000f856e00000,0x000000f856f00000) (1024K)]
  0x000002ade970fa10 WorkerThread "GC Thread#4"                     [id=23080, stack(0x000000f856f00000,0x000000f857000000) (1024K)]
  0x000002ade970fdc0 WorkerThread "GC Thread#5"                     [id=36416, stack(0x000000f857000000,0x000000f857100000) (1024K)]
  0x000002ae2f345ae0 WorkerThread "GC Thread#6"                     [id=36080, stack(0x000000f855700000,0x000000f855800000) (1024K)]
  0x000002ade9755e50 WorkerThread "GC Thread#7"                     [id=43504, stack(0x000000f856b00000,0x000000f856c00000) (1024K)]
  0x000002adb92c7f00 ConcurrentGCThread "G1 Main Marker"            [id=39024, stack(0x000000f855b00000,0x000000f855c00000) (1024K)]
  0x000002adb92c9a20 WorkerThread "G1 Conc#0"                       [id=39028, stack(0x000000f855c00000,0x000000f855d00000) (1024K)]
  0x000002ade8af3540 ConcurrentGCThread "G1 Refine#0"               [id=39056, stack(0x000000f855d00000,0x000000f855e00000) (1024K)]
  0x000002ade8af3f60 ConcurrentGCThread "G1 Service"                [id=39060, stack(0x000000f855e00000,0x000000f855f00000) (1024K)]
Total: 14

Threads with active compile tasks:
C2 CompilerThread0  242949 2979       4       java.lang.invoke.LambdaForm$Name::replaceNames (175 bytes)
Total: 1

VM state: not at safepoint (normal execution)

VM Mutex/Monitor currently owned by a thread: None

Heap address: 0x0000000600000000, size: 8192 MB, Compressed Oops mode: Zero based, Oop shift amount: 3

CDS archive(s) mapped at: [0x000002adea000000-0x000002adeaba0000-0x000002adeaba0000), size 12189696, SharedBaseAddress: 0x000002adea000000, ArchiveRelocationMode: 1.
Compressed class space mapped at: 0x000002adeb000000-0x000002ae2b000000, reserved size: 1073741824
Narrow klass base: 0x000002adea000000, Narrow klass shift: 0, Narrow klass range: 0x100000000

GC Precious Log:
 CardTable entry size: 512
 Card Set container configuration: InlinePtr #cards 4 size 8 Array Of Cards #cards 32 size 80 Howl #buckets 8 coarsen threshold 7372 Howl Bitmap #cards 1024 size 144 coarsen threshold 921 Card regions per heap region 1 cards per card region 8192
 CPUs: 8 total, 8 available
 Memory: 16082M
 Large Page Support: Disabled
 NUMA Support: Disabled
 Compressed Oops: Enabled (Zero based)
 Heap Region Size: 4M
 Heap Min Capacity: 8M
 Heap Initial Capacity: 252M
 Heap Max Capacity: 8G
 Pre-touch: Disabled
 Parallel Workers: 8
 Concurrent Workers: 2
 Concurrent Refinement Workers: 8
 Periodic GC: Disabled

Heap:
 garbage-first heap   total 258048K, used 28761K [0x0000000600000000, 0x0000000800000000)
  region size 4096K, 6 young (24576K), 3 survivors (12288K)
 Metaspace       used 12404K, committed 12864K, reserved 1114112K
  class space    used 1681K, committed 1920K, reserved 1048576K

Heap Regions: E=young(eden), S=young(survivor), O=old, HS=humongous(starts), HC=humongous(continues), CS=collection set, F=free, TAMS=top-at-mark-start, PB=parsable bottom
|   0|0x0000000600000000, 0x0000000600400000, 0x0000000600400000|100%|HS|  |TAMS 0x0000000600000000| PB 0x0000000600000000| Complete 
|   1|0x0000000600400000, 0x0000000600800000, 0x0000000600800000|100%| O|  |TAMS 0x0000000600400000| PB 0x0000000600400000| Untracked 
|   2|0x0000000600800000, 0x0000000600b9cf80, 0x0000000600c00000| 90%| O|  |TAMS 0x0000000600800000| PB 0x0000000600800000| Untracked 
|   3|0x0000000600c00000, 0x0000000600c00000, 0x0000000601000000|  0%| F|  |TAMS 0x0000000600c00000| PB 0x0000000600c00000| Untracked 
|   4|0x0000000601000000, 0x0000000601000000, 0x0000000601400000|  0%| F|  |TAMS 0x0000000601000000| PB 0x0000000601000000| Untracked 
|   5|0x0000000601400000, 0x0000000601400000, 0x0000000601800000|  0%| F|  |TAMS 0x0000000601400000| PB 0x0000000601400000| Untracked 
|   6|0x0000000601800000, 0x0000000601800000, 0x0000000601c00000|  0%| F|  |TAMS 0x0000000601800000| PB 0x0000000601800000| Untracked 
|   7|0x0000000601c00000, 0x0000000601c00000, 0x0000000602000000|  0%| F|  |TAMS 0x0000000601c00000| PB 0x0000000601c00000| Untracked 
|   8|0x0000000602000000, 0x0000000602000000, 0x0000000602400000|  0%| F|  |TAMS 0x0000000602000000| PB 0x0000000602000000| Untracked 
|   9|0x0000000602400000, 0x0000000602400000, 0x0000000602800000|  0%| F|  |TAMS 0x0000000602400000| PB 0x0000000602400000| Untracked 
|  10|0x0000000602800000, 0x0000000602800000, 0x0000000602c00000|  0%| F|  |TAMS 0x0000000602800000| PB 0x0000000602800000| Untracked 
|  11|0x0000000602c00000, 0x0000000602c00000, 0x0000000603000000|  0%| F|  |TAMS 0x0000000602c00000| PB 0x0000000602c00000| Untracked 
|  12|0x0000000603000000, 0x0000000603000000, 0x0000000603400000|  0%| F|  |TAMS 0x0000000603000000| PB 0x0000000603000000| Untracked 
|  13|0x0000000603400000, 0x0000000603400000, 0x0000000603800000|  0%| F|  |TAMS 0x0000000603400000| PB 0x0000000603400000| Untracked 
|  14|0x0000000603800000, 0x0000000603800000, 0x0000000603c00000|  0%| F|  |TAMS 0x0000000603800000| PB 0x0000000603800000| Untracked 
|  15|0x0000000603c00000, 0x0000000603c00000, 0x0000000604000000|  0%| F|  |TAMS 0x0000000603c00000| PB 0x0000000603c00000| Untracked 
|  16|0x0000000604000000, 0x0000000604000000, 0x0000000604400000|  0%| F|  |TAMS 0x0000000604000000| PB 0x0000000604000000| Untracked 
|  17|0x0000000604400000, 0x0000000604400000, 0x0000000604800000|  0%| F|  |TAMS 0x0000000604400000| PB 0x0000000604400000| Untracked 
|  18|0x0000000604800000, 0x0000000604800000, 0x0000000604c00000|  0%| F|  |TAMS 0x0000000604800000| PB 0x0000000604800000| Untracked 
|  19|0x0000000604c00000, 0x0000000604c00000, 0x0000000605000000|  0%| F|  |TAMS 0x0000000604c00000| PB 0x0000000604c00000| Untracked 
|  20|0x0000000605000000, 0x0000000605000000, 0x0000000605400000|  0%| F|  |TAMS 0x0000000605000000| PB 0x0000000605000000| Untracked 
|  21|0x0000000605400000, 0x0000000605400000, 0x0000000605800000|  0%| F|  |TAMS 0x0000000605400000| PB 0x0000000605400000| Untracked 
|  22|0x0000000605800000, 0x0000000605800000, 0x0000000605c00000|  0%| F|  |TAMS 0x0000000605800000| PB 0x0000000605800000| Untracked 
|  23|0x0000000605c00000, 0x0000000605c00000, 0x0000000606000000|  0%| F|  |TAMS 0x0000000605c00000| PB 0x0000000605c00000| Untracked 
|  24|0x0000000606000000, 0x0000000606000000, 0x0000000606400000|  0%| F|  |TAMS 0x0000000606000000| PB 0x0000000606000000| Untracked 
|  25|0x0000000606400000, 0x0000000606400000, 0x0000000606800000|  0%| F|  |TAMS 0x0000000606400000| PB 0x0000000606400000| Untracked 
|  26|0x0000000606800000, 0x0000000606800000, 0x0000000606c00000|  0%| F|  |TAMS 0x0000000606800000| PB 0x0000000606800000| Untracked 
|  27|0x0000000606c00000, 0x0000000606c00000, 0x0000000607000000|  0%| F|  |TAMS 0x0000000606c00000| PB 0x0000000606c00000| Untracked 
|  28|0x0000000607000000, 0x0000000607000000, 0x0000000607400000|  0%| F|  |TAMS 0x0000000607000000| PB 0x0000000607000000| Untracked 
|  29|0x0000000607400000, 0x0000000607400000, 0x0000000607800000|  0%| F|  |TAMS 0x0000000607400000| PB 0x0000000607400000| Untracked 
|  30|0x0000000607800000, 0x0000000607800000, 0x0000000607c00000|  0%| F|  |TAMS 0x0000000607800000| PB 0x0000000607800000| Untracked 
|  31|0x0000000607c00000, 0x0000000607c00000, 0x0000000608000000|  0%| F|  |TAMS 0x0000000607c00000| PB 0x0000000607c00000| Untracked 
|  32|0x0000000608000000, 0x0000000608000000, 0x0000000608400000|  0%| F|  |TAMS 0x0000000608000000| PB 0x0000000608000000| Untracked 
|  33|0x0000000608400000, 0x0000000608400000, 0x0000000608800000|  0%| F|  |TAMS 0x0000000608400000| PB 0x0000000608400000| Untracked 
|  34|0x0000000608800000, 0x0000000608800000, 0x0000000608c00000|  0%| F|  |TAMS 0x0000000608800000| PB 0x0000000608800000| Untracked 
|  35|0x0000000608c00000, 0x0000000608c00000, 0x0000000609000000|  0%| F|  |TAMS 0x0000000608c00000| PB 0x0000000608c00000| Untracked 
|  36|0x0000000609000000, 0x0000000609000000, 0x0000000609400000|  0%| F|  |TAMS 0x0000000609000000| PB 0x0000000609000000| Untracked 
|  37|0x0000000609400000, 0x0000000609400000, 0x0000000609800000|  0%| F|  |TAMS 0x0000000609400000| PB 0x0000000609400000| Untracked 
|  38|0x0000000609800000, 0x0000000609800000, 0x0000000609c00000|  0%| F|  |TAMS 0x0000000609800000| PB 0x0000000609800000| Untracked 
|  39|0x0000000609c00000, 0x0000000609c797d0, 0x000000060a000000| 11%| S|CS|TAMS 0x0000000609c00000| PB 0x0000000609c00000| Complete 
|  40|0x000000060a000000, 0x000000060a400000, 0x000000060a400000|100%| S|CS|TAMS 0x000000060a000000| PB 0x000000060a000000| Complete 
|  41|0x000000060a400000, 0x000000060a800000, 0x000000060a800000|100%| S|CS|TAMS 0x000000060a400000| PB 0x000000060a400000| Complete 
|  42|0x000000060a800000, 0x000000060a800000, 0x000000060ac00000|  0%| F|  |TAMS 0x000000060a800000| PB 0x000000060a800000| Untracked 
|  43|0x000000060ac00000, 0x000000060ac00000, 0x000000060b000000|  0%| F|  |TAMS 0x000000060ac00000| PB 0x000000060ac00000| Untracked 
|  44|0x000000060b000000, 0x000000060b000000, 0x000000060b400000|  0%| F|  |TAMS 0x000000060b000000| PB 0x000000060b000000| Untracked 
|  45|0x000000060b400000, 0x000000060b400000, 0x000000060b800000|  0%| F|  |TAMS 0x000000060b400000| PB 0x000000060b400000| Untracked 
|  46|0x000000060b800000, 0x000000060b800000, 0x000000060bc00000|  0%| F|  |TAMS 0x000000060b800000| PB 0x000000060b800000| Untracked 
|  47|0x000000060bc00000, 0x000000060bc00000, 0x000000060c000000|  0%| F|  |TAMS 0x000000060bc00000| PB 0x000000060bc00000| Untracked 
|  48|0x000000060c000000, 0x000000060c000000, 0x000000060c400000|  0%| F|  |TAMS 0x000000060c000000| PB 0x000000060c000000| Untracked 
|  49|0x000000060c400000, 0x000000060c400000, 0x000000060c800000|  0%| F|  |TAMS 0x000000060c400000| PB 0x000000060c400000| Untracked 
|  50|0x000000060c800000, 0x000000060c800000, 0x000000060cc00000|  0%| F|  |TAMS 0x000000060c800000| PB 0x000000060c800000| Untracked 
|  51|0x000000060cc00000, 0x000000060cc00000, 0x000000060d000000|  0%| F|  |TAMS 0x000000060cc00000| PB 0x000000060cc00000| Untracked 
|  52|0x000000060d000000, 0x000000060d000000, 0x000000060d400000|  0%| F|  |TAMS 0x000000060d000000| PB 0x000000060d000000| Untracked 
|  53|0x000000060d400000, 0x000000060d400000, 0x000000060d800000|  0%| F|  |TAMS 0x000000060d400000| PB 0x000000060d400000| Untracked 
|  54|0x000000060d800000, 0x000000060d800000, 0x000000060dc00000|  0%| F|  |TAMS 0x000000060d800000| PB 0x000000060d800000| Untracked 
|  55|0x000000060dc00000, 0x000000060dc00000, 0x000000060e000000|  0%| F|  |TAMS 0x000000060dc00000| PB 0x000000060dc00000| Untracked 
|  56|0x000000060e000000, 0x000000060e000000, 0x000000060e400000|  0%| F|  |TAMS 0x000000060e000000| PB 0x000000060e000000| Untracked 
|  57|0x000000060e400000, 0x000000060e400000, 0x000000060e800000|  0%| F|  |TAMS 0x000000060e400000| PB 0x000000060e400000| Untracked 
|  58|0x000000060e800000, 0x000000060e800000, 0x000000060ec00000|  0%| F|  |TAMS 0x000000060e800000| PB 0x000000060e800000| Untracked 
|  59|0x000000060ec00000, 0x000000060ec8c048, 0x000000060f000000| 13%| E|  |TAMS 0x000000060ec00000| PB 0x000000060ec00000| Complete 
|  60|0x000000060f000000, 0x000000060f400000, 0x000000060f400000|100%| E|CS|TAMS 0x000000060f000000| PB 0x000000060f000000| Complete 
|  61|0x000000060f400000, 0x000000060f800000, 0x000000060f800000|100%| E|CS|TAMS 0x000000060f400000| PB 0x000000060f400000| Complete 
|  62|0x000000060f800000, 0x000000060fc00000, 0x000000060fc00000|100%| E|CS|TAMS 0x000000060f800000| PB 0x000000060f800000| Complete 

Card table byte_map: [0x000002addd970000,0x000002adde970000] _byte_map_base: 0x000002adda970000

Marking Bits: (CMBitMap*) 0x000002adb92b7620
 Bits: [0x000002adde970000, 0x000002ade6970000)

Polling page: 0x000002adb7200000

Metaspace:

Usage:
  Non-class:     10.48 MB used.
      Class:      1.64 MB used.
       Both:     12.13 MB used.

Virtual space:
  Non-class space:       64.00 MB reserved,      10.69 MB ( 17%) committed,  1 nodes.
      Class space:        1.00 GB reserved,       1.88 MB ( <1%) committed,  1 nodes.
             Both:        1.06 GB reserved,      12.56 MB (  1%) committed. 

Chunk freelists:
   Non-Class:  5.07 MB
       Class:  14.18 MB
        Both:  19.24 MB

MaxMetaspaceSize: 4.00 GB
CompressedClassSpaceSize: 1.00 GB
Initial GC threshold: 21.00 MB
Current GC threshold: 21.00 MB
CDS: on
 - commit_granule_bytes: 65536.
 - commit_granule_words: 8192.
 - virtual_space_node_default_size: 8388608.
 - enlarge_chunks_in_place: 1.
 - use_allocation_guard: 0.


Internal statistics:

num_allocs_failed_limit: 0.
num_arena_births: 404.
num_arena_deaths: 0.
num_vsnodes_births: 2.
num_vsnodes_deaths: 0.
num_space_committed: 201.
num_space_uncommitted: 0.
num_chunks_returned_to_freelist: 0.
num_chunks_taken_from_freelist: 794.
num_chunk_merges: 0.
num_chunk_splits: 510.
num_chunks_enlarged: 356.
num_inconsistent_stats: 0.

CodeHeap 'non-profiled nmethods': size=259264Kb used=1439Kb max_used=1439Kb free=257824Kb
 bounds [0x000002adcc6e0000, 0x000002adcc950000, 0x000002addc410000]
CodeHeap 'profiled nmethods': size=259264Kb used=5716Kb max_used=5716Kb free=253547Kb
 bounds [0x000002adbc410000, 0x000002adbc9b0000, 0x000002adcc140000]
CodeHeap 'non-nmethods': size=5760Kb used=1503Kb max_used=1518Kb free=4256Kb
 bounds [0x000002adcc140000, 0x000002adcc3b0000, 0x000002adcc6e0000]
CodeCache: size=524288Kb, used=8658Kb, max_used=8673Kb, free=515627Kb
 total_blobs=3498, nmethods=2960, adapters=442, full_count=0
Compilation: enabled, stopped_count=0, restarted_count=0

Compilation events (20 events):
Event: 242.603 Thread 0x000002ade8c5a480 2970       1       java.lang.invoke.MethodHandleImpl$IntrinsicMethodHandle::intrinsicName (5 bytes)
Event: 242.604 Thread 0x000002ade8c5a480 nmethod 2970 0x000002adcc845910 code [0x000002adcc845aa0, 0x000002adcc845b70]
Event: 242.609 Thread 0x000002ade8c59680 nmethod 2969 0x000002adcc845c10 code [0x000002adcc845de0, 0x000002adcc8462b8]
Event: 242.707 Thread 0x000002ade8c5a480 2971       3       java.util.concurrent.ConcurrentLinkedQueue::poll (84 bytes)
Event: 242.708 Thread 0x000002ade8c5a480 nmethod 2971 0x000002adbc9a0f10 code [0x000002adbc9a1180, 0x000002adbc9a1d30]
Event: 242.708 Thread 0x000002ade8c5a480 2972       3       java.util.concurrent.ConcurrentLinkedQueue::updateHead (26 bytes)
Event: 242.708 Thread 0x000002ade8c5a480 nmethod 2972 0x000002adbc9a2090 code [0x000002adbc9a2260, 0x000002adbc9a2620]
Event: 242.708 Thread 0x000002ade8c5a480 2973   !   3       java.lang.Thread::sleep (82 bytes)
Event: 242.709 Thread 0x000002ade8c5a480 nmethod 2973 0x000002adbc9a2790 code [0x000002adbc9a29c0, 0x000002adbc9a3230]
Event: 242.889 Thread 0x000002ade8c59680 2975       4       jdk.internal.org.objectweb.asm.MethodWriter::visitVarInsn (302 bytes)
Event: 242.897 Thread 0x000002ade8c59680 nmethod 2975 0x000002adcc846890 code [0x000002adcc846aa0, 0x000002adcc8471a8]
Event: 242.904 Thread 0x000002ade8c5a480 2977       3       java.lang.invoke.MethodHandleImpl::valueConversion (325 bytes)
Event: 242.905 Thread 0x000002ade8c5a480 nmethod 2977 0x000002adbc9a3510 code [0x000002adbc9a3820, 0x000002adbc9a4460]
Event: 242.909 Thread 0x000002ade8c59680 2979       4       java.lang.invoke.LambdaForm$Name::replaceNames (175 bytes)
Event: 242.912 Thread 0x000002ade8c5a480 2980       1       java.lang.invoke.LambdaForm::arity (5 bytes)
Event: 242.912 Thread 0x000002ade8c5a480 nmethod 2980 0x000002adcc847c90 code [0x000002adcc847e20, 0x000002adcc847ee8]
Event: 242.920 Thread 0x000002ade8c5a480 2981       3       java.lang.invoke.MemberName::isProtected (8 bytes)
Event: 242.920 Thread 0x000002ade8c5a480 nmethod 2981 0x000002adbc9a4910 code [0x000002adbc9a4ac0, 0x000002adbc9a4c80]
Event: 242.920 Thread 0x000002ade8c5a480 2982       3       java.lang.invoke.DelegatingMethodHandle::whichKind (44 bytes)
Event: 242.920 Thread 0x000002ade8c5a480 nmethod 2982 0x000002adbc9a4d10 code [0x000002adbc9a4ec0, 0x000002adbc9a5098]

GC Heap History (6 events):
Event: 15.384 GC heap before
{Heap before GC invocations=0 (full 0):
 garbage-first heap   total 258048K, used 20480K [0x0000000600000000, 0x0000000800000000)
  region size 4096K, 5 young (20480K), 0 survivors (0K)
 Metaspace       used 866K, committed 1024K, reserved 1114112K
  class space    used 72K, committed 128K, reserved 1048576K
}
Event: 16.471 GC heap after
{Heap after GC invocations=1 (full 0):
 garbage-first heap   total 258048K, used 1535K [0x0000000600000000, 0x0000000800000000)
  region size 4096K, 1 young (4096K), 1 survivors (4096K)
 Metaspace       used 866K, committed 1024K, reserved 1114112K
  class space    used 72K, committed 128K, reserved 1048576K
}
Event: 29.370 GC heap before
{Heap before GC invocations=1 (full 0):
 garbage-first heap   total 258048K, used 42495K [0x0000000600000000, 0x0000000800000000)
  region size 4096K, 11 young (45056K), 1 survivors (4096K)
 Metaspace       used 4400K, committed 4544K, reserved 1114112K
  class space    used 556K, committed 640K, reserved 1048576K
}
Event: 29.377 GC heap after
{Heap after GC invocations=2 (full 0):
 garbage-first heap   total 258048K, used 11814K [0x0000000600000000, 0x0000000800000000)
  region size 4096K, 2 young (8192K), 2 survivors (8192K)
 Metaspace       used 4400K, committed 4544K, reserved 1114112K
  class space    used 556K, committed 640K, reserved 1048576K
}
Event: 237.113 GC heap before
{Heap before GC invocations=2 (full 0):
 garbage-first heap   total 258048K, used 85542K [0x0000000600000000, 0x0000000800000000)
  region size 4096K, 21 young (86016K), 2 survivors (8192K)
 Metaspace       used 10720K, committed 11072K, reserved 1114112K
  class space    used 1441K, committed 1600K, reserved 1048576K
}
Event: 237.504 GC heap after
{Heap after GC invocations=3 (full 0):
 garbage-first heap   total 258048K, used 20569K [0x0000000600000000, 0x0000000800000000)
  region size 4096K, 3 young (12288K), 3 survivors (12288K)
 Metaspace       used 10720K, committed 11072K, reserved 1114112K
  class space    used 1441K, committed 1600K, reserved 1048576K
}

Dll operation events (20 events):
Event: 6.176 Attempting to load shared library C:\Users\Lenovo E14\.vscode\extensions\redhat.java-1.56.0-win32-x64\jre\21.0.12.1-win32-x86_64\bin\nio.dll
Event: 6.176 Loaded shared library C:\Users\Lenovo E14\.vscode\extensions\redhat.java-1.56.0-win32-x64\jre\21.0.12.1-win32-x86_64\bin\nio.dll
Event: 6.181 Attempting to load shared library C:\Users\Lenovo E14\.vscode\extensions\redhat.java-1.56.0-win32-x64\jre\21.0.12.1-win32-x86_64\bin\zip.dll
Event: 6.181 Loaded shared library C:\Users\Lenovo E14\.vscode\extensions\redhat.java-1.56.0-win32-x64\jre\21.0.12.1-win32-x86_64\bin\zip.dll
Event: 16.493 Attempting to load shared library C:\Users\Lenovo E14\.vscode\extensions\redhat.java-1.56.0-win32-x64\jre\21.0.12.1-win32-x86_64\bin\jimage.dll
Event: 16.493 Loaded shared library C:\Users\Lenovo E14\.vscode\extensions\redhat.java-1.56.0-win32-x64\jre\21.0.12.1-win32-x86_64\bin\jimage.dll
Event: 20.746 Attempting to load shared library C:\Users\Lenovo E14\.vscode\extensions\redhat.java-1.56.0-win32-x64\jre\21.0.12.1-win32-x86_64\bin\verify.dll
Event: 20.746 Loaded shared library C:\Users\Lenovo E14\.vscode\extensions\redhat.java-1.56.0-win32-x64\jre\21.0.12.1-win32-x86_64\bin\verify.dll
Event: 21.152 Attempting to load shared library C:\Users\Lenovo E14\.gradle\native\1def1411415f61bf3af743bc5b6707747c0891f09f0c88961ee8f79bc544acac\windows-amd64\native-platform.dll
Event: 21.153 Loaded shared library C:\Users\Lenovo E14\.gradle\native\1def1411415f61bf3af743bc5b6707747c0891f09f0c88961ee8f79bc544acac\windows-amd64\native-platform.dll
Event: 21.823 Attempting to load shared library C:\Users\Lenovo E14\.gradle\native\0.2.7\x86_64-windows-gnu\gradle-fileevents.dll
Event: 21.825 Loaded shared library C:\Users\Lenovo E14\.gradle\native\0.2.7\x86_64-windows-gnu\gradle-fileevents.dll
Event: 70.659 Attempting to load shared library C:\Users\Lenovo E14\.vscode\extensions\redhat.java-1.56.0-win32-x64\jre\21.0.12.1-win32-x86_64\bin\management.dll
Event: 70.673 Loaded shared library C:\Users\Lenovo E14\.vscode\extensions\redhat.java-1.56.0-win32-x64\jre\21.0.12.1-win32-x86_64\bin\management.dll
Event: 70.675 Attempting to load shared library C:\Users\Lenovo E14\.vscode\extensions\redhat.java-1.56.0-win32-x64\jre\21.0.12.1-win32-x86_64\bin\management_ext.dll
Event: 70.757 Loaded shared library C:\Users\Lenovo E14\.vscode\extensions\redhat.java-1.56.0-win32-x64\jre\21.0.12.1-win32-x86_64\bin\management_ext.dll
Event: 72.479 Attempting to load shared library C:\Users\Lenovo E14\.vscode\extensions\redhat.java-1.56.0-win32-x64\jre\21.0.12.1-win32-x86_64\bin\extnet.dll
Event: 72.493 Loaded shared library C:\Users\Lenovo E14\.vscode\extensions\redhat.java-1.56.0-win32-x64\jre\21.0.12.1-win32-x86_64\bin\extnet.dll
Event: 141.033 Attempting to load shared library C:\Users\Lenovo E14\.vscode\extensions\redhat.java-1.56.0-win32-x64\jre\21.0.12.1-win32-x86_64\bin\sunmscapi.dll
Event: 141.185 Loaded shared library C:\Users\Lenovo E14\.vscode\extensions\redhat.java-1.56.0-win32-x64\jre\21.0.12.1-win32-x86_64\bin\sunmscapi.dll

Deoptimization events (20 events):
Event: 237.823 Thread 0x000002ade9adcf80 DEOPT PACKING pc=0x000002adbc8a2038 sp=0x000000f8573fd9c0
Event: 237.824 Thread 0x000002ade9adcf80 DEOPT UNPACKING pc=0x000002adcc1986e2 sp=0x000000f8573fcf18 mode 0
Event: 237.836 Thread 0x000002ade9adcf80 DEOPT PACKING pc=0x000002adbc8a2038 sp=0x000000f8573fd9c0
Event: 237.843 Thread 0x000002ade9adcf80 DEOPT UNPACKING pc=0x000002adcc1986e2 sp=0x000000f8573fcf18 mode 0
Event: 237.846 Thread 0x000002ade9adcf80 DEOPT PACKING pc=0x000002adbc8a2038 sp=0x000000f8573fd9c0
Event: 237.846 Thread 0x000002ade9adcf80 DEOPT UNPACKING pc=0x000002adcc1986e2 sp=0x000000f8573fcf18 mode 0
Event: 237.847 Thread 0x000002ade9adcf80 DEOPT PACKING pc=0x000002adbc8a2038 sp=0x000000f8573fd9c0
Event: 237.847 Thread 0x000002ade9adcf80 DEOPT UNPACKING pc=0x000002adcc1986e2 sp=0x000000f8573fcf18 mode 0
Event: 237.849 Thread 0x000002ade9adcf80 DEOPT PACKING pc=0x000002adbc8a2038 sp=0x000000f8573fd9c0
Event: 237.849 Thread 0x000002ade9adcf80 DEOPT UNPACKING pc=0x000002adcc1986e2 sp=0x000000f8573fcf18 mode 0
Event: 237.850 Thread 0x000002ade9adcf80 DEOPT PACKING pc=0x000002adbc8a2038 sp=0x000000f8573fd9c0
Event: 237.850 Thread 0x000002ade9adcf80 DEOPT UNPACKING pc=0x000002adcc1986e2 sp=0x000000f8573fcf18 mode 0
Event: 238.118 Thread 0x000002ade96a7e20 Uncommon trap: trap_request=0xffffff6e fr.pc=0x000002adcc7bd5ac relative=0x00000000000003ec
Event: 238.118 Thread 0x000002ade96a7e20 Uncommon trap: reason=loop_limit_check action=maybe_recompile pc=0x000002adcc7bd5ac method=java.lang.StringLatin1.indexOf([BI[BII)I @ 37 c2
Event: 238.118 Thread 0x000002ade96a7e20 DEOPT PACKING pc=0x000002adcc7bd5ac sp=0x000000f8576ff100
Event: 238.118 Thread 0x000002ade96a7e20 DEOPT UNPACKING pc=0x000002adcc197ba2 sp=0x000000f8576ff060 mode 2
Event: 239.322 Thread 0x000002ade96a7e20 Uncommon trap: trap_request=0xffffffcc fr.pc=0x000002adcc81469c relative=0x000000000000035c
Event: 239.322 Thread 0x000002ade96a7e20 Uncommon trap: reason=intrinsic_or_type_checked_inlining action=make_not_entrant pc=0x000002adcc81469c method=java.util.Arrays.copyOf([Ljava/lang/Object;ILjava/lang/Class;)[Ljava/lang/Object; @ 35 c2
Event: 239.322 Thread 0x000002ade96a7e20 DEOPT PACKING pc=0x000002adcc81469c sp=0x000000f8576fe580
Event: 239.322 Thread 0x000002ade96a7e20 DEOPT UNPACKING pc=0x000002adcc197ba2 sp=0x000000f8576fe528 mode 2

Classes loaded (20 events):
Event: 238.091 Loading class java/util/Collections$UnmodifiableMap$UnmodifiableEntrySet$1
Event: 238.094 Loading class java/util/Collections$UnmodifiableMap$UnmodifiableEntrySet$1 done
Event: 238.096 Loading class java/util/Collections$UnmodifiableMap$UnmodifiableEntrySet$UnmodifiableEntry
Event: 238.098 Loading class java/util/Collections$UnmodifiableMap$UnmodifiableEntrySet$UnmodifiableEntry done
Event: 238.256 Loading class java/lang/invoke/DirectMethodHandle$StaticAccessor
Event: 238.258 Loading class java/lang/invoke/DirectMethodHandle$StaticAccessor done
Event: 238.331 Loading class java/util/concurrent/CountDownLatch
Event: 238.331 Loading class java/util/concurrent/CountDownLatch done
Event: 238.331 Loading class java/util/concurrent/CountDownLatch$Sync
Event: 238.332 Loading class java/util/concurrent/CountDownLatch$Sync done
Event: 238.451 Loading class java/math/BigDecimal
Event: 239.031 Loading class jdk/internal/event/ThreadSleepEvent
Event: 239.033 Loading class jdk/internal/event/ThreadSleepEvent done
Event: 239.228 Loading class java/math/BigDecimal done
Event: 239.410 Loading class sun/reflect/generics/tree/VoidDescriptor
Event: 239.410 Loading class sun/reflect/generics/tree/VoidDescriptor done
Event: 242.561 Loading class java/util/concurrent/atomic/AtomicReferenceArray
Event: 242.561 Loading class java/util/concurrent/atomic/AtomicReferenceArray done
Event: 242.564 Loading class java/lang/invoke/VarHandleReferences$Array
Event: 242.565 Loading class java/lang/invoke/VarHandleReferences$Array done

Classes unloaded (0 events):
No events

Classes redefined (0 events):
No events

Internal exceptions (20 events):
Event: 70.854 Thread 0x000002adb9210620 Exception <a 'java/lang/NoSuchMethodError'{0x000000060be36d80}: 'java.lang.Object java.lang.invoke.DirectMethodHandle$Holder.invokeVirtual(java.lang.Object, java.lang.Object, java.lang.Object, java.lang.Object, java.lang.Object)'> (0x000000060be36d80) 
thrown [s\src\hotspot\share\interpreter\linkResolver.cpp, line 773]
Event: 70.856 Thread 0x000002adb9210620 Exception <a 'java/lang/NoSuchMethodError'{0x000000060be49f70}: 'java.lang.Object java.lang.invoke.Invokers$Holder.invokeExact_MT(java.lang.Object, java.lang.Object, java.lang.Object, java.lang.Object, java.lang.Object, java.lang.Object)'> (0x000000060be49f70) 
thrown [s\src\hotspot\share\interpreter\linkResolver.cpp, line 773]
Event: 70.979 Thread 0x000002adb9210620 Exception <a 'java/lang/NoSuchMethodError'{0x000000060bed7228}: 'java.lang.Object java.lang.invoke.DelegatingMethodHandle$Holder.reinvoke_L(java.lang.Object, java.lang.Object, java.lang.Object, java.lang.Object, java.lang.Object, java.lang.Object, java.lang.Object, java.lang.Object, java.lang.Object, java.lang.Object, java.lang.Object, java.lang.Object, java.lang.Object, java.lang.Object)'> (0x000000060bed7228) 
thrown [s\src\hotspot\share\interpreter\linkResolver.cpp, line 773]
Event: 70.988 Thread 0x000002adb9210620 Exception <a 'java/lang/NoSuchMethodError'{0x000000060bf241d8}: 'java.lang.Object java.lang.invoke.DirectMethodHandle$Holder.invokeStatic(java.lang.Object, java.lang.Object, java.lang.Object, java.lang.Object, java.lang.Object, java.lang.Object, java.lang.Object, java.lang.Object, java.lang.Object, java.lang.Object, java.lang.Object, java.lang.Object, java.lang.Object)'> (0x000000060bf241d8) 
thrown [s\src\hotspot\share\interpreter\linkResolver.cpp, line 773]
Event: 70.990 Thread 0x000002adb9210620 Exception <a 'java/lang/NoSuchMethodError'{0x000000060bf437e0}: 'java.lang.Object java.lang.invoke.DirectMethodHandle$Holder.invokeStatic(java.lang.Object, java.lang.Object, java.lang.Object, java.lang.Object, java.lang.Object, java.lang.Object, java.lang.Object, java.lang.Object, java.lang.Object, java.lang.Object, java.lang.Object, java.lang.Object, java.lang.Object, java.lang.Object)'> (0x000000060bf437e0) 
thrown [s\src\hotspot\share\interpreter\linkResolver.cpp, line 773]
Event: 70.992 Thread 0x000002adb9210620 Exception <a 'java/lang/NoSuchMethodError'{0x000000060bf63db0}: 'java.lang.Object java.lang.invoke.DirectMethodHandle$Holder.invokeStatic(java.lang.Object, java.lang.Object, java.lang.Object, java.lang.Object, java.lang.Object, java.lang.Object, java.lang.Object, java.lang.Object, java.lang.Object, java.lang.Object, java.lang.Object, java.lang.Object, java.lang.Object, java.lang.Object, java.lang.Object)'> (0x000000060bf63db0) 
thrown [s\src\hotspot\share\interpreter\linkResolver.cpp, line 773]
Event: 70.994 Thread 0x000002adb9210620 Exception <a 'java/lang/NoSuchMethodError'{0x000000060bf86980}: 'java.lang.Object java.lang.invoke.DirectMethodHandle$Holder.invokeStatic(java.lang.Object, java.lang.Object, java.lang.Object, java.lang.Object, java.lang.Object, java.lang.Object, java.lang.Object, java.lang.Object, java.lang.Object, java.lang.Object, java.lang.Object, java.lang.Object, java.lang.Object, java.lang.Object, java.lang.Object, java.lang.Object)'> (0x000000060bf86980) 
thrown [s\src\hotspot\share\interpreter\linkResolver.cpp, lin
Event: 72.543 Thread 0x000002adb9210620 Exception <a 'java/lang/NoSuchMethodError'{0x000000060baf6fb8}: 'java.lang.Object java.lang.invoke.DirectMethodHandle$Holder.invokeVirtual(java.lang.Object, java.lang.Object, java.lang.Object, java.lang.Object, java.lang.Object, java.lang.Object, java.lang.Object)'> (0x000000060baf6fb8) 
thrown [s\src\hotspot\share\interpreter\linkResolver.cpp, line 773]
Event: 72.573 Thread 0x000002adb9210620 Exception <a 'java/lang/NoSuchMethodError'{0x000000060bb87f30}: 'java.lang.Object java.lang.invoke.DirectMethodHandle$Holder.invokeVirtual(java.lang.Object, java.lang.Object, java.lang.Object, java.lang.Object, java.lang.Object, java.lang.Object, java.lang.Object, java.lang.Object, java.lang.Object)'> (0x000000060bb87f30) 
thrown [s\src\hotspot\share\interpreter\linkResolver.cpp, line 773]
Event: 72.667 Thread 0x000002adb9210620 Exception <a 'java/lang/NoSuchMethodError'{0x000000060b523b18}: 'java.lang.Object java.lang.invoke.DirectMethodHandle$Holder.invokeStaticInit(java.lang.Object, int, int, int, int)'> (0x000000060b523b18) 
thrown [s\src\hotspot\share\interpreter\linkResolver.cpp, line 773]
Event: 73.320 Thread 0x000002adb9210620 Exception <a 'java/lang/NoSuchMethodError'{0x000000060b5f2fe0}: 'java.lang.Object java.lang.invoke.DirectMethodHandle$Holder.invokeStaticInit(java.lang.Object, java.lang.Object, int, int, int, int)'> (0x000000060b5f2fe0) 
thrown [s\src\hotspot\share\interpreter\linkResolver.cpp, line 773]
Event: 105.809 Thread 0x000002adb9210620 Exception <a 'java/io/IOException'{0x000000060b196140}> (0x000000060b196140) 
thrown [s\src\hotspot\share\prims\jni.cpp, line 520]
Event: 105.862 Thread 0x000002adb9210620 Implicit null exception at 0x000002adcc7387a4 to 0x000002adcc738e80
Event: 105.869 Thread 0x000002adb9210620 Exception <a 'java/lang/NoSuchMethodError'{0x000000060b209578}: 'java.lang.Object java.lang.invoke.DirectMethodHandle$Holder.newInvokeSpecial(java.lang.Object, java.lang.Object, java.lang.Object, java.lang.Object, java.lang.Object)'> (0x000000060b209578) 
thrown [s\src\hotspot\share\interpreter\linkResolver.cpp, line 773]
Event: 115.961 Thread 0x000002ae2f2fd360 Implicit null exception at 0x000002adcc73a5a0 to 0x000002adcc73ac70
Event: 237.909 Thread 0x000002ade9adcf80 Exception <a 'java/lang/NoSuchMethodError'{0x000000060f853e30}: 'void java.lang.invoke.DirectMethodHandle$Holder.invokeSpecial(java.lang.Object, java.lang.Object, java.lang.Object)'> (0x000000060f853e30) 
thrown [s\src\hotspot\share\interpreter\linkResolver.cpp, line 773]
Event: 241.421 Thread 0x000002ade96a7e20 Exception <a 'java/lang/NoSuchMethodError'{0x000000060f6f4070}: 'long java.lang.invoke.DirectMethodHandle$Holder.invokeInterface(java.lang.Object, java.lang.Object)'> (0x000000060f6f4070) 
thrown [s\src\hotspot\share\interpreter\linkResolver.cpp, line 773]
Event: 242.883 Thread 0x000002ade96a7e20 Exception <a 'java/lang/NoSuchMethodError'{0x000000060f329920}: 'void java.lang.invoke.DirectMethodHandle$Holder.invokeStatic(java.lang.Object, java.lang.Object)'> (0x000000060f329920) 
thrown [s\src\hotspot\share\interpreter\linkResolver.cpp, line 773]
Event: 242.902 Thread 0x000002ade96a7e20 Exception <a 'java/lang/NoSuchMethodError'{0x000000060f373ab8}: 'java.lang.Object java.lang.invoke.DirectMethodHandle$Holder.invokeVirtual(java.lang.Object, java.lang.Object, java.lang.Object, java.lang.Object, java.lang.Object, java.lang.Object, java.lang.Object, java.lang.Object, java.lang.Object, java.lang.Object, java.lang.Object, java.lang.Object)'> (0x000000060f373ab8) 
thrown [s\src\hotspot\share\interpreter\linkResolver.cpp, line 773]
Event: 242.905 Thread 0x000002ade96a7e20 Exception <a 'java/lang/NoSuchMethodError'{0x000000060f378c08}: 'java.lang.Object java.lang.invoke.DirectMethodHandle$Holder.invokeSpecial(java.lang.Object, java.lang.Object, java.lang.Object, java.lang.Object, java.lang.Object, java.lang.Object, java.lang.Object, java.lang.Object, java.lang.Object, java.lang.Object, java.lang.Object, java.lang.Object, java.lang.Object)'> (0x000000060f378c08) 
thrown [s\src\hotspot\share\interpreter\linkResolver.cpp, line 773]

ZGC Phase Switch (0 events):
No events

VM Operations (20 events):
Event: 171.427 Executing safepoint VM operation: Cleanup
Event: 171.427 Executing safepoint VM operation: Cleanup done
Event: 197.441 Executing safepoint VM operation: Cleanup
Event: 197.441 Executing safepoint VM operation: Cleanup done
Event: 216.454 Executing safepoint VM operation: Cleanup
Event: 216.454 Executing safepoint VM operation: Cleanup done
Event: 219.455 Executing safepoint VM operation: Cleanup
Event: 219.455 Executing safepoint VM operation: Cleanup done
Event: 220.455 Executing safepoint VM operation: Cleanup
Event: 220.455 Executing safepoint VM operation: Cleanup done
Event: 237.112 Executing safepoint VM operation: G1CollectForAllocation (G1 Evacuation Pause)
Event: 237.504 Executing safepoint VM operation: G1CollectForAllocation (G1 Evacuation Pause) done
Event: 238.418 Executing non-safepoint VM operation: HandshakeAllThreads (Deoptimize)
Event: 238.418 Executing non-safepoint VM operation: HandshakeAllThreads (Deoptimize) done
Event: 239.419 Executing safepoint VM operation: Cleanup
Event: 239.734 Executing safepoint VM operation: Cleanup done
Event: 241.736 Executing safepoint VM operation: Cleanup
Event: 241.755 Executing safepoint VM operation: Cleanup done
Event: 242.756 Executing safepoint VM operation: Cleanup
Event: 242.882 Executing safepoint VM operation: Cleanup done

Memory protections (0 events):
No events

Nmethod flushes (0 events):
No events

Events (20 events):
Event: 3.887 Thread 0x000002adb9210620 Thread added: 0x000002ade8c57ce0
Event: 3.909 Thread 0x000002adb9210620 Thread added: 0x000002ade8c58740
Event: 3.910 Thread 0x000002adb9210620 Thread added: 0x000002ade8c59680
Event: 3.937 Thread 0x000002adb9210620 Thread added: 0x000002ade8c5a480
Event: 5.750 Thread 0x000002adb9210620 Thread added: 0x000002ade94ec7a0
Event: 6.201 Thread 0x000002adb9210620 Thread added: 0x000002ade95f9b50
Event: 15.209 Thread 0x000002ade8c5a480 Thread added: 0x000002ade94742d0
Event: 16.495 Thread 0x000002ade8c5a480 Thread added: 0x000002ade9ae1820
Event: 17.787 Thread 0x000002ade9ae1820 Thread exited: 0x000002ade9ae1820
Event: 17.787 Thread 0x000002ade94742d0 Thread exited: 0x000002ade94742d0
Event: 70.874 Thread 0x000002adb9210620 Thread added: 0x000002ae2f2937a0
Event: 73.340 Thread 0x000002adb9210620 Thread added: 0x000002ae2fbe1210
Event: 105.875 Thread 0x000002adb9210620 Thread added: 0x000002ae2f2fd360
Event: 141.360 Thread 0x000002ae2fbe1210 Thread added: 0x000002ade9adcf80
Event: 141.719 Thread 0x000002ade9adcf80 Thread added: 0x000002ae2f2885c0
Event: 142.534 Thread 0x000002ade9adcf80 Thread added: 0x000002ade96537f0
Event: 237.972 Thread 0x000002ade9adcf80 Thread added: 0x000002ade96a7e20
Event: 238.448 Thread 0x000002ade96a7e20 Thread added: 0x000002ae2f170da0
Event: 239.262 Thread 0x000002ade96a7e20 Thread added: 0x000002ae2f170080
Event: 239.287 Thread 0x000002ade96a7e20 Thread added: 0x000002ae2f172150


Dynamic libraries:
0x00007ff6b6000000 - 0x00007ff6b600e000 	C:\Users\Lenovo E14\.vscode\extensions\redhat.java-1.56.0-win32-x64\jre\21.0.12.1-win32-x86_64\bin\java.exe
0x00007ff9bbd10000 - 0x00007ff9bbf28000 	C:\Windows\SYSTEM32\ntdll.dll
0x00007ff9bab90000 - 0x00007ff9bac54000 	C:\Windows\System32\KERNEL32.DLL
0x00007ff9b90f0000 - 0x00007ff9b94c3000 	C:\Windows\System32\KERNELBASE.dll
0x00007ff9b9890000 - 0x00007ff9b99a1000 	C:\Windows\System32\ucrtbase.dll
0x00007ff9569c0000 - 0x00007ff9569d8000 	C:\Users\Lenovo E14\.vscode\extensions\redhat.java-1.56.0-win32-x64\jre\21.0.12.1-win32-x86_64\bin\jli.dll
0x00007ff9bb080000 - 0x00007ff9bb232000 	C:\Windows\System32\USER32.dll
0x00007ff9b97e0000 - 0x00007ff9b9806000 	C:\Windows\System32\win32u.dll
0x00007ff9bb050000 - 0x00007ff9bb079000 	C:\Windows\System32\GDI32.dll
0x00007ff9b96c0000 - 0x00007ff9b97db000 	C:\Windows\System32\gdi32full.dll
0x00007ff9b8e50000 - 0x00007ff9b8eea000 	C:\Windows\System32\msvcp_win.dll
0x00007ff9a7b50000 - 0x00007ff9a7dec000 	C:\Windows\WinSxS\amd64_microsoft.windows.common-controls_6595b64144ccf1df_6.0.22621.6060_none_2712eda17382d24b\COMCTL32.dll
0x00007ff9ba8e0000 - 0x00007ff9ba987000 	C:\Windows\System32\msvcrt.dll
0x00007ff9569a0000 - 0x00007ff9569be000 	C:\Users\Lenovo E14\.vscode\extensions\redhat.java-1.56.0-win32-x64\jre\21.0.12.1-win32-x86_64\bin\VCRUNTIME140.dll
0x00007ff9ba780000 - 0x00007ff9ba7b1000 	C:\Windows\System32\IMM32.DLL
0x00007ff9a8910000 - 0x00007ff9a891c000 	C:\Users\Lenovo E14\.vscode\extensions\redhat.java-1.56.0-win32-x64\jre\21.0.12.1-win32-x86_64\bin\vcruntime140_1.dll
0x00007ff9563f0000 - 0x00007ff95647d000 	C:\Users\Lenovo E14\.vscode\extensions\redhat.java-1.56.0-win32-x64\jre\21.0.12.1-win32-x86_64\bin\msvcp140.dll
0x00007ff90b7c0000 - 0x00007ff90c562000 	C:\Users\Lenovo E14\.vscode\extensions\redhat.java-1.56.0-win32-x64\jre\21.0.12.1-win32-x86_64\bin\server\jvm.dll
0x00007ff9baee0000 - 0x00007ff9baf91000 	C:\Windows\System32\ADVAPI32.dll
0x00007ff9bafa0000 - 0x00007ff9bb048000 	C:\Windows\System32\sechost.dll
0x00007ff9b8e20000 - 0x00007ff9b8e48000 	C:\Windows\System32\bcrypt.dll
0x00007ff9bbb90000 - 0x00007ff9bbca8000 	C:\Windows\System32\RPCRT4.dll
0x00007ff9ba4c0000 - 0x00007ff9ba531000 	C:\Windows\System32\WS2_32.dll
0x00007ff9b85a0000 - 0x00007ff9b85ed000 	C:\Windows\SYSTEM32\POWRPROF.dll
0x00007ff9b23f0000 - 0x00007ff9b2424000 	C:\Windows\SYSTEM32\WINMM.dll
0x00007ff9b2060000 - 0x00007ff9b206a000 	C:\Windows\SYSTEM32\VERSION.dll
0x00007ff9b8530000 - 0x00007ff9b8543000 	C:\Windows\SYSTEM32\UMPDC.dll
0x00007ff9b7e30000 - 0x00007ff9b7e48000 	C:\Windows\SYSTEM32\kernel.appcore.dll
0x00007ff97cd10000 - 0x00007ff97cd1a000 	C:\Users\Lenovo E14\.vscode\extensions\redhat.java-1.56.0-win32-x64\jre\21.0.12.1-win32-x86_64\bin\jimage.dll
0x00007ff9b67d0000 - 0x00007ff9b6a03000 	C:\Windows\SYSTEM32\DBGHELP.DLL
0x00007ff9b9fc0000 - 0x00007ff9ba351000 	C:\Windows\System32\combase.dll
0x00007ff9bac60000 - 0x00007ff9bad38000 	C:\Windows\System32\OLEAUT32.dll
0x00007ff9acea0000 - 0x00007ff9aced2000 	C:\Windows\SYSTEM32\dbgcore.DLL
0x00007ff9b94d0000 - 0x00007ff9b954b000 	C:\Windows\System32\bcryptPrimitives.dll
0x00007ff975da0000 - 0x00007ff975daf000 	C:\Users\Lenovo E14\.vscode\extensions\redhat.java-1.56.0-win32-x64\jre\21.0.12.1-win32-x86_64\bin\instrument.dll
0x00007ff956980000 - 0x00007ff9569a0000 	C:\Users\Lenovo E14\.vscode\extensions\redhat.java-1.56.0-win32-x64\jre\21.0.12.1-win32-x86_64\bin\java.dll
0x00007ff9bb260000 - 0x00007ff9bbafc000 	C:\Windows\System32\SHELL32.dll
0x00007ff9b8ef0000 - 0x00007ff9b902f000 	C:\Windows\System32\wintypes.dll
0x00007ff9b6cd0000 - 0x00007ff9b75ea000 	C:\Windows\SYSTEM32\windows.storage.dll
0x00007ff9ba7c0000 - 0x00007ff9ba8c4000 	C:\Windows\System32\SHCORE.dll
0x00007ff9b9a60000 - 0x00007ff9b9ac9000 	C:\Windows\System32\shlwapi.dll
0x00007ff9b8d50000 - 0x00007ff9b8d75000 	C:\Windows\SYSTEM32\profapi.dll
0x00007ff99cc60000 - 0x00007ff99cc78000 	C:\Users\Lenovo E14\.vscode\extensions\redhat.java-1.56.0-win32-x64\jre\21.0.12.1-win32-x86_64\bin\zip.dll
0x00007ff99bb40000 - 0x00007ff99bb50000 	C:\Users\Lenovo E14\.vscode\extensions\redhat.java-1.56.0-win32-x64\jre\21.0.12.1-win32-x86_64\bin\net.dll
0x00007ff9b55d0000 - 0x00007ff9b56fc000 	C:\Windows\SYSTEM32\WINHTTP.dll
0x00007ff9b82f0000 - 0x00007ff9b8359000 	C:\Windows\system32\mswsock.dll
0x00007ff99bb20000 - 0x00007ff99bb36000 	C:\Users\Lenovo E14\.vscode\extensions\redhat.java-1.56.0-win32-x64\jre\21.0.12.1-win32-x86_64\bin\nio.dll
0x00007ff956b40000 - 0x00007ff956b50000 	C:\Users\Lenovo E14\.vscode\extensions\redhat.java-1.56.0-win32-x64\jre\21.0.12.1-win32-x86_64\bin\verify.dll
0x00007ff99df10000 - 0x00007ff99df37000 	C:\Users\Lenovo E14\.gradle\native\1def1411415f61bf3af743bc5b6707747c0891f09f0c88961ee8f79bc544acac\windows-amd64\native-platform.dll
0x00007ff973490000 - 0x00007ff973508000 	C:\Users\Lenovo E14\.gradle\native\0.2.7\x86_64-windows-gnu\gradle-fileevents.dll
0x00007ff9b25b0000 - 0x00007ff9b25ba000 	C:\Users\Lenovo E14\.vscode\extensions\redhat.java-1.56.0-win32-x64\jre\21.0.12.1-win32-x86_64\bin\management.dll
0x00007ff9b10e0000 - 0x00007ff9b10ec000 	C:\Users\Lenovo E14\.vscode\extensions\redhat.java-1.56.0-win32-x64\jre\21.0.12.1-win32-x86_64\bin\management_ext.dll
0x00007ff9bb240000 - 0x00007ff9bb248000 	C:\Windows\System32\PSAPI.DLL
0x00007ff9b7890000 - 0x00007ff9b78bd000 	C:\Windows\SYSTEM32\IPHLPAPI.DLL
0x00007ff9ba8d0000 - 0x00007ff9ba8d9000 	C:\Windows\System32\NSI.dll
0x00007ff9b2590000 - 0x00007ff9b2599000 	C:\Users\Lenovo E14\.vscode\extensions\redhat.java-1.56.0-win32-x64\jre\21.0.12.1-win32-x86_64\bin\extnet.dll
0x00007ff9b86c0000 - 0x00007ff9b86db000 	C:\Windows\SYSTEM32\CRYPTSP.dll
0x00007ff9b7d20000 - 0x00007ff9b7d57000 	C:\Windows\system32\rsaenh.dll
0x00007ff9b8390000 - 0x00007ff9b83b8000 	C:\Windows\SYSTEM32\USERENV.dll
0x00007ff9b86a0000 - 0x00007ff9b86ac000 	C:\Windows\SYSTEM32\CRYPTBASE.dll
0x00007ff9b25a0000 - 0x00007ff9b25ae000 	C:\Users\Lenovo E14\.vscode\extensions\redhat.java-1.56.0-win32-x64\jre\21.0.12.1-win32-x86_64\bin\sunmscapi.dll
0x00007ff9b9550000 - 0x00007ff9b96b8000 	C:\Windows\System32\CRYPT32.dll
0x00007ff9b87e0000 - 0x00007ff9b880e000 	C:\Windows\SYSTEM32\ncrypt.dll
0x00007ff9b87a0000 - 0x00007ff9b87d7000 	C:\Windows\SYSTEM32\NTASN1.dll
0x00007ff97e570000 - 0x00007ff97e578000 	C:\Windows\system32\wshunix.dll

JVMTI agents:
C:\Users\Lenovo E14\.gradle\wrapper\dists\gradle-8.14-all\c2qonpi39x1mddn7hk5gh9iqj\gradle-8.14\lib\agents\gradle-instrumentation-agent-8.14.jar path:C:\Users\Lenovo E14\.vscode\extensions\redhat.java-1.56.0-win32-x64\jre\21.0.12.1-win32-x86_64\bin\instrument.dll, loaded, initialized, instrumentlib options:none

dbghelp: loaded successfully - version: 4.0.5 - missing functions: none
symbol engine: initialized successfully - sym options: 0x614 - pdb path: .;C:\Users\Lenovo E14\.vscode\extensions\redhat.java-1.56.0-win32-x64\jre\21.0.12.1-win32-x86_64\bin;C:\Windows\SYSTEM32;C:\Windows\WinSxS\amd64_microsoft.windows.common-controls_6595b64144ccf1df_6.0.22621.6060_none_2712eda17382d24b;C:\Users\Lenovo E14\.vscode\extensions\redhat.java-1.56.0-win32-x64\jre\21.0.12.1-win32-x86_64\bin\server;C:\Users\Lenovo E14\.gradle\native\1def1411415f61bf3af743bc5b6707747c0891f09f0c88961ee8f79bc544acac\windows-amd64;C:\Users\Lenovo E14\.gradle\native\0.2.7\x86_64-windows-gnu

VM Arguments:
jvm_args: --add-opens=java.base/java.lang=ALL-UNNAMED --add-opens=java.base/java.lang.invoke=ALL-UNNAMED --add-opens=java.base/java.util=ALL-UNNAMED --add-opens=java.prefs/java.util.prefs=ALL-UNNAMED --add-exports=jdk.compiler/com.sun.tools.javac.api=ALL-UNNAMED --add-exports=jdk.compiler/com.sun.tools.javac.util=ALL-UNNAMED --add-opens=java.base/java.util=ALL-UNNAMED --add-opens=java.prefs/java.util.prefs=ALL-UNNAMED --add-opens=java.base/java.nio.charset=ALL-UNNAMED --add-opens=java.base/java.net=ALL-UNNAMED --add-opens=java.base/java.util.concurrent.atomic=ALL-UNNAMED --add-opens=java.xml/javax.xml.namespace=ALL-UNNAMED -XX:MaxMetaspaceSize=4G -XX:ReservedCodeCacheSize=512m -XX:+HeapDumpOnOutOfMemoryError -Xmx8G -Dfile.encoding=UTF-8 -Duser.country=US -Duser.language=en -Duser.variant -javaagent:C:\Users\Lenovo E14\.gradle\wrapper\dists\gradle-8.14-all\c2qonpi39x1mddn7hk5gh9iqj\gradle-8.14\lib\agents\gradle-instrumentation-agent-8.14.jar 
java_command: org.gradle.launcher.daemon.bootstrap.GradleDaemon 8.14
java_class_path (initial): C:\Users\Lenovo E14\.gradle\wrapper\dists\gradle-8.14-all\c2qonpi39x1mddn7hk5gh9iqj\gradle-8.14\lib\gradle-daemon-main-8.14.jar
Launcher Type: SUN_STANDARD

[Global flags]
     intx CICompilerCount                          = 4                                         {product} {ergonomic}
     uint ConcGCThreads                            = 2                                         {product} {ergonomic}
     uint G1ConcRefinementThreads                  = 8                                         {product} {ergonomic}
   size_t G1HeapRegionSize                         = 4194304                                   {product} {ergonomic}
    uintx GCDrainStackTargetSize                   = 64                                        {product} {ergonomic}
     bool HeapDumpOnOutOfMemoryError               = true                                   {manageable} {command line}
   size_t InitialHeapSize                          = 264241152                                 {product} {ergonomic}
   size_t MarkStackSize                            = 4194304                                   {product} {ergonomic}
   size_t MaxHeapSize                              = 8589934592                                {product} {command line}
   size_t MaxMetaspaceSize                         = 4294967296                                {product} {command line}
   size_t MaxNewSize                               = 5150605312                                {product} {ergonomic}
   size_t MinHeapDeltaBytes                        = 4194304                                   {product} {ergonomic}
   size_t MinHeapSize                              = 8388608                                   {product} {ergonomic}
    uintx NonNMethodCodeHeapSize                   = 5839372                                {pd product} {ergonomic}
    uintx NonProfiledCodeHeapSize                  = 265515770                              {pd product} {ergonomic}
    uintx ProfiledCodeHeapSize                     = 265515770                              {pd product} {ergonomic}
    uintx ReservedCodeCacheSize                    = 536870912                              {pd product} {command line}
     bool SegmentedCodeCache                       = true                                      {product} {ergonomic}
   size_t SoftMaxHeapSize                          = 8589934592                             {manageable} {ergonomic}
     bool UseCompressedOops                        = true                           {product lp64_product} {ergonomic}
     bool UseG1GC                                  = true                                      {product} {ergonomic}
     bool UseLargePagesIndividualAllocation        = false                                  {pd product} {ergonomic}

Logging:
Log output configuration:
 #0: stdout all=warning uptime,level,tags foldmultilines=false
 #1: stderr all=off uptime,level,tags foldmultilines=false

Release file:
JAVA_VERSION="21.0.12.1" 
MODULES="java.base java.compiler java.datatransfer java.xml java.prefs java.desktop java.instrument java.logging java.management java.security.sasl java.naming java.rmi java.management.rmi java.net.http java.scripting java.security.jgss java.transaction.xa java.sql java.sql.rowset java.xml.crypto java.se java.smartcardio jdk.accessibility jdk.internal.jvmstat jdk.attach jdk.charsets jdk.internal.opt jdk.zipfs jdk.compiler jdk.crypto.ec jdk.crypto.cryptoki jdk.crypto.mscapi jdk.dynalink jdk.internal.ed jdk.editpad jdk.hotspot.agent jdk.httpserver jdk.internal.le jdk.internal.vm.ci jdk.internal.vm.compiler jdk.internal.vm.compiler.management jdk.jartool jdk.javadoc jdk.jcmd jdk.management jdk.management.agent jdk.jconsole jdk.jdeps jdk.jdwp.agent jdk.jdi jdk.jfr jdk.jshell jdk.jsobject jdk.jstatd jdk.localedata jdk.management.jfr jdk.naming.dns jdk.naming.rmi jdk.net jdk.nio.mapmode jdk.random jdk.sctp jdk.security.auth jdk.security.jgss jdk.unsupported jdk.unsupported.desktop jdk.xml.dom" 

Environment Variables:
PATH=C:\Program Files\Common Files\Oracle\Java\javapath;C:\Windows\system32;C:\Windows;C:\Windows\System32\Wbem;C:\Windows\System32\WindowsPowerShell\v1.0\;C:\Windows\System32\OpenSSH\;C:\Windows\Microsoft.NET\Framework64\v4.0.30319;C:\Program Files\MongoDB\mongosh-2.5.8-win32-x64\bin;C:\Program Files\MongoDB\mongodb-database-tools-windows-x86_64-100.13.0\bin;C:\Program Files\MongoDB\Server\8.2\bin;C:\Program Files\MongoDB\Connector for BI\2.14\bin;C:\Program Files\MongoDB\ODBC\1.4\bin;C:\Program Files\nodejs\;C:\Program Files\Git\cmd;C:\Program Files\MySQL\MySQL Shell 8.0\bin;C:\Program Files\MySQL\MySQL Server 8.0\bin;C:\Program Files\MySQL\MySQL Router 8.0\bin;C:\Program Files\dotnet\;C:\flutter\bin;C:\Android\cmdline-tools\latest\bin;C:\Android\platform-tools;C:\Android\platforms;C:\Android\emulator;C:\Program Files\MySQL\MySQL Shell 8.0\bin\;C:\Users\Lenovo E14\AppData\Local\Programs\Python\Python314\Scripts\;C:\Users\Lenovo E14\AppData\Local\Programs\Python\Python314\;C:\Users\Lenovo E14\AppData\Local\Microsoft\WindowsApps;C:\Users\Lenovo E14\AppData\Local\Programs\Microsoft VS Code\bin;C:\Users\Lenovo E14\AppData\Roaming\npm
USERNAME=Lenovo E14
OS=Windows_NT
PROCESSOR_IDENTIFIER=Intel64 Family 6 Model 140 Stepping 1, GenuineIntel
TMP=C:\Users\LENOVO~1\AppData\Local\Temp
TEMP=C:\Users\LENOVO~1\AppData\Local\Temp




Periodic native trim disabled

---------------  S Y S T E M  ---------------

OS:
 Windows 11 , 64 bit Build 22621 (10.0.22621.5415)
OS uptime: 0 days 0:24 hours
Hyper-V role detected

CPU: total 8 (initial active 8) (4 cores per cpu, 2 threads per core) family 6 model 140 stepping 1 microcode 0x86, cx8, cmov, fxsr, ht, mmx, 3dnowpref, sse, sse2, sse3, ssse3, sse4.1, sse4.2, popcnt, lzcnt, tsc, tscinvbit, avx, avx2, aes, erms, clmul, bmi1, bmi2, adx, avx512f, avx512dq, avx512cd, avx512bw, avx512vl, sha, fma, vzeroupper, avx512_vpopcntdq, avx512_vpclmulqdq, avx512_vaes, avx512_vnni, clflush, clflushopt, clwb, avx512_vbmi2, avx512_vbmi, hv, rdtscp, rdpid, fsrm, gfni, avx512_bitalg, f16c, cet_ibt, cet_ss, avx512_ifma
Processor Information for the first 8 processors :
  Max Mhz: 2419, Current Mhz: 2419, Mhz Limit: 2419

Memory: 4k page, system-wide physical 16082M (427M free)
TotalPageFile size 65234M (AvailPageFile size 0M)
current process WorkingSet (physical memory assigned to process): 101M, peak: 145M
current process commit charge ("private bytes"): 375M, peak: 381M

vm_info: OpenJDK 64-Bit Server VM (21.0.12.1+1-LTS) for windows-amd64 JRE (21.0.12.1+1-LTS), built on 2026-08-18T00:00:00Z by "admin" with MS VC++ 17.12 (VS2022)

END.
